2025-07-22 10:26:16,709 - INFO - ------------ 当前选择的模式是:1_VS_1
2025-07-22 10:26:16,713 - INFO - ------------ 由 [诸葛队] 对战 [夫人队]
2025-07-22 10:26:16,713 - INFO - ------------ 对抗的次数为 1
2025-07-22 10:26:16,713 - INFO - ------------ 当前第 1 次对抗测试
2025-07-22 10:26:16,741 - INFO - 
[第 1 局]
2025-07-22 10:26:16,742 - INFO - [列队布阵阶段]
2025-07-22 10:26:16,742 - INFO -     [诸葛队]当前补给为100,造成伤害降低0%
2025-07-22 10:26:16,742 - INFO -     [夫人队]当前补给为100,造成伤害降低0%
2025-07-22 10:26:16,742 - INFO -     [诸葛队]获得【阵型-萁型阵】强化效果
2025-07-22 10:26:16,742 - INFO -         [诸葛亮]的【受到伤害】降低6.00%(-6.00%)
2025-07-22 10:26:16,742 - INFO -         [颜良]的【造成伤害】提升12.00%(112.00%)
2025-07-22 10:26:16,742 - INFO -         [周瑜]的【造成伤害】提升12.00%(112.00%)
2025-07-22 10:26:16,742 - INFO -     [夫人队]获得【阵型-偃月阵】强化效果
2025-07-22 10:26:16,742 - INFO -         [SP诸葛亮]的【造成伤害】提升14.00%(114.00%)
2025-07-22 10:26:16,742 - INFO -         [诸葛亮]的【造成伤害】提升14.00%(114.00%)
2025-07-22 10:26:16,742 - INFO -         [许褚]的【受到伤害】降低5.00%(-5.00%)
2025-07-22 10:26:16,742 - INFO -     [SP诸葛亮]发动战法【星罗棋布】
2025-07-22 10:26:16,742 - INFO -         [SP诸葛亮]执行来自【星罗棋布】的[星罗棋布-阵型]效果
2025-07-22 10:26:16,743 - INFO -         [SP诸葛亮]的【造成伤害】提升14.54%(128.54%)
2025-07-22 10:26:16,743 - INFO -         [许褚]执行来自【星罗棋布】的[星罗棋布-阵型]效果
2025-07-22 10:26:16,743 - INFO -         [许褚]的【受到伤害】降低5.19%(-10.19%)
2025-07-22 10:26:16,743 - INFO -         [诸葛亮]执行来自【星罗棋布】的[星罗棋布-阵型]效果
2025-07-22 10:26:16,743 - INFO -         [诸葛亮]的【造成伤害】提升14.54%(128.54%)
2025-07-22 10:26:16,743 - INFO -    [夫人队]获得【蜀】强化效果,属性提升 5.0%
2025-07-22 10:26:16,743 - INFO -         [SP诸葛亮]的【武力】提升6.41(134.61)
2025-07-22 10:26:16,743 - INFO -         [SP诸葛亮]的【智力】提升13.00(273.00)
2025-07-22 10:26:16,743 - INFO -         [SP诸葛亮]的【统帅】提升10.24(215.04)
2025-07-22 10:26:16,743 - INFO -         [SP诸葛亮]的【先攻】提升6.90(144.85)
2025-07-22 10:26:16,743 - INFO -         [许褚]的【武力】提升11.89(249.64)
2025-07-22 10:26:16,743 - INFO -         [许褚]的【智力】提升5.72(120.07)
2025-07-22 10:26:16,743 - INFO -         [许褚]的【统帅】提升8.44(177.24)
2025-07-22 10:26:16,743 - INFO -         [许褚]的【先攻】提升9.30(195.30)
2025-07-22 10:26:16,743 - INFO -         [诸葛亮]的【武力】提升3.67(77.07)
2025-07-22 10:26:16,743 - INFO -         [诸葛亮]的【智力】提升15.50(325.50)
2025-07-22 10:26:16,743 - INFO -         [诸葛亮]的【统帅】提升10.73(225.22)
2025-07-22 10:26:16,744 - INFO -         [诸葛亮]的【先攻】提升6.56(137.81)
2025-07-22 10:26:16,744 - INFO -     [诸葛队]获得【兵种-弓】强化效果
2025-07-22 10:26:16,744 - INFO -         [诸葛亮]的【造成伤害】提升3.50%(103.50%)
2025-07-22 10:26:16,744 - INFO -         [颜良]的【造成伤害】提升3.50%(115.50%)
2025-07-22 10:26:16,744 - INFO -         [周瑜]的【造成伤害】提升3.50%(115.50%)
2025-07-22 10:26:16,744 - INFO -     [夫人队]获得【才堪相配】强化效果
2025-07-22 10:26:16,744 - INFO -         [SP诸葛亮]的【受治疗效果】提升8.00%(108.00%)
2025-07-22 10:26:16,744 - INFO -         [诸葛亮]的【受治疗效果】提升8.00%(108.00%)
2025-07-22 10:26:16,744 - INFO -     [许褚]发动战法【裸衣血战】
2025-07-22 10:26:16,744 - INFO -         [许褚]的【先攻】提升20.00(215.30)
2025-07-22 10:26:16,744 - INFO -         [许褚]的【武力】提升20.00(257.75)
2025-07-22 10:26:16,744 - INFO -         [许褚]的【连击几率】提升100.00%(100.00%)
2025-07-22 10:26:16,744 - INFO -         [许褚]的【统帅】降低15.00(162.24)
2025-07-22 10:26:16,744 - INFO -         [许褚]的【造成伤害】降低0.00%(100.00%)
2025-07-22 10:26:16,745 - INFO -     [周瑜]发动战法【临机制胜】
2025-07-22 10:26:16,745 - INFO -     [SP诸葛亮]发动战法【星罗棋布】
2025-07-22 10:26:16,745 - INFO -         [SP诸葛亮]的【受到谋略伤害】降低14.75%(-14.75%)
2025-07-22 10:26:16,745 - INFO -         [许褚]的【受到谋略伤害】降低11.34%(-11.34%)
2025-07-22 10:26:16,745 - INFO -         [诸葛亮]的【受到谋略伤害】降低11.34%(-11.34%)
2025-07-22 10:26:16,745 - INFO -         [SP诸葛亮]执行来自【星罗棋布】的[星罗棋布-额外效果]效果
2025-07-22 10:26:16,745 - INFO -         [SP诸葛亮]执行来自【星罗棋布】的[星罗棋布-双前排阵型]效果
2025-07-22 10:26:16,745 - INFO -         [许褚]的【对前排造成伤害】提升20.00%(120.00%)
2025-07-22 10:26:16,745 - INFO -         [许褚]的[星罗棋布-双前排阵型]效果已施加
2025-07-22 10:26:16,745 - INFO -     [SP诸葛亮]发动战法【临机制胜】
2025-07-22 10:26:16,745 - INFO -     [诸葛亮]发动战法【草船借箭】
2025-07-22 10:26:16,745 - INFO -         [诸葛亮]的【攻心】提升24.00%(24.00%)
2025-07-22 10:26:16,745 - INFO -     [诸葛亮]发动战法【草船借箭】
2025-07-22 10:26:16,745 - INFO -         [诸葛亮]的【攻心】提升24.00%(24.00%)
2025-07-22 10:26:16,745 - INFO -     [诸葛亮]发动战法【临机制胜】
2025-07-22 10:26:16,745 - INFO - 
[第 1 回合]
2025-07-22 10:26:16,746 - INFO - [许褚]开始行动
2025-07-22 10:26:16,746 - INFO -     [许褚]执行来自【星罗棋布】的[星罗棋布-双前排阵型]效果
2025-07-22 10:26:16,746 - INFO -         [颜良]由于[许褚]【星罗棋布】的[星罗棋布-双前排阵型]效果,损失了兵力564(9436)
2025-07-22 10:26:16,746 - INFO -         [周瑜]由于[许褚]【星罗棋布】的[星罗棋布-双前排阵型]效果,损失了兵力438(9562)
2025-07-22 10:26:16,746 - INFO -     [许褚]对[诸葛亮]发动普通攻击
2025-07-22 10:26:16,747 - INFO -         [诸葛亮]损失了兵力288(9712)
2025-07-22 10:26:16,747 - INFO -         [诸葛亮]执行来自【草船借箭】的[草船借箭]效果
2025-07-22 10:26:16,747 - INFO -         [SP诸葛亮]由于[诸葛亮]【草船借箭】的[草船借箭]效果,损失了兵力177(9823)
2025-07-22 10:26:16,747 - INFO -         [诸葛亮]触发攻心
2025-07-22 10:26:16,747 - INFO -         [诸葛亮]恢复了兵力42(9712)
2025-07-22 10:26:16,747 - INFO -     [许褚]发动战法【膂力过人】
2025-07-22 10:26:16,747 - INFO -         [诸葛亮]由于[许褚]的【膂力过人】的伤害,损失了兵力432(9280)
2025-07-22 10:26:16,747 - INFO -         [诸葛亮]发动来自【草船借箭】的[草船借箭]效果, 但因几率未触发
2025-07-22 10:26:16,748 - INFO -     [诸葛亮]执行来自【膂力过人】的[膂力过人]效果
2025-07-22 10:26:16,748 - INFO -         [诸葛亮]由于[许褚]【膂力过人】的[膂力过人]效果,损失了兵力201(9079)
2025-07-22 10:26:16,748 - INFO -         [诸葛亮]发动来自【草船借箭】的[草船借箭]效果, 但因几率未触发
2025-07-22 10:26:16,748 - INFO -     [许褚]进行连击
2025-07-22 10:26:16,748 - INFO -     [许褚]对[诸葛亮]发动普通攻击
2025-07-22 10:26:16,748 - INFO -         [诸葛亮]损失了兵力288(8791)
2025-07-22 10:26:16,748 - INFO -         [诸葛亮]执行来自【草船借箭】的[草船借箭]效果
2025-07-22 10:26:16,748 - INFO -         [SP诸葛亮]由于[诸葛亮]【草船借箭】的[草船借箭]效果,损失了兵力175(9648)
2025-07-22 10:26:16,748 - INFO -         [诸葛亮]触发攻心
2025-07-22 10:26:16,748 - INFO -         [诸葛亮]恢复了兵力42(8791)
2025-07-22 10:26:16,749 - INFO -     [许褚]发动战法【膂力过人】
2025-07-22 10:26:16,749 - INFO -         [诸葛亮]由于[许褚]的【膂力过人】的伤害,损失了兵力432(8359)
2025-07-22 10:26:16,749 - INFO -         [诸葛亮]执行来自【草船借箭】的[草船借箭]效果
2025-07-22 10:26:16,749 - INFO -         [SP诸葛亮]由于[诸葛亮]【草船借箭】的[草船借箭]效果,损失了兵力172(9476)
2025-07-22 10:26:16,749 - INFO -         [诸葛亮]触发攻心
2025-07-22 10:26:16,749 - INFO -         [诸葛亮]恢复了兵力41(8359)
2025-07-22 10:26:16,749 - INFO -     [诸葛亮]执行来自【膂力过人】的[膂力过人]效果
2025-07-22 10:26:16,749 - INFO -         [诸葛亮]由于[许褚]【膂力过人】的[膂力过人]效果,损失了兵力201(8158)
2025-07-22 10:26:16,750 - INFO -         [诸葛亮]执行来自【草船借箭】的[草船借箭]效果
2025-07-22 10:26:16,750 - INFO -         [SP诸葛亮]由于[诸葛亮]【草船借箭】的[草船借箭]效果,损失了兵力170(9306)
2025-07-22 10:26:16,750 - INFO -         [诸葛亮]触发攻心
2025-07-22 10:26:16,750 - INFO -         [诸葛亮]恢复了兵力40(8158)
2025-07-22 10:26:16,750 - INFO - [颜良]开始行动
2025-07-22 10:26:16,750 - INFO -     [颜良]对[诸葛亮]发动普通攻击
2025-07-22 10:26:16,750 - INFO -         [诸葛亮]损失了兵力260(9740)
2025-07-22 10:26:16,751 - INFO -         [诸葛亮]执行来自【草船借箭】的[草船借箭]效果
2025-07-22 10:26:16,751 - INFO -         [诸葛亮]由于[诸葛亮]【草船借箭】的[草船借箭]效果,损失了兵力364(7794)
2025-07-22 10:26:16,751 - INFO -         [诸葛亮]触发攻心
2025-07-22 10:26:16,751 - INFO -         [诸葛亮]恢复了兵力87(9740)
2025-07-22 10:26:16,751 - INFO -         [诸葛亮]发动来自【草船借箭】的[草船借箭]效果, 但因几率未触发
2025-07-22 10:26:16,751 - INFO -     [颜良]发动战法【膂力过人】
2025-07-22 10:26:16,751 - INFO -         [诸葛亮]由于[颜良]的【膂力过人】的伤害,损失了兵力391(9349)
2025-07-22 10:26:16,751 - INFO -         [诸葛亮]发动来自【草船借箭】的[草船借箭]效果, 但因几率未触发
2025-07-22 10:26:16,752 - INFO -     [诸葛亮]执行来自【膂力过人】的[膂力过人]效果
2025-07-22 10:26:16,752 - INFO -         [诸葛亮]由于[颜良]【膂力过人】的[膂力过人]效果,损失了兵力182(9167)
2025-07-22 10:26:16,752 - INFO -         [诸葛亮]发动来自【草船借箭】的[草船借箭]效果, 但因几率未触发
2025-07-22 10:26:16,752 - INFO - [SP诸葛亮]开始行动
2025-07-22 10:26:16,752 - INFO -         [SP诸葛亮]发动战法【十二奇策】
2025-07-22 10:26:16,752 - INFO -         [颜良]由于[SP诸葛亮]的【十二奇策】的伤害,损失了兵力1192(8244)
2025-07-22 10:26:16,752 - INFO -         [颜良]执行来自【十二奇策】的[十二奇谋]效果
2025-07-22 10:26:16,753 - INFO -         [颜良]的【虚弱】效果已施加
2025-07-22 10:26:16,753 - INFO -         [颜良]执行来自【临机制胜】的[临机制胜-制胜]效果
2025-07-22 10:26:16,754 - INFO -         [诸葛亮]由于[SP诸葛亮]【临机制胜】的[临机制胜-制胜]效果,损失了兵力256(7538)
2025-07-22 10:26:16,754 - INFO -         [诸葛亮]执行来自【草船借箭】的[草船借箭]效果
2025-07-22 10:26:16,754 - INFO -         [SP诸葛亮]由于[诸葛亮]【草船借箭】的[草船借箭]效果,损失了兵力164(9142)
2025-07-22 10:26:16,754 - INFO -         [诸葛亮]触发攻心
2025-07-22 10:26:16,754 - INFO -         [诸葛亮]恢复了兵力39(7538)
2025-07-22 10:26:16,754 - INFO -         [颜良]由于[SP诸葛亮]【临机制胜】的[临机制胜-制胜]效果,损失了兵力325(7919)
2025-07-22 10:26:16,754 - INFO -         [颜良]执行来自【临机制胜】的[临机制胜-制胜]效果
2025-07-22 10:26:16,755 - INFO -         [诸葛亮]由于[周瑜]【临机制胜】的[临机制胜-制胜]效果,损失了兵力182(8985)
2025-07-22 10:26:16,755 - INFO -         [诸葛亮]执行来自【草船借箭】的[草船借箭]效果
2025-07-22 10:26:16,755 - INFO -         [周瑜]由于[诸葛亮]【草船借箭】的[草船借箭]效果,损失了兵力382(9180)
2025-07-22 10:26:16,755 - INFO -         [诸葛亮]触发攻心
2025-07-22 10:26:16,755 - INFO -         [诸葛亮]恢复了兵力91(8985)
2025-07-22 10:26:16,755 - INFO -         [SP诸葛亮]由于[周瑜]【临机制胜】的[临机制胜-制胜]效果,损失了兵力163(8979)
2025-07-22 10:26:16,756 - INFO -         [颜良]发动来自【临机制胜】的[临机制胜-制胜]效果, 但因几率未触发
2025-07-22 10:26:16,756 - INFO -         [周瑜]由于[SP诸葛亮]的【十二奇策】的伤害,损失了兵力987(8193)
2025-07-22 10:26:16,756 - INFO -         [周瑜]执行来自【十二奇策】的[十二奇谋]效果
2025-07-22 10:26:16,758 - INFO -         [周瑜]的【技穷】效果已施加
2025-07-22 10:26:16,758 - INFO -         [周瑜]执行来自【临机制胜】的[临机制胜-制胜]效果
2025-07-22 10:26:16,758 - INFO -         [颜良]由于[SP诸葛亮]【临机制胜】的[临机制胜-制胜]效果,损失了兵力324(7595)
2025-07-22 10:26:16,759 - INFO -         [诸葛亮]由于[SP诸葛亮]【临机制胜】的[临机制胜-制胜]效果,损失了兵力256(7282)
2025-07-22 10:26:16,759 - INFO -         [周瑜]执行来自【临机制胜】的[临机制胜-制胜]效果
2025-07-22 10:26:16,759 - INFO -         [SP诸葛亮]由于[周瑜]【临机制胜】的[临机制胜-制胜]效果,损失了兵力157(8822)
2025-07-22 10:26:16,759 - INFO -         [诸葛亮]由于[周瑜]【临机制胜】的[临机制胜-制胜]效果,损失了兵力174(8811)
2025-07-22 10:26:16,759 - INFO -         [诸葛亮]执行来自【草船借箭】的[草船借箭]效果
2025-07-22 10:26:16,759 - INFO -         [诸葛亮]由于[诸葛亮]【草船借箭】的[草船借箭]效果,损失了兵力361(6921)
2025-07-22 10:26:16,760 - INFO -         [诸葛亮]触发攻心
2025-07-22 10:26:16,760 - INFO -         [诸葛亮]恢复了兵力86(8811)
2025-07-22 10:26:16,760 - INFO -         [周瑜]执行来自【临机制胜】的[临机制胜-制胜]效果
2025-07-22 10:26:16,760 - INFO -         [SP诸葛亮]由于[诸葛亮]【临机制胜】的[临机制胜-制胜]效果,损失了兵力119(8703)
2025-07-22 10:26:16,760 - INFO -         [诸葛亮]触发攻心
2025-07-22 10:26:16,760 - INFO -         [诸葛亮]恢复了兵力28(6921)
2025-07-22 10:26:16,760 - INFO -         [诸葛亮]由于[诸葛亮]【临机制胜】的[临机制胜-制胜]效果,损失了兵力132(8679)
2025-07-22 10:26:16,760 - INFO -         [诸葛亮]触发攻心
2025-07-22 10:26:16,761 - INFO -         [诸葛亮]恢复了兵力31(6921)
2025-07-22 10:26:16,761 - INFO -         [诸葛亮]发动来自【草船借箭】的[草船借箭]效果, 但因几率未触发
2025-07-22 10:26:16,761 - INFO -     [SP诸葛亮]对[颜良]发动普通攻击
2025-07-22 10:26:16,761 - INFO -         [颜良]损失了兵力283(7312)
2025-07-22 10:26:16,761 - INFO - [周瑜]开始行动
2025-07-22 10:26:16,762 - INFO -     [周瑜]对[诸葛亮]发动普通攻击
2025-07-22 10:26:16,762 - INFO -         [诸葛亮]损失了兵力190(8489)
2025-07-22 10:26:16,762 - INFO -         [诸葛亮]执行来自【草船借箭】的[草船借箭]效果
2025-07-22 10:26:16,762 - INFO -         [诸葛亮]由于[诸葛亮]【草船借箭】的[草船借箭]效果,损失了兵力355(6566)
2025-07-22 10:26:16,762 - INFO -         [诸葛亮]触发攻心
2025-07-22 10:26:16,762 - INFO -         [诸葛亮]恢复了兵力85(8489)
2025-07-22 10:26:16,763 - INFO - [诸葛亮]开始行动
2025-07-22 10:26:16,763 - INFO -     [诸葛亮]对[颜良]发动普通攻击
2025-07-22 10:26:16,763 - INFO -         [颜良]损失了兵力232(7080)
2025-07-22 10:26:16,763 - INFO - [诸葛亮]开始行动
2025-07-22 10:26:16,764 - INFO -         [诸葛亮]发动战法【十二奇策】
2025-07-22 10:26:16,764 - INFO -         [SP诸葛亮]由于[诸葛亮]的【十二奇策】的伤害,损失了兵力429(8274)
2025-07-22 10:26:16,764 - INFO -         [诸葛亮]触发攻心
2025-07-22 10:26:16,764 - INFO -         [诸葛亮]恢复了兵力103(6566)
2025-07-22 10:26:16,764 - INFO -         [SP诸葛亮]执行来自【十二奇策】的[十二奇谋]效果
2025-07-22 10:26:16,765 - INFO -         [SP诸葛亮]的【混乱】效果已施加
2025-07-22 10:26:16,765 - INFO -         [SP诸葛亮]执行来自【临机制胜】的[临机制胜-制胜]效果
2025-07-22 10:26:16,765 - INFO -         [周瑜]由于[SP诸葛亮]【临机制胜】的[临机制胜-制胜]效果,损失了兵力259(7934)
2025-07-22 10:26:16,765 - INFO -         [诸葛亮]由于[SP诸葛亮]【临机制胜】的[临机制胜-制胜]效果,损失了兵力247(6319)
2025-07-22 10:26:16,766 - INFO -         [SP诸葛亮]执行来自【临机制胜】的[临机制胜-制胜]效果
2025-07-22 10:26:16,766 - INFO -         [SP诸葛亮]由于[周瑜]【临机制胜】的[临机制胜-制胜]效果,损失了兵力155(8119)
2025-07-22 10:26:16,766 - INFO -         [诸葛亮]由于[周瑜]【临机制胜】的[临机制胜-制胜]效果,损失了兵力172(8317)
2025-07-22 10:26:16,766 - INFO -         [诸葛亮]执行来自【草船借箭】的[草船借箭]效果
2025-07-22 10:26:16,766 - INFO -         [周瑜]由于[诸葛亮]【草船借箭】的[草船借箭]效果,损失了兵力370(7564)
2025-07-22 10:26:16,766 - INFO -         [诸葛亮]触发攻心
2025-07-22 10:26:16,766 - INFO -         [诸葛亮]恢复了兵力88(8317)
2025-07-22 10:26:16,767 - INFO -         [SP诸葛亮]执行来自【临机制胜】的[临机制胜-制胜]效果
2025-07-22 10:26:16,767 - INFO -         [诸葛亮]由于[诸葛亮]【临机制胜】的[临机制胜-制胜]效果,损失了兵力128(8189)
2025-07-22 10:26:16,767 - INFO -         [诸葛亮]触发攻心
2025-07-22 10:26:16,767 - INFO -         [诸葛亮]恢复了兵力30(6319)
2025-07-22 10:26:16,767 - INFO -         [许褚]由于[诸葛亮]【临机制胜】的[临机制胜-制胜]效果,损失了兵力205(9795)
2025-07-22 10:26:16,767 - INFO -         [诸葛亮]触发攻心
2025-07-22 10:26:16,767 - INFO -         [诸葛亮]恢复了兵力49(6319)
2025-07-22 10:26:16,767 - INFO -         [诸葛亮]由于[诸葛亮]的【十二奇策】的伤害,损失了兵力470(7719)
2025-07-22 10:26:16,767 - INFO -         [诸葛亮]触发攻心
2025-07-22 10:26:16,768 - INFO -         [诸葛亮]恢复了兵力112(6319)
2025-07-22 10:26:16,768 - INFO -         [诸葛亮]执行来自【十二奇策】的[十二奇谋]效果
2025-07-22 10:26:16,768 - INFO -         [诸葛亮]的【嘲讽】效果已施加
2025-07-22 10:26:16,768 - INFO -         [诸葛亮]发动来自【临机制胜】的[临机制胜-制胜]效果, 但因几率未触发
2025-07-22 10:26:16,768 - INFO -         [诸葛亮]执行来自【临机制胜】的[临机制胜-制胜]效果
2025-07-22 10:26:16,769 - INFO -         [诸葛亮]由于[周瑜]【临机制胜】的[临机制胜-制胜]效果,损失了兵力169(7550)
2025-07-22 10:26:16,769 - INFO -         [SP诸葛亮]由于[周瑜]【临机制胜】的[临机制胜-制胜]效果,损失了兵力152(7967)
2025-07-22 10:26:16,769 - INFO -         [周瑜]执行来自【临机制胜】的[临机制胜-恢复]效果
2025-07-22 10:26:16,769 - INFO -         [诸葛亮]恢复了兵力559(6319)
2025-07-22 10:26:16,769 - INFO -         [周瑜]恢复了兵力559(7564)
2025-07-22 10:26:16,769 - INFO -         [颜良]恢复了兵力559(7080)
2025-07-22 10:26:16,769 - INFO -         [诸葛亮]执行来自【临机制胜】的[临机制胜-制胜]效果
2025-07-22 10:26:16,770 - INFO -         [许褚]由于[诸葛亮]【临机制胜】的[临机制胜-制胜]效果,损失了兵力205(9590)
2025-07-22 10:26:16,770 - INFO -         [诸葛亮]触发攻心
2025-07-22 10:26:16,770 - INFO -         [诸葛亮]恢复了兵力49(6319)
2025-07-22 10:26:16,770 - INFO -         [SP诸葛亮]由于[诸葛亮]【临机制胜】的[临机制胜-制胜]效果,损失了兵力115(7852)
2025-07-22 10:26:16,770 - INFO -         [诸葛亮]触发攻心
2025-07-22 10:26:16,770 - INFO -         [诸葛亮]恢复了兵力27(6319)
2025-07-22 10:26:16,770 - INFO -     [诸葛亮]对[诸葛亮]发动普通攻击
2025-07-22 10:26:16,770 - INFO -         [诸葛亮]损失了兵力156(7394)
2025-07-22 10:26:16,771 - INFO - 
[第 2 回合]
2025-07-22 10:26:16,771 - INFO - [许褚]开始行动
2025-07-22 10:26:16,771 - INFO -     [许褚]执行来自【星罗棋布】的[星罗棋布-双前排阵型]效果
2025-07-22 10:26:16,771 - INFO -         [周瑜]由于[许褚]【星罗棋布】的[星罗棋布-双前排阵型]效果,损失了兵力438(7126)
2025-07-22 10:26:16,772 - INFO -     [许褚]对[诸葛亮]发动普通攻击
2025-07-22 10:26:16,772 - INFO -         [诸葛亮]损失了兵力288(6031)
2025-07-22 10:26:16,772 - INFO -         [诸葛亮]发动来自【草船借箭】的[草船借箭]效果, 但因几率未触发
2025-07-22 10:26:16,772 - INFO -     [许褚]发动战法【膂力过人】
2025-07-22 10:26:16,772 - INFO -         [诸葛亮]由于[许褚]的【膂力过人】的伤害,损失了兵力432(5599)
2025-07-22 10:26:16,772 - INFO -         [诸葛亮]执行来自【草船借箭】的[草船借箭]效果
2025-07-22 10:26:16,772 - INFO -         [许褚]由于[诸葛亮]【草船借箭】的[草船借箭]效果,损失了兵力261(9329)
2025-07-22 10:26:16,773 - INFO -         [诸葛亮]触发攻心
2025-07-22 10:26:16,773 - INFO -         [诸葛亮]恢复了兵力62(5599)
2025-07-22 10:26:16,773 - INFO -     [诸葛亮]执行来自【膂力过人】的[膂力过人]效果
2025-07-22 10:26:16,773 - INFO -         [诸葛亮]由于[许褚]【膂力过人】的[膂力过人]效果,损失了兵力201(5398)
2025-07-22 10:26:16,773 - INFO -         [诸葛亮]发动来自【草船借箭】的[草船借箭]效果, 但因几率未触发
2025-07-22 10:26:16,773 - INFO -     [许褚]进行连击
2025-07-22 10:26:16,773 - INFO -     [许褚]对[诸葛亮]发动普通攻击
2025-07-22 10:26:16,773 - INFO -         [诸葛亮]损失了兵力288(5110)
2025-07-22 10:26:16,774 - INFO -         [诸葛亮]发动来自【草船借箭】的[草船借箭]效果, 但因几率未触发
2025-07-22 10:26:16,774 - INFO -     [许褚]发动战法【膂力过人】
2025-07-22 10:26:16,774 - INFO -         [诸葛亮]由于[许褚]的【膂力过人】的伤害,损失了兵力432(4678)
2025-07-22 10:26:16,774 - INFO -         [诸葛亮]执行来自【草船借箭】的[草船借箭]效果
2025-07-22 10:26:16,774 - INFO -         [许褚]由于[诸葛亮]【草船借箭】的[草船借箭]效果,损失了兵力244(9085)
2025-07-22 10:26:16,774 - INFO -         [诸葛亮]触发攻心
2025-07-22 10:26:16,774 - INFO -         [诸葛亮]恢复了兵力58(4678)
2025-07-22 10:26:16,775 - INFO -     [诸葛亮]执行来自【膂力过人】的[膂力过人]效果
2025-07-22 10:26:16,775 - INFO -         [诸葛亮]由于[许褚]【膂力过人】的[膂力过人]效果,损失了兵力201(4477)
2025-07-22 10:26:16,775 - INFO -         [诸葛亮]发动来自【草船借箭】的[草船借箭]效果, 但因几率未触发
2025-07-22 10:26:16,775 - INFO - [颜良]开始行动
2025-07-22 10:26:16,775 - INFO -     [颜良]对[SP诸葛亮]发动普通攻击
2025-07-22 10:26:16,775 - INFO -         [颜良]由于[SP诸葛亮]【十二奇策】的[虚弱]效果造成伤害减少70%
2025-07-22 10:26:16,775 - INFO -         [SP诸葛亮]损失了兵力201(7651)
2025-07-22 10:26:16,776 - INFO -     [颜良]发动战法【膂力过人】
2025-07-22 10:26:16,776 - INFO -         [颜良]由于[SP诸葛亮]【十二奇策】的[虚弱]效果造成伤害减少70%
2025-07-22 10:26:16,776 - INFO -         [SP诸葛亮]由于[颜良]的【膂力过人】的伤害,损失了兵力301(7350)
2025-07-22 10:26:16,776 - INFO -         [颜良]由于[SP诸葛亮]【十二奇策】的[虚弱]效果造成伤害减少70%
2025-07-22 10:26:16,776 - INFO -     [SP诸葛亮]执行来自【膂力过人】的[膂力过人]效果
2025-07-22 10:26:16,776 - INFO -         [SP诸葛亮]由于[颜良]【膂力过人】的[膂力过人]效果,损失了兵力140(7210)
2025-07-22 10:26:16,776 - INFO - [SP诸葛亮]开始行动
2025-07-22 10:26:16,776 - INFO -         [SP诸葛亮]发动战法【十二奇策】
2025-07-22 10:26:16,777 - INFO -     [SP诸葛亮]由于[诸葛亮]【十二奇策】的「混乱」效果
2025-07-22 10:26:16,777 - INFO -         [诸葛亮]由于[SP诸葛亮]的【十二奇策】的伤害,损失了兵力856(3621)
2025-07-22 10:26:16,777 - INFO -         [诸葛亮]执行来自【草船借箭】的[草船借箭]效果
2025-07-22 10:26:16,777 - INFO -         [SP诸葛亮]由于[诸葛亮]【草船借箭】的[草船借箭]效果,损失了兵力123(7087)
2025-07-22 10:26:16,777 - INFO -         [诸葛亮]触发攻心
2025-07-22 10:26:16,777 - INFO -         [诸葛亮]恢复了兵力29(3621)
2025-07-22 10:26:16,777 - INFO -         [诸葛亮]执行来自【十二奇策】的[十二奇谋]效果
2025-07-22 10:26:16,778 - INFO -         [诸葛亮]的【智力】降低15.00(245.00)
2025-07-22 10:26:16,778 - INFO -         [诸葛亮]的【火攻】效果已施加
2025-07-22 10:26:16,778 - INFO -         [诸葛亮]执行来自【临机制胜】的[临机制胜-制胜]效果
2025-07-22 10:26:16,778 - INFO -         [诸葛亮]由于[SP诸葛亮]【临机制胜】的[临机制胜-制胜]效果,损失了兵力237(3384)
2025-07-22 10:26:16,778 - INFO -         [诸葛亮]执行来自【草船借箭】的[草船借箭]效果
2025-07-22 10:26:16,779 - INFO -         [许褚]由于[诸葛亮]【草船借箭】的[草船借箭]效果,损失了兵力202(8883)
2025-07-22 10:26:16,779 - INFO -         [诸葛亮]触发攻心
2025-07-22 10:26:16,779 - INFO -         [诸葛亮]恢复了兵力48(3384)
2025-07-22 10:26:16,779 - INFO -         [颜良]由于[SP诸葛亮]【临机制胜】的[临机制胜-制胜]效果,损失了兵力294(6786)
2025-07-22 10:26:16,779 - INFO -         [SP诸葛亮]执行来自【临机制胜】的[临机制胜-恢复]效果
2025-07-22 10:26:16,780 - INFO -         [SP诸葛亮]恢复了兵力550(7087)
2025-07-22 10:26:16,780 - INFO -         [诸葛亮]恢复了兵力550(7394)
2025-07-22 10:26:16,780 - INFO -         [许褚]恢复了兵力550(8883)
2025-07-22 10:26:16,780 - INFO -         [诸葛亮]执行来自【临机制胜】的[临机制胜-制胜]效果
2025-07-22 10:26:16,780 - INFO -         [SP诸葛亮]由于[周瑜]【临机制胜】的[临机制胜-制胜]效果,损失了兵力148(6939)
2025-07-22 10:26:16,780 - INFO -         [诸葛亮]由于[周瑜]【临机制胜】的[临机制胜-制胜]效果,损失了兵力165(7229)
2025-07-22 10:26:16,780 - INFO -         [诸葛亮]发动来自【草船借箭】的[草船借箭]效果, 但因几率未触发
2025-07-22 10:26:16,780 - INFO -         [诸葛亮]执行来自【临机制胜】的[临机制胜-制胜]效果
2025-07-22 10:26:16,781 - INFO -         [SP诸葛亮]由于[诸葛亮]【临机制胜】的[临机制胜-制胜]效果,损失了兵力84(6855)
2025-07-22 10:26:16,781 - INFO -         [诸葛亮]触发攻心
2025-07-22 10:26:16,781 - INFO -         [诸葛亮]恢复了兵力20(3384)
2025-07-22 10:26:16,781 - INFO -         [许褚]由于[诸葛亮]【临机制胜】的[临机制胜-制胜]效果,损失了兵力151(8732)
2025-07-22 10:26:16,781 - INFO -         [诸葛亮]触发攻心
2025-07-22 10:26:16,781 - INFO -         [诸葛亮]恢复了兵力36(3384)
2025-07-22 10:26:16,781 - INFO -         [诸葛亮]执行来自【临机制胜】的[临机制胜-恢复]效果
2025-07-22 10:26:16,781 - INFO -         [周瑜]恢复了兵力528(7126)
2025-07-22 10:26:16,781 - INFO -         [诸葛亮]恢复了兵力528(3384)
2025-07-22 10:26:16,782 - INFO -         [颜良]恢复了兵力528(6786)
2025-07-22 10:26:16,782 - INFO -     [SP诸葛亮]由于[诸葛亮]【十二奇策】的「混乱」效果
2025-07-22 10:26:16,782 - INFO -         [许褚]由于[SP诸葛亮]的【十二奇策】的伤害,损失了兵力876(7856)
2025-07-22 10:26:16,782 - INFO -         [许褚]执行来自【十二奇策】的[十二奇谋]效果
2025-07-22 10:26:16,782 - INFO -         [许褚]的【混乱】效果已施加
2025-07-22 10:26:16,782 - INFO -         [许褚]执行来自【临机制胜】的[临机制胜-制胜]效果
2025-07-22 10:26:16,782 - INFO -         [诸葛亮]由于[SP诸葛亮]【临机制胜】的[临机制胜-制胜]效果,损失了兵力234(3150)
2025-07-22 10:26:16,783 - INFO -         [诸葛亮]执行来自【草船借箭】的[草船借箭]效果
2025-07-22 10:26:16,783 - INFO -         [诸葛亮]由于[诸葛亮]【草船借箭】的[草船借箭]效果,损失了兵力122(7107)
2025-07-22 10:26:16,783 - INFO -         [诸葛亮]触发攻心
2025-07-22 10:26:16,783 - INFO -         [诸葛亮]恢复了兵力29(3150)
2025-07-22 10:26:16,783 - INFO -         [诸葛亮]执行来自【草船借箭】的[草船借箭]效果
2025-07-22 10:26:16,784 - INFO -         [颜良]由于[诸葛亮]【草船借箭】的[草船借箭]效果,损失了兵力514(6272)
2025-07-22 10:26:16,784 - INFO -         [诸葛亮]触发攻心
2025-07-22 10:26:16,784 - INFO -         [诸葛亮]恢复了兵力123(7107)
2025-07-22 10:26:16,784 - INFO -         [周瑜]由于[SP诸葛亮]【临机制胜】的[临机制胜-制胜]效果,损失了兵力240(6886)
2025-07-22 10:26:16,784 - INFO -         [许褚]执行来自【临机制胜】的[临机制胜-制胜]效果
2025-07-22 10:26:16,785 - INFO -         [诸葛亮]由于[周瑜]【临机制胜】的[临机制胜-制胜]效果,损失了兵力162(6945)
2025-07-22 10:26:16,785 - INFO -         [诸葛亮]执行来自【草船借箭】的[草船借箭]效果
2025-07-22 10:26:16,785 - INFO -         [诸葛亮]由于[诸葛亮]【草船借箭】的[草船借箭]效果,损失了兵力334(2816)
2025-07-22 10:26:16,785 - INFO -         [诸葛亮]触发攻心
2025-07-22 10:26:16,785 - INFO -         [诸葛亮]恢复了兵力80(6945)
2025-07-22 10:26:16,785 - INFO -         [许褚]由于[周瑜]【临机制胜】的[临机制胜-制胜]效果,损失了兵力254(7602)
2025-07-22 10:26:16,785 - INFO -         [许褚]发动来自【临机制胜】的[临机制胜-制胜]效果, 但因几率未触发
2025-07-22 10:26:16,785 - INFO -     [SP诸葛亮]由于[诸葛亮]【十二奇策】的「混乱」效果
2025-07-22 10:26:16,786 - INFO -     [SP诸葛亮]对[诸葛亮]发动普通攻击
2025-07-22 10:26:16,786 - INFO -         [诸葛亮]损失了兵力224(2592)
2025-07-22 10:26:16,786 - INFO - [周瑜]开始行动
2025-07-22 10:26:16,786 - INFO -     [周瑜]对[许褚]发动普通攻击
2025-07-22 10:26:16,786 - INFO -         [许褚]损失了兵力230(7372)
2025-07-22 10:26:16,787 - INFO - [诸葛亮]开始行动
2025-07-22 10:26:16,787 - INFO -     [诸葛亮]由于[诸葛亮]【十二奇策】的「嘲讽」效果
2025-07-22 10:26:16,787 - INFO -     [诸葛亮]对[诸葛亮]发动普通攻击
2025-07-22 10:26:16,787 - INFO -         [诸葛亮]损失了兵力147(2445)
2025-07-22 10:26:16,787 - INFO - [诸葛亮]开始行动
2025-07-22 10:26:16,788 - INFO -         [诸葛亮]因几率未发动战法【十二奇策】
2025-07-22 10:26:16,788 - INFO -     [诸葛亮]对[SP诸葛亮]发动普通攻击
2025-07-22 10:26:16,788 - INFO -         [SP诸葛亮]损失了兵力94(6761)
2025-07-22 10:26:16,788 - INFO - 
[第 3 回合]
2025-07-22 10:26:16,789 - INFO - [许褚]开始行动
2025-07-22 10:26:16,789 - INFO -     [许褚]执行来自【星罗棋布】的[星罗棋布-双前排阵型]效果
2025-07-22 10:26:16,789 - INFO -         [诸葛亮]由于[许褚]【星罗棋布】的[星罗棋布-双前排阵型]效果,损失了兵力423(2022)
2025-07-22 10:26:16,789 - INFO -         [诸葛亮]发动来自【草船借箭】的[草船借箭]效果, 但因几率未触发
2025-07-22 10:26:16,789 - INFO -     [许褚]由于[SP诸葛亮]【十二奇策】的「混乱」效果
2025-07-22 10:26:16,789 - INFO -     [许褚]对[诸葛亮]发动普通攻击
2025-07-22 10:26:16,789 - INFO -         [诸葛亮]损失了兵力271(6674)
2025-07-22 10:26:16,790 - INFO -         [诸葛亮]执行来自【草船借箭】的[草船借箭]效果
2025-07-22 10:26:16,790 - INFO -         [诸葛亮]由于[诸葛亮]【草船借箭】的[草船借箭]效果,损失了兵力329(1693)
2025-07-22 10:26:16,790 - INFO -         [诸葛亮]触发攻心
2025-07-22 10:26:16,790 - INFO -         [诸葛亮]恢复了兵力79(6674)
2025-07-22 10:26:16,790 - INFO -         [诸葛亮]执行来自【草船借箭】的[草船借箭]效果
2025-07-22 10:26:16,790 - INFO -         [诸葛亮]由于[诸葛亮]【草船借箭】的[草船借箭]效果,损失了兵力95(6579)
2025-07-22 10:26:16,790 - INFO -         [诸葛亮]触发攻心
2025-07-22 10:26:16,791 - INFO -         [诸葛亮]恢复了兵力22(1693)
2025-07-22 10:26:16,791 - INFO -         [诸葛亮]发动来自【草船借箭】的[草船借箭]效果, 但因几率未触发
2025-07-22 10:26:16,791 - INFO -     [许褚]发动战法【膂力过人】
2025-07-22 10:26:16,791 - INFO -         [诸葛亮]由于[许褚]的【膂力过人】的伤害,损失了兵力407(6172)
2025-07-22 10:26:16,791 - INFO -         [诸葛亮]执行来自【草船借箭】的[草船借箭]效果
2025-07-22 10:26:16,791 - INFO -         [颜良]由于[诸葛亮]【草船借箭】的[草船借箭]效果,损失了兵力488(5784)
2025-07-22 10:26:16,791 - INFO -         [诸葛亮]触发攻心
2025-07-22 10:26:16,791 - INFO -         [诸葛亮]恢复了兵力117(6172)
2025-07-22 10:26:16,792 - INFO -     [诸葛亮]执行来自【膂力过人】的[膂力过人]效果
2025-07-22 10:26:16,792 - INFO -         [诸葛亮]由于[许褚]【膂力过人】的[膂力过人]效果,损失了兵力190(5982)
2025-07-22 10:26:16,792 - INFO -         [诸葛亮]执行来自【草船借箭】的[草船借箭]效果
2025-07-22 10:26:16,792 - INFO -         [颜良]由于[诸葛亮]【草船借箭】的[草船借箭]效果,损失了兵力482(5302)
2025-07-22 10:26:16,792 - INFO -         [诸葛亮]触发攻心
2025-07-22 10:26:16,792 - INFO -         [诸葛亮]恢复了兵力115(5982)
2025-07-22 10:26:16,792 - INFO -     [许褚]进行连击
2025-07-22 10:26:16,792 - INFO -     [许褚]由于[SP诸葛亮]【十二奇策】的「混乱」效果
2025-07-22 10:26:16,792 - INFO -     [许褚]对[颜良]发动普通攻击
2025-07-22 10:26:16,792 - INFO -         [颜良]损失了兵力324(4978)
2025-07-22 10:26:16,793 - INFO -     [许褚]发动战法【膂力过人】
2025-07-22 10:26:16,793 - INFO -         [颜良]由于[许褚]的【膂力过人】的伤害,损失了兵力486(4492)
2025-07-22 10:26:16,793 - INFO -     [颜良]执行来自【膂力过人】的[膂力过人]效果
2025-07-22 10:26:16,793 - INFO -         [颜良]由于[许褚]【膂力过人】的[膂力过人]效果,损失了兵力227(4265)
2025-07-22 10:26:16,793 - INFO - [颜良]开始行动
2025-07-22 10:26:16,794 - INFO -     [颜良]对[诸葛亮]发动普通攻击
2025-07-22 10:26:16,794 - INFO -         [颜良]由于[SP诸葛亮]【十二奇策】的[虚弱]效果造成伤害减少70%
2025-07-22 10:26:16,794 - INFO -         [诸葛亮]损失了兵力135(5847)
2025-07-22 10:26:16,794 - INFO -         [诸葛亮]执行来自【草船借箭】的[草船借箭]效果
2025-07-22 10:26:16,794 - INFO -         [诸葛亮]由于[诸葛亮]【草船借箭】的[草船借箭]效果,损失了兵力314(1379)
2025-07-22 10:26:16,794 - INFO -         [诸葛亮]触发攻心
2025-07-22 10:26:16,794 - INFO -         [诸葛亮]恢复了兵力75(5847)
2025-07-22 10:26:16,795 - INFO -         [诸葛亮]执行来自【草船借箭】的[草船借箭]效果
2025-07-22 10:26:16,795 - INFO -         [许褚]由于[诸葛亮]【草船借箭】的[草船借箭]效果,损失了兵力142(7230)
2025-07-22 10:26:16,795 - INFO -         [诸葛亮]触发攻心
2025-07-22 10:26:16,795 - INFO -         [诸葛亮]恢复了兵力34(1379)
2025-07-22 10:26:16,795 - INFO -     [颜良]发动战法【膂力过人】
2025-07-22 10:26:16,795 - INFO -         [颜良]由于[SP诸葛亮]【十二奇策】的[虚弱]效果造成伤害减少70%
2025-07-22 10:26:16,795 - INFO -         [诸葛亮]由于[颜良]的【膂力过人】的伤害,损失了兵力203(5644)
2025-07-22 10:26:16,795 - INFO -         [诸葛亮]发动来自【草船借箭】的[草船借箭]效果, 但因几率未触发
2025-07-22 10:26:16,795 - INFO -         [颜良]由于[SP诸葛亮]【十二奇策】的[虚弱]效果造成伤害减少70%
2025-07-22 10:26:16,796 - INFO -     [诸葛亮]执行来自【膂力过人】的[膂力过人]效果
2025-07-22 10:26:16,796 - INFO -         [诸葛亮]由于[颜良]【膂力过人】的[膂力过人]效果,损失了兵力95(5549)
2025-07-22 10:26:16,796 - INFO -         [诸葛亮]执行来自【草船借箭】的[草船借箭]效果
2025-07-22 10:26:16,796 - INFO -         [周瑜]由于[诸葛亮]【草船借箭】的[草船借箭]效果,损失了兵力317(6569)
2025-07-22 10:26:16,796 - INFO -         [诸葛亮]触发攻心
2025-07-22 10:26:16,796 - INFO -         [诸葛亮]恢复了兵力76(5549)
2025-07-22 10:26:16,796 - INFO - [SP诸葛亮]开始行动
2025-07-22 10:26:16,797 - INFO -         [SP诸葛亮]因几率未发动战法【十二奇策】
2025-07-22 10:26:16,797 - INFO -     [SP诸葛亮]由于[诸葛亮]【十二奇策】的「混乱」效果
2025-07-22 10:26:16,797 - INFO -     [SP诸葛亮]对[诸葛亮]发动普通攻击
2025-07-22 10:26:16,797 - INFO -         [诸葛亮]损失了兵力228(5321)
2025-07-22 10:26:16,797 - INFO - [周瑜]开始行动
2025-07-22 10:26:16,797 - INFO -         [周瑜]的【技穷】效果已消失
2025-07-22 10:26:16,798 - INFO -     [周瑜]对[SP诸葛亮]发动普通攻击
2025-07-22 10:26:16,798 - INFO -         [SP诸葛亮]损失了兵力153(6608)
2025-07-22 10:26:16,798 - INFO - [诸葛亮]开始行动
2025-07-22 10:26:16,799 - INFO -     [诸葛亮]由于[诸葛亮]【十二奇策】的「嘲讽」效果
2025-07-22 10:26:16,799 - INFO -     [诸葛亮]对[诸葛亮]发动普通攻击
2025-07-22 10:26:16,799 - INFO -         [诸葛亮]损失了兵力134(1245)
2025-07-22 10:26:16,799 - INFO -         [诸葛亮]发动来自【草船借箭】的[草船借箭]效果, 但因几率未触发
2025-07-22 10:26:16,799 - INFO - [诸葛亮]开始行动
2025-07-22 10:26:16,799 - INFO -         [诸葛亮]因几率未发动战法【十二奇策】
2025-07-22 10:26:16,800 - INFO -     [诸葛亮]对[许褚]发动普通攻击
2025-07-22 10:26:16,800 - INFO -         [许褚]损失了兵力109(7121)
2025-07-22 10:26:16,800 - INFO - 
[第 4 回合]
2025-07-22 10:26:16,800 - INFO - [许褚]开始行动
2025-07-22 10:26:16,801 - INFO -     [许褚]执行来自【星罗棋布】的[星罗棋布-双前排阵型]效果
2025-07-22 10:26:16,801 - INFO -         [颜良]由于[许褚]【星罗棋布】的[星罗棋布-双前排阵型]效果,损失了兵力511(3754)
2025-07-22 10:26:16,801 - INFO -     [许褚]由于[SP诸葛亮]【十二奇策】的「混乱」效果
2025-07-22 10:26:16,801 - INFO -     [许褚]对[周瑜]发动普通攻击
2025-07-22 10:26:16,801 - INFO -         [周瑜]损失了兵力248(6321)
2025-07-22 10:26:16,802 - INFO -     [许褚]发动战法【膂力过人】
2025-07-22 10:26:16,802 - INFO -         [周瑜]由于[许褚]的【膂力过人】的伤害,损失了兵力372(5949)
2025-07-22 10:26:16,802 - INFO -     [周瑜]执行来自【膂力过人】的[膂力过人]效果
2025-07-22 10:26:16,802 - INFO -         [周瑜]由于[许褚]【膂力过人】的[膂力过人]效果,损失了兵力173(5776)
2025-07-22 10:26:16,802 - INFO -     [许褚]进行连击
2025-07-22 10:26:16,802 - INFO -     [许褚]由于[SP诸葛亮]【十二奇策】的「混乱」效果
2025-07-22 10:26:16,802 - INFO -     [许褚]对[周瑜]发动普通攻击
2025-07-22 10:26:16,803 - INFO -         [周瑜]损失了兵力248(5528)
2025-07-22 10:26:16,803 - INFO -     [许褚]发动战法【膂力过人】
2025-07-22 10:26:16,803 - INFO -         [周瑜]由于[许褚]的【膂力过人】的伤害,损失了兵力372(5156)
2025-07-22 10:26:16,803 - INFO -     [周瑜]执行来自【膂力过人】的[膂力过人]效果
2025-07-22 10:26:16,803 - INFO -         [周瑜]由于[许褚]【膂力过人】的[膂力过人]效果,损失了兵力173(4983)
2025-07-22 10:26:16,804 - INFO - [颜良]开始行动
2025-07-22 10:26:16,804 - INFO -         [颜良]的【虚弱】效果已消失
2025-07-22 10:26:16,804 - INFO -     [颜良]对[诸葛亮]发动普通攻击
2025-07-22 10:26:16,804 - INFO -         [诸葛亮]损失了兵力183(5138)
2025-07-22 10:26:16,804 - INFO -         [诸葛亮]执行来自【草船借箭】的[草船借箭]效果
2025-07-22 10:26:16,805 - INFO -         [周瑜]由于[诸葛亮]【草船借箭】的[草船借箭]效果,损失了兵力309(4674)
2025-07-22 10:26:16,805 - INFO -         [诸葛亮]触发攻心
2025-07-22 10:26:16,805 - INFO -         [诸葛亮]恢复了兵力74(5138)
2025-07-22 10:26:16,805 - INFO -     [颜良]发动战法【膂力过人】
2025-07-22 10:26:16,805 - INFO -         [诸葛亮]由于[颜良]的【膂力过人】的伤害,损失了兵力275(4863)
2025-07-22 10:26:16,805 - INFO -         [诸葛亮]执行来自【草船借箭】的[草船借箭]效果
2025-07-22 10:26:16,805 - INFO -         [周瑜]由于[诸葛亮]【草船借箭】的[草船借箭]效果,损失了兵力302(4372)
2025-07-22 10:26:16,805 - INFO -         [诸葛亮]触发攻心
2025-07-22 10:26:16,805 - INFO -         [诸葛亮]恢复了兵力72(4863)
2025-07-22 10:26:16,806 - INFO -     [诸葛亮]执行来自【膂力过人】的[膂力过人]效果
2025-07-22 10:26:16,806 - INFO -         [诸葛亮]由于[颜良]【膂力过人】的[膂力过人]效果,损失了兵力128(4735)
2025-07-22 10:26:16,806 - INFO -         [诸葛亮]发动来自【草船借箭】的[草船借箭]效果, 但因几率未触发
2025-07-22 10:26:16,806 - INFO - [SP诸葛亮]开始行动
2025-07-22 10:26:16,806 - INFO -         [SP诸葛亮]的【混乱】效果已消失
2025-07-22 10:26:16,806 - INFO -         [SP诸葛亮]发动战法【十二奇策】
2025-07-22 10:26:16,807 - INFO -         [诸葛亮]由于[SP诸葛亮]的【十二奇策】的伤害,损失了兵力848(397)
2025-07-22 10:26:16,807 - INFO -         [诸葛亮]发动来自【草船借箭】的[草船借箭]效果, 但因几率未触发
2025-07-22 10:26:16,807 - INFO -         [诸葛亮]执行来自【十二奇策】的[十二奇谋]效果
2025-07-22 10:26:16,808 - INFO -         [诸葛亮]的【断粮】效果已施加
2025-07-22 10:26:16,808 - INFO -         [诸葛亮]执行来自【临机制胜】的[临机制胜-制胜]效果
2025-07-22 10:26:16,808 - INFO -         [诸葛亮]由于[SP诸葛亮]【临机制胜】的[临机制胜-制胜]效果,损失了兵力231(166)
2025-07-22 10:26:16,808 - INFO -         [诸葛亮]发动来自【草船借箭】的[草船借箭]效果, 但因几率未触发
2025-07-22 10:26:16,808 - INFO -         [颜良]由于[SP诸葛亮]【临机制胜】的[临机制胜-制胜]效果,损失了兵力286(3468)
2025-07-22 10:26:16,809 - INFO -         [诸葛亮]发动来自【临机制胜】的[临机制胜-制胜]效果, 但因几率未触发
2025-07-22 10:26:16,809 - INFO -         [诸葛亮]执行来自【临机制胜】的[临机制胜-制胜]效果
2025-07-22 10:26:16,809 - INFO -         [SP诸葛亮]由于[诸葛亮]【临机制胜】的[临机制胜-制胜]效果,损失了兵力32(6576)
2025-07-22 10:26:16,809 - INFO -         [诸葛亮]触发攻心
2025-07-22 10:26:16,809 - INFO -         [诸葛亮]恢复了兵力7(166)
2025-07-22 10:26:16,809 - INFO -         [诸葛亮]由于[诸葛亮]【临机制胜】的[临机制胜-制胜]效果,损失了兵力35(4700)
2025-07-22 10:26:16,809 - INFO -         [诸葛亮]触发攻心
2025-07-22 10:26:16,809 - INFO -         [诸葛亮]恢复了兵力8(166)
2025-07-22 10:26:16,809 - INFO -         [诸葛亮]执行来自【草船借箭】的[草船借箭]效果
2025-07-22 10:26:16,810 - INFO -         [诸葛亮]由于[诸葛亮]【草船借箭】的[草船借箭]效果,损失了兵力166(0)
2025-07-22 10:26:16,810 - INFO -         [诸葛亮]兵力为0 无法再战
2025-07-22 10:26:16,810 - INFO -         [SP诸葛亮]的[十二奇策]效果已消失
2025-07-22 10:26:16,810 - INFO -         [SP诸葛亮]的【混乱】效果已消失
2025-07-22 10:26:16,810 - INFO -         [诸葛亮]的[十二奇策]效果已消失
2025-07-22 10:26:16,810 - INFO -         [诸葛亮]的【嘲讽】效果已消失
2025-07-22 10:26:16,810 - INFO -         [诸葛亮]触发攻心
2025-07-22 10:26:16,810 - INFO -         [诸葛亮]恢复了兵力69(4700)
2025-07-22 10:26:16,810 - INFO -         [颜良]由于[SP诸葛亮]的【十二奇策】的伤害,损失了兵力1048(2420)
2025-07-22 10:26:16,810 - INFO -         [颜良]执行来自【十二奇策】的[十二奇谋]效果
2025-07-22 10:26:16,810 - INFO -         [颜良]的【虚弱】效果已施加
2025-07-22 10:26:16,811 - INFO -         [颜良]发动来自【临机制胜】的[临机制胜-制胜]效果, 但因几率未触发
2025-07-22 10:26:16,811 - INFO -         [颜良]执行来自【临机制胜】的[临机制胜-制胜]效果
2025-07-22 10:26:16,811 - INFO -         [诸葛亮]由于[周瑜]【临机制胜】的[临机制胜-制胜]效果,损失了兵力136(4564)
2025-07-22 10:26:16,811 - INFO -         [诸葛亮]执行来自【草船借箭】的[草船借箭]效果
2025-07-22 10:26:16,811 - INFO -         [颜良]由于[诸葛亮]【草船借箭】的[草船借箭]效果,损失了兵力435(1985)
2025-07-22 10:26:16,811 - INFO -         [诸葛亮]触发攻心
2025-07-22 10:26:16,811 - INFO -         [诸葛亮]恢复了兵力104(4564)
2025-07-22 10:26:16,811 - INFO -         [SP诸葛亮]由于[周瑜]【临机制胜】的[临机制胜-制胜]效果,损失了兵力123(6453)
2025-07-22 10:26:16,812 - INFO -     [SP诸葛亮]对[周瑜]发动普通攻击
2025-07-22 10:26:16,812 - INFO -         [周瑜]损失了兵力252(4120)
2025-07-22 10:26:16,812 - INFO - [周瑜]开始行动
2025-07-22 10:26:16,812 - INFO -     [周瑜]对[许褚]发动普通攻击
2025-07-22 10:26:16,812 - INFO -         [许褚]损失了兵力188(6933)
2025-07-22 10:26:16,813 - INFO - [诸葛亮]开始行动
2025-07-22 10:26:16,813 - INFO -     [诸葛亮]对[颜良]发动普通攻击
2025-07-22 10:26:16,813 - INFO -         [颜良]损失了兵力182(1803)
2025-07-22 10:26:16,813 - INFO - [诸葛亮]开始行动
2025-07-22 10:26:16,814 - INFO - 
[第 5 回合]
2025-07-22 10:26:16,814 - INFO - [许褚]开始行动
2025-07-22 10:26:16,814 - INFO -         [许褚]的【混乱】效果已消失
2025-07-22 10:26:16,814 - INFO -     [许褚]执行来自【星罗棋布】的[星罗棋布-双前排阵型]效果
2025-07-22 10:26:16,814 - INFO -         [周瑜]由于[许褚]【星罗棋布】的[星罗棋布-双前排阵型]效果,损失了兵力392(3728)
2025-07-22 10:26:16,814 - INFO -         [颜良]由于[许褚]【星罗棋布】的[星罗棋布-双前排阵型]效果,损失了兵力506(1297)
2025-07-22 10:26:16,815 - INFO -     [许褚]对[颜良]发动普通攻击
2025-07-22 10:26:16,815 - INFO -         [颜良]损失了兵力316(981)
2025-07-22 10:26:16,815 - INFO -     [许褚]发动战法【膂力过人】
2025-07-22 10:26:16,815 - INFO -         [颜良]由于[许褚]的【膂力过人】的伤害,损失了兵力474(507)
2025-07-22 10:26:16,815 - INFO -     [颜良]执行来自【膂力过人】的[膂力过人]效果
2025-07-22 10:26:16,815 - INFO -         [颜良]由于[许褚]【膂力过人】的[膂力过人]效果,损失了兵力221(286)
2025-07-22 10:26:16,816 - INFO -     [许褚]进行连击
2025-07-22 10:26:16,816 - INFO -     [许褚]对[周瑜]发动普通攻击
2025-07-22 10:26:16,816 - INFO -         [周瑜]损失了兵力245(3483)
2025-07-22 10:26:16,816 - INFO -     [许褚]发动战法【膂力过人】
2025-07-22 10:26:16,816 - INFO -         [周瑜]由于[许褚]的【膂力过人】的伤害,损失了兵力368(3115)
2025-07-22 10:26:16,816 - INFO -     [周瑜]执行来自【膂力过人】的[膂力过人]效果
2025-07-22 10:26:16,816 - INFO -         [周瑜]由于[许褚]【膂力过人】的[膂力过人]效果,损失了兵力171(2944)
2025-07-22 10:26:16,817 - INFO - [颜良]开始行动
2025-07-22 10:26:16,817 - INFO -     [颜良]对[SP诸葛亮]发动普通攻击
2025-07-22 10:26:16,817 - INFO -         [颜良]由于[SP诸葛亮]【十二奇策】的[虚弱]效果造成伤害减少70%
2025-07-22 10:26:16,817 - INFO -         [SP诸葛亮]损失了兵力65(6388)
2025-07-22 10:26:16,817 - INFO -     [颜良]发动战法【膂力过人】
2025-07-22 10:26:16,817 - INFO -         [颜良]由于[SP诸葛亮]【十二奇策】的[虚弱]效果造成伤害减少70%
2025-07-22 10:26:16,818 - INFO -         [SP诸葛亮]由于[颜良]的【膂力过人】的伤害,损失了兵力98(6290)
2025-07-22 10:26:16,818 - INFO -         [颜良]由于[SP诸葛亮]【十二奇策】的[虚弱]效果造成伤害减少70%
2025-07-22 10:26:16,818 - INFO -     [SP诸葛亮]执行来自【膂力过人】的[膂力过人]效果
2025-07-22 10:26:16,818 - INFO -         [SP诸葛亮]由于[颜良]【膂力过人】的[膂力过人]效果,损失了兵力45(6245)
2025-07-22 10:26:16,818 - INFO - [SP诸葛亮]开始行动
2025-07-22 10:26:16,819 - INFO -         [SP诸葛亮]发动战法【十二奇策】
2025-07-22 10:26:16,819 - INFO -         [周瑜]由于[SP诸葛亮]的【十二奇策】的伤害,损失了兵力852(2092)
2025-07-22 10:26:16,819 - INFO -         [周瑜]执行来自【十二奇策】的[十二奇谋]效果
2025-07-22 10:26:16,819 - INFO -         [周瑜]的【智力】降低15.00(272.75)
2025-07-22 10:26:16,819 - INFO -         [周瑜]的【火攻】效果已施加
2025-07-22 10:26:16,819 - INFO -         [周瑜]执行来自【临机制胜】的[临机制胜-制胜]效果
2025-07-22 10:26:16,820 - INFO -         [颜良]由于[SP诸葛亮]【临机制胜】的[临机制胜-制胜]效果,损失了兵力280(6)
2025-07-22 10:26:16,820 - INFO -         [周瑜]由于[SP诸葛亮]【临机制胜】的[临机制胜-制胜]效果,损失了兵力238(1854)
2025-07-22 10:26:16,820 - INFO -         [周瑜]执行来自【临机制胜】的[临机制胜-制胜]效果
2025-07-22 10:26:16,820 - INFO -         [诸葛亮]由于[周瑜]【临机制胜】的[临机制胜-制胜]效果,损失了兵力91(4473)
2025-07-22 10:26:16,820 - INFO -         [诸葛亮]发动来自【草船借箭】的[草船借箭]效果, 但因几率未触发
2025-07-22 10:26:16,820 - INFO -         [SP诸葛亮]由于[周瑜]【临机制胜】的[临机制胜-制胜]效果,损失了兵力82(6163)
2025-07-22 10:26:16,821 - INFO -         [周瑜]执行来自【临机制胜】的[临机制胜-恢复]效果
2025-07-22 10:26:16,821 - INFO -         [周瑜]恢复了兵力539(1854)
2025-07-22 10:26:16,821 - INFO -         [颜良]恢复了兵力539(6)
2025-07-22 10:26:16,821 - INFO -         [颜良]由于[SP诸葛亮]的【十二奇策】的伤害,损失了兵力6(0)
2025-07-22 10:26:16,821 - INFO -         [颜良]兵力为0 无法再战
2025-07-22 10:26:16,821 - INFO -         [颜良]执行来自【十二奇策】的[十二奇谋]效果
2025-07-22 10:26:16,821 - INFO -     [SP诸葛亮]对[周瑜]发动普通攻击
2025-07-22 10:26:16,822 - INFO -         [周瑜]损失了兵力248(1606)
2025-07-22 10:26:16,822 - INFO - [周瑜]开始行动
2025-07-22 10:26:16,822 - INFO -     [周瑜]对[诸葛亮]发动普通攻击
2025-07-22 10:26:16,822 - INFO -         [诸葛亮]损失了兵力99(4374)
2025-07-22 10:26:16,822 - INFO -         [诸葛亮]执行来自【草船借箭】的[草船借箭]效果
2025-07-22 10:26:16,823 - INFO -         [周瑜]由于[诸葛亮]【草船借箭】的[草船借箭]效果,损失了兵力294(1312)
2025-07-22 10:26:16,823 - INFO -         [诸葛亮]触发攻心
2025-07-22 10:26:16,823 - INFO -         [诸葛亮]恢复了兵力70(4374)
2025-07-22 10:26:16,823 - INFO - [诸葛亮]开始行动
2025-07-22 10:26:16,823 - INFO -     [诸葛亮]对[周瑜]发动普通攻击
2025-07-22 10:26:16,823 - INFO -         [周瑜]损失了兵力142(1170)
2025-07-22 10:26:16,824 - INFO - 
[第 6 回合]
2025-07-22 10:26:16,824 - INFO - [许褚]开始行动
2025-07-22 10:26:16,824 - INFO -     [许褚]执行来自【星罗棋布】的[星罗棋布-双前排阵型]效果
2025-07-22 10:26:16,824 - INFO -         [周瑜]由于[许褚]【星罗棋布】的[星罗棋布-双前排阵型]效果,损失了兵力392(778)
2025-07-22 10:26:16,824 - INFO -     [许褚]没有可攻击的敌方武将
2025-07-22 10:26:16,824 - INFO -     [许褚]对[周瑜]发动普通攻击
2025-07-22 10:26:16,825 - INFO -         [周瑜]损失了兵力245(533)
2025-07-22 10:26:16,825 - INFO -     [许褚]发动战法【膂力过人】
2025-07-22 10:26:16,825 - INFO -         [周瑜]由于[许褚]的【膂力过人】的伤害,损失了兵力368(165)
2025-07-22 10:26:16,825 - INFO -     [周瑜]执行来自【膂力过人】的[膂力过人]效果
2025-07-22 10:26:16,825 - INFO -         [周瑜]由于[许褚]【膂力过人】的[膂力过人]效果,损失了兵力165(0)
2025-07-22 10:26:16,825 - INFO -         [周瑜]兵力为0 无法再战
2025-07-22 10:26:16,825 - INFO -     [许褚]进行连击
2025-07-22 10:26:16,825 - INFO -     [许褚]没有可攻击对象
2025-07-22 10:26:16,825 - INFO - [夫人队]战斗结束
2025-07-22 10:26:16,826 - INFO - ------------ 当前对 夫人队 的第 1 次对抗测试结束
2025-07-22 10:26:16,826 - INFO - ------------ [诸葛队] 获胜 0 场，[夫人队] 获胜 1 场
