2025-07-22 10:32:34,279 - INFO - ------------ 当前选择的模式是:1_VS_1
2025-07-22 10:32:34,285 - INFO - ------------ 由 [诸葛队] 对战 [夫人队]
2025-07-22 10:32:34,285 - INFO - ------------ 对抗的次数为 1
2025-07-22 10:32:34,285 - INFO - ------------ 当前第 1 次对抗测试
2025-07-22 10:32:34,316 - INFO - 
[第 1 局]
2025-07-22 10:32:34,317 - INFO - [列队布阵阶段]
2025-07-22 10:32:34,317 - INFO -     [诸葛队]当前补给为100,造成伤害降低0%
2025-07-22 10:32:34,317 - INFO -     [夫人队]当前补给为100,造成伤害降低0%
2025-07-22 10:32:34,317 - INFO -     [诸葛队]获得【阵型-萁型阵】强化效果
2025-07-22 10:32:34,317 - INFO -         [诸葛亮]的【受到伤害】降低6.00%(-6.00%)
2025-07-22 10:32:34,317 - INFO -         [颜良]的【造成伤害】提升12.00%(112.00%)
2025-07-22 10:32:34,317 - INFO -         [周瑜]的【造成伤害】提升12.00%(112.00%)
2025-07-22 10:32:34,317 - INFO -     [夫人队]获得【阵型-偃月阵】强化效果
2025-07-22 10:32:34,317 - INFO -         [SP诸葛亮]的【造成伤害】提升14.00%(114.00%)
2025-07-22 10:32:34,317 - INFO -         [诸葛亮]的【造成伤害】提升14.00%(114.00%)
2025-07-22 10:32:34,318 - INFO -         [许褚]的【受到伤害】降低5.00%(-5.00%)
2025-07-22 10:32:34,318 - INFO -     [SP诸葛亮]发动战法【星罗棋布】
2025-07-22 10:32:34,318 - INFO -         [SP诸葛亮]执行来自【星罗棋布】的[星罗棋布-阵型]效果
2025-07-22 10:32:34,318 - INFO -         [SP诸葛亮]的【造成伤害】提升14.54%(128.54%)
2025-07-22 10:32:34,318 - INFO -         [许褚]执行来自【星罗棋布】的[星罗棋布-阵型]效果
2025-07-22 10:32:34,318 - INFO -         [许褚]的【受到伤害】降低5.19%(-10.19%)
2025-07-22 10:32:34,318 - INFO -         [诸葛亮]执行来自【星罗棋布】的[星罗棋布-阵型]效果
2025-07-22 10:32:34,318 - INFO -         [诸葛亮]的【造成伤害】提升14.54%(128.54%)
2025-07-22 10:32:34,318 - INFO -    [夫人队]获得【蜀】强化效果,属性提升 5.0%
2025-07-22 10:32:34,318 - INFO -         [SP诸葛亮]的【武力】提升6.41(134.61)
2025-07-22 10:32:34,318 - INFO -         [SP诸葛亮]的【智力】提升13.00(273.00)
2025-07-22 10:32:34,318 - INFO -         [SP诸葛亮]的【统帅】提升10.24(215.04)
2025-07-22 10:32:34,318 - INFO -         [SP诸葛亮]的【先攻】提升6.90(144.85)
2025-07-22 10:32:34,319 - INFO -         [许褚]的【武力】提升11.89(249.64)
2025-07-22 10:32:34,319 - INFO -         [许褚]的【智力】提升5.72(120.07)
2025-07-22 10:32:34,319 - INFO -         [许褚]的【统帅】提升8.44(177.24)
2025-07-22 10:32:34,319 - INFO -         [许褚]的【先攻】提升9.30(195.30)
2025-07-22 10:32:34,319 - INFO -         [诸葛亮]的【武力】提升3.67(77.07)
2025-07-22 10:32:34,319 - INFO -         [诸葛亮]的【智力】提升15.50(325.50)
2025-07-22 10:32:34,319 - INFO -         [诸葛亮]的【统帅】提升10.73(225.22)
2025-07-22 10:32:34,319 - INFO -         [诸葛亮]的【先攻】提升6.56(137.81)
2025-07-22 10:32:34,319 - INFO -     [诸葛队]获得【兵种-弓】强化效果
2025-07-22 10:32:34,319 - INFO -         [诸葛亮]的【造成伤害】提升3.50%(103.50%)
2025-07-22 10:32:34,319 - INFO -         [颜良]的【造成伤害】提升3.50%(115.50%)
2025-07-22 10:32:34,319 - INFO -         [周瑜]的【造成伤害】提升3.50%(115.50%)
2025-07-22 10:32:34,319 - INFO -     [夫人队]获得【才堪相配】强化效果
2025-07-22 10:32:34,319 - INFO -         [SP诸葛亮]的【受治疗效果】提升8.00%(108.00%)
2025-07-22 10:32:34,319 - INFO -         [诸葛亮]的【受治疗效果】提升8.00%(108.00%)
2025-07-22 10:32:34,319 - INFO -     [许褚]发动战法【裸衣血战】
2025-07-22 10:32:34,320 - INFO -         [许褚]的【先攻】提升20.00(215.30)
2025-07-22 10:32:34,320 - INFO -         [许褚]的【武力】提升20.00(257.75)
2025-07-22 10:32:34,320 - INFO -         [许褚]的【连击几率】提升100.00%(100.00%)
2025-07-22 10:32:34,320 - INFO -         [许褚]的【统帅】降低15.00(162.24)
2025-07-22 10:32:34,320 - INFO -         [许褚]的【造成伤害】降低0.00%(100.00%)
2025-07-22 10:32:34,320 - INFO -     [周瑜]发动战法【临机制胜】
2025-07-22 10:32:34,320 - INFO -     [SP诸葛亮]发动战法【星罗棋布】
2025-07-22 10:32:34,320 - INFO -         [SP诸葛亮]的【受到谋略伤害】降低14.75%(-14.75%)
2025-07-22 10:32:34,320 - INFO -         [许褚]的【受到谋略伤害】降低11.34%(-11.34%)
2025-07-22 10:32:34,320 - INFO -         [诸葛亮]的【受到谋略伤害】降低11.34%(-11.34%)
2025-07-22 10:32:34,320 - INFO -         [SP诸葛亮]执行来自【星罗棋布】的[星罗棋布-额外效果]效果
2025-07-22 10:32:34,320 - INFO -         [SP诸葛亮]执行来自【星罗棋布】的[星罗棋布-双前排阵型]效果
2025-07-22 10:32:34,320 - INFO -         [许褚]的【对前排造成伤害】提升20.00%(120.00%)
2025-07-22 10:32:34,321 - INFO -         [许褚]的[星罗棋布-双前排阵型]效果已施加
2025-07-22 10:32:34,321 - INFO -     [SP诸葛亮]发动战法【临机制胜】
2025-07-22 10:32:34,321 - INFO -     [诸葛亮]发动战法【草船借箭】
2025-07-22 10:32:34,321 - INFO -         [诸葛亮]的【攻心】提升24.00%(24.00%)
2025-07-22 10:32:34,321 - INFO -     [诸葛亮]发动战法【临机制胜】
2025-07-22 10:32:34,321 - INFO -     [诸葛亮]发动战法【草船借箭】
2025-07-22 10:32:34,321 - INFO -         [诸葛亮]的【攻心】提升24.00%(24.00%)
2025-07-22 10:32:34,321 - INFO - 
[第 1 回合]
2025-07-22 10:32:34,321 - INFO - [许褚]开始行动
2025-07-22 10:32:34,321 - INFO -     [许褚]执行来自【星罗棋布】的[星罗棋布-双前排阵型]效果
2025-07-22 10:32:34,321 - INFO -         [诸葛亮]由于[许褚]【星罗棋布】的[星罗棋布-双前排阵型]效果,损失了兵力461(9539)
2025-07-22 10:32:34,322 - INFO -         [诸葛亮]执行来自【草船借箭】的[草船借箭]效果
2025-07-22 10:32:34,322 - INFO -         [SP诸葛亮]由于[诸葛亮]【草船借箭】的[草船借箭]效果,损失了兵力177(9823)
2025-07-22 10:32:34,322 - INFO -         [诸葛亮]触发攻心
2025-07-22 10:32:34,322 - INFO -         [诸葛亮]恢复了兵力42(9539)
2025-07-22 10:32:34,322 - INFO -         [周瑜]由于[许褚]【星罗棋布】的[星罗棋布-双前排阵型]效果,损失了兵力438(9562)
2025-07-22 10:32:34,322 - INFO -     [许褚]对[诸葛亮]发动普通攻击
2025-07-22 10:32:34,323 - INFO -         [诸葛亮]损失了兵力288(9251)
2025-07-22 10:32:34,323 - INFO -         [诸葛亮]发动来自【草船借箭】的[草船借箭]效果, 但因几率未触发
2025-07-22 10:32:34,323 - INFO -     [许褚]发动战法【膂力过人】
2025-07-22 10:32:34,323 - INFO -         [诸葛亮]由于[许褚]的【膂力过人】的伤害,损失了兵力432(8819)
2025-07-22 10:32:34,323 - INFO -         [诸葛亮]发动来自【草船借箭】的[草船借箭]效果, 但因几率未触发
2025-07-22 10:32:34,323 - INFO -     [诸葛亮]执行来自【膂力过人】的[膂力过人]效果
2025-07-22 10:32:34,323 - INFO -         [诸葛亮]由于[许褚]【膂力过人】的[膂力过人]效果,损失了兵力201(8618)
2025-07-22 10:32:34,323 - INFO -         [诸葛亮]发动来自【草船借箭】的[草船借箭]效果, 但因几率未触发
2025-07-22 10:32:34,323 - INFO -     [许褚]进行连击
2025-07-22 10:32:34,323 - INFO -     [许褚]对[周瑜]发动普通攻击
2025-07-22 10:32:34,324 - INFO -         [周瑜]损失了兵力273(9289)
2025-07-22 10:32:34,324 - INFO -     [许褚]发动战法【膂力过人】
2025-07-22 10:32:34,324 - INFO -         [周瑜]由于[许褚]的【膂力过人】的伤害,损失了兵力410(8879)
2025-07-22 10:32:34,324 - INFO -     [周瑜]执行来自【膂力过人】的[膂力过人]效果
2025-07-22 10:32:34,324 - INFO -         [周瑜]由于[许褚]【膂力过人】的[膂力过人]效果,损失了兵力191(8688)
2025-07-22 10:32:34,324 - INFO - [颜良]开始行动
2025-07-22 10:32:34,325 - INFO -     [颜良]对[许褚]发动普通攻击
2025-07-22 10:32:34,325 - INFO -         [许褚]损失了兵力344(9656)
2025-07-22 10:32:34,325 - INFO -     [颜良]发动战法【膂力过人】
2025-07-22 10:32:34,325 - INFO -         [许褚]由于[颜良]的【膂力过人】的伤害,损失了兵力516(9140)
2025-07-22 10:32:34,325 - INFO - [SP诸葛亮]开始行动
2025-07-22 10:32:34,325 - INFO -         [SP诸葛亮]发动战法【十二奇策】
2025-07-22 10:32:34,325 - INFO -         [周瑜]由于[SP诸葛亮]的【十二奇策】的伤害,损失了兵力988(7700)
2025-07-22 10:32:34,326 - INFO -         [周瑜]执行来自【十二奇策】的[十二奇谋]效果
2025-07-22 10:32:34,327 - INFO -         [周瑜]的【统帅】降低20.00(174.45)
2025-07-22 10:32:34,327 - INFO -         [周瑜]的【洪水】效果已施加
2025-07-22 10:32:34,327 - INFO -         [周瑜]发动来自【临机制胜】的[临机制胜-制胜]效果, 但因几率未触发
2025-07-22 10:32:34,327 - INFO -         [周瑜]发动来自【临机制胜】的[临机制胜-制胜]效果, 但因几率未触发
2025-07-22 10:32:34,327 - INFO -         [周瑜]执行来自【临机制胜】的[临机制胜-制胜]效果
2025-07-22 10:32:34,327 - INFO -         [SP诸葛亮]由于[诸葛亮]【临机制胜】的[临机制胜-制胜]效果,损失了兵力130(9693)
2025-07-22 10:32:34,327 - INFO -         [诸葛亮]触发攻心
2025-07-22 10:32:34,328 - INFO -         [诸葛亮]恢复了兵力31(8618)
2025-07-22 10:32:34,328 - INFO -         [诸葛亮]由于[诸葛亮]【临机制胜】的[临机制胜-制胜]效果,损失了兵力145(9855)
2025-07-22 10:32:34,328 - INFO -         [诸葛亮]触发攻心
2025-07-22 10:32:34,328 - INFO -         [诸葛亮]恢复了兵力34(8618)
2025-07-22 10:32:34,328 - INFO -         [诸葛亮]发动来自【草船借箭】的[草船借箭]效果, 但因几率未触发
2025-07-22 10:32:34,328 - INFO -         [颜良]由于[SP诸葛亮]的【十二奇策】的伤害,损失了兵力1192(8808)
2025-07-22 10:32:34,328 - INFO -         [颜良]执行来自【十二奇策】的[十二奇谋]效果
2025-07-22 10:32:34,328 - INFO -         [颜良]的【统帅】降低20.00(148.05)
2025-07-22 10:32:34,328 - INFO -         [颜良]的【洪水】效果已施加
2025-07-22 10:32:34,329 - INFO -         [颜良]发动来自【临机制胜】的[临机制胜-制胜]效果, 但因几率未触发
2025-07-22 10:32:34,329 - INFO -         [颜良]发动来自【临机制胜】的[临机制胜-制胜]效果, 但因几率未触发
2025-07-22 10:32:34,329 - INFO -         [颜良]执行来自【临机制胜】的[临机制胜-制胜]效果
2025-07-22 10:32:34,329 - INFO -         [SP诸葛亮]由于[诸葛亮]【临机制胜】的[临机制胜-制胜]效果,损失了兵力130(9563)
2025-07-22 10:32:34,329 - INFO -         [诸葛亮]触发攻心
2025-07-22 10:32:34,329 - INFO -         [诸葛亮]恢复了兵力31(8618)
2025-07-22 10:32:34,329 - INFO -         [许褚]由于[诸葛亮]【临机制胜】的[临机制胜-制胜]效果,损失了兵力232(8908)
2025-07-22 10:32:34,329 - INFO -         [诸葛亮]触发攻心
2025-07-22 10:32:34,329 - INFO -         [诸葛亮]恢复了兵力55(8618)
2025-07-22 10:32:34,329 - INFO -     [SP诸葛亮]对[周瑜]发动普通攻击
2025-07-22 10:32:34,330 - INFO -         [周瑜]损失了兵力313(7387)
2025-07-22 10:32:34,330 - INFO - [周瑜]开始行动
2025-07-22 10:32:34,330 - INFO -     [周瑜]对[许褚]发动普通攻击
2025-07-22 10:32:34,330 - INFO -         [许褚]损失了兵力237(8671)
2025-07-22 10:32:34,330 - INFO - [诸葛亮]开始行动
2025-07-22 10:32:34,331 - INFO -     [诸葛亮]对[诸葛亮]发动普通攻击
2025-07-22 10:32:34,331 - INFO -         [诸葛亮]损失了兵力164(8454)
2025-07-22 10:32:34,331 - INFO -         [诸葛亮]发动来自【草船借箭】的[草船借箭]效果, 但因几率未触发
2025-07-22 10:32:34,331 - INFO - [诸葛亮]开始行动
2025-07-22 10:32:34,331 - INFO -         [诸葛亮]发动战法【十二奇策】
2025-07-22 10:32:34,331 - INFO -         [SP诸葛亮]由于[诸葛亮]的【十二奇策】的伤害,损失了兵力475(9088)
2025-07-22 10:32:34,332 - INFO -         [诸葛亮]触发攻心
2025-07-22 10:32:34,332 - INFO -         [诸葛亮]恢复了兵力114(8454)
2025-07-22 10:32:34,332 - INFO -         [SP诸葛亮]执行来自【十二奇策】的[十二奇谋]效果
2025-07-22 10:32:34,333 - INFO -         [SP诸葛亮]的【断粮】效果已施加
2025-07-22 10:32:34,333 - INFO -         [SP诸葛亮]执行来自【临机制胜】的[临机制胜-制胜]效果
2025-07-22 10:32:34,333 - INFO -         [诸葛亮]由于[SP诸葛亮]【临机制胜】的[临机制胜-制胜]效果,损失了兵力256(8198)
2025-07-22 10:32:34,333 - INFO -         [诸葛亮]执行来自【草船借箭】的[草船借箭]效果
2025-07-22 10:32:34,333 - INFO -         [SP诸葛亮]由于[诸葛亮]【草船借箭】的[草船借箭]效果,损失了兵力170(8918)
2025-07-22 10:32:34,333 - INFO -         [诸葛亮]触发攻心
2025-07-22 10:32:34,333 - INFO -         [诸葛亮]恢复了兵力40(8198)
2025-07-22 10:32:34,334 - INFO -         [周瑜]由于[SP诸葛亮]【临机制胜】的[临机制胜-制胜]效果,损失了兵力277(7110)
2025-07-22 10:32:34,334 - INFO -         [SP诸葛亮]执行来自【临机制胜】的[临机制胜-制胜]效果
2025-07-22 10:32:34,334 - INFO -         [SP诸葛亮]由于[周瑜]【临机制胜】的[临机制胜-制胜]效果,损失了兵力148(8770)
2025-07-22 10:32:34,334 - INFO -         [诸葛亮]由于[周瑜]【临机制胜】的[临机制胜-制胜]效果,损失了兵力165(9690)
2025-07-22 10:32:34,334 - INFO -         [诸葛亮]发动来自【草船借箭】的[草船借箭]效果, 但因几率未触发
2025-07-22 10:32:34,334 - INFO -         [SP诸葛亮]执行来自【临机制胜】的[临机制胜-制胜]效果
2025-07-22 10:32:34,335 - INFO -         [诸葛亮]由于[诸葛亮]【临机制胜】的[临机制胜-制胜]效果,损失了兵力142(9548)
2025-07-22 10:32:34,335 - INFO -         [诸葛亮]触发攻心
2025-07-22 10:32:34,335 - INFO -         [诸葛亮]恢复了兵力34(8198)
2025-07-22 10:32:34,335 - INFO -         [诸葛亮]发动来自【草船借箭】的[草船借箭]效果, 但因几率未触发
2025-07-22 10:32:34,335 - INFO -         [SP诸葛亮]由于[诸葛亮]【临机制胜】的[临机制胜-制胜]效果,损失了兵力127(8643)
2025-07-22 10:32:34,335 - INFO -         [诸葛亮]触发攻心
2025-07-22 10:32:34,335 - INFO -         [诸葛亮]恢复了兵力30(8198)
2025-07-22 10:32:34,335 - INFO -         [诸葛亮]由于[诸葛亮]的【十二奇策】的伤害,损失了兵力521(9027)
2025-07-22 10:32:34,335 - INFO -         [诸葛亮]触发攻心
2025-07-22 10:32:34,336 - INFO -         [诸葛亮]恢复了兵力125(8198)
2025-07-22 10:32:34,336 - INFO -         [诸葛亮]执行来自【草船借箭】的[草船借箭]效果
2025-07-22 10:32:34,336 - INFO -         [诸葛亮]由于[诸葛亮]【草船借箭】的[草船借箭]效果,损失了兵力364(7834)
2025-07-22 10:32:34,336 - INFO -         [诸葛亮]触发攻心
2025-07-22 10:32:34,336 - INFO -         [诸葛亮]恢复了兵力87(9027)
2025-07-22 10:32:34,336 - INFO -         [诸葛亮]执行来自【草船借箭】的[草船借箭]效果
2025-07-22 10:32:34,336 - INFO -         [SP诸葛亮]由于[诸葛亮]【草船借箭】的[草船借箭]效果,损失了兵力167(8476)
2025-07-22 10:32:34,336 - INFO -         [诸葛亮]触发攻心
2025-07-22 10:32:34,336 - INFO -         [诸葛亮]恢复了兵力40(7834)
2025-07-22 10:32:34,336 - INFO -         [诸葛亮]执行来自【十二奇策】的[十二奇谋]效果
2025-07-22 10:32:34,337 - INFO -         [诸葛亮]的【会心伤害】降低15.00%(135.00%)
2025-07-22 10:32:34,337 - INFO -         [诸葛亮]的【奇谋伤害】降低15.00%(135.00%)
2025-07-22 10:32:34,337 - INFO -         [诸葛亮]的【妖术】效果已施加
2025-07-22 10:32:34,337 - INFO -         [诸葛亮]执行来自【临机制胜】的[临机制胜-制胜]效果
2025-07-22 10:32:34,338 - INFO -         [周瑜]由于[SP诸葛亮]【临机制胜】的[临机制胜-制胜]效果,损失了兵力271(6839)
2025-07-22 10:32:34,338 - INFO -         [颜良]由于[SP诸葛亮]【临机制胜】的[临机制胜-制胜]效果,损失了兵力327(8481)
2025-07-22 10:32:34,338 - INFO -         [诸葛亮]执行来自【临机制胜】的[临机制胜-制胜]效果
2025-07-22 10:32:34,338 - INFO -         [诸葛亮]由于[周瑜]【临机制胜】的[临机制胜-制胜]效果,损失了兵力162(8865)
2025-07-22 10:32:34,338 - INFO -         [诸葛亮]执行来自【草船借箭】的[草船借箭]效果
2025-07-22 10:32:34,338 - INFO -         [诸葛亮]由于[诸葛亮]【草船借箭】的[草船借箭]效果,损失了兵力362(7472)
2025-07-22 10:32:34,339 - INFO -         [诸葛亮]触发攻心
2025-07-22 10:32:34,339 - INFO -         [诸葛亮]恢复了兵力86(8865)
2025-07-22 10:32:34,339 - INFO -         [诸葛亮]发动来自【草船借箭】的[草船借箭]效果, 但因几率未触发
2025-07-22 10:32:34,339 - INFO -         [许褚]由于[周瑜]【临机制胜】的[临机制胜-制胜]效果,损失了兵力254(8417)
2025-07-22 10:32:34,339 - INFO -         [诸葛亮]发动来自【临机制胜】的[临机制胜-制胜]效果, 但因几率未触发
2025-07-22 10:32:34,340 - INFO -     [诸葛亮]对[许褚]发动普通攻击
2025-07-22 10:32:34,340 - INFO -         [许褚]损失了兵力220(8197)
2025-07-22 10:32:34,340 - INFO - 
[第 2 回合]
2025-07-22 10:32:34,340 - INFO - [许褚]开始行动
2025-07-22 10:32:34,340 - INFO -     [许褚]执行来自【星罗棋布】的[星罗棋布-双前排阵型]效果
2025-07-22 10:32:34,341 - INFO -         [周瑜]由于[许褚]【星罗棋布】的[星罗棋布-双前排阵型]效果,损失了兵力450(6389)
2025-07-22 10:32:34,341 - INFO -         [颜良]由于[许褚]【星罗棋布】的[星罗棋布-双前排阵型]效果,损失了兵力581(7900)
2025-07-22 10:32:34,341 - INFO -     [许褚]对[颜良]发动普通攻击
2025-07-22 10:32:34,341 - INFO -         [颜良]损失了兵力363(7537)
2025-07-22 10:32:34,341 - INFO -     [许褚]发动战法【膂力过人】
2025-07-22 10:32:34,341 - INFO -         [颜良]由于[许褚]的【膂力过人】的伤害,损失了兵力545(6992)
2025-07-22 10:32:34,342 - INFO -     [颜良]执行来自【膂力过人】的[膂力过人]效果
2025-07-22 10:32:34,342 - INFO -         [颜良]由于[许褚]【膂力过人】的[膂力过人]效果,损失了兵力254(6738)
2025-07-22 10:32:34,342 - INFO -     [许褚]进行连击
2025-07-22 10:32:34,342 - INFO -     [许褚]对[周瑜]发动普通攻击
2025-07-22 10:32:34,342 - INFO -         [周瑜]损失了兵力281(6108)
2025-07-22 10:32:34,342 - INFO -     [许褚]发动战法【膂力过人】
2025-07-22 10:32:34,342 - INFO -         [周瑜]由于[许褚]的【膂力过人】的伤害,损失了兵力422(5686)
2025-07-22 10:32:34,342 - INFO -     [周瑜]执行来自【膂力过人】的[膂力过人]效果
2025-07-22 10:32:34,343 - INFO -         [周瑜]由于[许褚]【膂力过人】的[膂力过人]效果,损失了兵力197(5489)
2025-07-22 10:32:34,343 - INFO - [颜良]开始行动
2025-07-22 10:32:34,343 - INFO -     [颜良]对[许褚]发动普通攻击
2025-07-22 10:32:34,343 - INFO -         [许褚]损失了兵力305(7892)
2025-07-22 10:32:34,343 - INFO -     [颜良]发动战法【膂力过人】
2025-07-22 10:32:34,343 - INFO -         [许褚]由于[颜良]的【膂力过人】的伤害,损失了兵力457(7435)
2025-07-22 10:32:34,344 - INFO - [SP诸葛亮]开始行动
2025-07-22 10:32:34,344 - INFO -         [SP诸葛亮]发动战法【十二奇策】
2025-07-22 10:32:34,344 - INFO -         [诸葛亮]由于[SP诸葛亮]的【十二奇策】的伤害,损失了兵力916(6556)
2025-07-22 10:32:34,344 - INFO -         [诸葛亮]发动来自【草船借箭】的[草船借箭]效果, 但因几率未触发
2025-07-22 10:32:34,344 - INFO -         [诸葛亮]执行来自【十二奇策】的[十二奇谋]效果
2025-07-22 10:32:34,345 - INFO -         [诸葛亮]的【虚弱】效果已施加
2025-07-22 10:32:34,345 - INFO -         [诸葛亮]执行来自【临机制胜】的[临机制胜-制胜]效果
2025-07-22 10:32:34,345 - INFO -         [诸葛亮]由于[SP诸葛亮]【临机制胜】的[临机制胜-制胜]效果,损失了兵力249(6307)
2025-07-22 10:32:34,345 - INFO -         [诸葛亮]发动来自【草船借箭】的[草船借箭]效果, 但因几率未触发
2025-07-22 10:32:34,346 - INFO -         [周瑜]由于[SP诸葛亮]【临机制胜】的[临机制胜-制胜]效果,损失了兵力271(5218)
2025-07-22 10:32:34,346 - INFO -         [诸葛亮]执行来自【临机制胜】的[临机制胜-制胜]效果
2025-07-22 10:32:34,346 - INFO -         [诸葛亮]由于[周瑜]【临机制胜】的[临机制胜-制胜]效果,损失了兵力147(8718)
2025-07-22 10:32:34,346 - INFO -         [诸葛亮]发动来自【草船借箭】的[草船借箭]效果, 但因几率未触发
2025-07-22 10:32:34,346 - INFO -         [SP诸葛亮]由于[周瑜]【临机制胜】的[临机制胜-制胜]效果,损失了兵力132(8344)
2025-07-22 10:32:34,346 - INFO -         [诸葛亮]发动来自【临机制胜】的[临机制胜-制胜]效果, 但因几率未触发
2025-07-22 10:32:34,346 - INFO -         [颜良]由于[SP诸葛亮]的【十二奇策】的伤害,损失了兵力1193(5545)
2025-07-22 10:32:34,347 - INFO -         [颜良]执行来自【十二奇策】的[十二奇谋]效果
2025-07-22 10:32:34,347 - INFO -         [颜良]的【会心伤害】降低15.00%(135.00%)
2025-07-22 10:32:34,347 - INFO -         [颜良]的【奇谋伤害】降低15.00%(135.00%)
2025-07-22 10:32:34,347 - INFO -         [颜良]的【妖术】效果已施加
2025-07-22 10:32:34,347 - INFO -         [颜良]发动来自【临机制胜】的[临机制胜-制胜]效果, 但因几率未触发
2025-07-22 10:32:34,347 - INFO -         [颜良]发动来自【临机制胜】的[临机制胜-制胜]效果, 但因几率未触发
2025-07-22 10:32:34,347 - INFO -         [颜良]执行来自【临机制胜】的[临机制胜-制胜]效果
2025-07-22 10:32:34,347 - INFO -         [诸葛亮]由于[SP诸葛亮]【十二奇策】的[虚弱]效果造成伤害减少70%
2025-07-22 10:32:34,347 - INFO -         [诸葛亮]由于[诸葛亮]【临机制胜】的[临机制胜-制胜]效果,损失了兵力89(8629)
2025-07-22 10:32:34,347 - INFO -         [诸葛亮]触发攻心
2025-07-22 10:32:34,347 - INFO -         [诸葛亮]恢复了兵力21(6307)
2025-07-22 10:32:34,347 - INFO -         [诸葛亮]执行来自【草船借箭】的[草船借箭]效果
2025-07-22 10:32:34,348 - INFO -         [颜良]由于[诸葛亮]【草船借箭】的[草船借箭]效果,损失了兵力576(4969)
2025-07-22 10:32:34,348 - INFO -         [诸葛亮]触发攻心
2025-07-22 10:32:34,348 - INFO -         [诸葛亮]恢复了兵力138(8629)
2025-07-22 10:32:34,348 - INFO -         [诸葛亮]由于[SP诸葛亮]【十二奇策】的[虚弱]效果造成伤害减少70%
2025-07-22 10:32:34,348 - INFO -         [SP诸葛亮]由于[诸葛亮]【临机制胜】的[临机制胜-制胜]效果,损失了兵力80(8264)
2025-07-22 10:32:34,348 - INFO -         [诸葛亮]触发攻心
2025-07-22 10:32:34,348 - INFO -         [诸葛亮]恢复了兵力19(6307)
2025-07-22 10:32:34,348 - INFO -         [诸葛亮]执行来自【临机制胜】的[临机制胜-恢复]效果
2025-07-22 10:32:34,348 - INFO -         [颜良]恢复了兵力541(4969)
2025-07-22 10:32:34,348 - INFO -         [诸葛亮]恢复了兵力541(6307)
2025-07-22 10:32:34,349 - INFO -         [周瑜]恢复了兵力541(5218)
2025-07-22 10:32:34,349 - INFO -     [SP诸葛亮]对[诸葛亮]发动普通攻击
2025-07-22 10:32:34,349 - INFO -         [诸葛亮]损失了兵力242(6065)
2025-07-22 10:32:34,349 - INFO -         [诸葛亮]执行来自【草船借箭】的[草船借箭]效果
2025-07-22 10:32:34,349 - INFO -         [诸葛亮]由于[SP诸葛亮]【十二奇策】的[虚弱]效果造成伤害减少70%
2025-07-22 10:32:34,349 - INFO -         [SP诸葛亮]由于[诸葛亮]【草船借箭】的[草船借箭]效果,损失了兵力106(8158)
2025-07-22 10:32:34,349 - INFO -         [诸葛亮]触发攻心
2025-07-22 10:32:34,349 - INFO -         [诸葛亮]恢复了兵力25(6065)
2025-07-22 10:32:34,350 - INFO - [周瑜]开始行动
2025-07-22 10:32:34,350 - INFO -     [周瑜]对[诸葛亮]发动普通攻击
2025-07-22 10:32:34,350 - INFO -         [诸葛亮]损失了兵力160(8469)
2025-07-22 10:32:34,350 - INFO -         [诸葛亮]执行来自【草船借箭】的[草船借箭]效果
2025-07-22 10:32:34,350 - INFO -         [周瑜]由于[诸葛亮]【草船借箭】的[草船借箭]效果,损失了兵力384(4834)
2025-07-22 10:32:34,350 - INFO -         [诸葛亮]触发攻心
2025-07-22 10:32:34,350 - INFO -         [诸葛亮]恢复了兵力92(8469)
2025-07-22 10:32:34,351 - INFO - [诸葛亮]开始行动
2025-07-22 10:32:34,351 - INFO -     [诸葛亮]对[颜良]发动普通攻击
2025-07-22 10:32:34,351 - INFO -         [颜良]损失了兵力254(4715)
2025-07-22 10:32:34,351 - INFO - [诸葛亮]开始行动
2025-07-22 10:32:34,352 - INFO -         [诸葛亮]发动战法【十二奇策】
2025-07-22 10:32:34,352 - INFO -         [诸葛亮]由于[SP诸葛亮]【十二奇策】的[虚弱]效果造成伤害减少70%
2025-07-22 10:32:34,352 - INFO -         [SP诸葛亮]由于[诸葛亮]的【十二奇策】的伤害,损失了兵力291(7867)
2025-07-22 10:32:34,352 - INFO -         [诸葛亮]触发攻心
2025-07-22 10:32:34,352 - INFO -         [诸葛亮]恢复了兵力70(6065)
2025-07-22 10:32:34,352 - INFO -         [SP诸葛亮]执行来自【十二奇策】的[十二奇谋]效果
2025-07-22 10:32:34,353 - INFO -         [SP诸葛亮]的【先攻】降低30.00(114.85)
2025-07-22 10:32:34,353 - INFO -         [SP诸葛亮]的【风暴】效果已施加
2025-07-22 10:32:34,353 - INFO -         [SP诸葛亮]发动来自【临机制胜】的[临机制胜-制胜]效果, 但因几率未触发
2025-07-22 10:32:34,353 - INFO -         [SP诸葛亮]执行来自【临机制胜】的[临机制胜-制胜]效果
2025-07-22 10:32:34,354 - INFO -         [SP诸葛亮]由于[周瑜]【临机制胜】的[临机制胜-制胜]效果,损失了兵力129(7738)
2025-07-22 10:32:34,354 - INFO -         [许褚]由于[周瑜]【临机制胜】的[临机制胜-制胜]效果,损失了兵力224(7211)
2025-07-22 10:32:34,354 - INFO -         [周瑜]执行来自【临机制胜】的[临机制胜-恢复]效果
2025-07-22 10:32:34,354 - INFO -         [周瑜]恢复了兵力555(4834)
2025-07-22 10:32:34,354 - INFO -         [诸葛亮]恢复了兵力555(6065)
2025-07-22 10:32:34,354 - INFO -         [颜良]恢复了兵力555(4715)
2025-07-22 10:32:34,355 - INFO -         [SP诸葛亮]执行来自【临机制胜】的[临机制胜-制胜]效果
2025-07-22 10:32:34,355 - INFO -         [诸葛亮]由于[SP诸葛亮]【十二奇策】的[虚弱]效果造成伤害减少70%
2025-07-22 10:32:34,355 - INFO -         [诸葛亮]由于[诸葛亮]【临机制胜】的[临机制胜-制胜]效果,损失了兵力88(8381)
2025-07-22 10:32:34,355 - INFO -         [诸葛亮]触发攻心
2025-07-22 10:32:34,355 - INFO -         [诸葛亮]恢复了兵力21(6065)
2025-07-22 10:32:34,355 - INFO -         [诸葛亮]发动来自【草船借箭】的[草船借箭]效果, 但因几率未触发
2025-07-22 10:32:34,355 - INFO -         [诸葛亮]由于[SP诸葛亮]【十二奇策】的[虚弱]效果造成伤害减少70%
2025-07-22 10:32:34,355 - INFO -         [SP诸葛亮]由于[诸葛亮]【临机制胜】的[临机制胜-制胜]效果,损失了兵力79(7659)
2025-07-22 10:32:34,355 - INFO -         [诸葛亮]触发攻心
2025-07-22 10:32:34,355 - INFO -         [诸葛亮]恢复了兵力19(6065)
2025-07-22 10:32:34,355 - INFO -         [诸葛亮]由于[SP诸葛亮]【十二奇策】的[虚弱]效果造成伤害减少70%
2025-07-22 10:32:34,356 - INFO -         [许褚]由于[诸葛亮]的【十二奇策】的伤害,损失了兵力518(6693)
2025-07-22 10:32:34,356 - INFO -         [诸葛亮]触发攻心
2025-07-22 10:32:34,356 - INFO -         [诸葛亮]恢复了兵力124(6065)
2025-07-22 10:32:34,356 - INFO -         [许褚]执行来自【十二奇策】的[十二奇谋]效果
2025-07-22 10:32:34,356 - INFO -         [许褚]的【先攻】降低30.00(185.30)
2025-07-22 10:32:34,356 - INFO -         [许褚]的【风暴】效果已施加
2025-07-22 10:32:34,356 - INFO -         [许褚]执行来自【临机制胜】的[临机制胜-制胜]效果
2025-07-22 10:32:34,356 - INFO -         [颜良]由于[SP诸葛亮]【临机制胜】的[临机制胜-制胜]效果,损失了兵力313(4402)
2025-07-22 10:32:34,356 - INFO -         [诸葛亮]由于[SP诸葛亮]【临机制胜】的[临机制胜-制胜]效果,损失了兵力239(5826)
2025-07-22 10:32:34,357 - INFO -         [诸葛亮]执行来自【草船借箭】的[草船借箭]效果
2025-07-22 10:32:34,357 - INFO -         [诸葛亮]由于[SP诸葛亮]【十二奇策】的[虚弱]效果造成伤害减少70%
2025-07-22 10:32:34,357 - INFO -         [诸葛亮]由于[诸葛亮]【草船借箭】的[草船借箭]效果,损失了兵力116(8265)
2025-07-22 10:32:34,357 - INFO -         [诸葛亮]触发攻心
2025-07-22 10:32:34,357 - INFO -         [诸葛亮]恢复了兵力27(5826)
2025-07-22 10:32:34,357 - INFO -         [诸葛亮]发动来自【草船借箭】的[草船借箭]效果, 但因几率未触发
2025-07-22 10:32:34,357 - INFO -         [SP诸葛亮]执行来自【临机制胜】的[临机制胜-恢复]效果
2025-07-22 10:32:34,357 - INFO -         [SP诸葛亮]由于[诸葛亮]【十二奇策】的[断粮]效果治疗效率降为30%
2025-07-22 10:32:34,357 - INFO -         [SP诸葛亮]恢复了兵力385(7659)
2025-07-22 10:32:34,357 - INFO -         [诸葛亮]恢复了兵力550(8265)
2025-07-22 10:32:34,357 - INFO -         [许褚]恢复了兵力550(6693)
2025-07-22 10:32:34,357 - INFO -         [许褚]执行来自【临机制胜】的[临机制胜-制胜]效果
2025-07-22 10:32:34,358 - INFO -         [许褚]由于[周瑜]【临机制胜】的[临机制胜-制胜]效果,损失了兵力224(6469)
2025-07-22 10:32:34,358 - INFO -         [SP诸葛亮]由于[周瑜]【临机制胜】的[临机制胜-制胜]效果,损失了兵力129(7530)
2025-07-22 10:32:34,358 - INFO -         [许褚]执行来自【临机制胜】的[临机制胜-制胜]效果
2025-07-22 10:32:34,358 - INFO -         [诸葛亮]由于[SP诸葛亮]【十二奇策】的[虚弱]效果造成伤害减少70%
2025-07-22 10:32:34,358 - INFO -         [许褚]由于[诸葛亮]【临机制胜】的[临机制胜-制胜]效果,损失了兵力139(6330)
2025-07-22 10:32:34,358 - INFO -         [诸葛亮]触发攻心
2025-07-22 10:32:34,358 - INFO -         [诸葛亮]恢复了兵力33(5826)
2025-07-22 10:32:34,358 - INFO -         [诸葛亮]由于[SP诸葛亮]【十二奇策】的[虚弱]效果造成伤害减少70%
2025-07-22 10:32:34,359 - INFO -         [诸葛亮]由于[诸葛亮]【临机制胜】的[临机制胜-制胜]效果,损失了兵力87(8178)
2025-07-22 10:32:34,359 - INFO -         [诸葛亮]触发攻心
2025-07-22 10:32:34,359 - INFO -         [诸葛亮]恢复了兵力20(5826)
2025-07-22 10:32:34,359 - INFO -         [诸葛亮]发动来自【草船借箭】的[草船借箭]效果, 但因几率未触发
2025-07-22 10:32:34,359 - INFO -     [诸葛亮]对[SP诸葛亮]发动普通攻击
2025-07-22 10:32:34,359 - INFO -         [诸葛亮]由于[SP诸葛亮]【十二奇策】的[虚弱]效果造成伤害减少70%
2025-07-22 10:32:34,359 - INFO -         [SP诸葛亮]损失了兵力94(7436)
2025-07-22 10:32:34,359 - INFO - 
[第 3 回合]
2025-07-22 10:32:34,360 - INFO - [颜良]开始行动
2025-07-22 10:32:34,360 - INFO -     [颜良]对[诸葛亮]发动普通攻击
2025-07-22 10:32:34,360 - INFO -         [诸葛亮]损失了兵力196(7982)
2025-07-22 10:32:34,360 - INFO -         [诸葛亮]发动来自【草船借箭】的[草船借箭]效果, 但因几率未触发
2025-07-22 10:32:34,360 - INFO -     [颜良]发动战法【膂力过人】
2025-07-22 10:32:34,360 - INFO -         [诸葛亮]由于[颜良]的【膂力过人】的伤害,损失了兵力294(7688)
2025-07-22 10:32:34,360 - INFO -         [诸葛亮]执行来自【草船借箭】的[草船借箭]效果
2025-07-22 10:32:34,361 - INFO -         [诸葛亮]由于[诸葛亮]【草船借箭】的[草船借箭]效果,损失了兵力340(5486)
2025-07-22 10:32:34,361 - INFO -         [诸葛亮]触发攻心
2025-07-22 10:32:34,361 - INFO -         [诸葛亮]恢复了兵力81(7688)
2025-07-22 10:32:34,361 - INFO -         [诸葛亮]执行来自【草船借箭】的[草船借箭]效果
2025-07-22 10:32:34,361 - INFO -         [诸葛亮]由于[SP诸葛亮]【十二奇策】的[虚弱]效果造成伤害减少70%
2025-07-22 10:32:34,361 - INFO -         [SP诸葛亮]由于[诸葛亮]【草船借箭】的[草船借箭]效果,损失了兵力102(7334)
2025-07-22 10:32:34,361 - INFO -         [诸葛亮]触发攻心
2025-07-22 10:32:34,361 - INFO -         [诸葛亮]恢复了兵力24(5486)
2025-07-22 10:32:34,361 - INFO -     [诸葛亮]执行来自【膂力过人】的[膂力过人]效果
2025-07-22 10:32:34,361 - INFO -         [诸葛亮]由于[颜良]【膂力过人】的[膂力过人]效果,损失了兵力137(7551)
2025-07-22 10:32:34,362 - INFO -         [诸葛亮]发动来自【草船借箭】的[草船借箭]效果, 但因几率未触发
2025-07-22 10:32:34,362 - INFO - [许褚]开始行动
2025-07-22 10:32:34,362 - INFO -     [许褚]执行来自【星罗棋布】的[星罗棋布-双前排阵型]效果
2025-07-22 10:32:34,362 - INFO -         [诸葛亮]由于[许褚]【星罗棋布】的[星罗棋布-双前排阵型]效果,损失了兵力399(5087)
2025-07-22 10:32:34,362 - INFO -         [诸葛亮]发动来自【草船借箭】的[草船借箭]效果, 但因几率未触发
2025-07-22 10:32:34,362 - INFO -         [周瑜]由于[许褚]【星罗棋布】的[星罗棋布-双前排阵型]效果,损失了兵力406(4428)
2025-07-22 10:32:34,363 - INFO -     [许褚]对[诸葛亮]发动普通攻击
2025-07-22 10:32:34,363 - INFO -         [诸葛亮]损失了兵力249(4838)
2025-07-22 10:32:34,363 - INFO -         [诸葛亮]发动来自【草船借箭】的[草船借箭]效果, 但因几率未触发
2025-07-22 10:32:34,363 - INFO -     [许褚]发动战法【膂力过人】
2025-07-22 10:32:34,363 - INFO -         [诸葛亮]由于[许褚]的【膂力过人】的伤害,损失了兵力374(4464)
2025-07-22 10:32:34,363 - INFO -         [诸葛亮]发动来自【草船借箭】的[草船借箭]效果, 但因几率未触发
2025-07-22 10:32:34,363 - INFO -     [诸葛亮]执行来自【膂力过人】的[膂力过人]效果
2025-07-22 10:32:34,363 - INFO -         [诸葛亮]由于[许褚]【膂力过人】的[膂力过人]效果,损失了兵力174(4290)
2025-07-22 10:32:34,363 - INFO -         [诸葛亮]发动来自【草船借箭】的[草船借箭]效果, 但因几率未触发
2025-07-22 10:32:34,363 - INFO -     [许褚]进行连击
2025-07-22 10:32:34,364 - INFO -     [许褚]对[颜良]发动普通攻击
2025-07-22 10:32:34,364 - INFO -         [颜良]损失了兵力328(4074)
2025-07-22 10:32:34,364 - INFO -     [许褚]发动战法【膂力过人】
2025-07-22 10:32:34,364 - INFO -         [颜良]由于[许褚]的【膂力过人】的伤害,损失了兵力492(3582)
2025-07-22 10:32:34,364 - INFO -     [颜良]执行来自【膂力过人】的[膂力过人]效果
2025-07-22 10:32:34,364 - INFO -         [颜良]由于[许褚]【膂力过人】的[膂力过人]效果,损失了兵力229(3353)
2025-07-22 10:32:34,364 - INFO - [周瑜]开始行动
2025-07-22 10:32:34,365 - INFO -         [周瑜]的【洪水】效果已消失
2025-07-22 10:32:34,365 - INFO -         [周瑜]的【统帅】提升20.00(194.45)
2025-07-22 10:32:34,365 - INFO -     [周瑜]对[SP诸葛亮]发动普通攻击
2025-07-22 10:32:34,365 - INFO -         [SP诸葛亮]损失了兵力132(7202)
2025-07-22 10:32:34,365 - INFO - [诸葛亮]开始行动
2025-07-22 10:32:34,365 - INFO -     [诸葛亮]对[颜良]发动普通攻击
2025-07-22 10:32:34,366 - INFO -         [颜良]损失了兵力242(3111)
2025-07-22 10:32:34,366 - INFO - [诸葛亮]开始行动
2025-07-22 10:32:34,366 - INFO -         [诸葛亮]发动战法【十二奇策】
2025-07-22 10:32:34,366 - INFO -         [诸葛亮]由于[SP诸葛亮]【十二奇策】的[虚弱]效果造成伤害减少70%
2025-07-22 10:32:34,366 - INFO -         [诸葛亮]由于[诸葛亮]的【十二奇策】的伤害,损失了兵力283(7268)
2025-07-22 10:32:34,366 - INFO -         [诸葛亮]触发攻心
2025-07-22 10:32:34,366 - INFO -         [诸葛亮]恢复了兵力67(4290)
2025-07-22 10:32:34,366 - INFO -         [诸葛亮]执行来自【草船借箭】的[草船借箭]效果
2025-07-22 10:32:34,367 - INFO -         [诸葛亮]由于[诸葛亮]【草船借箭】的[草船借箭]效果,损失了兵力332(3958)
2025-07-22 10:32:34,367 - INFO -         [诸葛亮]触发攻心
2025-07-22 10:32:34,367 - INFO -         [诸葛亮]恢复了兵力79(7268)
2025-07-22 10:32:34,367 - INFO -         [诸葛亮]发动来自【草船借箭】的[草船借箭]效果, 但因几率未触发
2025-07-22 10:32:34,367 - INFO -         [诸葛亮]执行来自【十二奇策】的[十二奇谋]效果
2025-07-22 10:32:34,368 - INFO -         [诸葛亮]的【受到伤害】提升10.00%(10.00%)
2025-07-22 10:32:34,368 - INFO -         [诸葛亮]的【畏惧】效果已施加
2025-07-22 10:32:34,368 - INFO -         [诸葛亮]执行来自【临机制胜】的[临机制胜-制胜]效果
2025-07-22 10:32:34,368 - INFO -         [SP诸葛亮]由于[周瑜]【临机制胜】的[临机制胜-制胜]效果,损失了兵力123(7079)
2025-07-22 10:32:34,369 - INFO -         [许褚]由于[周瑜]【临机制胜】的[临机制胜-制胜]效果,损失了兵力215(6115)
2025-07-22 10:32:34,369 - INFO -         [诸葛亮]发动来自【临机制胜】的[临机制胜-制胜]效果, 但因几率未触发
2025-07-22 10:32:34,369 - INFO -         [诸葛亮]执行来自【临机制胜】的[临机制胜-制胜]效果
2025-07-22 10:32:34,369 - INFO -         [诸葛亮]由于[SP诸葛亮]【临机制胜】的[临机制胜-制胜]效果,损失了兵力231(3727)
2025-07-22 10:32:34,369 - INFO -         [诸葛亮]发动来自【草船借箭】的[草船借箭]效果, 但因几率未触发
2025-07-22 10:32:34,369 - INFO -         [周瑜]由于[SP诸葛亮]【临机制胜】的[临机制胜-制胜]效果,损失了兵力243(4185)
2025-07-22 10:32:34,369 - INFO -         [诸葛亮]由于[SP诸葛亮]【十二奇策】的[虚弱]效果造成伤害减少70%
2025-07-22 10:32:34,370 - INFO -         [SP诸葛亮]由于[诸葛亮]的【十二奇策】的伤害,损失了兵力240(6839)
2025-07-22 10:32:34,370 - INFO -         [诸葛亮]触发攻心
2025-07-22 10:32:34,370 - INFO -         [诸葛亮]恢复了兵力57(3727)
2025-07-22 10:32:34,370 - INFO -         [SP诸葛亮]执行来自【十二奇策】的[十二奇谋]效果
2025-07-22 10:32:34,370 - INFO -         [SP诸葛亮]的【嘲讽】效果已施加
2025-07-22 10:32:34,371 - INFO -         [SP诸葛亮]执行来自【临机制胜】的[临机制胜-制胜]效果
2025-07-22 10:32:34,371 - INFO -         [诸葛亮]由于[周瑜]【临机制胜】的[临机制胜-制胜]效果,损失了兵力147(7121)
2025-07-22 10:32:34,371 - INFO -         [诸葛亮]发动来自【草船借箭】的[草船借箭]效果, 但因几率未触发
2025-07-22 10:32:34,371 - INFO -         [SP诸葛亮]由于[周瑜]【临机制胜】的[临机制胜-制胜]效果,损失了兵力120(6719)
2025-07-22 10:32:34,371 - INFO -         [SP诸葛亮]执行来自【临机制胜】的[临机制胜-制胜]效果
2025-07-22 10:32:34,371 - INFO -         [诸葛亮]由于[SP诸葛亮]【十二奇策】的[虚弱]效果造成伤害减少70%
2025-07-22 10:32:34,371 - INFO -         [许褚]由于[诸葛亮]【临机制胜】的[临机制胜-制胜]效果,损失了兵力116(5999)
2025-07-22 10:32:34,371 - INFO -         [诸葛亮]触发攻心
2025-07-22 10:32:34,372 - INFO -         [诸葛亮]恢复了兵力27(3727)
2025-07-22 10:32:34,372 - INFO -         [诸葛亮]由于[SP诸葛亮]【十二奇策】的[虚弱]效果造成伤害减少70%
2025-07-22 10:32:34,372 - INFO -         [SP诸葛亮]由于[诸葛亮]【临机制胜】的[临机制胜-制胜]效果,损失了兵力65(6654)
2025-07-22 10:32:34,372 - INFO -         [诸葛亮]触发攻心
2025-07-22 10:32:34,372 - INFO -         [诸葛亮]恢复了兵力15(3727)
2025-07-22 10:32:34,372 - INFO -         [SP诸葛亮]发动来自【临机制胜】的[临机制胜-制胜]效果, 但因几率未触发
2025-07-22 10:32:34,372 - INFO -     [诸葛亮]对[诸葛亮]发动普通攻击
2025-07-22 10:32:34,372 - INFO -         [诸葛亮]由于[SP诸葛亮]【十二奇策】的[虚弱]效果造成伤害减少70%
2025-07-22 10:32:34,372 - INFO -         [诸葛亮]损失了兵力97(7024)
2025-07-22 10:32:34,373 - INFO -         [诸葛亮]执行来自【草船借箭】的[草船借箭]效果
2025-07-22 10:32:34,373 - INFO -         [诸葛亮]由于[诸葛亮]【草船借箭】的[草船借箭]效果,损失了兵力328(3399)
2025-07-22 10:32:34,373 - INFO -         [诸葛亮]触发攻心
2025-07-22 10:32:34,373 - INFO -         [诸葛亮]恢复了兵力78(7024)
2025-07-22 10:32:34,373 - INFO -         [诸葛亮]发动来自【草船借箭】的[草船借箭]效果, 但因几率未触发
2025-07-22 10:32:34,373 - INFO - [SP诸葛亮]开始行动
2025-07-22 10:32:34,373 - INFO -         [SP诸葛亮]发动战法【十二奇策】
2025-07-22 10:32:34,374 - INFO -         [诸葛亮]由于[SP诸葛亮]的【十二奇策】的伤害,损失了兵力830(2569)
2025-07-22 10:32:34,374 - INFO -         [诸葛亮]执行来自【草船借箭】的[草船借箭]效果
2025-07-22 10:32:34,374 - INFO -         [诸葛亮]由于[SP诸葛亮]【十二奇策】的[虚弱]效果造成伤害减少70%
2025-07-22 10:32:34,374 - INFO -         [诸葛亮]由于[诸葛亮]【草船借箭】的[草船借箭]效果,损失了兵力92(6932)
2025-07-22 10:32:34,374 - INFO -         [诸葛亮]触发攻心
2025-07-22 10:32:34,374 - INFO -         [诸葛亮]恢复了兵力22(2569)
2025-07-22 10:32:34,374 - INFO -         [诸葛亮]执行来自【草船借箭】的[草船借箭]效果
2025-07-22 10:32:34,374 - INFO -         [周瑜]由于[诸葛亮]【草船借箭】的[草船借箭]效果,损失了兵力343(3842)
2025-07-22 10:32:34,374 - INFO -         [诸葛亮]触发攻心
2025-07-22 10:32:34,374 - INFO -         [诸葛亮]恢复了兵力82(6932)
2025-07-22 10:32:34,375 - INFO -         [诸葛亮]执行来自【十二奇策】的[十二奇谋]效果
2025-07-22 10:32:34,375 - INFO -         [诸葛亮]的【统帅】降低20.00(194.50)
2025-07-22 10:32:34,375 - INFO -         [诸葛亮]的【洪水】效果已施加
2025-07-22 10:32:34,375 - INFO -         [诸葛亮]发动来自【临机制胜】的[临机制胜-制胜]效果, 但因几率未触发
2025-07-22 10:32:34,375 - INFO -         [诸葛亮]执行来自【临机制胜】的[临机制胜-制胜]效果
2025-07-22 10:32:34,375 - INFO -         [诸葛亮]由于[SP诸葛亮]【十二奇策】的[虚弱]效果造成伤害减少70%
2025-07-22 10:32:34,375 - INFO -         [诸葛亮]由于[诸葛亮]【临机制胜】的[临机制胜-制胜]效果,损失了兵力69(6863)
2025-07-22 10:32:34,375 - INFO -         [诸葛亮]触发攻心
2025-07-22 10:32:34,375 - INFO -         [诸葛亮]恢复了兵力16(2569)
2025-07-22 10:32:34,375 - INFO -         [诸葛亮]执行来自【草船借箭】的[草船借箭]效果
2025-07-22 10:32:34,375 - INFO -         [颜良]由于[诸葛亮]【草船借箭】的[草船借箭]效果,损失了兵力524(2587)
2025-07-22 10:32:34,376 - INFO -         [诸葛亮]触发攻心
2025-07-22 10:32:34,376 - INFO -         [诸葛亮]恢复了兵力125(6863)
2025-07-22 10:32:34,376 - INFO -         [诸葛亮]由于[SP诸葛亮]【十二奇策】的[虚弱]效果造成伤害减少70%
2025-07-22 10:32:34,376 - INFO -         [SP诸葛亮]由于[诸葛亮]【临机制胜】的[临机制胜-制胜]效果,损失了兵力56(6598)
2025-07-22 10:32:34,376 - INFO -         [诸葛亮]触发攻心
2025-07-22 10:32:34,376 - INFO -         [诸葛亮]恢复了兵力13(2569)
2025-07-22 10:32:34,376 - INFO -         [诸葛亮]执行来自【临机制胜】的[临机制胜-恢复]效果
2025-07-22 10:32:34,376 - INFO -         [周瑜]恢复了兵力534(3842)
2025-07-22 10:32:34,376 - INFO -         [诸葛亮]恢复了兵力534(2569)
2025-07-22 10:32:34,376 - INFO -         [颜良]恢复了兵力534(2587)
2025-07-22 10:32:34,377 - INFO -         [诸葛亮]执行来自【临机制胜】的[临机制胜-制胜]效果
2025-07-22 10:32:34,377 - INFO -         [诸葛亮]由于[SP诸葛亮]【临机制胜】的[临机制胜-制胜]效果,损失了兵力233(2336)
2025-07-22 10:32:34,377 - INFO -         [诸葛亮]执行来自【草船借箭】的[草船借箭]效果
2025-07-22 10:32:34,377 - INFO -         [诸葛亮]由于[SP诸葛亮]【十二奇策】的[虚弱]效果造成伤害减少70%
2025-07-22 10:32:34,377 - INFO -         [许褚]由于[诸葛亮]【草船借箭】的[草船借箭]效果,损失了兵力128(5871)
2025-07-22 10:32:34,377 - INFO -         [诸葛亮]触发攻心
2025-07-22 10:32:34,377 - INFO -         [诸葛亮]恢复了兵力30(2336)
2025-07-22 10:32:34,377 - INFO -         [颜良]由于[SP诸葛亮]【临机制胜】的[临机制胜-制胜]效果,损失了兵力296(2291)
2025-07-22 10:32:34,378 - INFO -         [颜良]由于[SP诸葛亮]的【十二奇策】的伤害,损失了兵力1085(1206)
2025-07-22 10:32:34,378 - INFO -         [颜良]执行来自【十二奇策】的[十二奇谋]效果
2025-07-22 10:32:34,378 - INFO -         [颜良]的【震慑】效果已施加
2025-07-22 10:32:34,379 - INFO -         [颜良]执行来自【临机制胜】的[临机制胜-制胜]效果
2025-07-22 10:32:34,379 - INFO -         [SP诸葛亮]由于[周瑜]【临机制胜】的[临机制胜-制胜]效果,损失了兵力116(6482)
2025-07-22 10:32:34,379 - INFO -         [诸葛亮]由于[周瑜]【临机制胜】的[临机制胜-制胜]效果,损失了兵力142(6721)
2025-07-22 10:32:34,379 - INFO -         [周瑜]执行来自【临机制胜】的[临机制胜-恢复]效果
2025-07-22 10:32:34,379 - INFO -         [诸葛亮]恢复了兵力553(2336)
2025-07-22 10:32:34,379 - INFO -         [颜良]恢复了兵力553(1206)
2025-07-22 10:32:34,379 - INFO -         [周瑜]恢复了兵力553(3842)
2025-07-22 10:32:34,379 - INFO -         [颜良]发动来自【临机制胜】的[临机制胜-制胜]效果, 但因几率未触发
2025-07-22 10:32:34,379 - INFO -         [颜良]执行来自【临机制胜】的[临机制胜-制胜]效果
2025-07-22 10:32:34,380 - INFO -         [诸葛亮]由于[SP诸葛亮]【临机制胜】的[临机制胜-制胜]效果,损失了兵力231(2105)
2025-07-22 10:32:34,380 - INFO -         [诸葛亮]发动来自【草船借箭】的[草船借箭]效果, 但因几率未触发
2025-07-22 10:32:34,380 - INFO -         [颜良]由于[SP诸葛亮]【临机制胜】的[临机制胜-制胜]效果,损失了兵力294(912)
2025-07-22 10:32:34,380 - INFO -     [SP诸葛亮]由于[诸葛亮]【十二奇策】的「嘲讽」效果
2025-07-22 10:32:34,380 - INFO -     [SP诸葛亮]对[诸葛亮]发动普通攻击
2025-07-22 10:32:34,380 - INFO -         [诸葛亮]损失了兵力237(1868)
2025-07-22 10:32:34,380 - INFO -         [诸葛亮]发动来自【草船借箭】的[草船借箭]效果, 但因几率未触发
2025-07-22 10:32:34,381 - INFO - 
[第 4 回合]
2025-07-22 10:32:34,381 - INFO - [颜良]开始行动
2025-07-22 10:32:34,381 - INFO -         [颜良]的【洪水】效果已消失
2025-07-22 10:32:34,381 - INFO -         [颜良]的【统帅】提升20.00(168.05)
2025-07-22 10:32:34,381 - INFO -     [颜良]无法普攻
2025-07-22 10:32:34,381 - INFO - [许褚]开始行动
2025-07-22 10:32:34,382 - INFO -     [许褚]执行来自【星罗棋布】的[星罗棋布-双前排阵型]效果
2025-07-22 10:32:34,382 - INFO -         [诸葛亮]由于[许褚]【星罗棋布】的[星罗棋布-双前排阵型]效果,损失了兵力416(1452)
2025-07-22 10:32:34,382 - INFO -         [诸葛亮]执行来自【草船借箭】的[草船借箭]效果
2025-07-22 10:32:34,382 - INFO -         [诸葛亮]由于[SP诸葛亮]【十二奇策】的[虚弱]效果造成伤害减少70%
2025-07-22 10:32:34,382 - INFO -         [许褚]由于[诸葛亮]【草船借箭】的[草船借箭]效果,损失了兵力106(5765)
2025-07-22 10:32:34,382 - INFO -         [诸葛亮]触发攻心
2025-07-22 10:32:34,382 - INFO -         [诸葛亮]恢复了兵力25(1452)
2025-07-22 10:32:34,382 - INFO -         [周瑜]由于[许褚]【星罗棋布】的[星罗棋布-双前排阵型]效果,损失了兵力367(3475)
2025-07-22 10:32:34,383 - INFO -     [许褚]对[诸葛亮]发动普通攻击
2025-07-22 10:32:34,383 - INFO -         [诸葛亮]损失了兵力258(1194)
2025-07-22 10:32:34,383 - INFO -         [诸葛亮]发动来自【草船借箭】的[草船借箭]效果, 但因几率未触发
2025-07-22 10:32:34,383 - INFO -     [许褚]发动战法【膂力过人】
2025-07-22 10:32:34,383 - INFO -         [诸葛亮]由于[许褚]的【膂力过人】的伤害,损失了兵力388(806)
2025-07-22 10:32:34,383 - INFO -         [诸葛亮]发动来自【草船借箭】的[草船借箭]效果, 但因几率未触发
2025-07-22 10:32:34,384 - INFO -     [诸葛亮]执行来自【膂力过人】的[膂力过人]效果
2025-07-22 10:32:34,384 - INFO -         [诸葛亮]由于[许褚]【膂力过人】的[膂力过人]效果,损失了兵力181(625)
2025-07-22 10:32:34,384 - INFO -         [诸葛亮]执行来自【草船借箭】的[草船借箭]效果
2025-07-22 10:32:34,384 - INFO -         [诸葛亮]由于[SP诸葛亮]【十二奇策】的[虚弱]效果造成伤害减少70%
2025-07-22 10:32:34,384 - INFO -         [诸葛亮]由于[诸葛亮]【草船借箭】的[草船借箭]效果,损失了兵力57(6664)
2025-07-22 10:32:34,384 - INFO -         [诸葛亮]触发攻心
2025-07-22 10:32:34,384 - INFO -         [诸葛亮]恢复了兵力13(625)
2025-07-22 10:32:34,385 - INFO -         [诸葛亮]发动来自【草船借箭】的[草船借箭]效果, 但因几率未触发
2025-07-22 10:32:34,385 - INFO -     [许褚]进行连击
2025-07-22 10:32:34,385 - INFO -     [许褚]对[诸葛亮]发动普通攻击
2025-07-22 10:32:34,385 - INFO -         [诸葛亮]损失了兵力258(367)
2025-07-22 10:32:34,385 - INFO -         [诸葛亮]发动来自【草船借箭】的[草船借箭]效果, 但因几率未触发
2025-07-22 10:32:34,385 - INFO -     [许褚]发动战法【膂力过人】
2025-07-22 10:32:34,385 - INFO -         [诸葛亮]由于[许褚]的【膂力过人】的伤害,损失了兵力367(0)
2025-07-22 10:32:34,385 - INFO -         [诸葛亮]兵力为0 无法再战
2025-07-22 10:32:34,385 - INFO -         [SP诸葛亮]的[十二奇策]效果已消失
2025-07-22 10:32:34,385 - INFO -         [SP诸葛亮]的【断粮】效果已消失
2025-07-22 10:32:34,385 - INFO -         [诸葛亮]的[十二奇策]效果已消失
2025-07-22 10:32:34,386 - INFO -         [诸葛亮]的【妖术】效果已消失
2025-07-22 10:32:34,386 - INFO -         [诸葛亮]的【会心伤害】提升15.00%(150.00%)
2025-07-22 10:32:34,386 - INFO -         [诸葛亮]的【奇谋伤害】提升15.00%(150.00%)
2025-07-22 10:32:34,386 - INFO -         [SP诸葛亮]的[十二奇策]效果已消失
2025-07-22 10:32:34,386 - INFO -         [SP诸葛亮]的【风暴】效果已消失
2025-07-22 10:32:34,386 - INFO -         [SP诸葛亮]的【先攻】提升30.00(144.85)
2025-07-22 10:32:34,386 - INFO -         [许褚]的[十二奇策]效果已消失
2025-07-22 10:32:34,386 - INFO -         [许褚]的【风暴】效果已消失
2025-07-22 10:32:34,386 - INFO -         [许褚]的【先攻】提升30.00(215.30)
2025-07-22 10:32:34,386 - INFO -         [诸葛亮]的[十二奇策]效果已消失
2025-07-22 10:32:34,386 - INFO -         [诸葛亮]的【畏惧】效果已消失
2025-07-22 10:32:34,386 - INFO -         [诸葛亮]的【受到伤害】降低10.00%(0.00%)
2025-07-22 10:32:34,386 - INFO -         [SP诸葛亮]的[十二奇策]效果已消失
2025-07-22 10:32:34,386 - INFO -         [SP诸葛亮]的【嘲讽】效果已消失
2025-07-22 10:32:34,386 - INFO -     [诸葛亮]执行来自【膂力过人】的[膂力过人]效果
2025-07-22 10:32:34,387 - INFO - [周瑜]开始行动
2025-07-22 10:32:34,387 - INFO -     [周瑜]对[SP诸葛亮]发动普通攻击
2025-07-22 10:32:34,387 - INFO -         [SP诸葛亮]损失了兵力119(6363)
2025-07-22 10:32:34,387 - INFO - [诸葛亮]开始行动
2025-07-22 10:32:34,387 - INFO -     [诸葛亮]对[颜良]发动普通攻击
2025-07-22 10:32:34,388 - INFO -         [颜良]损失了兵力210(702)
2025-07-22 10:32:34,388 - INFO - [诸葛亮]开始行动
2025-07-22 10:32:34,388 - INFO - [SP诸葛亮]开始行动
2025-07-22 10:32:34,388 - INFO -         [SP诸葛亮]发动战法【十二奇策】
2025-07-22 10:32:34,388 - INFO -         [周瑜]由于[SP诸葛亮]的【十二奇策】的伤害,损失了兵力858(2617)
2025-07-22 10:32:34,388 - INFO -         [周瑜]执行来自【十二奇策】的[十二奇谋]效果
2025-07-22 10:32:34,388 - INFO -         [周瑜]的【虚弱】效果已施加
2025-07-22 10:32:34,389 - INFO -         [周瑜]执行来自【临机制胜】的[临机制胜-制胜]效果
2025-07-22 10:32:34,389 - INFO -         [诸葛亮]由于[周瑜]【临机制胜】的[临机制胜-制胜]效果,损失了兵力111(6553)
2025-07-22 10:32:34,389 - INFO -         [诸葛亮]发动来自【草船借箭】的[草船借箭]效果, 但因几率未触发
2025-07-22 10:32:34,389 - INFO -         [许褚]由于[周瑜]【临机制胜】的[临机制胜-制胜]效果,损失了兵力173(5592)
2025-07-22 10:32:34,389 - INFO -         [周瑜]执行来自【临机制胜】的[临机制胜-制胜]效果
2025-07-22 10:32:34,389 - INFO -         [颜良]由于[SP诸葛亮]【临机制胜】的[临机制胜-制胜]效果,损失了兵力282(420)
2025-07-22 10:32:34,389 - INFO -         [周瑜]由于[SP诸葛亮]【临机制胜】的[临机制胜-制胜]效果,损失了兵力234(2383)
2025-07-22 10:32:34,390 - INFO -         [SP诸葛亮]执行来自【临机制胜】的[临机制胜-恢复]效果
2025-07-22 10:32:34,390 - INFO -         [诸葛亮]恢复了兵力549(6553)
2025-07-22 10:32:34,390 - INFO -         [SP诸葛亮]恢复了兵力549(6363)
2025-07-22 10:32:34,390 - INFO -         [许褚]恢复了兵力549(5592)
2025-07-22 10:32:34,390 - INFO -         [颜良]由于[SP诸葛亮]的【十二奇策】的伤害,损失了兵力420(0)
2025-07-22 10:32:34,390 - INFO -         [颜良]兵力为0 无法再战
2025-07-22 10:32:34,390 - INFO -         [颜良]执行来自【十二奇策】的[十二奇谋]效果
2025-07-22 10:32:34,390 - INFO -     [SP诸葛亮]对[周瑜]发动普通攻击
2025-07-22 10:32:34,391 - INFO -         [周瑜]损失了兵力251(2132)
2025-07-22 10:32:34,391 - INFO - 
[第 5 回合]
2025-07-22 10:32:34,391 - INFO - [许褚]开始行动
2025-07-22 10:32:34,391 - INFO -     [许褚]执行来自【星罗棋布】的[星罗棋布-双前排阵型]效果
2025-07-22 10:32:34,391 - INFO -         [周瑜]由于[许褚]【星罗棋布】的[星罗棋布-双前排阵型]效果,损失了兵力363(1769)
2025-07-22 10:32:34,391 - INFO -     [许褚]对[周瑜]发动普通攻击
2025-07-22 10:32:34,392 - INFO -         [周瑜]损失了兵力227(1542)
2025-07-22 10:32:34,392 - INFO -     [许褚]发动战法【膂力过人】
2025-07-22 10:32:34,392 - INFO -         [周瑜]由于[许褚]的【膂力过人】的伤害,损失了兵力340(1202)
2025-07-22 10:32:34,392 - INFO -     [周瑜]执行来自【膂力过人】的[膂力过人]效果
2025-07-22 10:32:34,392 - INFO -         [周瑜]由于[许褚]【膂力过人】的[膂力过人]效果,损失了兵力158(1044)
2025-07-22 10:32:34,392 - INFO -     [许褚]进行连击
2025-07-22 10:32:34,392 - INFO -     [许褚]对[周瑜]发动普通攻击
2025-07-22 10:32:34,392 - INFO -         [周瑜]损失了兵力227(817)
2025-07-22 10:32:34,392 - INFO -     [许褚]发动战法【膂力过人】
2025-07-22 10:32:34,393 - INFO -         [周瑜]由于[许褚]的【膂力过人】的伤害,损失了兵力340(477)
2025-07-22 10:32:34,393 - INFO -     [周瑜]执行来自【膂力过人】的[膂力过人]效果
2025-07-22 10:32:34,393 - INFO -         [周瑜]由于[许褚]【膂力过人】的[膂力过人]效果,损失了兵力158(319)
2025-07-22 10:32:34,393 - INFO - [SP诸葛亮]开始行动
2025-07-22 10:32:34,393 - INFO -         [SP诸葛亮]发动战法【十二奇策】
2025-07-22 10:32:34,393 - INFO -         [周瑜]由于[SP诸葛亮]的【十二奇策】的伤害,损失了兵力319(0)
2025-07-22 10:32:34,393 - INFO -         [周瑜]兵力为0 无法再战
2025-07-22 10:32:34,394 - INFO -         [周瑜]执行来自【十二奇策】的[十二奇谋]效果
2025-07-22 10:32:34,394 - INFO - [夫人队]战斗结束
2025-07-22 10:32:34,394 - INFO - ------------ 当前对 夫人队 的第 1 次对抗测试结束
2025-07-22 10:32:34,394 - INFO - ------------ [诸葛队] 获胜 0 场，[夫人队] 获胜 1 场
