2025-07-22 10:15:43,541 - INFO - ------------ 当前选择的模式是:1_VS_1
2025-07-22 10:15:43,544 - INFO - ------------ 由 [诸葛队] 对战 [夫人队]
2025-07-22 10:15:43,544 - INFO - ------------ 对抗的次数为 1
2025-07-22 10:15:43,544 - INFO - ------------ 当前第 1 次对抗测试
2025-07-22 10:15:43,552 - INFO - 
[第 1 局]
2025-07-22 10:15:43,553 - INFO - [列队布阵阶段]
2025-07-22 10:15:43,553 - INFO -     [诸葛队]当前补给为100,造成伤害降低0%
2025-07-22 10:15:43,553 - INFO -     [夫人队]当前补给为100,造成伤害降低0%
2025-07-22 10:15:43,553 - INFO -     [诸葛队]获得【阵型-萁型阵】强化效果
2025-07-22 10:15:43,553 - INFO -         [诸葛亮]的【受到伤害】降低6.00%(-6.00%)
2025-07-22 10:15:43,553 - INFO -         [颜良]的【造成伤害】提升12.00%(112.00%)
2025-07-22 10:15:43,553 - INFO -         [周瑜]的【造成伤害】提升12.00%(112.00%)
2025-07-22 10:15:43,553 - INFO -     [夫人队]获得【阵型-偃月阵】强化效果
2025-07-22 10:15:43,553 - INFO -         [SP诸葛亮]的【造成伤害】提升14.00%(114.00%)
2025-07-22 10:15:43,553 - INFO -         [诸葛亮]的【造成伤害】提升14.00%(114.00%)
2025-07-22 10:15:43,553 - INFO -         [许褚]的【受到伤害】降低5.00%(-5.00%)
2025-07-22 10:15:43,553 - INFO -     [SP诸葛亮]发动战法【星罗棋布】
2025-07-22 10:15:43,553 - INFO -         [SP诸葛亮]执行来自【星罗棋布】的[星罗棋布-阵型]效果
2025-07-22 10:15:43,554 - INFO -         [SP诸葛亮]的【造成伤害】提升14.54%(128.54%)
2025-07-22 10:15:43,554 - INFO -         [许褚]执行来自【星罗棋布】的[星罗棋布-阵型]效果
2025-07-22 10:15:43,554 - INFO -         [许褚]的【受到伤害】降低5.19%(-10.19%)
2025-07-22 10:15:43,554 - INFO -         [诸葛亮]执行来自【星罗棋布】的[星罗棋布-阵型]效果
2025-07-22 10:15:43,554 - INFO -         [诸葛亮]的【造成伤害】提升14.54%(128.54%)
2025-07-22 10:15:43,554 - INFO -    [夫人队]获得【蜀】强化效果,属性提升 5.0%
2025-07-22 10:15:43,554 - INFO -         [SP诸葛亮]的【武力】提升6.41(134.61)
2025-07-22 10:15:43,554 - INFO -         [SP诸葛亮]的【智力】提升13.00(273.00)
2025-07-22 10:15:43,554 - INFO -         [SP诸葛亮]的【统帅】提升10.24(215.04)
2025-07-22 10:15:43,554 - INFO -         [SP诸葛亮]的【先攻】提升6.90(144.85)
2025-07-22 10:15:43,554 - INFO -         [许褚]的【武力】提升11.89(249.64)
2025-07-22 10:15:43,554 - INFO -         [许褚]的【智力】提升5.72(120.07)
2025-07-22 10:15:43,554 - INFO -         [许褚]的【统帅】提升8.44(177.24)
2025-07-22 10:15:43,554 - INFO -         [许褚]的【先攻】提升9.30(195.30)
2025-07-22 10:15:43,554 - INFO -         [诸葛亮]的【武力】提升3.67(77.07)
2025-07-22 10:15:43,554 - INFO -         [诸葛亮]的【智力】提升15.50(325.50)
2025-07-22 10:15:43,554 - INFO -         [诸葛亮]的【统帅】提升10.73(225.22)
2025-07-22 10:15:43,555 - INFO -         [诸葛亮]的【先攻】提升6.56(137.81)
2025-07-22 10:15:43,555 - INFO -     [诸葛队]获得【兵种-弓】强化效果
2025-07-22 10:15:43,555 - INFO -         [诸葛亮]的【造成伤害】提升3.50%(103.50%)
2025-07-22 10:15:43,555 - INFO -         [颜良]的【造成伤害】提升3.50%(115.50%)
2025-07-22 10:15:43,555 - INFO -         [周瑜]的【造成伤害】提升3.50%(115.50%)
2025-07-22 10:15:43,555 - INFO -     [夫人队]获得【才堪相配】强化效果
2025-07-22 10:15:43,555 - INFO -         [SP诸葛亮]的【受治疗效果】提升8.00%(108.00%)
2025-07-22 10:15:43,555 - INFO -         [诸葛亮]的【受治疗效果】提升8.00%(108.00%)
2025-07-22 10:15:43,555 - INFO -     [许褚]发动战法【裸衣血战】
2025-07-22 10:15:43,555 - INFO -         [许褚]的【先攻】提升20.00(215.30)
2025-07-22 10:15:43,555 - INFO -         [许褚]的【武力】提升20.00(257.75)
2025-07-22 10:15:43,555 - INFO -         [许褚]的【连击几率】提升100.00%(100.00%)
2025-07-22 10:15:43,555 - INFO -         [许褚]的【统帅】降低15.00(162.24)
2025-07-22 10:15:43,555 - INFO -         [许褚]的【造成伤害】降低0.00%(100.00%)
2025-07-22 10:15:43,556 - INFO -     [周瑜]发动战法【临机制胜】
2025-07-22 10:15:43,556 - INFO -     [SP诸葛亮]发动战法【星罗棋布】
2025-07-22 10:15:43,556 - INFO -         [SP诸葛亮]的【受到谋略伤害】降低14.75%(-14.75%)
2025-07-22 10:15:43,556 - INFO -         [许褚]的【受到谋略伤害】降低11.34%(-11.34%)
2025-07-22 10:15:43,556 - INFO -         [诸葛亮]的【受到谋略伤害】降低11.34%(-11.34%)
2025-07-22 10:15:43,556 - INFO -         [SP诸葛亮]执行来自【星罗棋布】的[星罗棋布-额外效果]效果
2025-07-22 10:15:43,556 - INFO -         [SP诸葛亮]执行来自【星罗棋布】的[星罗棋布-双前排阵型]效果
2025-07-22 10:15:43,556 - INFO -         [许褚]的【对前排造成伤害】提升20.00%(120.00%)
2025-07-22 10:15:43,556 - INFO -         [许褚]的[星罗棋布-双前排阵型]效果已施加
2025-07-22 10:15:43,556 - INFO -     [SP诸葛亮]发动战法【临机制胜】
2025-07-22 10:15:43,556 - INFO -     [诸葛亮]发动战法【草船借箭】
2025-07-22 10:15:43,556 - INFO -         [诸葛亮]的【攻心】提升24.00%(24.00%)
2025-07-22 10:15:43,556 - INFO -     [诸葛亮]发动战法【草船借箭】
2025-07-22 10:15:43,556 - INFO -         [诸葛亮]的【攻心】提升24.00%(24.00%)
2025-07-22 10:15:43,556 - INFO -     [诸葛亮]发动战法【临机制胜】
2025-07-22 10:15:43,556 - INFO - 
[第 1 回合]
2025-07-22 10:15:43,557 - INFO - [许褚]开始行动
2025-07-22 10:15:43,557 - INFO -     [许褚]执行来自【星罗棋布】的[星罗棋布-双前排阵型]效果
2025-07-22 10:15:43,557 - INFO -         [诸葛亮]由于[许褚]【星罗棋布】的[星罗棋布-双前排阵型]效果,损失了兵力461(9539)
2025-07-22 10:15:43,557 - INFO -         [诸葛亮]执行来自【草船借箭】的[草船借箭]效果
2025-07-22 10:15:43,557 - INFO -         [诸葛亮]由于[诸葛亮]【草船借箭】的[草船借箭]效果,损失了兵力197(9803)
2025-07-22 10:15:43,557 - INFO -         [诸葛亮]触发攻心
2025-07-22 10:15:43,557 - INFO -         [诸葛亮]恢复了兵力47(9539)
2025-07-22 10:15:43,557 - INFO -         [诸葛亮]发动来自【草船借箭】的[草船借箭]效果, 但因几率未触发
2025-07-22 10:15:43,558 - INFO -     [许褚]对[诸葛亮]发动普通攻击
2025-07-22 10:15:43,558 - INFO -         [诸葛亮]损失了兵力288(9251)
2025-07-22 10:15:43,558 - INFO -         [诸葛亮]执行来自【草船借箭】的[草船借箭]效果
2025-07-22 10:15:43,558 - INFO -         [诸葛亮]由于[诸葛亮]【草船借箭】的[草船借箭]效果,损失了兵力197(9606)
2025-07-22 10:15:43,558 - INFO -         [诸葛亮]触发攻心
2025-07-22 10:15:43,558 - INFO -         [诸葛亮]恢复了兵力47(9251)
2025-07-22 10:15:43,558 - INFO -         [诸葛亮]发动来自【草船借箭】的[草船借箭]效果, 但因几率未触发
2025-07-22 10:15:43,558 - INFO -     [许褚]发动战法【膂力过人】
2025-07-22 10:15:43,558 - INFO -         [诸葛亮]由于[许褚]的【膂力过人】的伤害,损失了兵力432(8819)
2025-07-22 10:15:43,559 - INFO -         [诸葛亮]发动来自【草船借箭】的[草船借箭]效果, 但因几率未触发
2025-07-22 10:15:43,559 - INFO -     [诸葛亮]执行来自【膂力过人】的[膂力过人]效果
2025-07-22 10:15:43,559 - INFO -         [诸葛亮]由于[许褚]【膂力过人】的[膂力过人]效果,损失了兵力201(8618)
2025-07-22 10:15:43,559 - INFO -         [诸葛亮]执行来自【草船借箭】的[草船借箭]效果
2025-07-22 10:15:43,559 - INFO -         [诸葛亮]由于[诸葛亮]【草船借箭】的[草船借箭]效果,损失了兵力193(9413)
2025-07-22 10:15:43,559 - INFO -         [诸葛亮]触发攻心
2025-07-22 10:15:43,559 - INFO -         [诸葛亮]恢复了兵力46(8618)
2025-07-22 10:15:43,559 - INFO -         [诸葛亮]执行来自【草船借箭】的[草船借箭]效果
2025-07-22 10:15:43,559 - INFO -         [诸葛亮]由于[诸葛亮]【草船借箭】的[草船借箭]效果,损失了兵力364(8254)
2025-07-22 10:15:43,559 - INFO -         [诸葛亮]触发攻心
2025-07-22 10:15:43,560 - INFO -         [诸葛亮]恢复了兵力87(9413)
2025-07-22 10:15:43,560 - INFO -         [诸葛亮]执行来自【草船借箭】的[草船借箭]效果
2025-07-22 10:15:43,560 - INFO -         [许褚]由于[诸葛亮]【草船借箭】的[草船借箭]效果,损失了兵力303(9697)
2025-07-22 10:15:43,560 - INFO -         [诸葛亮]触发攻心
2025-07-22 10:15:43,560 - INFO -         [诸葛亮]恢复了兵力72(8254)
2025-07-22 10:15:43,560 - INFO -     [许褚]进行连击
2025-07-22 10:15:43,560 - INFO -     [许褚]对[诸葛亮]发动普通攻击
2025-07-22 10:15:43,560 - INFO -         [诸葛亮]损失了兵力288(7966)
2025-07-22 10:15:43,560 - INFO -         [诸葛亮]执行来自【草船借箭】的[草船借箭]效果
2025-07-22 10:15:43,561 - INFO -         [SP诸葛亮]由于[诸葛亮]【草船借箭】的[草船借箭]效果,损失了兵力168(9832)
2025-07-22 10:15:43,561 - INFO -         [诸葛亮]触发攻心
2025-07-22 10:15:43,561 - INFO -         [诸葛亮]恢复了兵力40(7966)
2025-07-22 10:15:43,561 - INFO -     [许褚]发动战法【膂力过人】
2025-07-22 10:15:43,561 - INFO -         [诸葛亮]由于[许褚]的【膂力过人】的伤害,损失了兵力432(7534)
2025-07-22 10:15:43,561 - INFO -     [诸葛亮]执行来自【膂力过人】的[膂力过人]效果
2025-07-22 10:15:43,561 - INFO -         [诸葛亮]由于[许褚]【膂力过人】的[膂力过人]效果,损失了兵力201(7333)
2025-07-22 10:15:43,562 - INFO - [颜良]开始行动
2025-07-22 10:15:43,562 - INFO -     [颜良]对[SP诸葛亮]发动普通攻击
2025-07-22 10:15:43,562 - INFO -         [SP诸葛亮]损失了兵力317(9515)
2025-07-22 10:15:43,562 - INFO -     [颜良]发动战法【膂力过人】
2025-07-22 10:15:43,562 - INFO -         [SP诸葛亮]由于[颜良]的【膂力过人】的伤害,损失了兵力476(9039)
2025-07-22 10:15:43,562 - INFO -     [SP诸葛亮]执行来自【膂力过人】的[膂力过人]效果
2025-07-22 10:15:43,563 - INFO -         [SP诸葛亮]由于[颜良]【膂力过人】的[膂力过人]效果,损失了兵力222(8817)
2025-07-22 10:15:43,563 - INFO - [SP诸葛亮]开始行动
2025-07-22 10:15:43,563 - INFO -         [SP诸葛亮]因几率未发动战法【十二奇策】
2025-07-22 10:15:43,564 - INFO -     [SP诸葛亮]对[诸葛亮]发动普通攻击
2025-07-22 10:15:43,564 - INFO -         [诸葛亮]损失了兵力249(7084)
2025-07-22 10:15:43,564 - INFO - [周瑜]开始行动
2025-07-22 10:15:43,564 - INFO -     [周瑜]对[诸葛亮]发动普通攻击
2025-07-22 10:15:43,564 - INFO -         [诸葛亮]损失了兵力198(9215)
2025-07-22 10:15:43,564 - INFO -         [诸葛亮]发动来自【草船借箭】的[草船借箭]效果, 但因几率未触发
2025-07-22 10:15:43,565 - INFO - [诸葛亮]开始行动
2025-07-22 10:15:43,565 - INFO -     [诸葛亮]对[周瑜]发动普通攻击
2025-07-22 10:15:43,565 - INFO -         [周瑜]损失了兵力190(9810)
2025-07-22 10:15:43,565 - INFO - [诸葛亮]开始行动
2025-07-22 10:15:43,565 - INFO -         [诸葛亮]发动战法【十二奇策】
2025-07-22 10:15:43,566 - INFO -         [许褚]由于[诸葛亮]的【十二奇策】的伤害,损失了兵力784(8913)
2025-07-22 10:15:43,566 - INFO -         [诸葛亮]触发攻心
2025-07-22 10:15:43,566 - INFO -         [诸葛亮]恢复了兵力188(7084)
2025-07-22 10:15:43,566 - INFO -         [许褚]执行来自【十二奇策】的[十二奇谋]效果
2025-07-22 10:15:43,568 - INFO -         [许褚]的【虚弱】效果已施加
2025-07-22 10:15:43,568 - INFO -         [许褚]发动来自【临机制胜】的[临机制胜-制胜]效果, 但因几率未触发
2025-07-22 10:15:43,568 - INFO -         [许褚]执行来自【临机制胜】的[临机制胜-制胜]效果
2025-07-22 10:15:43,569 - INFO -         [诸葛亮]由于[周瑜]【临机制胜】的[临机制胜-制胜]效果,损失了兵力182(9033)
2025-07-22 10:15:43,569 - INFO -         [诸葛亮]发动来自【草船借箭】的[草船借箭]效果, 但因几率未触发
2025-07-22 10:15:43,569 - INFO -         [许褚]由于[周瑜]【临机制胜】的[临机制胜-制胜]效果,损失了兵力284(8629)
2025-07-22 10:15:43,569 - INFO -         [许褚]执行来自【临机制胜】的[临机制胜-制胜]效果
2025-07-22 10:15:43,569 - INFO -         [诸葛亮]由于[诸葛亮]【临机制胜】的[临机制胜-制胜]效果,损失了兵力133(8900)
2025-07-22 10:15:43,569 - INFO -         [诸葛亮]触发攻心
2025-07-22 10:15:43,569 - INFO -         [诸葛亮]恢复了兵力32(7084)
2025-07-22 10:15:43,570 - INFO -         [诸葛亮]发动来自【草船借箭】的[草船借箭]效果, 但因几率未触发
2025-07-22 10:15:43,570 - INFO -         [SP诸葛亮]由于[诸葛亮]【临机制胜】的[临机制胜-制胜]效果,损失了兵力120(8697)
2025-07-22 10:15:43,570 - INFO -         [诸葛亮]触发攻心
2025-07-22 10:15:43,570 - INFO -         [诸葛亮]恢复了兵力28(7084)
2025-07-22 10:15:43,570 - INFO -         [诸葛亮]由于[诸葛亮]的【十二奇策】的伤害,损失了兵力490(8410)
2025-07-22 10:15:43,570 - INFO -         [诸葛亮]触发攻心
2025-07-22 10:15:43,570 - INFO -         [诸葛亮]恢复了兵力117(7084)
2025-07-22 10:15:43,570 - INFO -         [诸葛亮]发动来自【草船借箭】的[草船借箭]效果, 但因几率未触发
2025-07-22 10:15:43,570 - INFO -         [诸葛亮]执行来自【十二奇策】的[十二奇谋]效果
2025-07-22 10:15:43,572 - INFO -         [诸葛亮]的【统帅】降低20.00(205.22)
2025-07-22 10:15:43,572 - INFO -         [诸葛亮]的【洪水】效果已施加
2025-07-22 10:15:43,572 - INFO -         [诸葛亮]执行来自【临机制胜】的[临机制胜-制胜]效果
2025-07-22 10:15:43,572 - INFO -         [诸葛亮]由于[SP诸葛亮]【临机制胜】的[临机制胜-制胜]效果,损失了兵力252(6832)
2025-07-22 10:15:43,572 - INFO -         [颜良]由于[SP诸葛亮]【临机制胜】的[临机制胜-制胜]效果,损失了兵力320(9680)
2025-07-22 10:15:43,572 - INFO -         [诸葛亮]发动来自【临机制胜】的[临机制胜-制胜]效果, 但因几率未触发
2025-07-22 10:15:43,572 - INFO -         [诸葛亮]发动来自【临机制胜】的[临机制胜-制胜]效果, 但因几率未触发
2025-07-22 10:15:43,573 - INFO -     [诸葛亮]对[诸葛亮]发动普通攻击
2025-07-22 10:15:43,573 - INFO -         [诸葛亮]损失了兵力174(8236)
2025-07-22 10:15:43,573 - INFO -         [诸葛亮]发动来自【草船借箭】的[草船借箭]效果, 但因几率未触发
2025-07-22 10:15:43,573 - INFO - 
[第 2 回合]
2025-07-22 10:15:43,574 - INFO - [许褚]开始行动
2025-07-22 10:15:43,574 - INFO -     [许褚]执行来自【星罗棋布】的[星罗棋布-双前排阵型]效果
2025-07-22 10:15:43,574 - INFO -         [许褚]由于[诸葛亮]【十二奇策】的[虚弱]效果造成伤害减少70%
2025-07-22 10:15:43,574 - INFO -         [诸葛亮]由于[许褚]【星罗棋布】的[星罗棋布-双前排阵型]效果,损失了兵力316(6516)
2025-07-22 10:15:43,574 - INFO -         [诸葛亮]发动来自【草船借箭】的[草船借箭]效果, 但因几率未触发
2025-07-22 10:15:43,574 - INFO -     [许褚]对[周瑜]发动普通攻击
2025-07-22 10:15:43,574 - INFO -         [许褚]由于[诸葛亮]【十二奇策】的[虚弱]效果造成伤害减少70%
2025-07-22 10:15:43,575 - INFO -         [周瑜]损失了兵力188(9622)
2025-07-22 10:15:43,575 - INFO -     [许褚]发动战法【膂力过人】
2025-07-22 10:15:43,575 - INFO -         [许褚]由于[诸葛亮]【十二奇策】的[虚弱]效果造成伤害减少70%
2025-07-22 10:15:43,575 - INFO -         [周瑜]由于[许褚]的【膂力过人】的伤害,损失了兵力282(9340)
2025-07-22 10:15:43,575 - INFO -         [许褚]由于[诸葛亮]【十二奇策】的[虚弱]效果造成伤害减少70%
2025-07-22 10:15:43,575 - INFO -     [周瑜]执行来自【膂力过人】的[膂力过人]效果
2025-07-22 10:15:43,575 - INFO -         [周瑜]由于[许褚]【膂力过人】的[膂力过人]效果,损失了兵力131(9209)
2025-07-22 10:15:43,575 - INFO -     [许褚]进行连击
2025-07-22 10:15:43,575 - INFO -     [许褚]对[颜良]发动普通攻击
2025-07-22 10:15:43,576 - INFO -         [许褚]由于[诸葛亮]【十二奇策】的[虚弱]效果造成伤害减少70%
2025-07-22 10:15:43,576 - INFO -         [颜良]损失了兵力242(9438)
2025-07-22 10:15:43,576 - INFO -     [许褚]发动战法【膂力过人】
2025-07-22 10:15:43,576 - INFO -         [许褚]由于[诸葛亮]【十二奇策】的[虚弱]效果造成伤害减少70%
2025-07-22 10:15:43,576 - INFO -         [颜良]由于[许褚]的【膂力过人】的伤害,损失了兵力363(9075)
2025-07-22 10:15:43,576 - INFO -         [许褚]由于[诸葛亮]【十二奇策】的[虚弱]效果造成伤害减少70%
2025-07-22 10:15:43,576 - INFO -     [颜良]执行来自【膂力过人】的[膂力过人]效果
2025-07-22 10:15:43,576 - INFO -         [颜良]由于[许褚]【膂力过人】的[膂力过人]效果,损失了兵力169(8906)
2025-07-22 10:15:43,576 - INFO - [颜良]开始行动
2025-07-22 10:15:43,577 - INFO -     [颜良]对[许褚]发动普通攻击
2025-07-22 10:15:43,577 - INFO -         [许褚]损失了兵力342(8287)
2025-07-22 10:15:43,577 - INFO -     [颜良]发动战法【膂力过人】
2025-07-22 10:15:43,577 - INFO -         [许褚]由于[颜良]的【膂力过人】的伤害,损失了兵力513(7774)
2025-07-22 10:15:43,577 - INFO - [SP诸葛亮]开始行动
2025-07-22 10:15:43,578 - INFO -         [SP诸葛亮]发动战法【十二奇策】
2025-07-22 10:15:43,578 - INFO -         [周瑜]由于[SP诸葛亮]的【十二奇策】的伤害,损失了兵力973(8236)
2025-07-22 10:15:43,578 - INFO -         [周瑜]执行来自【十二奇策】的[十二奇谋]效果
2025-07-22 10:15:43,579 - INFO -         [周瑜]的【缴械】效果已施加
2025-07-22 10:15:43,579 - INFO -         [周瑜]执行来自【临机制胜】的[临机制胜-制胜]效果
2025-07-22 10:15:43,579 - INFO -         [诸葛亮]由于[SP诸葛亮]【临机制胜】的[临机制胜-制胜]效果,损失了兵力252(6264)
2025-07-22 10:15:43,579 - INFO -         [诸葛亮]发动来自【草船借箭】的[草船借箭]效果, 但因几率未触发
2025-07-22 10:15:43,579 - INFO -         [颜良]由于[SP诸葛亮]【临机制胜】的[临机制胜-制胜]效果,损失了兵力320(8586)
2025-07-22 10:15:43,580 - INFO -         [周瑜]执行来自【临机制胜】的[临机制胜-制胜]效果
2025-07-22 10:15:43,580 - INFO -         [诸葛亮]由于[周瑜]【临机制胜】的[临机制胜-制胜]效果,损失了兵力180(8056)
2025-07-22 10:15:43,580 - INFO -         [诸葛亮]执行来自【草船借箭】的[草船借箭]效果
2025-07-22 10:15:43,580 - INFO -         [周瑜]由于[诸葛亮]【草船借箭】的[草船借箭]效果,损失了兵力365(7871)
2025-07-22 10:15:43,580 - INFO -         [诸葛亮]触发攻心
2025-07-22 10:15:43,580 - INFO -         [诸葛亮]恢复了兵力87(8056)
2025-07-22 10:15:43,581 - INFO -         [SP诸葛亮]由于[周瑜]【临机制胜】的[临机制胜-制胜]效果,损失了兵力154(8543)
2025-07-22 10:15:43,581 - INFO -         [周瑜]执行来自【临机制胜】的[临机制胜-制胜]效果
2025-07-22 10:15:43,581 - INFO -         [SP诸葛亮]由于[诸葛亮]【临机制胜】的[临机制胜-制胜]效果,损失了兵力115(8428)
2025-07-22 10:15:43,581 - INFO -         [诸葛亮]触发攻心
2025-07-22 10:15:43,581 - INFO -         [诸葛亮]恢复了兵力27(6264)
2025-07-22 10:15:43,582 - INFO -         [许褚]由于[诸葛亮]【临机制胜】的[临机制胜-制胜]效果,损失了兵力204(7570)
2025-07-22 10:15:43,582 - INFO -         [诸葛亮]触发攻心
2025-07-22 10:15:43,582 - INFO -         [诸葛亮]恢复了兵力49(6264)
2025-07-22 10:15:43,582 - INFO -         [诸葛亮]由于[SP诸葛亮]的【十二奇策】的伤害,损失了兵力913(5351)
2025-07-22 10:15:43,582 - INFO -         [诸葛亮]发动来自【草船借箭】的[草船借箭]效果, 但因几率未触发
2025-07-22 10:15:43,582 - INFO -         [诸葛亮]执行来自【十二奇策】的[十二奇谋]效果
2025-07-22 10:15:43,583 - INFO -         [诸葛亮]的【断粮】效果已施加
2025-07-22 10:15:43,583 - INFO -         [诸葛亮]发动来自【临机制胜】的[临机制胜-制胜]效果, 但因几率未触发
2025-07-22 10:15:43,583 - INFO -         [诸葛亮]发动来自【临机制胜】的[临机制胜-制胜]效果, 但因几率未触发
2025-07-22 10:15:43,583 - INFO -         [诸葛亮]执行来自【临机制胜】的[临机制胜-制胜]效果
2025-07-22 10:15:43,583 - INFO -         [SP诸葛亮]由于[诸葛亮]【临机制胜】的[临机制胜-制胜]效果,损失了兵力108(8320)
2025-07-22 10:15:43,584 - INFO -         [诸葛亮]触发攻心
2025-07-22 10:15:43,584 - INFO -         [诸葛亮]恢复了兵力26(5351)
2025-07-22 10:15:43,584 - INFO -         [诸葛亮]由于[诸葛亮]【临机制胜】的[临机制胜-制胜]效果,损失了兵力124(7932)
2025-07-22 10:15:43,584 - INFO -         [诸葛亮]触发攻心
2025-07-22 10:15:43,584 - INFO -         [诸葛亮]恢复了兵力29(5351)
2025-07-22 10:15:43,584 - INFO -         [诸葛亮]执行来自【草船借箭】的[草船借箭]效果
2025-07-22 10:15:43,584 - INFO -         [颜良]由于[诸葛亮]【草船借箭】的[草船借箭]效果,损失了兵力538(8048)
2025-07-22 10:15:43,584 - INFO -         [诸葛亮]触发攻心
2025-07-22 10:15:43,584 - INFO -         [诸葛亮]恢复了兵力129(7932)
2025-07-22 10:15:43,585 - INFO -     [SP诸葛亮]对[颜良]发动普通攻击
2025-07-22 10:15:43,585 - INFO -         [颜良]损失了兵力278(7770)
2025-07-22 10:15:43,585 - INFO - [周瑜]开始行动
2025-07-22 10:15:43,585 - INFO -     [周瑜]无法普攻
2025-07-22 10:15:43,585 - INFO - [诸葛亮]开始行动
2025-07-22 10:15:43,586 - INFO -     [诸葛亮]对[颜良]发动普通攻击
2025-07-22 10:15:43,586 - INFO -         [颜良]损失了兵力225(7545)
2025-07-22 10:15:43,586 - INFO - [诸葛亮]开始行动
2025-07-22 10:15:43,586 - INFO -         [诸葛亮]发动战法【十二奇策】
2025-07-22 10:15:43,586 - INFO -         [诸葛亮]由于[诸葛亮]的【十二奇策】的伤害,损失了兵力457(7475)
2025-07-22 10:15:43,586 - INFO -         [诸葛亮]触发攻心
2025-07-22 10:15:43,586 - INFO -         [诸葛亮]由于[SP诸葛亮]【十二奇策】的[断粮]效果治疗效率降为30%
2025-07-22 10:15:43,586 - INFO -         [诸葛亮]恢复了兵力76(5351)
2025-07-22 10:15:43,587 - INFO -         [诸葛亮]执行来自【草船借箭】的[草船借箭]效果
2025-07-22 10:15:43,587 - INFO -         [颜良]由于[诸葛亮]【草船借箭】的[草船借箭]效果,损失了兵力525(7020)
2025-07-22 10:15:43,587 - INFO -         [诸葛亮]触发攻心
2025-07-22 10:15:43,587 - INFO -         [诸葛亮]恢复了兵力126(7475)
2025-07-22 10:15:43,587 - INFO -         [诸葛亮]执行来自【十二奇策】的[十二奇谋]效果
2025-07-22 10:15:43,587 - INFO -         [诸葛亮]的【缴械】效果已施加
2025-07-22 10:15:43,587 - INFO -         [诸葛亮]执行来自【临机制胜】的[临机制胜-制胜]效果
2025-07-22 10:15:43,588 - INFO -         [颜良]由于[SP诸葛亮]【临机制胜】的[临机制胜-制胜]效果,损失了兵力314(6706)
2025-07-22 10:15:43,588 - INFO -         [诸葛亮]由于[SP诸葛亮]【临机制胜】的[临机制胜-制胜]效果,损失了兵力247(5104)
2025-07-22 10:15:43,588 - INFO -         [诸葛亮]执行来自【草船借箭】的[草船借箭]效果
2025-07-22 10:15:43,588 - INFO -         [许褚]由于[诸葛亮]【草船借箭】的[草船借箭]效果,损失了兵力254(7316)
2025-07-22 10:15:43,588 - INFO -         [诸葛亮]触发攻心
2025-07-22 10:15:43,588 - INFO -         [诸葛亮]由于[SP诸葛亮]【十二奇策】的[断粮]效果治疗效率降为30%
2025-07-22 10:15:43,588 - INFO -         [诸葛亮]恢复了兵力42(5104)
2025-07-22 10:15:43,588 - INFO -         [诸葛亮]执行来自【临机制胜】的[临机制胜-制胜]效果
2025-07-22 10:15:43,589 - INFO -         [SP诸葛亮]由于[周瑜]【临机制胜】的[临机制胜-制胜]效果,损失了兵力154(8166)
2025-07-22 10:15:43,589 - INFO -         [诸葛亮]由于[周瑜]【临机制胜】的[临机制胜-制胜]效果,损失了兵力177(7298)
2025-07-22 10:15:43,589 - INFO -         [诸葛亮]执行来自【草船借箭】的[草船借箭]效果
2025-07-22 10:15:43,589 - INFO -         [诸葛亮]由于[诸葛亮]【草船借箭】的[草船借箭]效果,损失了兵力333(4771)
2025-07-22 10:15:43,589 - INFO -         [诸葛亮]触发攻心
2025-07-22 10:15:43,589 - INFO -         [诸葛亮]恢复了兵力80(7298)
2025-07-22 10:15:43,589 - INFO -         [诸葛亮]发动来自【草船借箭】的[草船借箭]效果, 但因几率未触发
2025-07-22 10:15:43,589 - INFO -         [诸葛亮]发动来自【临机制胜】的[临机制胜-制胜]效果, 但因几率未触发
2025-07-22 10:15:43,590 - INFO -         [SP诸葛亮]由于[诸葛亮]的【十二奇策】的伤害,损失了兵力382(7784)
2025-07-22 10:15:43,590 - INFO -         [诸葛亮]触发攻心
2025-07-22 10:15:43,590 - INFO -         [诸葛亮]由于[SP诸葛亮]【十二奇策】的[断粮]效果治疗效率降为30%
2025-07-22 10:15:43,590 - INFO -         [诸葛亮]恢复了兵力63(4771)
2025-07-22 10:15:43,590 - INFO -         [SP诸葛亮]执行来自【十二奇策】的[十二奇谋]效果
2025-07-22 10:15:43,591 - INFO -         [SP诸葛亮]的【先攻】降低30.00(114.85)
2025-07-22 10:15:43,591 - INFO -         [SP诸葛亮]的【风暴】效果已施加
2025-07-22 10:15:43,591 - INFO -         [SP诸葛亮]发动来自【临机制胜】的[临机制胜-制胜]效果, 但因几率未触发
2025-07-22 10:15:43,592 - INFO -         [SP诸葛亮]执行来自【临机制胜】的[临机制胜-制胜]效果
2025-07-22 10:15:43,592 - INFO -         [SP诸葛亮]由于[周瑜]【临机制胜】的[临机制胜-制胜]效果,损失了兵力154(7630)
2025-07-22 10:15:43,592 - INFO -         [诸葛亮]由于[周瑜]【临机制胜】的[临机制胜-制胜]效果,损失了兵力177(7121)
2025-07-22 10:15:43,592 - INFO -         [诸葛亮]执行来自【草船借箭】的[草船借箭]效果
2025-07-22 10:15:43,592 - INFO -         [诸葛亮]由于[诸葛亮]【草船借箭】的[草船借箭]效果,损失了兵力330(4441)
2025-07-22 10:15:43,592 - INFO -         [诸葛亮]触发攻心
2025-07-22 10:15:43,592 - INFO -         [诸葛亮]恢复了兵力79(7121)
2025-07-22 10:15:43,592 - INFO -         [诸葛亮]发动来自【草船借箭】的[草船借箭]效果, 但因几率未触发
2025-07-22 10:15:43,593 - INFO -         [周瑜]执行来自【临机制胜】的[临机制胜-恢复]效果
2025-07-22 10:15:43,593 - INFO -         [颜良]恢复了兵力560(6706)
2025-07-22 10:15:43,593 - INFO -         [周瑜]恢复了兵力560(7871)
2025-07-22 10:15:43,593 - INFO -         [诸葛亮]由于[SP诸葛亮]【十二奇策】的[断粮]效果治疗效率降为30%
2025-07-22 10:15:43,593 - INFO -         [诸葛亮]恢复了兵力392(4441)
2025-07-22 10:15:43,593 - INFO -         [SP诸葛亮]执行来自【临机制胜】的[临机制胜-制胜]效果
2025-07-22 10:15:43,593 - INFO -         [SP诸葛亮]由于[诸葛亮]【临机制胜】的[临机制胜-制胜]效果,损失了兵力100(7530)
2025-07-22 10:15:43,593 - INFO -         [诸葛亮]触发攻心
2025-07-22 10:15:43,593 - INFO -         [诸葛亮]由于[SP诸葛亮]【十二奇策】的[断粮]效果治疗效率降为30%
2025-07-22 10:15:43,593 - INFO -         [诸葛亮]恢复了兵力16(4441)
2025-07-22 10:15:43,594 - INFO -         [诸葛亮]由于[诸葛亮]【临机制胜】的[临机制胜-制胜]效果,损失了兵力115(7006)
2025-07-22 10:15:43,594 - INFO -         [诸葛亮]触发攻心
2025-07-22 10:15:43,594 - INFO -         [诸葛亮]由于[SP诸葛亮]【十二奇策】的[断粮]效果治疗效率降为30%
2025-07-22 10:15:43,594 - INFO -         [诸葛亮]恢复了兵力18(4441)
2025-07-22 10:15:43,594 - INFO -         [诸葛亮]执行来自【临机制胜】的[临机制胜-恢复]效果
2025-07-22 10:15:43,594 - INFO -         [诸葛亮]由于[SP诸葛亮]【十二奇策】的[断粮]效果治疗效率降为30%
2025-07-22 10:15:43,594 - INFO -         [诸葛亮]恢复了兵力376(4441)
2025-07-22 10:15:43,594 - INFO -         [颜良]恢复了兵力538(6706)
2025-07-22 10:15:43,594 - INFO -         [周瑜]恢复了兵力538(7871)
2025-07-22 10:15:43,594 - INFO -     [诸葛亮]对[许褚]发动普通攻击
2025-07-22 10:15:43,595 - INFO -         [许褚]损失了兵力180(7136)
2025-07-22 10:15:43,595 - INFO - 
[第 3 回合]
2025-07-22 10:15:43,595 - INFO - [许褚]开始行动
2025-07-22 10:15:43,595 - INFO -     [许褚]执行来自【星罗棋布】的[星罗棋布-双前排阵型]效果
2025-07-22 10:15:43,595 - INFO -         [许褚]由于[诸葛亮]【十二奇策】的[虚弱]效果造成伤害减少70%
2025-07-22 10:15:43,595 - INFO -         [颜良]由于[许褚]【星罗棋布】的[星罗棋布-双前排阵型]效果,损失了兵力358(6348)
2025-07-22 10:15:43,596 - INFO -     [许褚]对[诸葛亮]发动普通攻击
2025-07-22 10:15:43,596 - INFO -         [许褚]由于[诸葛亮]【十二奇策】的[虚弱]效果造成伤害减少70%
2025-07-22 10:15:43,596 - INFO -         [诸葛亮]损失了兵力183(4258)
2025-07-22 10:15:43,596 - INFO -         [诸葛亮]发动来自【草船借箭】的[草船借箭]效果, 但因几率未触发
2025-07-22 10:15:43,596 - INFO -     [许褚]发动战法【膂力过人】
2025-07-22 10:15:43,596 - INFO -         [许褚]由于[诸葛亮]【十二奇策】的[虚弱]效果造成伤害减少70%
2025-07-22 10:15:43,596 - INFO -         [诸葛亮]由于[许褚]的【膂力过人】的伤害,损失了兵力274(3984)
2025-07-22 10:15:43,597 - INFO -         [诸葛亮]发动来自【草船借箭】的[草船借箭]效果, 但因几率未触发
2025-07-22 10:15:43,597 - INFO -         [许褚]由于[诸葛亮]【十二奇策】的[虚弱]效果造成伤害减少70%
2025-07-22 10:15:43,597 - INFO -     [诸葛亮]执行来自【膂力过人】的[膂力过人]效果
2025-07-22 10:15:43,597 - INFO -         [诸葛亮]由于[许褚]【膂力过人】的[膂力过人]效果,损失了兵力128(3856)
2025-07-22 10:15:43,597 - INFO -         [诸葛亮]发动来自【草船借箭】的[草船借箭]效果, 但因几率未触发
2025-07-22 10:15:43,597 - INFO -     [许褚]进行连击
2025-07-22 10:15:43,597 - INFO -     [许褚]对[周瑜]发动普通攻击
2025-07-22 10:15:43,597 - INFO -         [许褚]由于[诸葛亮]【十二奇策】的[虚弱]效果造成伤害减少70%
2025-07-22 10:15:43,597 - INFO -         [周瑜]损失了兵力173(7698)
2025-07-22 10:15:43,598 - INFO -     [许褚]发动战法【膂力过人】
2025-07-22 10:15:43,598 - INFO -         [许褚]由于[诸葛亮]【十二奇策】的[虚弱]效果造成伤害减少70%
2025-07-22 10:15:43,598 - INFO -         [周瑜]由于[许褚]的【膂力过人】的伤害,损失了兵力260(7438)
2025-07-22 10:15:43,598 - INFO -         [许褚]由于[诸葛亮]【十二奇策】的[虚弱]效果造成伤害减少70%
2025-07-22 10:15:43,598 - INFO -     [周瑜]执行来自【膂力过人】的[膂力过人]效果
2025-07-22 10:15:43,598 - INFO -         [周瑜]由于[许褚]【膂力过人】的[膂力过人]效果,损失了兵力121(7317)
2025-07-22 10:15:43,598 - INFO - [颜良]开始行动
2025-07-22 10:15:43,599 - INFO -     [颜良]对[诸葛亮]发动普通攻击
2025-07-22 10:15:43,599 - INFO -         [诸葛亮]损失了兵力242(6764)
2025-07-22 10:15:43,599 - INFO -         [诸葛亮]执行来自【草船借箭】的[草船借箭]效果
2025-07-22 10:15:43,600 - INFO -         [颜良]由于[诸葛亮]【草船借箭】的[草船借箭]效果,损失了兵力505(5843)
2025-07-22 10:15:43,600 - INFO -         [诸葛亮]触发攻心
2025-07-22 10:15:43,600 - INFO -         [诸葛亮]恢复了兵力121(6764)
2025-07-22 10:15:43,600 - INFO -     [颜良]发动战法【膂力过人】
2025-07-22 10:15:43,600 - INFO -         [诸葛亮]由于[颜良]的【膂力过人】的伤害,损失了兵力352(6412)
2025-07-22 10:15:43,600 - INFO -         [诸葛亮]发动来自【草船借箭】的[草船借箭]效果, 但因几率未触发
2025-07-22 10:15:43,600 - INFO -     [诸葛亮]执行来自【膂力过人】的[膂力过人]效果
2025-07-22 10:15:43,600 - INFO -         [诸葛亮]由于[颜良]【膂力过人】的[膂力过人]效果,损失了兵力164(6248)
2025-07-22 10:15:43,600 - INFO -         [诸葛亮]执行来自【草船借箭】的[草船借箭]效果
2025-07-22 10:15:43,600 - INFO -         [颜良]由于[诸葛亮]【草船借箭】的[草船借箭]效果,损失了兵力490(5353)
2025-07-22 10:15:43,601 - INFO -         [诸葛亮]触发攻心
2025-07-22 10:15:43,601 - INFO -         [诸葛亮]恢复了兵力117(6248)
2025-07-22 10:15:43,601 - INFO - [周瑜]开始行动
2025-07-22 10:15:43,601 - INFO -     [周瑜]无法普攻
2025-07-22 10:15:43,601 - INFO - [诸葛亮]开始行动
2025-07-22 10:15:43,602 - INFO -     [诸葛亮]无法普攻
2025-07-22 10:15:43,602 - INFO - [诸葛亮]开始行动
2025-07-22 10:15:43,602 - INFO -         [诸葛亮]发动战法【十二奇策】
2025-07-22 10:15:43,602 - INFO -         [SP诸葛亮]由于[诸葛亮]的【十二奇策】的伤害,损失了兵力347(7183)
2025-07-22 10:15:43,602 - INFO -         [诸葛亮]触发攻心
2025-07-22 10:15:43,602 - INFO -         [诸葛亮]由于[SP诸葛亮]【十二奇策】的[断粮]效果治疗效率降为30%
2025-07-22 10:15:43,602 - INFO -         [诸葛亮]恢复了兵力58(3856)
2025-07-22 10:15:43,602 - INFO -         [SP诸葛亮]执行来自【十二奇策】的[十二奇谋]效果
2025-07-22 10:15:43,602 - INFO -         [SP诸葛亮]的【虚弱】效果已施加
2025-07-22 10:15:43,603 - INFO -         [SP诸葛亮]执行来自【临机制胜】的[临机制胜-制胜]效果
2025-07-22 10:15:43,603 - INFO -         [SP诸葛亮]由于[周瑜]【临机制胜】的[临机制胜-制胜]效果,损失了兵力150(7033)
2025-07-22 10:15:43,603 - INFO -         [诸葛亮]由于[周瑜]【临机制胜】的[临机制胜-制胜]效果,损失了兵力171(6077)
2025-07-22 10:15:43,603 - INFO -         [诸葛亮]发动来自【草船借箭】的[草船借箭]效果, 但因几率未触发
2025-07-22 10:15:43,604 - INFO -         [SP诸葛亮]执行来自【临机制胜】的[临机制胜-制胜]效果
2025-07-22 10:15:43,604 - INFO -         [诸葛亮]由于[诸葛亮]【临机制胜】的[临机制胜-制胜]效果,损失了兵力108(5969)
2025-07-22 10:15:43,604 - INFO -         [诸葛亮]触发攻心
2025-07-22 10:15:43,604 - INFO -         [诸葛亮]由于[SP诸葛亮]【十二奇策】的[断粮]效果治疗效率降为30%
2025-07-22 10:15:43,604 - INFO -         [诸葛亮]恢复了兵力18(3856)
2025-07-22 10:15:43,604 - INFO -         [诸葛亮]执行来自【草船借箭】的[草船借箭]效果
2025-07-22 10:15:43,604 - INFO -         [诸葛亮]由于[诸葛亮]【草船借箭】的[草船借箭]效果,损失了兵力309(3547)
2025-07-22 10:15:43,604 - INFO -         [诸葛亮]触发攻心
2025-07-22 10:15:43,604 - INFO -         [诸葛亮]恢复了兵力74(5969)
2025-07-22 10:15:43,604 - INFO -         [诸葛亮]发动来自【草船借箭】的[草船借箭]效果, 但因几率未触发
2025-07-22 10:15:43,605 - INFO -         [SP诸葛亮]由于[诸葛亮]【临机制胜】的[临机制胜-制胜]效果,损失了兵力91(6942)
2025-07-22 10:15:43,605 - INFO -         [诸葛亮]触发攻心
2025-07-22 10:15:43,605 - INFO -         [诸葛亮]由于[SP诸葛亮]【十二奇策】的[断粮]效果治疗效率降为30%
2025-07-22 10:15:43,605 - INFO -         [诸葛亮]恢复了兵力14(3547)
2025-07-22 10:15:43,605 - INFO -         [SP诸葛亮]执行来自【临机制胜】的[临机制胜-制胜]效果
2025-07-22 10:15:43,605 - INFO -         [诸葛亮]由于[SP诸葛亮]【临机制胜】的[临机制胜-制胜]效果,损失了兵力230(3317)
2025-07-22 10:15:43,605 - INFO -         [诸葛亮]发动来自【草船借箭】的[草船借箭]效果, 但因几率未触发
2025-07-22 10:15:43,605 - INFO -         [周瑜]由于[SP诸葛亮]【临机制胜】的[临机制胜-制胜]效果,损失了兵力241(7076)
2025-07-22 10:15:43,605 - INFO -         [SP诸葛亮]执行来自【临机制胜】的[临机制胜-恢复]效果
2025-07-22 10:15:43,606 - INFO -         [SP诸葛亮]恢复了兵力550(6942)
2025-07-22 10:15:43,606 - INFO -         [诸葛亮]恢复了兵力550(5969)
2025-07-22 10:15:43,606 - INFO -         [许褚]恢复了兵力550(7136)
2025-07-22 10:15:43,606 - INFO -         [许褚]由于[诸葛亮]的【十二奇策】的伤害,损失了兵力579(6557)
2025-07-22 10:15:43,606 - INFO -         [诸葛亮]触发攻心
2025-07-22 10:15:43,606 - INFO -         [诸葛亮]由于[SP诸葛亮]【十二奇策】的[断粮]效果治疗效率降为30%
2025-07-22 10:15:43,606 - INFO -         [诸葛亮]恢复了兵力97(3317)
2025-07-22 10:15:43,606 - INFO -         [许褚]执行来自【十二奇策】的[十二奇谋]效果
2025-07-22 10:15:43,607 - INFO -         [许褚]的【智力】降低15.00(105.07)
2025-07-22 10:15:43,607 - INFO -         [许褚]的【火攻】效果已施加
2025-07-22 10:15:43,607 - INFO -         [许褚]发动来自【临机制胜】的[临机制胜-制胜]效果, 但因几率未触发
2025-07-22 10:15:43,607 - INFO -         [许褚]执行来自【临机制胜】的[临机制胜-制胜]效果
2025-07-22 10:15:43,607 - INFO -         [许褚]由于[诸葛亮]【临机制胜】的[临机制胜-制胜]效果,损失了兵力162(6395)
2025-07-22 10:15:43,607 - INFO -         [诸葛亮]触发攻心
2025-07-22 10:15:43,608 - INFO -         [诸葛亮]由于[SP诸葛亮]【十二奇策】的[断粮]效果治疗效率降为30%
2025-07-22 10:15:43,608 - INFO -         [诸葛亮]恢复了兵力26(3317)
2025-07-22 10:15:43,608 - INFO -         [诸葛亮]由于[诸葛亮]【临机制胜】的[临机制胜-制胜]效果,损失了兵力101(5868)
2025-07-22 10:15:43,608 - INFO -         [诸葛亮]触发攻心
2025-07-22 10:15:43,608 - INFO -         [诸葛亮]由于[SP诸葛亮]【十二奇策】的[断粮]效果治疗效率降为30%
2025-07-22 10:15:43,608 - INFO -         [诸葛亮]恢复了兵力16(3317)
2025-07-22 10:15:43,608 - INFO -         [诸葛亮]发动来自【草船借箭】的[草船借箭]效果, 但因几率未触发
2025-07-22 10:15:43,608 - INFO -         [许褚]发动来自【临机制胜】的[临机制胜-制胜]效果, 但因几率未触发
2025-07-22 10:15:43,609 - INFO -     [诸葛亮]对[SP诸葛亮]发动普通攻击
2025-07-22 10:15:43,609 - INFO -         [SP诸葛亮]损失了兵力106(6836)
2025-07-22 10:15:43,609 - INFO - [SP诸葛亮]开始行动
2025-07-22 10:15:43,609 - INFO -         [SP诸葛亮]发动战法【十二奇策】
2025-07-22 10:15:43,609 - INFO -         [SP诸葛亮]由于[诸葛亮]【十二奇策】的[虚弱]效果造成伤害减少70%
2025-07-22 10:15:43,609 - INFO -         [颜良]由于[SP诸葛亮]的【十二奇策】的伤害,损失了兵力744(4609)
2025-07-22 10:15:43,609 - INFO -         [颜良]执行来自【十二奇策】的[十二奇谋]效果
2025-07-22 10:15:43,610 - INFO -         [颜良]的【先攻】降低30.00(162.20)
2025-07-22 10:15:43,610 - INFO -         [颜良]的【风暴】效果已施加
2025-07-22 10:15:43,610 - INFO -         [颜良]发动来自【临机制胜】的[临机制胜-制胜]效果, 但因几率未触发
2025-07-22 10:15:43,610 - INFO -         [颜良]执行来自【临机制胜】的[临机制胜-制胜]效果
2025-07-22 10:15:43,610 - INFO -         [许褚]由于[诸葛亮]【临机制胜】的[临机制胜-制胜]效果,损失了兵力162(6233)
2025-07-22 10:15:43,610 - INFO -         [诸葛亮]触发攻心
2025-07-22 10:15:43,610 - INFO -         [诸葛亮]由于[SP诸葛亮]【十二奇策】的[断粮]效果治疗效率降为30%
2025-07-22 10:15:43,610 - INFO -         [诸葛亮]恢复了兵力26(3317)
2025-07-22 10:15:43,610 - INFO -         [诸葛亮]由于[诸葛亮]【临机制胜】的[临机制胜-制胜]效果,损失了兵力101(5767)
2025-07-22 10:15:43,611 - INFO -         [诸葛亮]触发攻心
2025-07-22 10:15:43,611 - INFO -         [诸葛亮]由于[SP诸葛亮]【十二奇策】的[断粮]效果治疗效率降为30%
2025-07-22 10:15:43,611 - INFO -         [诸葛亮]恢复了兵力16(3317)
2025-07-22 10:15:43,611 - INFO -         [诸葛亮]执行来自【草船借箭】的[草船借箭]效果
2025-07-22 10:15:43,611 - INFO -         [颜良]由于[诸葛亮]【草船借箭】的[草船借箭]效果,损失了兵力476(4133)
2025-07-22 10:15:43,611 - INFO -         [诸葛亮]触发攻心
2025-07-22 10:15:43,612 - INFO -         [诸葛亮]恢复了兵力114(5767)
2025-07-22 10:15:43,612 - INFO -         [颜良]执行来自【临机制胜】的[临机制胜-制胜]效果
2025-07-22 10:15:43,612 - INFO -         [SP诸葛亮]由于[诸葛亮]【十二奇策】的[虚弱]效果造成伤害减少70%
2025-07-22 10:15:43,612 - INFO -         [诸葛亮]由于[SP诸葛亮]【临机制胜】的[临机制胜-制胜]效果,损失了兵力160(3157)
2025-07-22 10:15:43,612 - INFO -         [诸葛亮]发动来自【草船借箭】的[草船借箭]效果, 但因几率未触发
2025-07-22 10:15:43,612 - INFO -         [SP诸葛亮]由于[诸葛亮]【十二奇策】的[虚弱]效果造成伤害减少70%
2025-07-22 10:15:43,612 - INFO -         [周瑜]由于[SP诸葛亮]【临机制胜】的[临机制胜-制胜]效果,损失了兵力168(6908)
2025-07-22 10:15:43,613 - INFO -         [SP诸葛亮]由于[诸葛亮]【十二奇策】的[虚弱]效果造成伤害减少70%
2025-07-22 10:15:43,613 - INFO -         [周瑜]由于[SP诸葛亮]的【十二奇策】的伤害,损失了兵力617(6291)
2025-07-22 10:15:43,613 - INFO -         [周瑜]执行来自【十二奇策】的[十二奇谋]效果
2025-07-22 10:15:43,615 - INFO -         [周瑜]的【混乱】效果已施加
2025-07-22 10:15:43,615 - INFO -         [周瑜]执行来自【临机制胜】的[临机制胜-制胜]效果
2025-07-22 10:15:43,615 - INFO -         [诸葛亮]由于[周瑜]【临机制胜】的[临机制胜-制胜]效果,损失了兵力162(5605)
2025-07-22 10:15:43,615 - INFO -         [诸葛亮]执行来自【草船借箭】的[草船借箭]效果
2025-07-22 10:15:43,615 - INFO -         [诸葛亮]由于[诸葛亮]【草船借箭】的[草船借箭]效果,损失了兵力302(2855)
2025-07-22 10:15:43,615 - INFO -         [诸葛亮]触发攻心
2025-07-22 10:15:43,615 - INFO -         [诸葛亮]恢复了兵力72(5605)
2025-07-22 10:15:43,616 - INFO -         [诸葛亮]执行来自【草船借箭】的[草船借箭]效果
2025-07-22 10:15:43,616 - INFO -         [SP诸葛亮]由于[诸葛亮]【草船借箭】的[草船借箭]效果,损失了兵力111(6725)
2025-07-22 10:15:43,616 - INFO -         [诸葛亮]触发攻心
2025-07-22 10:15:43,616 - INFO -         [诸葛亮]由于[SP诸葛亮]【十二奇策】的[断粮]效果治疗效率降为30%
2025-07-22 10:15:43,616 - INFO -         [诸葛亮]恢复了兵力18(2855)
2025-07-22 10:15:43,616 - INFO -         [许褚]由于[周瑜]【临机制胜】的[临机制胜-制胜]效果,损失了兵力252(5981)
2025-07-22 10:15:43,617 - INFO -         [周瑜]执行来自【临机制胜】的[临机制胜-制胜]效果
2025-07-22 10:15:43,617 - INFO -         [SP诸葛亮]由于[诸葛亮]【临机制胜】的[临机制胜-制胜]效果,损失了兵力83(6642)
2025-07-22 10:15:43,617 - INFO -         [诸葛亮]触发攻心
2025-07-22 10:15:43,617 - INFO -         [诸葛亮]由于[SP诸葛亮]【十二奇策】的[断粮]效果治疗效率降为30%
2025-07-22 10:15:43,617 - INFO -         [诸葛亮]恢复了兵力14(2855)
2025-07-22 10:15:43,617 - INFO -         [许褚]由于[诸葛亮]【临机制胜】的[临机制胜-制胜]效果,损失了兵力152(5829)
2025-07-22 10:15:43,617 - INFO -         [诸葛亮]触发攻心
2025-07-22 10:15:43,617 - INFO -         [诸葛亮]由于[SP诸葛亮]【十二奇策】的[断粮]效果治疗效率降为30%
2025-07-22 10:15:43,617 - INFO -         [诸葛亮]恢复了兵力25(2855)
2025-07-22 10:15:43,618 - INFO -         [诸葛亮]执行来自【临机制胜】的[临机制胜-恢复]效果
2025-07-22 10:15:43,618 - INFO -         [诸葛亮]由于[SP诸葛亮]【十二奇策】的[断粮]效果治疗效率降为30%
2025-07-22 10:15:43,618 - INFO -         [诸葛亮]恢复了兵力374(2855)
2025-07-22 10:15:43,618 - INFO -         [颜良]恢复了兵力535(4133)
2025-07-22 10:15:43,618 - INFO -         [周瑜]恢复了兵力535(6291)
2025-07-22 10:15:43,618 - INFO -         [周瑜]发动来自【临机制胜】的[临机制胜-制胜]效果, 但因几率未触发
2025-07-22 10:15:43,618 - INFO -     [SP诸葛亮]对[诸葛亮]发动普通攻击
2025-07-22 10:15:43,618 - INFO -         [SP诸葛亮]由于[诸葛亮]【十二奇策】的[虚弱]效果造成伤害减少70%
2025-07-22 10:15:43,618 - INFO -         [诸葛亮]损失了兵力155(2700)
2025-07-22 10:15:43,619 - INFO -         [诸葛亮]执行来自【草船借箭】的[草船借箭]效果
2025-07-22 10:15:43,619 - INFO -         [SP诸葛亮]由于[诸葛亮]【草船借箭】的[草船借箭]效果,损失了兵力109(6533)
2025-07-22 10:15:43,619 - INFO -         [诸葛亮]触发攻心
2025-07-22 10:15:43,619 - INFO -         [诸葛亮]由于[SP诸葛亮]【十二奇策】的[断粮]效果治疗效率降为30%
2025-07-22 10:15:43,619 - INFO -         [诸葛亮]恢复了兵力18(2700)
2025-07-22 10:15:43,619 - INFO - 
[第 4 回合]
2025-07-22 10:15:43,619 - INFO - [许褚]开始行动
2025-07-22 10:15:43,620 - INFO -         [许褚]的【虚弱】效果已消失
2025-07-22 10:15:43,620 - INFO -     [许褚]执行来自【星罗棋布】的[星罗棋布-双前排阵型]效果
2025-07-22 10:15:43,620 - INFO -         [周瑜]由于[许褚]【星罗棋布】的[星罗棋布-双前排阵型]效果,损失了兵力368(5923)
2025-07-22 10:15:43,620 - INFO -         [颜良]由于[许褚]【星罗棋布】的[星罗棋布-双前排阵型]效果,损失了兵力475(3658)
2025-07-22 10:15:43,620 - INFO -     [许褚]对[诸葛亮]发动普通攻击
2025-07-22 10:15:43,620 - INFO -         [诸葛亮]损失了兵力242(2458)
2025-07-22 10:15:43,621 - INFO -         [诸葛亮]发动来自【草船借箭】的[草船借箭]效果, 但因几率未触发
2025-07-22 10:15:43,621 - INFO -     [许褚]发动战法【膂力过人】
2025-07-22 10:15:43,621 - INFO -         [诸葛亮]由于[许褚]的【膂力过人】的伤害,损失了兵力363(2095)
2025-07-22 10:15:43,621 - INFO -         [诸葛亮]执行来自【草船借箭】的[草船借箭]效果
2025-07-22 10:15:43,621 - INFO -         [诸葛亮]由于[诸葛亮]【草船借箭】的[草船借箭]效果,损失了兵力112(5493)
2025-07-22 10:15:43,621 - INFO -         [诸葛亮]触发攻心
2025-07-22 10:15:43,621 - INFO -         [诸葛亮]由于[SP诸葛亮]【十二奇策】的[断粮]效果治疗效率降为30%
2025-07-22 10:15:43,621 - INFO -         [诸葛亮]恢复了兵力18(2095)
2025-07-22 10:15:43,621 - INFO -         [诸葛亮]执行来自【草船借箭】的[草船借箭]效果
2025-07-22 10:15:43,621 - INFO -         [周瑜]由于[诸葛亮]【草船借箭】的[草船借箭]效果,损失了兵力316(5607)
2025-07-22 10:15:43,621 - INFO -         [诸葛亮]触发攻心
2025-07-22 10:15:43,621 - INFO -         [诸葛亮]恢复了兵力75(5493)
2025-07-22 10:15:43,622 - INFO -     [诸葛亮]执行来自【膂力过人】的[膂力过人]效果
2025-07-22 10:15:43,622 - INFO -         [诸葛亮]由于[许褚]【膂力过人】的[膂力过人]效果,损失了兵力169(1926)
2025-07-22 10:15:43,622 - INFO -         [诸葛亮]发动来自【草船借箭】的[草船借箭]效果, 但因几率未触发
2025-07-22 10:15:43,622 - INFO -     [许褚]进行连击
2025-07-22 10:15:43,622 - INFO -     [许褚]对[诸葛亮]发动普通攻击
2025-07-22 10:15:43,622 - INFO -         [诸葛亮]损失了兵力242(1684)
2025-07-22 10:15:43,622 - INFO -         [诸葛亮]执行来自【草船借箭】的[草船借箭]效果
2025-07-22 10:15:43,622 - INFO -         [诸葛亮]由于[诸葛亮]【草船借箭】的[草船借箭]效果,损失了兵力103(5390)
2025-07-22 10:15:43,623 - INFO -         [诸葛亮]触发攻心
2025-07-22 10:15:43,623 - INFO -         [诸葛亮]由于[SP诸葛亮]【十二奇策】的[断粮]效果治疗效率降为30%
2025-07-22 10:15:43,623 - INFO -         [诸葛亮]恢复了兵力16(1684)
2025-07-22 10:15:43,623 - INFO -         [诸葛亮]执行来自【草船借箭】的[草船借箭]效果
2025-07-22 10:15:43,623 - INFO -         [周瑜]由于[诸葛亮]【草船借箭】的[草船借箭]效果,损失了兵力314(5293)
2025-07-22 10:15:43,623 - INFO -         [诸葛亮]触发攻心
2025-07-22 10:15:43,623 - INFO -         [诸葛亮]恢复了兵力75(5390)
2025-07-22 10:15:43,623 - INFO -     [许褚]发动战法【膂力过人】
2025-07-22 10:15:43,623 - INFO -         [诸葛亮]由于[许褚]的【膂力过人】的伤害,损失了兵力363(1321)
2025-07-22 10:15:43,623 - INFO -         [诸葛亮]发动来自【草船借箭】的[草船借箭]效果, 但因几率未触发
2025-07-22 10:15:43,624 - INFO -     [诸葛亮]执行来自【膂力过人】的[膂力过人]效果
2025-07-22 10:15:43,624 - INFO -         [诸葛亮]由于[许褚]【膂力过人】的[膂力过人]效果,损失了兵力169(1152)
2025-07-22 10:15:43,624 - INFO -         [诸葛亮]执行来自【草船借箭】的[草船借箭]效果
2025-07-22 10:15:43,624 - INFO -         [SP诸葛亮]由于[诸葛亮]【草船借箭】的[草船借箭]效果,损失了兵力80(6453)
2025-07-22 10:15:43,624 - INFO -         [诸葛亮]触发攻心
2025-07-22 10:15:43,624 - INFO -         [诸葛亮]由于[SP诸葛亮]【十二奇策】的[断粮]效果治疗效率降为30%
2025-07-22 10:15:43,624 - INFO -         [诸葛亮]恢复了兵力13(1152)
2025-07-22 10:15:43,624 - INFO - [颜良]开始行动
2025-07-22 10:15:43,625 - INFO -     [颜良]对[许褚]发动普通攻击
2025-07-22 10:15:43,625 - INFO -         [许褚]损失了兵力239(5590)
2025-07-22 10:15:43,625 - INFO -     [颜良]发动战法【膂力过人】
2025-07-22 10:15:43,625 - INFO -         [许褚]由于[颜良]的【膂力过人】的伤害,损失了兵力359(5231)
2025-07-22 10:15:43,625 - INFO - [周瑜]开始行动
2025-07-22 10:15:43,625 - INFO -         [周瑜]的【缴械】效果已消失
2025-07-22 10:15:43,626 - INFO -     [周瑜]由于[SP诸葛亮]【十二奇策】的「混乱」效果
2025-07-22 10:15:43,626 - INFO -     [周瑜]对[诸葛亮]发动普通攻击
2025-07-22 10:15:43,626 - INFO -         [诸葛亮]损失了兵力174(5216)
2025-07-22 10:15:43,626 - INFO -         [诸葛亮]发动来自【草船借箭】的[草船借箭]效果, 但因几率未触发
2025-07-22 10:15:43,626 - INFO - [诸葛亮]开始行动
2025-07-22 10:15:43,626 - INFO -         [诸葛亮]的【洪水】效果已消失
2025-07-22 10:15:43,626 - INFO -         [诸葛亮]的【统帅】提升20.00(225.22)
2025-07-22 10:15:43,626 - INFO -     [诸葛亮]无法普攻
2025-07-22 10:15:43,627 - INFO - [诸葛亮]开始行动
2025-07-22 10:15:43,627 - INFO -         [诸葛亮]的【断粮】效果已消失
2025-07-22 10:15:43,627 - INFO -         [诸葛亮]因几率未发动战法【十二奇策】
2025-07-22 10:15:43,627 - INFO -     [诸葛亮]对[SP诸葛亮]发动普通攻击
2025-07-22 10:15:43,627 - INFO -         [SP诸葛亮]损失了兵力71(6382)
2025-07-22 10:15:43,628 - INFO - [SP诸葛亮]开始行动
2025-07-22 10:15:43,628 - INFO -         [SP诸葛亮]发动战法【十二奇策】
2025-07-22 10:15:43,628 - INFO -         [SP诸葛亮]由于[诸葛亮]【十二奇策】的[虚弱]效果造成伤害减少70%
2025-07-22 10:15:43,628 - INFO -         [诸葛亮]由于[SP诸葛亮]的【十二奇策】的伤害,损失了兵力572(580)
2025-07-22 10:15:43,628 - INFO -         [诸葛亮]发动来自【草船借箭】的[草船借箭]效果, 但因几率未触发
2025-07-22 10:15:43,628 - INFO -         [诸葛亮]执行来自【十二奇策】的[十二奇谋]效果
2025-07-22 10:15:43,628 - INFO -         [诸葛亮]的【智力】降低15.00(245.00)
2025-07-22 10:15:43,628 - INFO -         [诸葛亮]的【火攻】效果已施加
2025-07-22 10:15:43,629 - INFO -         [诸葛亮]发动来自【临机制胜】的[临机制胜-制胜]效果, 但因几率未触发
2025-07-22 10:15:43,629 - INFO -         [诸葛亮]执行来自【临机制胜】的[临机制胜-制胜]效果
2025-07-22 10:15:43,629 - INFO -         [许褚]由于[诸葛亮]【临机制胜】的[临机制胜-制胜]效果,损失了兵力85(5146)
2025-07-22 10:15:43,629 - INFO -         [诸葛亮]触发攻心
2025-07-22 10:15:43,629 - INFO -         [诸葛亮]恢复了兵力20(580)
2025-07-22 10:15:43,629 - INFO -         [诸葛亮]由于[诸葛亮]【临机制胜】的[临机制胜-制胜]效果,损失了兵力51(5165)
2025-07-22 10:15:43,629 - INFO -         [诸葛亮]触发攻心
2025-07-22 10:15:43,630 - INFO -         [诸葛亮]恢复了兵力12(580)
2025-07-22 10:15:43,630 - INFO -         [诸葛亮]执行来自【草船借箭】的[草船借箭]效果
2025-07-22 10:15:43,630 - INFO -         [诸葛亮]由于[诸葛亮]【草船借箭】的[草船借箭]效果,损失了兵力301(279)
2025-07-22 10:15:43,630 - INFO -         [诸葛亮]触发攻心
2025-07-22 10:15:43,630 - INFO -         [诸葛亮]恢复了兵力72(5165)
2025-07-22 10:15:43,630 - INFO -         [诸葛亮]执行来自【草船借箭】的[草船借箭]效果
2025-07-22 10:15:43,630 - INFO -         [诸葛亮]由于[诸葛亮]【草船借箭】的[草船借箭]效果,损失了兵力54(5111)
2025-07-22 10:15:43,630 - INFO -         [诸葛亮]触发攻心
2025-07-22 10:15:43,630 - INFO -         [诸葛亮]恢复了兵力13(279)
2025-07-22 10:15:43,631 - INFO -         [诸葛亮]发动来自【草船借箭】的[草船借箭]效果, 但因几率未触发
2025-07-22 10:15:43,631 - INFO -         [诸葛亮]执行来自【临机制胜】的[临机制胜-制胜]效果
2025-07-22 10:15:43,631 - INFO -         [SP诸葛亮]由于[诸葛亮]【十二奇策】的[虚弱]效果造成伤害减少70%
2025-07-22 10:15:43,631 - INFO -         [诸葛亮]由于[SP诸葛亮]【临机制胜】的[临机制胜-制胜]效果,损失了兵力159(120)
2025-07-22 10:15:43,631 - INFO -         [诸葛亮]执行来自【草船借箭】的[草船借箭]效果
2025-07-22 10:15:43,631 - INFO -         [SP诸葛亮]由于[诸葛亮]【草船借箭】的[草船借箭]效果,损失了兵力40(6342)
2025-07-22 10:15:43,631 - INFO -         [诸葛亮]触发攻心
2025-07-22 10:15:43,632 - INFO -         [诸葛亮]恢复了兵力9(120)
2025-07-22 10:15:43,632 - INFO -         [SP诸葛亮]由于[诸葛亮]【十二奇策】的[虚弱]效果造成伤害减少70%
2025-07-22 10:15:43,632 - INFO -         [颜良]由于[SP诸葛亮]【临机制胜】的[临机制胜-制胜]效果,损失了兵力197(3461)
2025-07-22 10:15:43,632 - INFO -         [SP诸葛亮]由于[诸葛亮]【十二奇策】的[虚弱]效果造成伤害减少70%
2025-07-22 10:15:43,632 - INFO -         [颜良]由于[SP诸葛亮]的【十二奇策】的伤害,损失了兵力723(2738)
2025-07-22 10:15:43,633 - INFO -         [颜良]执行来自【十二奇策】的[十二奇谋]效果
2025-07-22 10:15:43,633 - INFO -         [颜良]的【断粮】效果已施加
2025-07-22 10:15:43,634 - INFO -         [颜良]执行来自【临机制胜】的[临机制胜-制胜]效果
2025-07-22 10:15:43,634 - INFO -         [SP诸葛亮]由于[周瑜]【临机制胜】的[临机制胜-制胜]效果,损失了兵力133(6209)
2025-07-22 10:15:43,635 - INFO -         [许褚]由于[周瑜]【临机制胜】的[临机制胜-制胜]效果,损失了兵力237(4909)
2025-07-22 10:15:43,635 - INFO -         [颜良]执行来自【临机制胜】的[临机制胜-制胜]效果
2025-07-22 10:15:43,635 - INFO -         [诸葛亮]由于[诸葛亮]【临机制胜】的[临机制胜-制胜]效果,损失了兵力33(5078)
2025-07-22 10:15:43,635 - INFO -         [诸葛亮]触发攻心
2025-07-22 10:15:43,635 - INFO -         [诸葛亮]恢复了兵力8(120)
2025-07-22 10:15:43,635 - INFO -         [诸葛亮]执行来自【草船借箭】的[草船借箭]效果
2025-07-22 10:15:43,636 - INFO -         [诸葛亮]由于[诸葛亮]【草船借箭】的[草船借箭]效果,损失了兵力120(0)
2025-07-22 10:15:43,636 - INFO -         [诸葛亮]兵力为0 无法再战
2025-07-22 10:15:43,636 - INFO -         [许褚]的[十二奇策]效果已消失
2025-07-22 10:15:43,636 - INFO -         [许褚]的【虚弱】效果已消失
2025-07-22 10:15:43,636 - INFO -         [诸葛亮]的[十二奇策]效果已消失
2025-07-22 10:15:43,636 - INFO -         [诸葛亮]的【洪水】效果已消失
2025-07-22 10:15:43,636 - INFO -         [诸葛亮]的【统帅】提升20.00(245.22)
2025-07-22 10:15:43,636 - INFO -         [诸葛亮]的[十二奇策]效果已消失
2025-07-22 10:15:43,636 - INFO -         [诸葛亮]的【缴械】效果已消失
2025-07-22 10:15:43,636 - INFO -         [SP诸葛亮]的[十二奇策]效果已消失
2025-07-22 10:15:43,636 - INFO -         [SP诸葛亮]的【风暴】效果已消失
2025-07-22 10:15:43,636 - INFO -         [SP诸葛亮]的【先攻】提升30.00(144.85)
2025-07-22 10:15:43,637 - INFO -         [SP诸葛亮]的[十二奇策]效果已消失
2025-07-22 10:15:43,637 - INFO -         [SP诸葛亮]的【虚弱】效果已消失
2025-07-22 10:15:43,637 - INFO -         [许褚]的[十二奇策]效果已消失
2025-07-22 10:15:43,637 - INFO -         [许褚]的【火攻】效果已消失
2025-07-22 10:15:43,637 - INFO -         [许褚]的【智力】提升15.00(120.07)
2025-07-22 10:15:43,637 - INFO -         [诸葛亮]触发攻心
2025-07-22 10:15:43,637 - INFO -         [诸葛亮]恢复了兵力71(5078)
2025-07-22 10:15:43,637 - INFO -         [颜良]执行来自【临机制胜】的[临机制胜-制胜]效果
2025-07-22 10:15:43,637 - INFO -         [周瑜]由于[SP诸葛亮]【临机制胜】的[临机制胜-制胜]效果,损失了兵力232(5061)
2025-07-22 10:15:43,637 - INFO -         [颜良]由于[SP诸葛亮]【临机制胜】的[临机制胜-制胜]效果,损失了兵力279(2459)
2025-07-22 10:15:43,638 - INFO -     [SP诸葛亮]对[颜良]发动普通攻击
2025-07-22 10:15:43,638 - INFO -         [颜良]损失了兵力247(2212)
2025-07-22 10:15:43,638 - INFO - 
[第 5 回合]
2025-07-22 10:15:43,638 - INFO - [许褚]开始行动
2025-07-22 10:15:43,638 - INFO -     [许褚]执行来自【星罗棋布】的[星罗棋布-双前排阵型]效果
2025-07-22 10:15:43,639 - INFO -         [颜良]由于[许褚]【星罗棋布】的[星罗棋布-双前排阵型]效果,损失了兵力447(1765)
2025-07-22 10:15:43,639 - INFO -         [周瑜]由于[许褚]【星罗棋布】的[星罗棋布-双前排阵型]效果,损失了兵力347(4714)
2025-07-22 10:15:43,639 - INFO -     [许褚]对[颜良]发动普通攻击
2025-07-22 10:15:43,639 - INFO -         [颜良]损失了兵力279(1486)
2025-07-22 10:15:43,639 - INFO -     [许褚]发动战法【膂力过人】
2025-07-22 10:15:43,639 - INFO -         [颜良]由于[许褚]的【膂力过人】的伤害,损失了兵力419(1067)
2025-07-22 10:15:43,640 - INFO -     [颜良]执行来自【膂力过人】的[膂力过人]效果
2025-07-22 10:15:43,640 - INFO -         [颜良]由于[许褚]【膂力过人】的[膂力过人]效果,损失了兵力195(872)
2025-07-22 10:15:43,640 - INFO -     [许褚]进行连击
2025-07-22 10:15:43,640 - INFO -     [许褚]对[颜良]发动普通攻击
2025-07-22 10:15:43,640 - INFO -         [颜良]损失了兵力279(593)
2025-07-22 10:15:43,640 - INFO -     [许褚]发动战法【膂力过人】
2025-07-22 10:15:43,640 - INFO -         [颜良]由于[许褚]的【膂力过人】的伤害,损失了兵力419(174)
2025-07-22 10:15:43,640 - INFO -     [颜良]执行来自【膂力过人】的[膂力过人]效果
2025-07-22 10:15:43,640 - INFO -         [颜良]由于[许褚]【膂力过人】的[膂力过人]效果,损失了兵力174(0)
2025-07-22 10:15:43,641 - INFO -         [颜良]兵力为0 无法再战
2025-07-22 10:15:43,641 - INFO - [颜良]开始行动
2025-07-22 10:15:43,641 - INFO - [SP诸葛亮]开始行动
2025-07-22 10:15:43,641 - INFO -         [SP诸葛亮]发动战法【十二奇策】
2025-07-22 10:15:43,642 - INFO -         [周瑜]由于[SP诸葛亮]的【十二奇策】的伤害,损失了兵力850(3864)
2025-07-22 10:15:43,642 - INFO -         [周瑜]执行来自【十二奇策】的[十二奇谋]效果
2025-07-22 10:15:43,643 - INFO -         [周瑜]的【嘲讽】效果已施加
2025-07-22 10:15:43,643 - INFO -         [周瑜]发动来自【临机制胜】的[临机制胜-制胜]效果, 但因几率未触发
2025-07-22 10:15:43,643 - INFO -         [周瑜]执行来自【临机制胜】的[临机制胜-制胜]效果
2025-07-22 10:15:43,643 - INFO -         [SP诸葛亮]由于[周瑜]【临机制胜】的[临机制胜-制胜]效果,损失了兵力116(6093)
2025-07-22 10:15:43,644 - INFO -         [诸葛亮]由于[周瑜]【临机制胜】的[临机制胜-制胜]效果,损失了兵力126(4952)
2025-07-22 10:15:43,644 - INFO -         [诸葛亮]执行来自【草船借箭】的[草船借箭]效果
2025-07-22 10:15:43,644 - INFO -         [周瑜]由于[诸葛亮]【草船借箭】的[草船借箭]效果,损失了兵力305(3559)
2025-07-22 10:15:43,644 - INFO -         [诸葛亮]触发攻心
2025-07-22 10:15:43,644 - INFO -         [诸葛亮]恢复了兵力73(4952)
2025-07-22 10:15:43,644 - INFO -         [周瑜]执行来自【临机制胜】的[临机制胜-恢复]效果
2025-07-22 10:15:43,644 - INFO -         [周瑜]恢复了兵力552(3559)
2025-07-22 10:15:43,644 - INFO -     [SP诸葛亮]对[周瑜]发动普通攻击
2025-07-22 10:15:43,645 - INFO -         [周瑜]损失了兵力247(3312)
2025-07-22 10:15:43,645 - INFO - [周瑜]开始行动
2025-07-22 10:15:43,645 - INFO -     [周瑜]由于[SP诸葛亮]【十二奇策】的「混乱」效果
2025-07-22 10:15:43,645 - INFO -     [周瑜]对[许褚]发动普通攻击
2025-07-22 10:15:43,645 - INFO -         [许褚]损失了兵力172(4737)
2025-07-22 10:15:43,645 - INFO - [诸葛亮]开始行动
2025-07-22 10:15:43,646 - INFO -     [诸葛亮]对[周瑜]发动普通攻击
2025-07-22 10:15:43,646 - INFO -         [周瑜]损失了兵力151(3161)
2025-07-22 10:15:43,646 - INFO - 
[第 6 回合]
2025-07-22 10:15:43,646 - INFO - [许褚]开始行动
2025-07-22 10:15:43,646 - INFO -     [许褚]执行来自【星罗棋布】的[星罗棋布-双前排阵型]效果
2025-07-22 10:15:43,646 - INFO -         [周瑜]由于[许褚]【星罗棋布】的[星罗棋布-双前排阵型]效果,损失了兵力341(2820)
2025-07-22 10:15:43,647 - INFO -     [许褚]没有可攻击的敌方武将
2025-07-22 10:15:43,647 - INFO -     [许褚]对[周瑜]发动普通攻击
2025-07-22 10:15:43,647 - INFO -         [周瑜]损失了兵力213(2607)
2025-07-22 10:15:43,647 - INFO -     [许褚]发动战法【膂力过人】
2025-07-22 10:15:43,647 - INFO -         [周瑜]由于[许褚]的【膂力过人】的伤害,损失了兵力320(2287)
2025-07-22 10:15:43,647 - INFO -     [周瑜]执行来自【膂力过人】的[膂力过人]效果
2025-07-22 10:15:43,648 - INFO -         [周瑜]由于[许褚]【膂力过人】的[膂力过人]效果,损失了兵力149(2138)
2025-07-22 10:15:43,648 - INFO -     [许褚]进行连击
2025-07-22 10:15:43,648 - INFO -     [许褚]对[周瑜]发动普通攻击
2025-07-22 10:15:43,648 - INFO -         [周瑜]损失了兵力213(1925)
2025-07-22 10:15:43,648 - INFO -     [许褚]发动战法【膂力过人】
2025-07-22 10:15:43,648 - INFO -         [周瑜]由于[许褚]的【膂力过人】的伤害,损失了兵力320(1605)
2025-07-22 10:15:43,649 - INFO -     [周瑜]执行来自【膂力过人】的[膂力过人]效果
2025-07-22 10:15:43,649 - INFO -         [周瑜]由于[许褚]【膂力过人】的[膂力过人]效果,损失了兵力149(1456)
2025-07-22 10:15:43,649 - INFO - [SP诸葛亮]开始行动
2025-07-22 10:15:43,649 - INFO -         [SP诸葛亮]因几率未发动战法【十二奇策】
2025-07-22 10:15:43,650 - INFO -     [SP诸葛亮]对[周瑜]发动普通攻击
2025-07-22 10:15:43,650 - INFO -         [周瑜]损失了兵力247(1209)
2025-07-22 10:15:43,650 - INFO - [周瑜]开始行动
2025-07-22 10:15:43,650 - INFO -     [周瑜]由于[SP诸葛亮]【十二奇策】的「混乱」效果
2025-07-22 10:15:43,650 - INFO -     [周瑜]对[诸葛亮]发动普通攻击
2025-07-22 10:15:43,651 - INFO -         [诸葛亮]损失了兵力84(4868)
2025-07-22 10:15:43,651 - INFO -         [诸葛亮]执行来自【草船借箭】的[草船借箭]效果
2025-07-22 10:15:43,651 - INFO -         [周瑜]由于[诸葛亮]【草船借箭】的[草船借箭]效果,损失了兵力302(907)
2025-07-22 10:15:43,651 - INFO -         [诸葛亮]触发攻心
2025-07-22 10:15:43,651 - INFO -         [诸葛亮]恢复了兵力72(4868)
2025-07-22 10:15:43,652 - INFO - [诸葛亮]开始行动
2025-07-22 10:15:43,652 - INFO -     [诸葛亮]对[周瑜]发动普通攻击
2025-07-22 10:15:43,652 - INFO -         [周瑜]损失了兵力150(757)
2025-07-22 10:15:43,652 - INFO - 
[第 7 回合]
2025-07-22 10:15:43,652 - INFO - [许褚]开始行动
2025-07-22 10:15:43,652 - INFO -     [许褚]执行来自【星罗棋布】的[星罗棋布-双前排阵型]效果
2025-07-22 10:15:43,653 - INFO -         [周瑜]由于[许褚]【星罗棋布】的[星罗棋布-双前排阵型]效果,损失了兵力341(416)
2025-07-22 10:15:43,653 - INFO -     [许褚]对[周瑜]发动普通攻击
2025-07-22 10:15:43,653 - INFO -         [周瑜]损失了兵力213(203)
2025-07-22 10:15:43,653 - INFO -     [许褚]发动战法【膂力过人】
2025-07-22 10:15:43,653 - INFO -         [周瑜]由于[许褚]的【膂力过人】的伤害,损失了兵力203(0)
2025-07-22 10:15:43,653 - INFO -         [周瑜]兵力为0 无法再战
2025-07-22 10:15:43,653 - INFO -     [周瑜]执行来自【膂力过人】的[膂力过人]效果
2025-07-22 10:15:43,654 - INFO -     [许褚]进行连击
2025-07-22 10:15:43,654 - INFO -     [许褚]没有可攻击对象
2025-07-22 10:15:43,654 - INFO - [夫人队]战斗结束
2025-07-22 10:15:43,654 - INFO - ------------ 当前对 夫人队 的第 1 次对抗测试结束
2025-07-22 10:15:43,654 - INFO - ------------ [诸葛队] 获胜 0 场，[夫人队] 获胜 1 场
