2025-07-21 17:25:59,082 - INFO - ------------ 当前选择的模式是:1_VS_1
2025-07-21 17:25:59,085 - INFO - ------------ 由 [诸葛队] 对战 [夫人队]
2025-07-21 17:25:59,085 - INFO - ------------ 对抗的次数为 1
2025-07-21 17:25:59,085 - INFO - ------------ 当前第 1 次对抗测试
2025-07-21 17:25:59,095 - INFO - 
[第 1 局]
2025-07-21 17:25:59,095 - INFO - [列队布阵阶段]
2025-07-21 17:25:59,096 - INFO -     [诸葛队]当前补给为100,造成伤害降低0%
2025-07-21 17:25:59,096 - INFO -     [夫人队]当前补给为100,造成伤害降低0%
2025-07-21 17:25:59,096 - INFO -     [诸葛队]获得【阵型-萁型阵】强化效果
2025-07-21 17:25:59,096 - INFO -         [诸葛亮]的【受到伤害】降低6.00%(-6.00%)
2025-07-21 17:25:59,096 - INFO -         [颜良]的【造成伤害】提升12.00%(112.00%)
2025-07-21 17:25:59,096 - INFO -         [周瑜]的【造成伤害】提升12.00%(112.00%)
2025-07-21 17:25:59,096 - INFO -     [夫人队]获得【阵型-偃月阵】强化效果
2025-07-21 17:25:59,096 - INFO -         [SP诸葛亮]的【造成伤害】提升14.00%(114.00%)
2025-07-21 17:25:59,096 - INFO -         [诸葛亮]的【造成伤害】提升14.00%(114.00%)
2025-07-21 17:25:59,096 - INFO -         [许褚]的【受到伤害】降低5.00%(-5.00%)
2025-07-21 17:25:59,096 - INFO -     [SP诸葛亮]发动战法【星罗棋布】
2025-07-21 17:25:59,097 - INFO -         [SP诸葛亮]执行来自【星罗棋布】的[星罗棋布-阵型]效果
2025-07-21 17:25:59,097 - INFO -         [SP诸葛亮]的【造成伤害】提升14.54%(128.54%)
2025-07-21 17:25:59,097 - INFO -         [许褚]执行来自【星罗棋布】的[星罗棋布-阵型]效果
2025-07-21 17:25:59,097 - INFO -         [许褚]的【受到伤害】降低5.19%(-10.19%)
2025-07-21 17:25:59,097 - INFO -         [诸葛亮]执行来自【星罗棋布】的[星罗棋布-阵型]效果
2025-07-21 17:25:59,097 - INFO -         [诸葛亮]的【造成伤害】提升14.54%(128.54%)
2025-07-21 17:25:59,097 - INFO -    [夫人队]获得【蜀】强化效果,属性提升 5.0%
2025-07-21 17:25:59,097 - INFO -         [SP诸葛亮]的【武力】提升6.41(134.61)
2025-07-21 17:25:59,097 - INFO -         [SP诸葛亮]的【智力】提升13.00(273.00)
2025-07-21 17:25:59,097 - INFO -         [SP诸葛亮]的【统帅】提升10.24(215.04)
2025-07-21 17:25:59,097 - INFO -         [SP诸葛亮]的【先攻】提升6.90(144.85)
2025-07-21 17:25:59,097 - INFO -         [许褚]的【武力】提升11.89(249.64)
2025-07-21 17:25:59,097 - INFO -         [许褚]的【智力】提升5.72(120.07)
2025-07-21 17:25:59,097 - INFO -         [许褚]的【统帅】提升8.44(177.24)
2025-07-21 17:25:59,097 - INFO -         [许褚]的【先攻】提升9.30(195.30)
2025-07-21 17:25:59,097 - INFO -         [诸葛亮]的【武力】提升3.67(77.07)
2025-07-21 17:25:59,097 - INFO -         [诸葛亮]的【智力】提升15.50(325.50)
2025-07-21 17:25:59,098 - INFO -         [诸葛亮]的【统帅】提升10.73(225.22)
2025-07-21 17:25:59,098 - INFO -         [诸葛亮]的【先攻】提升6.56(137.81)
2025-07-21 17:25:59,098 - INFO -     [诸葛队]获得【兵种-弓】强化效果
2025-07-21 17:25:59,098 - INFO -         [诸葛亮]的【造成伤害】提升3.50%(103.50%)
2025-07-21 17:25:59,098 - INFO -         [颜良]的【造成伤害】提升3.50%(115.50%)
2025-07-21 17:25:59,098 - INFO -         [周瑜]的【造成伤害】提升3.50%(115.50%)
2025-07-21 17:25:59,098 - INFO -     [夫人队]获得【才堪相配】强化效果
2025-07-21 17:25:59,098 - INFO -         [SP诸葛亮]的【受治疗效果】提升8.00%(108.00%)
2025-07-21 17:25:59,098 - INFO -         [诸葛亮]的【受治疗效果】提升8.00%(108.00%)
2025-07-21 17:25:59,098 - INFO -     [许褚]发动战法【裸衣血战】
2025-07-21 17:25:59,098 - INFO -         [许褚]的【先攻】提升20.00(215.30)
2025-07-21 17:25:59,098 - INFO -         [许褚]的【武力】提升20.00(257.75)
2025-07-21 17:25:59,098 - INFO -         [许褚]的【连击几率】提升100.00%(100.00%)
2025-07-21 17:25:59,098 - INFO -         [许褚]的【统帅】降低15.00(162.24)
2025-07-21 17:25:59,098 - INFO -         [许褚]的【造成伤害】降低0.00%(100.00%)
2025-07-21 17:25:59,098 - INFO -     [周瑜]发动战法【临机制胜】
2025-07-21 17:25:59,099 - INFO -     [SP诸葛亮]发动战法【星罗棋布】
2025-07-21 17:25:59,099 - INFO -         [SP诸葛亮]的【受到谋略伤害】降低14.75%(-14.75%)
2025-07-21 17:25:59,099 - INFO -         [许褚]的【受到谋略伤害】降低11.34%(-11.34%)
2025-07-21 17:25:59,099 - INFO -         [诸葛亮]的【受到谋略伤害】降低11.34%(-11.34%)
2025-07-21 17:25:59,099 - INFO -         [SP诸葛亮]执行来自【星罗棋布】的[星罗棋布-额外效果]效果
2025-07-21 17:25:59,099 - INFO -         [SP诸葛亮]执行来自【星罗棋布】的[星罗棋布-双前排阵型]效果
2025-07-21 17:25:59,099 - INFO -         [许褚]的【对前排造成伤害】提升20.00%(120.00%)
2025-07-21 17:25:59,099 - INFO -         [许褚]的[星罗棋布-双前排阵型]效果已施加
2025-07-21 17:25:59,099 - INFO -     [SP诸葛亮]发动战法【临机制胜】
2025-07-21 17:25:59,099 - INFO -     [诸葛亮]发动战法【草船借箭】
2025-07-21 17:25:59,099 - INFO -         [诸葛亮]的【攻心】提升24.00%(24.00%)
2025-07-21 17:25:59,099 - INFO -     [诸葛亮]发动战法【临机制胜】
2025-07-21 17:25:59,099 - INFO -     [诸葛亮]发动战法【草船借箭】
2025-07-21 17:25:59,099 - INFO -         [诸葛亮]的【攻心】提升24.00%(24.00%)
2025-07-21 17:25:59,099 - INFO - 
[第 1 回合]
2025-07-21 17:25:59,099 - INFO - [许褚]开始行动
2025-07-21 17:25:59,100 - INFO -     [许褚]执行来自【星罗棋布】的[星罗棋布-双前排阵型]效果
2025-07-21 17:25:59,100 - INFO -         [颜良]由于[许褚]【星罗棋布】的[星罗棋布-双前排阵型]效果,损失了兵力564(9436)
2025-07-21 17:25:59,100 - INFO -         [诸葛亮]由于[许褚]【星罗棋布】的[星罗棋布-双前排阵型]效果,损失了兵力461(9539)
2025-07-21 17:25:59,100 - INFO -         [诸葛亮]发动来自【草船借箭】的[草船借箭]效果, 但因几率未触发
2025-07-21 17:25:59,100 - INFO -     [许褚]对[颜良]发动普通攻击
2025-07-21 17:25:59,100 - INFO -         [颜良]损失了兵力353(9083)
2025-07-21 17:25:59,101 - INFO -     [许褚]发动战法【膂力过人】
2025-07-21 17:25:59,101 - INFO -         [颜良]由于[许褚]的【膂力过人】的伤害,损失了兵力529(8554)
2025-07-21 17:25:59,101 - INFO -     [颜良]执行来自【膂力过人】的[膂力过人]效果
2025-07-21 17:25:59,101 - INFO -         [颜良]由于[许褚]【膂力过人】的[膂力过人]效果,损失了兵力247(8307)
2025-07-21 17:25:59,101 - INFO -     [许褚]进行连击
2025-07-21 17:25:59,101 - INFO -     [许褚]对[诸葛亮]发动普通攻击
2025-07-21 17:25:59,101 - INFO -         [诸葛亮]损失了兵力288(9251)
2025-07-21 17:25:59,101 - INFO -         [诸葛亮]发动来自【草船借箭】的[草船借箭]效果, 但因几率未触发
2025-07-21 17:25:59,101 - INFO -     [许褚]发动战法【膂力过人】
2025-07-21 17:25:59,101 - INFO -         [诸葛亮]由于[许褚]的【膂力过人】的伤害,损失了兵力432(8819)
2025-07-21 17:25:59,102 - INFO -         [诸葛亮]发动来自【草船借箭】的[草船借箭]效果, 但因几率未触发
2025-07-21 17:25:59,102 - INFO -     [诸葛亮]执行来自【膂力过人】的[膂力过人]效果
2025-07-21 17:25:59,102 - INFO -         [诸葛亮]由于[许褚]【膂力过人】的[膂力过人]效果,损失了兵力201(8618)
2025-07-21 17:25:59,102 - INFO -         [诸葛亮]发动来自【草船借箭】的[草船借箭]效果, 但因几率未触发
2025-07-21 17:25:59,102 - INFO - [颜良]开始行动
2025-07-21 17:25:59,102 - INFO -     [颜良]对[SP诸葛亮]发动普通攻击
2025-07-21 17:25:59,102 - INFO -         [SP诸葛亮]损失了兵力306(9694)
2025-07-21 17:25:59,103 - INFO -     [颜良]发动战法【膂力过人】
2025-07-21 17:25:59,103 - INFO -         [SP诸葛亮]由于[颜良]的【膂力过人】的伤害,损失了兵力460(9234)
2025-07-21 17:25:59,103 - INFO -     [SP诸葛亮]执行来自【膂力过人】的[膂力过人]效果
2025-07-21 17:25:59,103 - INFO -         [SP诸葛亮]由于[颜良]【膂力过人】的[膂力过人]效果,损失了兵力214(9020)
2025-07-21 17:25:59,103 - INFO - [SP诸葛亮]开始行动
2025-07-21 17:25:59,103 - INFO -         [SP诸葛亮]因几率未发动战法【十二奇策】
2025-07-21 17:25:59,103 - INFO -     [SP诸葛亮]对[颜良]发动普通攻击
2025-07-21 17:25:59,104 - INFO -         [颜良]损失了兵力287(8020)
2025-07-21 17:25:59,104 - INFO - [周瑜]开始行动
2025-07-21 17:25:59,104 - INFO -     [周瑜]对[诸葛亮]发动普通攻击
2025-07-21 17:25:59,104 - INFO -         [诸葛亮]损失了兵力198(9802)
2025-07-21 17:25:59,104 - INFO -         [诸葛亮]执行来自【草船借箭】的[草船借箭]效果
2025-07-21 17:25:59,104 - INFO -         [周瑜]由于[诸葛亮]【草船借箭】的[草船借箭]效果,损失了兵力383(9617)
2025-07-21 17:25:59,104 - INFO -         [诸葛亮]触发攻心
2025-07-21 17:25:59,105 - INFO -         [诸葛亮]恢复了兵力91(9802)
2025-07-21 17:25:59,105 - INFO - [诸葛亮]开始行动
2025-07-21 17:25:59,105 - INFO -     [诸葛亮]对[周瑜]发动普通攻击
2025-07-21 17:25:59,105 - INFO -         [周瑜]损失了兵力190(9427)
2025-07-21 17:25:59,105 - INFO - [诸葛亮]开始行动
2025-07-21 17:25:59,106 - INFO -         [诸葛亮]发动战法【十二奇策】
2025-07-21 17:25:59,106 - INFO -         [SP诸葛亮]由于[诸葛亮]的【十二奇策】的伤害,损失了兵力479(8541)
2025-07-21 17:25:59,106 - INFO -         [诸葛亮]触发攻心
2025-07-21 17:25:59,106 - INFO -         [诸葛亮]恢复了兵力115(8618)
2025-07-21 17:25:59,106 - INFO -         [SP诸葛亮]执行来自【十二奇策】的[十二奇谋]效果
2025-07-21 17:25:59,108 - INFO -         [SP诸葛亮]的【智力】降低15.00(258.00)
2025-07-21 17:25:59,108 - INFO -         [SP诸葛亮]的【火攻】效果已施加
2025-07-21 17:25:59,108 - INFO -         [SP诸葛亮]执行来自【临机制胜】的[临机制胜-制胜]效果
2025-07-21 17:25:59,108 - INFO -         [周瑜]由于[SP诸葛亮]【临机制胜】的[临机制胜-制胜]效果,损失了兵力249(9178)
2025-07-21 17:25:59,108 - INFO -         [诸葛亮]由于[SP诸葛亮]【临机制胜】的[临机制胜-制胜]效果,损失了兵力237(8381)
2025-07-21 17:25:59,108 - INFO -         [诸葛亮]执行来自【草船借箭】的[草船借箭]效果
2025-07-21 17:25:59,109 - INFO -         [诸葛亮]由于[诸葛亮]【草船借箭】的[草船借箭]效果,损失了兵力191(9611)
2025-07-21 17:25:59,109 - INFO -         [诸葛亮]触发攻心
2025-07-21 17:25:59,109 - INFO -         [诸葛亮]恢复了兵力45(8381)
2025-07-21 17:25:59,109 - INFO -         [诸葛亮]发动来自【草船借箭】的[草船借箭]效果, 但因几率未触发
2025-07-21 17:25:59,109 - INFO -         [SP诸葛亮]执行来自【临机制胜】的[临机制胜-制胜]效果
2025-07-21 17:25:59,109 - INFO -         [诸葛亮]由于[周瑜]【临机制胜】的[临机制胜-制胜]效果,损失了兵力182(9429)
2025-07-21 17:25:59,109 - INFO -         [诸葛亮]发动来自【草船借箭】的[草船借箭]效果, 但因几率未触发
2025-07-21 17:25:59,110 - INFO -         [SP诸葛亮]由于[周瑜]【临机制胜】的[临机制胜-制胜]效果,损失了兵力167(8374)
2025-07-21 17:25:59,110 - INFO -         [SP诸葛亮]发动来自【临机制胜】的[临机制胜-制胜]效果, 但因几率未触发
2025-07-21 17:25:59,110 - INFO -         [许褚]由于[诸葛亮]的【十二奇策】的伤害,损失了兵力841(9159)
2025-07-21 17:25:59,110 - INFO -         [诸葛亮]触发攻心
2025-07-21 17:25:59,110 - INFO -         [诸葛亮]恢复了兵力201(8381)
2025-07-21 17:25:59,111 - INFO -         [许褚]执行来自【十二奇策】的[十二奇谋]效果
2025-07-21 17:25:59,112 - INFO -         [许褚]的【先攻】降低30.00(185.30)
2025-07-21 17:25:59,112 - INFO -         [许褚]的【风暴】效果已施加
2025-07-21 17:25:59,112 - INFO -         [许褚]执行来自【临机制胜】的[临机制胜-制胜]效果
2025-07-21 17:25:59,112 - INFO -         [周瑜]由于[SP诸葛亮]【临机制胜】的[临机制胜-制胜]效果,损失了兵力247(8931)
2025-07-21 17:25:59,112 - INFO -         [诸葛亮]由于[SP诸葛亮]【临机制胜】的[临机制胜-制胜]效果,损失了兵力235(8146)
2025-07-21 17:25:59,113 - INFO -         [诸葛亮]执行来自【草船借箭】的[草船借箭]效果
2025-07-21 17:25:59,113 - INFO -         [SP诸葛亮]由于[诸葛亮]【草船借箭】的[草船借箭]效果,损失了兵力174(8200)
2025-07-21 17:25:59,113 - INFO -         [诸葛亮]触发攻心
2025-07-21 17:25:59,113 - INFO -         [诸葛亮]恢复了兵力41(8146)
2025-07-21 17:25:59,113 - INFO -         [许褚]执行来自【临机制胜】的[临机制胜-制胜]效果
2025-07-21 17:25:59,113 - INFO -         [SP诸葛亮]由于[周瑜]【临机制胜】的[临机制胜-制胜]效果,损失了兵力167(8033)
2025-07-21 17:25:59,113 - INFO -         [许褚]由于[周瑜]【临机制胜】的[临机制胜-制胜]效果,损失了兵力283(8876)
2025-07-21 17:25:59,114 - INFO -         [许褚]执行来自【临机制胜】的[临机制胜-制胜]效果
2025-07-21 17:25:59,114 - INFO -         [SP诸葛亮]由于[诸葛亮]【临机制胜】的[临机制胜-制胜]效果,损失了兵力130(7903)
2025-07-21 17:25:59,114 - INFO -         [诸葛亮]触发攻心
2025-07-21 17:25:59,114 - INFO -         [诸葛亮]恢复了兵力31(8146)
2025-07-21 17:25:59,114 - INFO -         [许褚]由于[诸葛亮]【临机制胜】的[临机制胜-制胜]效果,损失了兵力226(8650)
2025-07-21 17:25:59,114 - INFO -         [诸葛亮]触发攻心
2025-07-21 17:25:59,114 - INFO -         [诸葛亮]恢复了兵力54(8146)
2025-07-21 17:25:59,114 - INFO -     [诸葛亮]对[诸葛亮]发动普通攻击
2025-07-21 17:25:59,115 - INFO -         [诸葛亮]损失了兵力173(9256)
2025-07-21 17:25:59,115 - INFO -         [诸葛亮]执行来自【草船借箭】的[草船借箭]效果
2025-07-21 17:25:59,115 - INFO -         [诸葛亮]由于[诸葛亮]【草船借箭】的[草船借箭]效果,损失了兵力364(7782)
2025-07-21 17:25:59,115 - INFO -         [诸葛亮]触发攻心
2025-07-21 17:25:59,115 - INFO -         [诸葛亮]恢复了兵力87(9256)
2025-07-21 17:25:59,115 - INFO -         [诸葛亮]执行来自【草船借箭】的[草船借箭]效果
2025-07-21 17:25:59,115 - INFO -         [SP诸葛亮]由于[诸葛亮]【草船借箭】的[草船借箭]效果,损失了兵力170(7733)
2025-07-21 17:25:59,115 - INFO -         [诸葛亮]触发攻心
2025-07-21 17:25:59,115 - INFO -         [诸葛亮]恢复了兵力41(7782)
2025-07-21 17:25:59,116 - INFO - 
[第 2 回合]
2025-07-21 17:25:59,116 - INFO - [颜良]开始行动
2025-07-21 17:25:59,116 - INFO -     [颜良]对[诸葛亮]发动普通攻击
2025-07-21 17:25:59,116 - INFO -         [诸葛亮]损失了兵力248(9008)
2025-07-21 17:25:59,116 - INFO -         [诸葛亮]执行来自【草船借箭】的[草船借箭]效果
2025-07-21 17:25:59,116 - INFO -         [诸葛亮]由于[诸葛亮]【草船借箭】的[草船借箭]效果,损失了兵力364(7418)
2025-07-21 17:25:59,116 - INFO -         [诸葛亮]触发攻心
2025-07-21 17:25:59,116 - INFO -         [诸葛亮]恢复了兵力87(9008)
2025-07-21 17:25:59,117 - INFO -         [诸葛亮]执行来自【草船借箭】的[草船借箭]效果
2025-07-21 17:25:59,117 - INFO -         [SP诸葛亮]由于[诸葛亮]【草船借箭】的[草船借箭]效果,损失了兵力167(7566)
2025-07-21 17:25:59,117 - INFO -         [诸葛亮]触发攻心
2025-07-21 17:25:59,117 - INFO -         [诸葛亮]恢复了兵力40(7418)
2025-07-21 17:25:59,117 - INFO -     [颜良]发动战法【膂力过人】
2025-07-21 17:25:59,117 - INFO -         [诸葛亮]由于[颜良]的【膂力过人】的伤害,损失了兵力372(8636)
2025-07-21 17:25:59,118 - INFO -         [诸葛亮]发动来自【草船借箭】的[草船借箭]效果, 但因几率未触发
2025-07-21 17:25:59,118 - INFO -     [诸葛亮]执行来自【膂力过人】的[膂力过人]效果
2025-07-21 17:25:59,118 - INFO -         [诸葛亮]由于[颜良]【膂力过人】的[膂力过人]效果,损失了兵力173(8463)
2025-07-21 17:25:59,118 - INFO -         [诸葛亮]执行来自【草船借箭】的[草船借箭]效果
2025-07-21 17:25:59,118 - INFO -         [诸葛亮]由于[诸葛亮]【草船借箭】的[草船借箭]效果,损失了兵力354(7064)
2025-07-21 17:25:59,118 - INFO -         [诸葛亮]触发攻心
2025-07-21 17:25:59,118 - INFO -         [诸葛亮]恢复了兵力85(8463)
2025-07-21 17:25:59,118 - INFO -         [诸葛亮]执行来自【草船借箭】的[草船借箭]效果
2025-07-21 17:25:59,118 - INFO -         [诸葛亮]由于[诸葛亮]【草船借箭】的[草船借箭]效果,损失了兵力178(8285)
2025-07-21 17:25:59,118 - INFO -         [诸葛亮]触发攻心
2025-07-21 17:25:59,118 - INFO -         [诸葛亮]恢复了兵力42(7064)
2025-07-21 17:25:59,119 - INFO -         [诸葛亮]执行来自【草船借箭】的[草船借箭]效果
2025-07-21 17:25:59,119 - INFO -         [周瑜]由于[诸葛亮]【草船借箭】的[草船借箭]效果,损失了兵力369(8562)
2025-07-21 17:25:59,119 - INFO -         [诸葛亮]触发攻心
2025-07-21 17:25:59,119 - INFO -         [诸葛亮]恢复了兵力88(8285)
2025-07-21 17:25:59,119 - INFO - [许褚]开始行动
2025-07-21 17:25:59,119 - INFO -     [许褚]执行来自【星罗棋布】的[星罗棋布-双前排阵型]效果
2025-07-21 17:25:59,119 - INFO -         [诸葛亮]由于[许褚]【星罗棋布】的[星罗棋布-双前排阵型]效果,损失了兵力453(6611)
2025-07-21 17:25:59,119 - INFO -         [诸葛亮]发动来自【草船借箭】的[草船借箭]效果, 但因几率未触发
2025-07-21 17:25:59,120 - INFO -         [周瑜]由于[许褚]【星罗棋布】的[星罗棋布-双前排阵型]效果,损失了兵力430(8132)
2025-07-21 17:25:59,120 - INFO -     [许褚]对[周瑜]发动普通攻击
2025-07-21 17:25:59,120 - INFO -         [周瑜]损失了兵力268(7864)
2025-07-21 17:25:59,120 - INFO -     [许褚]发动战法【膂力过人】
2025-07-21 17:25:59,120 - INFO -         [周瑜]由于[许褚]的【膂力过人】的伤害,损失了兵力403(7461)
2025-07-21 17:25:59,120 - INFO -     [周瑜]执行来自【膂力过人】的[膂力过人]效果
2025-07-21 17:25:59,120 - INFO -         [周瑜]由于[许褚]【膂力过人】的[膂力过人]效果,损失了兵力188(7273)
2025-07-21 17:25:59,121 - INFO -     [许褚]进行连击
2025-07-21 17:25:59,121 - INFO -     [许褚]对[诸葛亮]发动普通攻击
2025-07-21 17:25:59,121 - INFO -         [诸葛亮]损失了兵力283(6328)
2025-07-21 17:25:59,121 - INFO -         [诸葛亮]发动来自【草船借箭】的[草船借箭]效果, 但因几率未触发
2025-07-21 17:25:59,121 - INFO -     [许褚]发动战法【膂力过人】
2025-07-21 17:25:59,121 - INFO -         [诸葛亮]由于[许褚]的【膂力过人】的伤害,损失了兵力424(5904)
2025-07-21 17:25:59,122 - INFO -         [诸葛亮]执行来自【草船借箭】的[草船借箭]效果
2025-07-21 17:25:59,122 - INFO -         [SP诸葛亮]由于[诸葛亮]【草船借箭】的[草船借箭]效果,损失了兵力153(7413)
2025-07-21 17:25:59,122 - INFO -         [诸葛亮]触发攻心
2025-07-21 17:25:59,122 - INFO -         [诸葛亮]恢复了兵力36(5904)
2025-07-21 17:25:59,122 - INFO -     [诸葛亮]执行来自【膂力过人】的[膂力过人]效果
2025-07-21 17:25:59,122 - INFO -         [诸葛亮]由于[许褚]【膂力过人】的[膂力过人]效果,损失了兵力198(5706)
2025-07-21 17:25:59,122 - INFO -         [诸葛亮]发动来自【草船借箭】的[草船借箭]效果, 但因几率未触发
2025-07-21 17:25:59,122 - INFO - [SP诸葛亮]开始行动
2025-07-21 17:25:59,123 - INFO -         [SP诸葛亮]因几率未发动战法【十二奇策】
2025-07-21 17:25:59,123 - INFO -     [SP诸葛亮]对[周瑜]发动普通攻击
2025-07-21 17:25:59,123 - INFO -         [周瑜]损失了兵力266(7007)
2025-07-21 17:25:59,123 - INFO - [周瑜]开始行动
2025-07-21 17:25:59,123 - INFO -     [周瑜]对[许褚]发动普通攻击
2025-07-21 17:25:59,124 - INFO -         [许褚]损失了兵力232(8418)
2025-07-21 17:25:59,124 - INFO - [诸葛亮]开始行动
2025-07-21 17:25:59,124 - INFO -     [诸葛亮]对[诸葛亮]发动普通攻击
2025-07-21 17:25:59,124 - INFO -         [诸葛亮]损失了兵力158(5548)
2025-07-21 17:25:59,124 - INFO -         [诸葛亮]执行来自【草船借箭】的[草船借箭]效果
2025-07-21 17:25:59,125 - INFO -         [诸葛亮]由于[诸葛亮]【草船借箭】的[草船借箭]效果,损失了兵力163(8122)
2025-07-21 17:25:59,125 - INFO -         [诸葛亮]触发攻心
2025-07-21 17:25:59,125 - INFO -         [诸葛亮]恢复了兵力39(5548)
2025-07-21 17:25:59,125 - INFO -         [诸葛亮]发动来自【草船借箭】的[草船借箭]效果, 但因几率未触发
2025-07-21 17:25:59,125 - INFO - [诸葛亮]开始行动
2025-07-21 17:25:59,125 - INFO -         [诸葛亮]发动战法【十二奇策】
2025-07-21 17:25:59,125 - INFO -         [SP诸葛亮]由于[诸葛亮]的【十二奇策】的伤害,损失了兵力414(6999)
2025-07-21 17:25:59,125 - INFO -         [诸葛亮]触发攻心
2025-07-21 17:25:59,125 - INFO -         [诸葛亮]恢复了兵力99(5548)
2025-07-21 17:25:59,125 - INFO -         [SP诸葛亮]执行来自【十二奇策】的[十二奇谋]效果
2025-07-21 17:25:59,126 - INFO -         [SP诸葛亮]的【震慑】效果已施加
2025-07-21 17:25:59,126 - INFO -         [SP诸葛亮]执行来自【临机制胜】的[临机制胜-制胜]效果
2025-07-21 17:25:59,127 - INFO -         [周瑜]由于[SP诸葛亮]【临机制胜】的[临机制胜-制胜]效果,损失了兵力230(6777)
2025-07-21 17:25:59,127 - INFO -         [诸葛亮]由于[SP诸葛亮]【临机制胜】的[临机制胜-制胜]效果,损失了兵力218(5330)
2025-07-21 17:25:59,127 - INFO -         [诸葛亮]执行来自【草船借箭】的[草船借箭]效果
2025-07-21 17:25:59,127 - INFO -         [诸葛亮]由于[诸葛亮]【草船借箭】的[草船借箭]效果,损失了兵力161(7961)
2025-07-21 17:25:59,127 - INFO -         [诸葛亮]触发攻心
2025-07-21 17:25:59,127 - INFO -         [诸葛亮]恢复了兵力38(5330)
2025-07-21 17:25:59,127 - INFO -         [诸葛亮]执行来自【草船借箭】的[草船借箭]效果
2025-07-21 17:25:59,127 - INFO -         [颜良]由于[诸葛亮]【草船借箭】的[草船借箭]效果,损失了兵力539(7481)
2025-07-21 17:25:59,127 - INFO -         [诸葛亮]触发攻心
2025-07-21 17:25:59,128 - INFO -         [诸葛亮]恢复了兵力129(7961)
2025-07-21 17:25:59,128 - INFO -         [SP诸葛亮]执行来自【临机制胜】的[临机制胜-制胜]效果
2025-07-21 17:25:59,128 - INFO -         [SP诸葛亮]由于[周瑜]【临机制胜】的[临机制胜-制胜]效果,损失了兵力149(6850)
2025-07-21 17:25:59,128 - INFO -         [诸葛亮]由于[周瑜]【临机制胜】的[临机制胜-制胜]效果,损失了兵力161(7800)
2025-07-21 17:25:59,128 - INFO -         [诸葛亮]执行来自【草船借箭】的[草船借箭]效果
2025-07-21 17:25:59,128 - INFO -         [颜良]由于[诸葛亮]【草船借箭】的[草船借箭]效果,损失了兵力534(6947)
2025-07-21 17:25:59,128 - INFO -         [诸葛亮]触发攻心
2025-07-21 17:25:59,128 - INFO -         [诸葛亮]恢复了兵力128(7800)
2025-07-21 17:25:59,129 - INFO -         [SP诸葛亮]执行来自【临机制胜】的[临机制胜-制胜]效果
2025-07-21 17:25:59,129 - INFO -         [许褚]由于[诸葛亮]【临机制胜】的[临机制胜-制胜]效果,损失了兵力193(8225)
2025-07-21 17:25:59,129 - INFO -         [诸葛亮]触发攻心
2025-07-21 17:25:59,129 - INFO -         [诸葛亮]恢复了兵力46(5330)
2025-07-21 17:25:59,129 - INFO -         [SP诸葛亮]由于[诸葛亮]【临机制胜】的[临机制胜-制胜]效果,损失了兵力111(6739)
2025-07-21 17:25:59,129 - INFO -         [诸葛亮]触发攻心
2025-07-21 17:25:59,129 - INFO -         [诸葛亮]恢复了兵力26(5330)
2025-07-21 17:25:59,129 - INFO -         [诸葛亮]由于[诸葛亮]的【十二奇策】的伤害,损失了兵力443(7357)
2025-07-21 17:25:59,129 - INFO -         [诸葛亮]触发攻心
2025-07-21 17:25:59,129 - INFO -         [诸葛亮]恢复了兵力106(5330)
2025-07-21 17:25:59,130 - INFO -         [诸葛亮]执行来自【十二奇策】的[十二奇谋]效果
2025-07-21 17:25:59,130 - INFO -         [诸葛亮]的【会心伤害】降低15.00%(135.00%)
2025-07-21 17:25:59,130 - INFO -         [诸葛亮]的【奇谋伤害】降低15.00%(135.00%)
2025-07-21 17:25:59,130 - INFO -         [诸葛亮]的【妖术】效果已施加
2025-07-21 17:25:59,130 - INFO -         [诸葛亮]发动来自【临机制胜】的[临机制胜-制胜]效果, 但因几率未触发
2025-07-21 17:25:59,130 - INFO -         [诸葛亮]执行来自【临机制胜】的[临机制胜-制胜]效果
2025-07-21 17:25:59,131 - INFO -         [许褚]由于[周瑜]【临机制胜】的[临机制胜-制胜]效果,损失了兵力253(7972)
2025-07-21 17:25:59,131 - INFO -         [SP诸葛亮]由于[周瑜]【临机制胜】的[临机制胜-制胜]效果,损失了兵力149(6590)
2025-07-21 17:25:59,131 - INFO -         [周瑜]执行来自【临机制胜】的[临机制胜-恢复]效果
2025-07-21 17:25:59,131 - INFO -         [颜良]恢复了兵力558(6947)
2025-07-21 17:25:59,131 - INFO -         [诸葛亮]恢复了兵力558(5330)
2025-07-21 17:25:59,131 - INFO -         [周瑜]恢复了兵力558(6777)
2025-07-21 17:25:59,131 - INFO -         [诸葛亮]执行来自【临机制胜】的[临机制胜-制胜]效果
2025-07-21 17:25:59,131 - INFO -         [诸葛亮]由于[诸葛亮]【临机制胜】的[临机制胜-制胜]效果,损失了兵力120(7237)
2025-07-21 17:25:59,132 - INFO -         [诸葛亮]触发攻心
2025-07-21 17:25:59,132 - INFO -         [诸葛亮]恢复了兵力29(5330)
2025-07-21 17:25:59,132 - INFO -         [SP诸葛亮]由于[诸葛亮]【临机制胜】的[临机制胜-制胜]效果,损失了兵力111(6479)
2025-07-21 17:25:59,132 - INFO -         [诸葛亮]触发攻心
2025-07-21 17:25:59,132 - INFO -         [诸葛亮]恢复了兵力26(5330)
2025-07-21 17:25:59,132 - INFO -     [诸葛亮]对[SP诸葛亮]发动普通攻击
2025-07-21 17:25:59,132 - INFO -         [SP诸葛亮]损失了兵力130(6349)
2025-07-21 17:25:59,132 - INFO - 
[第 3 回合]
2025-07-21 17:25:59,133 - INFO - [颜良]开始行动
2025-07-21 17:25:59,133 - INFO -     [颜良]对[诸葛亮]发动普通攻击
2025-07-21 17:25:59,133 - INFO -         [诸葛亮]损失了兵力234(7003)
2025-07-21 17:25:59,133 - INFO -         [诸葛亮]发动来自【草船借箭】的[草船借箭]效果, 但因几率未触发
2025-07-21 17:25:59,133 - INFO -     [颜良]发动战法【膂力过人】
2025-07-21 17:25:59,133 - INFO -         [诸葛亮]由于[颜良]的【膂力过人】的伤害,损失了兵力351(6652)
2025-07-21 17:25:59,133 - INFO -         [诸葛亮]执行来自【草船借箭】的[草船借箭]效果
2025-07-21 17:25:59,134 - INFO -         [诸葛亮]由于[诸葛亮]【草船借箭】的[草船借箭]效果,损失了兵力321(5009)
2025-07-21 17:25:59,134 - INFO -         [诸葛亮]触发攻心
2025-07-21 17:25:59,134 - INFO -         [诸葛亮]恢复了兵力77(6652)
2025-07-21 17:25:59,134 - INFO -         [诸葛亮]执行来自【草船借箭】的[草船借箭]效果
2025-07-21 17:25:59,135 - INFO -         [SP诸葛亮]由于[诸葛亮]【草船借箭】的[草船借箭]效果,损失了兵力145(6204)
2025-07-21 17:25:59,135 - INFO -         [诸葛亮]触发攻心
2025-07-21 17:25:59,135 - INFO -         [诸葛亮]恢复了兵力34(5009)
2025-07-21 17:25:59,135 - INFO -     [诸葛亮]执行来自【膂力过人】的[膂力过人]效果
2025-07-21 17:25:59,135 - INFO -         [诸葛亮]由于[颜良]【膂力过人】的[膂力过人]效果,损失了兵力163(6489)
2025-07-21 17:25:59,135 - INFO -         [诸葛亮]发动来自【草船借箭】的[草船借箭]效果, 但因几率未触发
2025-07-21 17:25:59,135 - INFO - [许褚]开始行动
2025-07-21 17:25:59,135 - INFO -     [许褚]执行来自【星罗棋布】的[星罗棋布-双前排阵型]效果
2025-07-21 17:25:59,135 - INFO -         [周瑜]由于[许褚]【星罗棋布】的[星罗棋布-双前排阵型]效果,损失了兵力415(6362)
2025-07-21 17:25:59,136 - INFO -         [诸葛亮]由于[许褚]【星罗棋布】的[星罗棋布-双前排阵型]效果,损失了兵力437(4572)
2025-07-21 17:25:59,136 - INFO -         [诸葛亮]发动来自【草船借箭】的[草船借箭]效果, 但因几率未触发
2025-07-21 17:25:59,136 - INFO -     [许褚]对[颜良]发动普通攻击
2025-07-21 17:25:59,136 - INFO -         [颜良]损失了兵力334(6613)
2025-07-21 17:25:59,136 - INFO -     [许褚]发动战法【膂力过人】
2025-07-21 17:25:59,136 - INFO -         [颜良]由于[许褚]的【膂力过人】的伤害,损失了兵力502(6111)
2025-07-21 17:25:59,137 - INFO -     [颜良]执行来自【膂力过人】的[膂力过人]效果
2025-07-21 17:25:59,137 - INFO -         [颜良]由于[许褚]【膂力过人】的[膂力过人]效果,损失了兵力234(5877)
2025-07-21 17:25:59,137 - INFO -     [许褚]进行连击
2025-07-21 17:25:59,137 - INFO -     [许褚]对[诸葛亮]发动普通攻击
2025-07-21 17:25:59,138 - INFO -         [诸葛亮]损失了兵力273(4299)
2025-07-21 17:25:59,138 - INFO -         [诸葛亮]执行来自【草船借箭】的[草船借箭]效果
2025-07-21 17:25:59,138 - INFO -         [SP诸葛亮]由于[诸葛亮]【草船借箭】的[草船借箭]效果,损失了兵力135(6069)
2025-07-21 17:25:59,138 - INFO -         [诸葛亮]触发攻心
2025-07-21 17:25:59,138 - INFO -         [诸葛亮]恢复了兵力32(4299)
2025-07-21 17:25:59,138 - INFO -     [许褚]发动战法【膂力过人】
2025-07-21 17:25:59,138 - INFO -         [诸葛亮]由于[许褚]的【膂力过人】的伤害,损失了兵力410(3889)
2025-07-21 17:25:59,138 - INFO -         [诸葛亮]执行来自【草船借箭】的[草船借箭]效果
2025-07-21 17:25:59,139 - INFO -         [SP诸葛亮]由于[诸葛亮]【草船借箭】的[草船借箭]效果,损失了兵力130(5939)
2025-07-21 17:25:59,139 - INFO -         [诸葛亮]触发攻心
2025-07-21 17:25:59,139 - INFO -         [诸葛亮]恢复了兵力31(3889)
2025-07-21 17:25:59,139 - INFO -     [诸葛亮]执行来自【膂力过人】的[膂力过人]效果
2025-07-21 17:25:59,139 - INFO -         [诸葛亮]由于[许褚]【膂力过人】的[膂力过人]效果,损失了兵力191(3698)
2025-07-21 17:25:59,139 - INFO -         [诸葛亮]发动来自【草船借箭】的[草船借箭]效果, 但因几率未触发
2025-07-21 17:25:59,139 - INFO - [SP诸葛亮]开始行动
2025-07-21 17:25:59,139 - INFO - [SP诸葛亮]战法【十二奇策】无法释放
2025-07-21 17:25:59,140 - INFO -     [SP诸葛亮]无法普攻
2025-07-21 17:25:59,140 - INFO - [周瑜]开始行动
2025-07-21 17:25:59,140 - INFO -     [周瑜]对[许褚]发动普通攻击
2025-07-21 17:25:59,140 - INFO -         [许褚]损失了兵力223(7749)
2025-07-21 17:25:59,140 - INFO - [诸葛亮]开始行动
2025-07-21 17:25:59,141 - INFO -     [诸葛亮]对[诸葛亮]发动普通攻击
2025-07-21 17:25:59,141 - INFO -         [诸葛亮]损失了兵力144(3554)
2025-07-21 17:25:59,141 - INFO -         [诸葛亮]发动来自【草船借箭】的[草船借箭]效果, 但因几率未触发
2025-07-21 17:25:59,141 - INFO - [诸葛亮]开始行动
2025-07-21 17:25:59,141 - INFO -         [诸葛亮]发动战法【十二奇策】
2025-07-21 17:25:59,141 - INFO -         [诸葛亮]由于[诸葛亮]的【十二奇策】的伤害,损失了兵力373(6116)
2025-07-21 17:25:59,141 - INFO -         [诸葛亮]触发攻心
2025-07-21 17:25:59,141 - INFO -         [诸葛亮]恢复了兵力89(3554)
2025-07-21 17:25:59,142 - INFO -         [诸葛亮]执行来自【草船借箭】的[草船借箭]效果
2025-07-21 17:25:59,142 - INFO -         [颜良]由于[诸葛亮]【草船借箭】的[草船借箭]效果,损失了兵力486(5391)
2025-07-21 17:25:59,142 - INFO -         [诸葛亮]触发攻心
2025-07-21 17:25:59,142 - INFO -         [诸葛亮]恢复了兵力116(6116)
2025-07-21 17:25:59,142 - INFO -         [诸葛亮]执行来自【十二奇策】的[十二奇谋]效果
2025-07-21 17:25:59,142 - INFO -         [诸葛亮]的【先攻】降低30.00(107.81)
2025-07-21 17:25:59,142 - INFO -         [诸葛亮]的【风暴】效果已施加
2025-07-21 17:25:59,142 - INFO -         [诸葛亮]发动来自【临机制胜】的[临机制胜-制胜]效果, 但因几率未触发
2025-07-21 17:25:59,142 - INFO -         [诸葛亮]执行来自【临机制胜】的[临机制胜-制胜]效果
2025-07-21 17:25:59,142 - INFO -         [SP诸葛亮]由于[周瑜]【临机制胜】的[临机制胜-制胜]效果,损失了兵力145(5794)
2025-07-21 17:25:59,143 - INFO -         [许褚]由于[周瑜]【临机制胜】的[临机制胜-制胜]效果,损失了兵力247(7502)
2025-07-21 17:25:59,143 - INFO -         [诸葛亮]执行来自【临机制胜】的[临机制胜-制胜]效果
2025-07-21 17:25:59,143 - INFO -         [诸葛亮]由于[诸葛亮]【临机制胜】的[临机制胜-制胜]效果,损失了兵力101(6015)
2025-07-21 17:25:59,143 - INFO -         [诸葛亮]触发攻心
2025-07-21 17:25:59,143 - INFO -         [诸葛亮]恢复了兵力24(3554)
2025-07-21 17:25:59,143 - INFO -         [诸葛亮]执行来自【草船借箭】的[草船借箭]效果
2025-07-21 17:25:59,143 - INFO -         [诸葛亮]由于[诸葛亮]【草船借箭】的[草船借箭]效果,损失了兵力310(3244)
2025-07-21 17:25:59,143 - INFO -         [诸葛亮]触发攻心
2025-07-21 17:25:59,143 - INFO -         [诸葛亮]恢复了兵力74(6015)
2025-07-21 17:25:59,143 - INFO -         [诸葛亮]执行来自【草船借箭】的[草船借箭]效果
2025-07-21 17:25:59,144 - INFO -         [诸葛亮]由于[诸葛亮]【草船借箭】的[草船借箭]效果,损失了兵力130(5885)
2025-07-21 17:25:59,144 - INFO -         [诸葛亮]触发攻心
2025-07-21 17:25:59,144 - INFO -         [诸葛亮]恢复了兵力31(3244)
2025-07-21 17:25:59,144 - INFO -         [诸葛亮]发动来自【草船借箭】的[草船借箭]效果, 但因几率未触发
2025-07-21 17:25:59,144 - INFO -         [SP诸葛亮]由于[诸葛亮]【临机制胜】的[临机制胜-制胜]效果,损失了兵力90(5704)
2025-07-21 17:25:59,144 - INFO -         [诸葛亮]触发攻心
2025-07-21 17:25:59,144 - INFO -         [诸葛亮]恢复了兵力21(3244)
2025-07-21 17:25:59,144 - INFO -         [诸葛亮]执行来自【临机制胜】的[临机制胜-恢复]效果
2025-07-21 17:25:59,144 - INFO -         [颜良]恢复了兵力536(5391)
2025-07-21 17:25:59,144 - INFO -         [诸葛亮]恢复了兵力536(3244)
2025-07-21 17:25:59,144 - INFO -         [周瑜]恢复了兵力536(6362)
2025-07-21 17:25:59,145 - INFO -         [SP诸葛亮]由于[诸葛亮]的【十二奇策】的伤害,损失了兵力331(5373)
2025-07-21 17:25:59,145 - INFO -         [诸葛亮]触发攻心
2025-07-21 17:25:59,145 - INFO -         [诸葛亮]恢复了兵力79(3244)
2025-07-21 17:25:59,145 - INFO -         [SP诸葛亮]执行来自【十二奇策】的[十二奇谋]效果
2025-07-21 17:25:59,146 - INFO -         [SP诸葛亮]的【混乱】效果已施加
2025-07-21 17:25:59,146 - INFO -         [SP诸葛亮]执行来自【临机制胜】的[临机制胜-制胜]效果
2025-07-21 17:25:59,146 - INFO -         [诸葛亮]由于[SP诸葛亮]【临机制胜】的[临机制胜-制胜]效果,损失了兵力199(3045)
2025-07-21 17:25:59,146 - INFO -         [诸葛亮]发动来自【草船借箭】的[草船借箭]效果, 但因几率未触发
2025-07-21 17:25:59,147 - INFO -         [颜良]由于[SP诸葛亮]【临机制胜】的[临机制胜-制胜]效果,损失了兵力253(5138)
2025-07-21 17:25:59,147 - INFO -         [SP诸葛亮]执行来自【临机制胜】的[临机制胜-恢复]效果
2025-07-21 17:25:59,147 - INFO -         [诸葛亮]恢复了兵力539(5885)
2025-07-21 17:25:59,147 - INFO -         [SP诸葛亮]恢复了兵力539(5373)
2025-07-21 17:25:59,147 - INFO -         [许褚]恢复了兵力539(7502)
2025-07-21 17:25:59,147 - INFO -         [SP诸葛亮]执行来自【临机制胜】的[临机制胜-制胜]效果
2025-07-21 17:25:59,147 - INFO -         [SP诸葛亮]由于[周瑜]【临机制胜】的[临机制胜-制胜]效果,损失了兵力145(5228)
2025-07-21 17:25:59,147 - INFO -         [诸葛亮]由于[周瑜]【临机制胜】的[临机制胜-制胜]效果,损失了兵力158(5727)
2025-07-21 17:25:59,147 - INFO -         [诸葛亮]发动来自【草船借箭】的[草船借箭]效果, 但因几率未触发
2025-07-21 17:25:59,148 - INFO -         [SP诸葛亮]发动来自【临机制胜】的[临机制胜-制胜]效果, 但因几率未触发
2025-07-21 17:25:59,148 - INFO -     [诸葛亮]对[诸葛亮]发动普通攻击
2025-07-21 17:25:59,148 - INFO -         [诸葛亮]损失了兵力116(5611)
2025-07-21 17:25:59,148 - INFO -         [诸葛亮]执行来自【草船借箭】的[草船借箭]效果
2025-07-21 17:25:59,148 - INFO -         [颜良]由于[诸葛亮]【草船借箭】的[草船借箭]效果,损失了兵力472(4666)
2025-07-21 17:25:59,148 - INFO -         [诸葛亮]触发攻心
2025-07-21 17:25:59,148 - INFO -         [诸葛亮]恢复了兵力113(5611)
2025-07-21 17:25:59,148 - INFO - 
[第 4 回合]
2025-07-21 17:25:59,149 - INFO - [颜良]开始行动
2025-07-21 17:25:59,149 - INFO -     [颜良]对[SP诸葛亮]发动普通攻击
2025-07-21 17:25:59,149 - INFO -         [SP诸葛亮]损失了兵力245(4983)
2025-07-21 17:25:59,149 - INFO -     [颜良]发动战法【膂力过人】
2025-07-21 17:25:59,149 - INFO -         [SP诸葛亮]由于[颜良]的【膂力过人】的伤害,损失了兵力368(4615)
2025-07-21 17:25:59,149 - INFO -     [SP诸葛亮]执行来自【膂力过人】的[膂力过人]效果
2025-07-21 17:25:59,149 - INFO -         [SP诸葛亮]由于[颜良]【膂力过人】的[膂力过人]效果,损失了兵力172(4443)
2025-07-21 17:25:59,150 - INFO - [许褚]开始行动
2025-07-21 17:25:59,150 - INFO -         [许褚]的【风暴】效果已消失
2025-07-21 17:25:59,150 - INFO -         [许褚]的【先攻】提升30.00(215.30)
2025-07-21 17:25:59,150 - INFO -     [许褚]执行来自【星罗棋布】的[星罗棋布-双前排阵型]效果
2025-07-21 17:25:59,150 - INFO -         [颜良]由于[许褚]【星罗棋布】的[星罗棋布-双前排阵型]效果,损失了兵力522(4144)
2025-07-21 17:25:59,150 - INFO -     [许褚]对[颜良]发动普通攻击
2025-07-21 17:25:59,150 - INFO -         [颜良]损失了兵力326(3818)
2025-07-21 17:25:59,151 - INFO -     [许褚]发动战法【膂力过人】
2025-07-21 17:25:59,151 - INFO -         [颜良]由于[许褚]的【膂力过人】的伤害,损失了兵力489(3329)
2025-07-21 17:25:59,151 - INFO -     [颜良]执行来自【膂力过人】的[膂力过人]效果
2025-07-21 17:25:59,151 - INFO -         [颜良]由于[许褚]【膂力过人】的[膂力过人]效果,损失了兵力228(3101)
2025-07-21 17:25:59,151 - INFO -     [许褚]进行连击
2025-07-21 17:25:59,151 - INFO -     [许褚]对[颜良]发动普通攻击
2025-07-21 17:25:59,151 - INFO -         [颜良]损失了兵力326(2775)
2025-07-21 17:25:59,151 - INFO -     [许褚]发动战法【膂力过人】
2025-07-21 17:25:59,152 - INFO -         [颜良]由于[许褚]的【膂力过人】的伤害,损失了兵力489(2286)
2025-07-21 17:25:59,152 - INFO -     [颜良]执行来自【膂力过人】的[膂力过人]效果
2025-07-21 17:25:59,152 - INFO -         [颜良]由于[许褚]【膂力过人】的[膂力过人]效果,损失了兵力228(2058)
2025-07-21 17:25:59,152 - INFO - [SP诸葛亮]开始行动
2025-07-21 17:25:59,152 - INFO -         [SP诸葛亮]的【火攻】效果已消失
2025-07-21 17:25:59,152 - INFO -         [SP诸葛亮]的【智力】提升15.00(273.00)
2025-07-21 17:25:59,152 - INFO - [SP诸葛亮]战法【十二奇策】无法释放
2025-07-21 17:25:59,152 - INFO -     [SP诸葛亮]无法普攻
2025-07-21 17:25:59,153 - INFO - [周瑜]开始行动
2025-07-21 17:25:59,153 - INFO -     [周瑜]对[诸葛亮]发动普通攻击
2025-07-21 17:25:59,153 - INFO -         [诸葛亮]损失了兵力172(5439)
2025-07-21 17:25:59,153 - INFO -         [诸葛亮]执行来自【草船借箭】的[草船借箭]效果
2025-07-21 17:25:59,153 - INFO -         [诸葛亮]由于[诸葛亮]【草船借箭】的[草船借箭]效果,损失了兵力299(2746)
2025-07-21 17:25:59,153 - INFO -         [诸葛亮]触发攻心
2025-07-21 17:25:59,153 - INFO -         [诸葛亮]恢复了兵力71(5439)
2025-07-21 17:25:59,154 - INFO -         [诸葛亮]执行来自【草船借箭】的[草船借箭]效果
2025-07-21 17:25:59,154 - INFO -         [诸葛亮]由于[诸葛亮]【草船借箭】的[草船借箭]效果,损失了兵力122(5317)
2025-07-21 17:25:59,154 - INFO -         [诸葛亮]触发攻心
2025-07-21 17:25:59,154 - INFO -         [诸葛亮]恢复了兵力29(2746)
2025-07-21 17:25:59,154 - INFO -         [诸葛亮]执行来自【草船借箭】的[草船借箭]效果
2025-07-21 17:25:59,154 - INFO -         [诸葛亮]由于[诸葛亮]【草船借箭】的[草船借箭]效果,损失了兵力297(2449)
2025-07-21 17:25:59,154 - INFO -         [诸葛亮]触发攻心
2025-07-21 17:25:59,154 - INFO -         [诸葛亮]恢复了兵力71(5317)
2025-07-21 17:25:59,155 - INFO -         [诸葛亮]执行来自【草船借箭】的[草船借箭]效果
2025-07-21 17:25:59,155 - INFO -         [SP诸葛亮]由于[诸葛亮]【草船借箭】的[草船借箭]效果,损失了兵力105(4338)
2025-07-21 17:25:59,155 - INFO -         [诸葛亮]触发攻心
2025-07-21 17:25:59,155 - INFO -         [诸葛亮]恢复了兵力25(2449)
2025-07-21 17:25:59,155 - INFO - [诸葛亮]开始行动
2025-07-21 17:25:59,155 - INFO -         [诸葛亮]发动战法【十二奇策】
2025-07-21 17:25:59,156 - INFO -         [SP诸葛亮]由于[诸葛亮]的【十二奇策】的伤害,损失了兵力290(4048)
2025-07-21 17:25:59,156 - INFO -         [诸葛亮]触发攻心
2025-07-21 17:25:59,156 - INFO -         [诸葛亮]恢复了兵力69(2449)
2025-07-21 17:25:59,156 - INFO -         [SP诸葛亮]执行来自【十二奇策】的[十二奇谋]效果
2025-07-21 17:25:59,156 - INFO -         [SP诸葛亮]的【智力】降低15.00(258.00)
2025-07-21 17:25:59,156 - INFO -         [SP诸葛亮]的【火攻】效果已施加
2025-07-21 17:25:59,156 - INFO -         [SP诸葛亮]发动来自【临机制胜】的[临机制胜-制胜]效果, 但因几率未触发
2025-07-21 17:25:59,156 - INFO -         [SP诸葛亮]执行来自【临机制胜】的[临机制胜-制胜]效果
2025-07-21 17:25:59,157 - INFO -         [许褚]由于[周瑜]【临机制胜】的[临机制胜-制胜]效果,损失了兵力247(7255)
2025-07-21 17:25:59,157 - INFO -         [诸葛亮]由于[周瑜]【临机制胜】的[临机制胜-制胜]效果,损失了兵力158(5159)
2025-07-21 17:25:59,157 - INFO -         [诸葛亮]执行来自【草船借箭】的[草船借箭]效果
2025-07-21 17:25:59,157 - INFO -         [周瑜]由于[诸葛亮]【草船借箭】的[草船借箭]效果,损失了兵力309(6053)
2025-07-21 17:25:59,157 - INFO -         [诸葛亮]触发攻心
2025-07-21 17:25:59,157 - INFO -         [诸葛亮]恢复了兵力74(5159)
2025-07-21 17:25:59,157 - INFO -         [SP诸葛亮]执行来自【临机制胜】的[临机制胜-制胜]效果
2025-07-21 17:25:59,157 - INFO -         [SP诸葛亮]由于[诸葛亮]【临机制胜】的[临机制胜-制胜]效果,损失了兵力81(3967)
2025-07-21 17:25:59,157 - INFO -         [诸葛亮]触发攻心
2025-07-21 17:25:59,157 - INFO -         [诸葛亮]恢复了兵力19(2449)
2025-07-21 17:25:59,158 - INFO -         [许褚]由于[诸葛亮]【临机制胜】的[临机制胜-制胜]效果,损失了兵力140(7115)
2025-07-21 17:25:59,158 - INFO -         [诸葛亮]触发攻心
2025-07-21 17:25:59,158 - INFO -         [诸葛亮]恢复了兵力33(2449)
2025-07-21 17:25:59,158 - INFO -         [许褚]由于[诸葛亮]的【十二奇策】的伤害,损失了兵力515(6600)
2025-07-21 17:25:59,158 - INFO -         [诸葛亮]触发攻心
2025-07-21 17:25:59,158 - INFO -         [诸葛亮]恢复了兵力123(2449)
2025-07-21 17:25:59,158 - INFO -         [许褚]执行来自【十二奇策】的[十二奇谋]效果
2025-07-21 17:25:59,158 - INFO -         [许褚]的【先攻】降低30.00(185.30)
2025-07-21 17:25:59,158 - INFO -         [许褚]的【风暴】效果已施加
2025-07-21 17:25:59,158 - INFO -         [许褚]执行来自【临机制胜】的[临机制胜-制胜]效果
2025-07-21 17:25:59,159 - INFO -         [诸葛亮]由于[SP诸葛亮]【临机制胜】的[临机制胜-制胜]效果,损失了兵力175(2274)
2025-07-21 17:25:59,159 - INFO -         [诸葛亮]执行来自【草船借箭】的[草船借箭]效果
2025-07-21 17:25:59,159 - INFO -         [诸葛亮]由于[诸葛亮]【草船借箭】的[草船借箭]效果,损失了兵力113(5046)
2025-07-21 17:25:59,159 - INFO -         [诸葛亮]触发攻心
2025-07-21 17:25:59,159 - INFO -         [诸葛亮]恢复了兵力27(2274)
2025-07-21 17:25:59,159 - INFO -         [诸葛亮]发动来自【草船借箭】的[草船借箭]效果, 但因几率未触发
2025-07-21 17:25:59,159 - INFO -         [周瑜]由于[SP诸葛亮]【临机制胜】的[临机制胜-制胜]效果,损失了兵力184(5869)
2025-07-21 17:25:59,159 - INFO -         [许褚]发动来自【临机制胜】的[临机制胜-制胜]效果, 但因几率未触发
2025-07-21 17:25:59,159 - INFO -         [许褚]执行来自【临机制胜】的[临机制胜-制胜]效果
2025-07-21 17:25:59,160 - INFO -         [SP诸葛亮]由于[诸葛亮]【临机制胜】的[临机制胜-制胜]效果,损失了兵力78(3889)
2025-07-21 17:25:59,160 - INFO -         [诸葛亮]触发攻心
2025-07-21 17:25:59,160 - INFO -         [诸葛亮]恢复了兵力18(2274)
2025-07-21 17:25:59,160 - INFO -         [诸葛亮]由于[诸葛亮]【临机制胜】的[临机制胜-制胜]效果,损失了兵力85(4961)
2025-07-21 17:25:59,160 - INFO -         [诸葛亮]触发攻心
2025-07-21 17:25:59,160 - INFO -         [诸葛亮]恢复了兵力20(2274)
2025-07-21 17:25:59,160 - INFO -         [诸葛亮]执行来自【草船借箭】的[草船借箭]效果
2025-07-21 17:25:59,160 - INFO -         [颜良]由于[诸葛亮]【草船借箭】的[草船借箭]效果,损失了兵力453(1605)
2025-07-21 17:25:59,160 - INFO -         [诸葛亮]触发攻心
2025-07-21 17:25:59,160 - INFO -         [诸葛亮]恢复了兵力108(4961)
2025-07-21 17:25:59,161 - INFO -     [诸葛亮]对[诸葛亮]发动普通攻击
2025-07-21 17:25:59,161 - INFO -         [诸葛亮]损失了兵力104(4857)
2025-07-21 17:25:59,161 - INFO -         [诸葛亮]发动来自【草船借箭】的[草船借箭]效果, 但因几率未触发
2025-07-21 17:25:59,161 - INFO - [诸葛亮]开始行动
2025-07-21 17:25:59,161 - INFO -     [诸葛亮]对[诸葛亮]发动普通攻击
2025-07-21 17:25:59,161 - INFO -         [诸葛亮]损失了兵力129(2145)
2025-07-21 17:25:59,162 - INFO -         [诸葛亮]执行来自【草船借箭】的[草船借箭]效果
2025-07-21 17:25:59,162 - INFO -         [SP诸葛亮]由于[诸葛亮]【草船借箭】的[草船借箭]效果,损失了兵力102(3787)
2025-07-21 17:25:59,162 - INFO -         [诸葛亮]触发攻心
2025-07-21 17:25:59,162 - INFO -         [诸葛亮]恢复了兵力24(2145)
2025-07-21 17:25:59,162 - INFO - 
[第 5 回合]
2025-07-21 17:25:59,162 - INFO - [颜良]开始行动
2025-07-21 17:25:59,163 - INFO -     [颜良]对[诸葛亮]发动普通攻击
2025-07-21 17:25:59,163 - INFO -         [诸葛亮]损失了兵力130(4727)
2025-07-21 17:25:59,163 - INFO -         [诸葛亮]执行来自【草船借箭】的[草船借箭]效果
2025-07-21 17:25:59,163 - INFO -         [诸葛亮]由于[诸葛亮]【草船借箭】的[草船借箭]效果,损失了兵力283(1862)
2025-07-21 17:25:59,163 - INFO -         [诸葛亮]触发攻心
2025-07-21 17:25:59,163 - INFO -         [诸葛亮]恢复了兵力68(4727)
2025-07-21 17:25:59,163 - INFO -         [诸葛亮]发动来自【草船借箭】的[草船借箭]效果, 但因几率未触发
2025-07-21 17:25:59,163 - INFO -     [颜良]发动战法【膂力过人】
2025-07-21 17:25:59,164 - INFO -         [诸葛亮]由于[颜良]的【膂力过人】的伤害,损失了兵力195(4532)
2025-07-21 17:25:59,164 - INFO -         [诸葛亮]发动来自【草船借箭】的[草船借箭]效果, 但因几率未触发
2025-07-21 17:25:59,164 - INFO -     [诸葛亮]执行来自【膂力过人】的[膂力过人]效果
2025-07-21 17:25:59,164 - INFO -         [诸葛亮]由于[颜良]【膂力过人】的[膂力过人]效果,损失了兵力91(4441)
2025-07-21 17:25:59,164 - INFO -         [诸葛亮]执行来自【草船借箭】的[草船借箭]效果
2025-07-21 17:25:59,164 - INFO -         [诸葛亮]由于[诸葛亮]【草船借箭】的[草船借箭]效果,损失了兵力275(1587)
2025-07-21 17:25:59,164 - INFO -         [诸葛亮]触发攻心
2025-07-21 17:25:59,164 - INFO -         [诸葛亮]恢复了兵力66(4441)
2025-07-21 17:25:59,164 - INFO -         [诸葛亮]执行来自【草船借箭】的[草船借箭]效果
2025-07-21 17:25:59,164 - INFO -         [许褚]由于[诸葛亮]【草船借箭】的[草船借箭]效果,损失了兵力157(6443)
2025-07-21 17:25:59,164 - INFO -         [诸葛亮]触发攻心
2025-07-21 17:25:59,165 - INFO -         [诸葛亮]恢复了兵力37(1587)
2025-07-21 17:25:59,165 - INFO - [许褚]开始行动
2025-07-21 17:25:59,165 - INFO -     [许褚]执行来自【星罗棋布】的[星罗棋布-双前排阵型]效果
2025-07-21 17:25:59,165 - INFO -         [诸葛亮]由于[许褚]【星罗棋布】的[星罗棋布-双前排阵型]效果,损失了兵力402(1185)
2025-07-21 17:25:59,165 - INFO -         [诸葛亮]执行来自【草船借箭】的[草船借箭]效果
2025-07-21 17:25:59,165 - INFO -         [SP诸葛亮]由于[诸葛亮]【草船借箭】的[草船借箭]效果,损失了兵力82(3705)
2025-07-21 17:25:59,165 - INFO -         [诸葛亮]触发攻心
2025-07-21 17:25:59,165 - INFO -         [诸葛亮]恢复了兵力19(1185)
2025-07-21 17:25:59,166 - INFO -         [周瑜]由于[许褚]【星罗棋布】的[星罗棋布-双前排阵型]效果,损失了兵力382(5487)
2025-07-21 17:25:59,166 - INFO -     [许褚]对[颜良]发动普通攻击
2025-07-21 17:25:59,166 - INFO -         [颜良]损失了兵力307(1298)
2025-07-21 17:25:59,166 - INFO -     [许褚]发动战法【膂力过人】
2025-07-21 17:25:59,166 - INFO -         [颜良]由于[许褚]的【膂力过人】的伤害,损失了兵力461(837)
2025-07-21 17:25:59,166 - INFO -     [颜良]执行来自【膂力过人】的[膂力过人]效果
2025-07-21 17:25:59,166 - INFO -         [颜良]由于[许褚]【膂力过人】的[膂力过人]效果,损失了兵力215(622)
2025-07-21 17:25:59,167 - INFO -     [许褚]进行连击
2025-07-21 17:25:59,167 - INFO -     [许褚]对[诸葛亮]发动普通攻击
2025-07-21 17:25:59,167 - INFO -         [诸葛亮]损失了兵力251(934)
2025-07-21 17:25:59,167 - INFO -         [诸葛亮]发动来自【草船借箭】的[草船借箭]效果, 但因几率未触发
2025-07-21 17:25:59,167 - INFO -     [许褚]发动战法【膂力过人】
2025-07-21 17:25:59,167 - INFO -         [诸葛亮]由于[许褚]的【膂力过人】的伤害,损失了兵力377(557)
2025-07-21 17:25:59,167 - INFO -         [诸葛亮]执行来自【草船借箭】的[草船借箭]效果
2025-07-21 17:25:59,167 - INFO -         [许褚]由于[诸葛亮]【草船借箭】的[草船借箭]效果,损失了兵力114(6329)
2025-07-21 17:25:59,167 - INFO -         [诸葛亮]触发攻心
2025-07-21 17:25:59,168 - INFO -         [诸葛亮]恢复了兵力27(557)
2025-07-21 17:25:59,168 - INFO -     [诸葛亮]执行来自【膂力过人】的[膂力过人]效果
2025-07-21 17:25:59,168 - INFO -         [诸葛亮]由于[许褚]【膂力过人】的[膂力过人]效果,损失了兵力174(383)
2025-07-21 17:25:59,168 - INFO -         [诸葛亮]发动来自【草船借箭】的[草船借箭]效果, 但因几率未触发
2025-07-21 17:25:59,168 - INFO - [SP诸葛亮]开始行动
2025-07-21 17:25:59,168 - INFO - [SP诸葛亮]战法【十二奇策】无法释放
2025-07-21 17:25:59,168 - INFO -     [SP诸葛亮]无法普攻
2025-07-21 17:25:59,168 - INFO - [周瑜]开始行动
2025-07-21 17:25:59,169 - INFO -     [周瑜]对[诸葛亮]发动普通攻击
2025-07-21 17:25:59,169 - INFO -         [诸葛亮]损失了兵力163(4278)
2025-07-21 17:25:59,169 - INFO -         [诸葛亮]发动来自【草船借箭】的[草船借箭]效果, 但因几率未触发
2025-07-21 17:25:59,169 - INFO - [诸葛亮]开始行动
2025-07-21 17:25:59,169 - INFO -         [诸葛亮]因几率未发动战法【十二奇策】
2025-07-21 17:25:59,170 - INFO -     [诸葛亮]对[SP诸葛亮]发动普通攻击
2025-07-21 17:25:59,170 - INFO -         [SP诸葛亮]损失了兵力51(3654)
2025-07-21 17:25:59,170 - INFO - [诸葛亮]开始行动
2025-07-21 17:25:59,170 - INFO -         [诸葛亮]的【妖术】效果已消失
2025-07-21 17:25:59,170 - INFO -         [诸葛亮]的【会心伤害】提升15.00%(150.00%)
2025-07-21 17:25:59,171 - INFO -         [诸葛亮]的【奇谋伤害】提升15.00%(150.00%)
2025-07-21 17:25:59,171 - INFO -     [诸葛亮]对[诸葛亮]发动普通攻击
2025-07-21 17:25:59,171 - INFO -         [诸葛亮]损失了兵力122(261)
2025-07-21 17:25:59,171 - INFO -         [诸葛亮]发动来自【草船借箭】的[草船借箭]效果, 但因几率未触发
2025-07-21 17:25:59,171 - INFO - 
[第 6 回合]
2025-07-21 17:25:59,172 - INFO - [颜良]开始行动
2025-07-21 17:25:59,172 - INFO -     [颜良]对[诸葛亮]发动普通攻击
2025-07-21 17:25:59,172 - INFO -         [诸葛亮]损失了兵力99(4179)
2025-07-21 17:25:59,173 - INFO -         [诸葛亮]发动来自【草船借箭】的[草船借箭]效果, 但因几率未触发
2025-07-21 17:25:59,173 - INFO -     [颜良]发动战法【膂力过人】
2025-07-21 17:25:59,173 - INFO -         [诸葛亮]由于[颜良]的【膂力过人】的伤害,损失了兵力148(4031)
2025-07-21 17:25:59,173 - INFO -         [诸葛亮]发动来自【草船借箭】的[草船借箭]效果, 但因几率未触发
2025-07-21 17:25:59,173 - INFO -     [诸葛亮]执行来自【膂力过人】的[膂力过人]效果
2025-07-21 17:25:59,173 - INFO -         [诸葛亮]由于[颜良]【膂力过人】的[膂力过人]效果,损失了兵力69(3962)
2025-07-21 17:25:59,173 - INFO -         [诸葛亮]执行来自【草船借箭】的[草船借箭]效果
2025-07-21 17:25:59,173 - INFO -         [诸葛亮]由于[诸葛亮]【草船借箭】的[草船借箭]效果,损失了兵力261(0)
2025-07-21 17:25:59,174 - INFO -         [诸葛亮]兵力为0 无法再战
2025-07-21 17:25:59,174 - INFO -         [SP诸葛亮]的[十二奇策]效果已消失
2025-07-21 17:25:59,174 - INFO -         [SP诸葛亮]的【火攻】效果已消失
2025-07-21 17:25:59,174 - INFO -         [SP诸葛亮]的【智力】提升15.00(273.00)
2025-07-21 17:25:59,174 - INFO -         [许褚]的[十二奇策]效果已消失
2025-07-21 17:25:59,174 - INFO -         [许褚]的【风暴】效果已消失
2025-07-21 17:25:59,174 - INFO -         [许褚]的【先攻】提升30.00(215.30)
2025-07-21 17:25:59,174 - INFO -         [SP诸葛亮]的[十二奇策]效果已消失
2025-07-21 17:25:59,174 - INFO -         [SP诸葛亮]的【震慑】效果已消失
2025-07-21 17:25:59,174 - INFO -         [诸葛亮]的[十二奇策]效果已消失
2025-07-21 17:25:59,174 - INFO -         [诸葛亮]的【妖术】效果已消失
2025-07-21 17:25:59,174 - INFO -         [诸葛亮]的【会心伤害】提升15.00%(165.00%)
2025-07-21 17:25:59,174 - INFO -         [诸葛亮]的【奇谋伤害】提升15.00%(165.00%)
2025-07-21 17:25:59,174 - INFO -         [诸葛亮]的[十二奇策]效果已消失
2025-07-21 17:25:59,174 - INFO -         [诸葛亮]的【风暴】效果已消失
2025-07-21 17:25:59,174 - INFO -         [诸葛亮]的【先攻】提升30.00(137.81)
2025-07-21 17:25:59,174 - INFO -         [SP诸葛亮]的[十二奇策]效果已消失
2025-07-21 17:25:59,174 - INFO -         [SP诸葛亮]的【混乱】效果已消失
2025-07-21 17:25:59,174 - INFO -         [SP诸葛亮]的[十二奇策]效果已消失
2025-07-21 17:25:59,174 - INFO -         [SP诸葛亮]的【火攻】效果已消失
2025-07-21 17:25:59,174 - INFO -         [SP诸葛亮]的【智力】提升15.00(288.00)
2025-07-21 17:25:59,175 - INFO -         [许褚]的[十二奇策]效果已消失
2025-07-21 17:25:59,175 - INFO -         [许褚]的【风暴】效果已消失
2025-07-21 17:25:59,175 - INFO -         [许褚]的【先攻】提升30.00(245.30)
2025-07-21 17:25:59,175 - INFO -         [诸葛亮]触发攻心
2025-07-21 17:25:59,175 - INFO -         [诸葛亮]恢复了兵力63(3962)
2025-07-21 17:25:59,175 - INFO - [许褚]开始行动
2025-07-21 17:25:59,175 - INFO -     [许褚]执行来自【星罗棋布】的[星罗棋布-双前排阵型]效果
2025-07-21 17:25:59,175 - INFO -         [颜良]由于[许褚]【星罗棋布】的[星罗棋布-双前排阵型]效果,损失了兵力489(133)
2025-07-21 17:25:59,175 - INFO -         [周瑜]由于[许褚]【星罗棋布】的[星罗棋布-双前排阵型]效果,损失了兵力379(5108)
2025-07-21 17:25:59,176 - INFO -     [许褚]对[颜良]发动普通攻击
2025-07-21 17:25:59,176 - INFO -         [颜良]损失了兵力133(0)
2025-07-21 17:25:59,176 - INFO -         [颜良]兵力为0 无法再战
2025-07-21 17:25:59,176 - INFO -     [许褚]发动战法【膂力过人】
2025-07-21 17:25:59,176 - INFO -     [颜良]执行来自【膂力过人】的[膂力过人]效果
2025-07-21 17:25:59,176 - INFO -     [许褚]进行连击
2025-07-21 17:25:59,176 - INFO -     [许褚]对[周瑜]发动普通攻击
2025-07-21 17:25:59,176 - INFO -         [周瑜]损失了兵力237(4871)
2025-07-21 17:25:59,177 - INFO -     [许褚]发动战法【膂力过人】
2025-07-21 17:25:59,177 - INFO -         [周瑜]由于[许褚]的【膂力过人】的伤害,损失了兵力355(4516)
2025-07-21 17:25:59,177 - INFO -     [周瑜]执行来自【膂力过人】的[膂力过人]效果
2025-07-21 17:25:59,177 - INFO -         [周瑜]由于[许褚]【膂力过人】的[膂力过人]效果,损失了兵力166(4350)
2025-07-21 17:25:59,177 - INFO - [SP诸葛亮]开始行动
2025-07-21 17:25:59,177 - INFO -         [SP诸葛亮]发动战法【十二奇策】
2025-07-21 17:25:59,178 - INFO -         [周瑜]由于[SP诸葛亮]的【十二奇策】的伤害,损失了兵力724(3626)
2025-07-21 17:25:59,178 - INFO -         [周瑜]执行来自【十二奇策】的[十二奇谋]效果
2025-07-21 17:25:59,178 - INFO -         [周瑜]的【先攻】降低30.00(109.85)
2025-07-21 17:25:59,178 - INFO -         [周瑜]的【风暴】效果已施加
2025-07-21 17:25:59,178 - INFO -         [周瑜]执行来自【临机制胜】的[临机制胜-制胜]效果
2025-07-21 17:25:59,178 - INFO -         [周瑜]由于[SP诸葛亮]【临机制胜】的[临机制胜-制胜]效果,损失了兵力197(3429)
2025-07-21 17:25:59,178 - INFO -         [周瑜]执行来自【临机制胜】的[临机制胜-制胜]效果
2025-07-21 17:25:59,178 - INFO -         [诸葛亮]由于[周瑜]【临机制胜】的[临机制胜-制胜]效果,损失了兵力123(3839)
2025-07-21 17:25:59,179 - INFO -         [诸葛亮]执行来自【草船借箭】的[草船借箭]效果
2025-07-21 17:25:59,179 - INFO -         [周瑜]由于[诸葛亮]【草船借箭】的[草船借箭]效果,损失了兵力272(3157)
2025-07-21 17:25:59,179 - INFO -         [诸葛亮]触发攻心
2025-07-21 17:25:59,179 - INFO -         [诸葛亮]恢复了兵力65(3839)
2025-07-21 17:25:59,179 - INFO -         [许褚]由于[周瑜]【临机制胜】的[临机制胜-制胜]效果,损失了兵力186(6143)
2025-07-21 17:25:59,179 - INFO -         [周瑜]执行来自【临机制胜】的[临机制胜-恢复]效果
2025-07-21 17:25:59,179 - INFO -         [周瑜]恢复了兵力551(3157)
2025-07-21 17:25:59,179 - INFO -     [SP诸葛亮]对[周瑜]发动普通攻击
2025-07-21 17:25:59,179 - INFO -         [周瑜]损失了兵力201(2956)
2025-07-21 17:25:59,180 - INFO - [周瑜]开始行动
2025-07-21 17:25:59,180 - INFO -     [周瑜]对[许褚]发动普通攻击
2025-07-21 17:25:59,180 - INFO -         [许褚]损失了兵力164(5979)
2025-07-21 17:25:59,180 - INFO - [诸葛亮]开始行动
2025-07-21 17:25:59,180 - INFO - [诸葛亮]开始行动
2025-07-21 17:25:59,181 - INFO -     [诸葛亮]对[周瑜]发动普通攻击
2025-07-21 17:25:59,181 - INFO -         [周瑜]损失了兵力135(2821)
2025-07-21 17:25:59,181 - INFO - 
[第 7 回合]
2025-07-21 17:25:59,181 - INFO - [许褚]开始行动
2025-07-21 17:25:59,181 - INFO -     [许褚]执行来自【星罗棋布】的[星罗棋布-双前排阵型]效果
2025-07-21 17:25:59,181 - INFO -         [周瑜]由于[许褚]【星罗棋布】的[星罗棋布-双前排阵型]效果,损失了兵力371(2450)
2025-07-21 17:25:59,182 - INFO -     [许褚]对[周瑜]发动普通攻击
2025-07-21 17:25:59,182 - INFO -         [周瑜]损失了兵力232(2218)
2025-07-21 17:25:59,182 - INFO -     [许褚]发动战法【膂力过人】
2025-07-21 17:25:59,182 - INFO -         [周瑜]由于[许褚]的【膂力过人】的伤害,损失了兵力348(1870)
2025-07-21 17:25:59,182 - INFO -     [周瑜]执行来自【膂力过人】的[膂力过人]效果
2025-07-21 17:25:59,182 - INFO -         [周瑜]由于[许褚]【膂力过人】的[膂力过人]效果,损失了兵力162(1708)
2025-07-21 17:25:59,182 - INFO -     [许褚]进行连击
2025-07-21 17:25:59,182 - INFO -     [许褚]对[周瑜]发动普通攻击
2025-07-21 17:25:59,183 - INFO -         [周瑜]损失了兵力232(1476)
2025-07-21 17:25:59,194 - INFO -     [许褚]发动战法【膂力过人】
2025-07-21 17:25:59,194 - INFO -         [周瑜]由于[许褚]的【膂力过人】的伤害,损失了兵力348(1128)
2025-07-21 17:25:59,194 - INFO -     [周瑜]执行来自【膂力过人】的[膂力过人]效果
2025-07-21 17:25:59,195 - INFO -         [周瑜]由于[许褚]【膂力过人】的[膂力过人]效果,损失了兵力162(966)
2025-07-21 17:25:59,195 - INFO - [SP诸葛亮]开始行动
2025-07-21 17:25:59,195 - INFO -         [SP诸葛亮]因几率未发动战法【十二奇策】
2025-07-21 17:25:59,195 - INFO -     [SP诸葛亮]对[周瑜]发动普通攻击
2025-07-21 17:25:59,196 - INFO -         [周瑜]损失了兵力201(765)
2025-07-21 17:25:59,225 - INFO - [诸葛亮]开始行动
2025-07-21 17:25:59,226 - INFO -     [诸葛亮]对[周瑜]发动普通攻击
2025-07-21 17:25:59,226 - INFO -         [周瑜]损失了兵力135(630)
2025-07-21 17:25:59,226 - INFO - [周瑜]开始行动
2025-07-21 17:25:59,227 - INFO -     [周瑜]对[诸葛亮]发动普通攻击
2025-07-21 17:25:59,227 - INFO -         [诸葛亮]损失了兵力75(3764)
2025-07-21 17:25:59,227 - INFO -         [诸葛亮]发动来自【草船借箭】的[草船借箭]效果, 但因几率未触发
2025-07-21 17:25:59,227 - INFO - 
[第 8 回合]
2025-07-21 17:25:59,227 - INFO - [许褚]开始行动
2025-07-21 17:25:59,228 - INFO -     [许褚]执行来自【星罗棋布】的[星罗棋布-双前排阵型]效果
2025-07-21 17:25:59,228 - INFO -         [周瑜]由于[许褚]【星罗棋布】的[星罗棋布-双前排阵型]效果,损失了兵力371(259)
2025-07-21 17:25:59,228 - INFO -     [许褚]对[周瑜]发动普通攻击
2025-07-21 17:25:59,228 - INFO -         [周瑜]损失了兵力232(27)
2025-07-21 17:25:59,228 - INFO -     [许褚]发动战法【膂力过人】
2025-07-21 17:25:59,228 - INFO -         [周瑜]由于[许褚]的【膂力过人】的伤害,损失了兵力27(0)
2025-07-21 17:25:59,229 - INFO -         [周瑜]兵力为0 无法再战
2025-07-21 17:25:59,229 - INFO -     [周瑜]执行来自【膂力过人】的[膂力过人]效果
2025-07-21 17:25:59,229 - INFO -     [许褚]进行连击
2025-07-21 17:25:59,229 - INFO -     [许褚]没有可攻击对象
2025-07-21 17:25:59,229 - INFO - [夫人队]战斗结束
2025-07-21 17:25:59,229 - INFO - ------------ 当前对 夫人队 的第 1 次对抗测试结束
2025-07-21 17:25:59,229 - INFO - ------------ [诸葛队] 获胜 0 场，[夫人队] 获胜 1 场
