2025-07-22 10:00:06,639 - INFO - ------------ 当前选择的模式是:1_VS_1
2025-07-22 10:00:06,649 - INFO - ------------ 由 [诸葛队] 对战 [夫人队]
2025-07-22 10:00:06,649 - INFO - ------------ 对抗的次数为 1
2025-07-22 10:00:06,649 - INFO - ------------ 当前第 1 次对抗测试
2025-07-22 10:00:06,657 - INFO - 
[第 1 局]
2025-07-22 10:00:06,658 - INFO - [列队布阵阶段]
2025-07-22 10:00:06,658 - INFO -     [诸葛队]当前补给为100,造成伤害降低0%
2025-07-22 10:00:06,658 - INFO -     [夫人队]当前补给为100,造成伤害降低0%
2025-07-22 10:00:06,658 - INFO -     [诸葛队]获得【阵型-萁型阵】强化效果
2025-07-22 10:00:06,658 - INFO -         [诸葛亮]的【受到伤害】降低6.00%(-6.00%)
2025-07-22 10:00:06,658 - INFO -         [颜良]的【造成伤害】提升12.00%(112.00%)
2025-07-22 10:00:06,658 - INFO -         [周瑜]的【造成伤害】提升12.00%(112.00%)
2025-07-22 10:00:06,658 - INFO -     [夫人队]获得【阵型-偃月阵】强化效果
2025-07-22 10:00:06,658 - INFO -         [SP诸葛亮]的【造成伤害】提升14.00%(114.00%)
2025-07-22 10:00:06,658 - INFO -         [诸葛亮]的【造成伤害】提升14.00%(114.00%)
2025-07-22 10:00:06,659 - INFO -         [许褚]的【受到伤害】降低5.00%(-5.00%)
2025-07-22 10:00:06,659 - INFO -     [SP诸葛亮]发动战法【星罗棋布】
2025-07-22 10:00:06,659 - INFO -         [SP诸葛亮]执行来自【星罗棋布】的[星罗棋布-阵型]效果
2025-07-22 10:00:06,659 - INFO -         [SP诸葛亮]的【造成伤害】提升14.54%(128.54%)
2025-07-22 10:00:06,659 - INFO -         [许褚]执行来自【星罗棋布】的[星罗棋布-阵型]效果
2025-07-22 10:00:06,659 - INFO -         [许褚]的【受到伤害】降低5.19%(-10.19%)
2025-07-22 10:00:06,659 - INFO -         [诸葛亮]执行来自【星罗棋布】的[星罗棋布-阵型]效果
2025-07-22 10:00:06,659 - INFO -         [诸葛亮]的【造成伤害】提升14.54%(128.54%)
2025-07-22 10:00:06,659 - INFO -    [夫人队]获得【蜀】强化效果,属性提升 5.0%
2025-07-22 10:00:06,659 - INFO -         [SP诸葛亮]的【武力】提升6.41(134.61)
2025-07-22 10:00:06,659 - INFO -         [SP诸葛亮]的【智力】提升13.00(273.00)
2025-07-22 10:00:06,659 - INFO -         [SP诸葛亮]的【统帅】提升10.24(215.04)
2025-07-22 10:00:06,659 - INFO -         [SP诸葛亮]的【先攻】提升6.90(144.85)
2025-07-22 10:00:06,660 - INFO -         [许褚]的【武力】提升11.89(249.64)
2025-07-22 10:00:06,660 - INFO -         [许褚]的【智力】提升5.72(120.07)
2025-07-22 10:00:06,660 - INFO -         [许褚]的【统帅】提升8.44(177.24)
2025-07-22 10:00:06,660 - INFO -         [许褚]的【先攻】提升9.30(195.30)
2025-07-22 10:00:06,660 - INFO -         [诸葛亮]的【武力】提升3.67(77.07)
2025-07-22 10:00:06,660 - INFO -         [诸葛亮]的【智力】提升15.50(325.50)
2025-07-22 10:00:06,660 - INFO -         [诸葛亮]的【统帅】提升10.73(225.22)
2025-07-22 10:00:06,660 - INFO -         [诸葛亮]的【先攻】提升6.56(137.81)
2025-07-22 10:00:06,661 - INFO -     [诸葛队]获得【兵种-弓】强化效果
2025-07-22 10:00:06,661 - INFO -         [诸葛亮]的【造成伤害】提升3.50%(103.50%)
2025-07-22 10:00:06,661 - INFO -         [颜良]的【造成伤害】提升3.50%(115.50%)
2025-07-22 10:00:06,661 - INFO -         [周瑜]的【造成伤害】提升3.50%(115.50%)
2025-07-22 10:00:06,661 - INFO -     [夫人队]获得【才堪相配】强化效果
2025-07-22 10:00:06,661 - INFO -         [SP诸葛亮]的【受治疗效果】提升8.00%(108.00%)
2025-07-22 10:00:06,661 - INFO -         [诸葛亮]的【受治疗效果】提升8.00%(108.00%)
2025-07-22 10:00:06,661 - INFO -     [许褚]发动战法【裸衣血战】
2025-07-22 10:00:06,661 - INFO -         [许褚]的【先攻】提升20.00(215.30)
2025-07-22 10:00:06,661 - INFO -         [许褚]的【武力】提升20.00(257.75)
2025-07-22 10:00:06,661 - INFO -         [许褚]的【连击几率】提升100.00%(100.00%)
2025-07-22 10:00:06,661 - INFO -         [许褚]的【统帅】降低15.00(162.24)
2025-07-22 10:00:06,661 - INFO -         [许褚]的【造成伤害】降低0.00%(100.00%)
2025-07-22 10:00:06,662 - INFO -     [周瑜]发动战法【临机制胜】
2025-07-22 10:00:06,662 - INFO -     [SP诸葛亮]发动战法【星罗棋布】
2025-07-22 10:00:06,662 - INFO -         [SP诸葛亮]的【受到谋略伤害】降低14.75%(-14.75%)
2025-07-22 10:00:06,662 - INFO -         [许褚]的【受到谋略伤害】降低11.34%(-11.34%)
2025-07-22 10:00:06,662 - INFO -         [诸葛亮]的【受到谋略伤害】降低11.34%(-11.34%)
2025-07-22 10:00:06,662 - INFO -         [SP诸葛亮]执行来自【星罗棋布】的[星罗棋布-额外效果]效果
2025-07-22 10:00:06,662 - INFO -         [SP诸葛亮]执行来自【星罗棋布】的[星罗棋布-双前排阵型]效果
2025-07-22 10:00:06,662 - INFO -         [许褚]的【对前排造成伤害】提升20.00%(120.00%)
2025-07-22 10:00:06,662 - INFO -         [许褚]的[星罗棋布-双前排阵型]效果已施加
2025-07-22 10:00:06,662 - INFO -     [SP诸葛亮]发动战法【临机制胜】
2025-07-22 10:00:06,662 - INFO -     [诸葛亮]发动战法【草船借箭】
2025-07-22 10:00:06,662 - INFO -         [诸葛亮]的【攻心】提升24.00%(24.00%)
2025-07-22 10:00:06,662 - INFO -     [诸葛亮]发动战法【临机制胜】
2025-07-22 10:00:06,662 - INFO -     [诸葛亮]发动战法【草船借箭】
2025-07-22 10:00:06,662 - INFO -         [诸葛亮]的【攻心】提升24.00%(24.00%)
2025-07-22 10:00:06,662 - INFO - 
[第 1 回合]
2025-07-22 10:00:06,663 - INFO - [许褚]开始行动
2025-07-22 10:00:06,663 - INFO -     [许褚]执行来自【星罗棋布】的[星罗棋布-双前排阵型]效果
2025-07-22 10:00:06,663 - INFO -         [颜良]由于[许褚]【星罗棋布】的[星罗棋布-双前排阵型]效果,损失了兵力564(9436)
2025-07-22 10:00:06,663 - INFO -     [许褚]对[诸葛亮]发动普通攻击
2025-07-22 10:00:06,663 - INFO -         [诸葛亮]损失了兵力288(9712)
2025-07-22 10:00:06,663 - INFO -         [诸葛亮]执行来自【草船借箭】的[草船借箭]效果
2025-07-22 10:00:06,663 - INFO -         [许褚]由于[诸葛亮]【草船借箭】的[草船借箭]效果,损失了兵力315(9685)
2025-07-22 10:00:06,663 - INFO -         [诸葛亮]触发攻心
2025-07-22 10:00:06,664 - INFO -         [诸葛亮]恢复了兵力75(9712)
2025-07-22 10:00:06,664 - INFO -     [许褚]发动战法【膂力过人】
2025-07-22 10:00:06,664 - INFO -         [诸葛亮]由于[许褚]的【膂力过人】的伤害,损失了兵力432(9280)
2025-07-22 10:00:06,664 - INFO -         [诸葛亮]发动来自【草船借箭】的[草船借箭]效果, 但因几率未触发
2025-07-22 10:00:06,664 - INFO -     [诸葛亮]执行来自【膂力过人】的[膂力过人]效果
2025-07-22 10:00:06,664 - INFO -         [诸葛亮]由于[许褚]【膂力过人】的[膂力过人]效果,损失了兵力201(9079)
2025-07-22 10:00:06,664 - INFO -         [诸葛亮]执行来自【草船借箭】的[草船借箭]效果
2025-07-22 10:00:06,664 - INFO -         [许褚]由于[诸葛亮]【草船借箭】的[草船借箭]效果,损失了兵力315(9370)
2025-07-22 10:00:06,664 - INFO -         [诸葛亮]触发攻心
2025-07-22 10:00:06,664 - INFO -         [诸葛亮]恢复了兵力75(9079)
2025-07-22 10:00:06,665 - INFO -     [许褚]进行连击
2025-07-22 10:00:06,665 - INFO -     [许褚]对[诸葛亮]发动普通攻击
2025-07-22 10:00:06,665 - INFO -         [诸葛亮]损失了兵力288(8791)
2025-07-22 10:00:06,665 - INFO -         [诸葛亮]执行来自【草船借箭】的[草船借箭]效果
2025-07-22 10:00:06,665 - INFO -         [SP诸葛亮]由于[诸葛亮]【草船借箭】的[草船借箭]效果,损失了兵力175(9825)
2025-07-22 10:00:06,665 - INFO -         [诸葛亮]触发攻心
2025-07-22 10:00:06,665 - INFO -         [诸葛亮]恢复了兵力42(8791)
2025-07-22 10:00:06,665 - INFO -     [许褚]发动战法【膂力过人】
2025-07-22 10:00:06,665 - INFO -         [诸葛亮]由于[许褚]的【膂力过人】的伤害,损失了兵力432(8359)
2025-07-22 10:00:06,665 - INFO -         [诸葛亮]执行来自【草船借箭】的[草船借箭]效果
2025-07-22 10:00:06,666 - INFO -         [诸葛亮]由于[诸葛亮]【草船借箭】的[草船借箭]效果,损失了兵力191(9809)
2025-07-22 10:00:06,666 - INFO -         [诸葛亮]触发攻心
2025-07-22 10:00:06,666 - INFO -         [诸葛亮]恢复了兵力45(8359)
2025-07-22 10:00:06,666 - INFO -         [诸葛亮]执行来自【草船借箭】的[草船借箭]效果
2025-07-22 10:00:06,666 - INFO -         [诸葛亮]由于[诸葛亮]【草船借箭】的[草船借箭]效果,损失了兵力364(7995)
2025-07-22 10:00:06,666 - INFO -         [诸葛亮]触发攻心
2025-07-22 10:00:06,666 - INFO -         [诸葛亮]恢复了兵力87(9809)
2025-07-22 10:00:06,666 - INFO -         [诸葛亮]执行来自【草船借箭】的[草船借箭]效果
2025-07-22 10:00:06,666 - INFO -         [SP诸葛亮]由于[诸葛亮]【草船借箭】的[草船借箭]效果,损失了兵力168(9657)
2025-07-22 10:00:06,666 - INFO -         [诸葛亮]触发攻心
2025-07-22 10:00:06,666 - INFO -         [诸葛亮]恢复了兵力40(7995)
2025-07-22 10:00:06,667 - INFO -     [诸葛亮]执行来自【膂力过人】的[膂力过人]效果
2025-07-22 10:00:06,667 - INFO -         [诸葛亮]由于[许褚]【膂力过人】的[膂力过人]效果,损失了兵力201(7794)
2025-07-22 10:00:06,667 - INFO - [颜良]开始行动
2025-07-22 10:00:06,668 - INFO -     [颜良]对[SP诸葛亮]发动普通攻击
2025-07-22 10:00:06,668 - INFO -         [SP诸葛亮]损失了兵力317(9340)
2025-07-22 10:00:06,668 - INFO -     [颜良]发动战法【膂力过人】
2025-07-22 10:00:06,668 - INFO -         [SP诸葛亮]由于[颜良]的【膂力过人】的伤害,损失了兵力476(8864)
2025-07-22 10:00:06,668 - INFO -     [SP诸葛亮]执行来自【膂力过人】的[膂力过人]效果
2025-07-22 10:00:06,668 - INFO -         [SP诸葛亮]由于[颜良]【膂力过人】的[膂力过人]效果,损失了兵力222(8642)
2025-07-22 10:00:06,668 - INFO - [SP诸葛亮]开始行动
2025-07-22 10:00:06,669 - INFO -         [SP诸葛亮]因几率未发动战法【十二奇策】
2025-07-22 10:00:06,669 - INFO -     [SP诸葛亮]对[周瑜]发动普通攻击
2025-07-22 10:00:06,669 - INFO -         [周瑜]损失了兵力284(9716)
2025-07-22 10:00:06,669 - INFO - [周瑜]开始行动
2025-07-22 10:00:06,669 - INFO -     [周瑜]对[SP诸葛亮]发动普通攻击
2025-07-22 10:00:06,669 - INFO -         [SP诸葛亮]损失了兵力174(8468)
2025-07-22 10:00:06,670 - INFO - [诸葛亮]开始行动
2025-07-22 10:00:06,670 - INFO -     [诸葛亮]对[诸葛亮]发动普通攻击
2025-07-22 10:00:06,670 - INFO -         [诸葛亮]损失了兵力164(7630)
2025-07-22 10:00:06,670 - INFO - [诸葛亮]开始行动
2025-07-22 10:00:06,670 - INFO -         [诸葛亮]因几率未发动战法【十二奇策】
2025-07-22 10:00:06,671 - INFO -     [诸葛亮]对[SP诸葛亮]发动普通攻击
2025-07-22 10:00:06,671 - INFO -         [SP诸葛亮]损失了兵力148(8320)
2025-07-22 10:00:06,671 - INFO - 
[第 2 回合]
2025-07-22 10:00:06,671 - INFO - [许褚]开始行动
2025-07-22 10:00:06,671 - INFO -     [许褚]执行来自【星罗棋布】的[星罗棋布-双前排阵型]效果
2025-07-22 10:00:06,671 - INFO -         [颜良]由于[许褚]【星罗棋布】的[星罗棋布-双前排阵型]效果,损失了兵力564(8872)
2025-07-22 10:00:06,672 - INFO -         [诸葛亮]由于[许褚]【星罗棋布】的[星罗棋布-双前排阵型]效果,损失了兵力461(7169)
2025-07-22 10:00:06,672 - INFO -         [诸葛亮]执行来自【草船借箭】的[草船借箭]效果
2025-07-22 10:00:06,672 - INFO -         [诸葛亮]由于[诸葛亮]【草船借箭】的[草船借箭]效果,损失了兵力179(9630)
2025-07-22 10:00:06,672 - INFO -         [诸葛亮]触发攻心
2025-07-22 10:00:06,672 - INFO -         [诸葛亮]恢复了兵力43(7169)
2025-07-22 10:00:06,672 - INFO -         [诸葛亮]发动来自【草船借箭】的[草船借箭]效果, 但因几率未触发
2025-07-22 10:00:06,672 - INFO -     [许褚]对[颜良]发动普通攻击
2025-07-22 10:00:06,672 - INFO -         [颜良]损失了兵力353(8519)
2025-07-22 10:00:06,673 - INFO -     [许褚]发动战法【膂力过人】
2025-07-22 10:00:06,673 - INFO -         [颜良]由于[许褚]的【膂力过人】的伤害,损失了兵力529(7990)
2025-07-22 10:00:06,673 - INFO -     [颜良]执行来自【膂力过人】的[膂力过人]效果
2025-07-22 10:00:06,673 - INFO -         [颜良]由于[许褚]【膂力过人】的[膂力过人]效果,损失了兵力247(7743)
2025-07-22 10:00:06,673 - INFO -     [许褚]进行连击
2025-07-22 10:00:06,673 - INFO -     [许褚]对[颜良]发动普通攻击
2025-07-22 10:00:06,673 - INFO -         [颜良]损失了兵力353(7390)
2025-07-22 10:00:06,673 - INFO -     [许褚]发动战法【膂力过人】
2025-07-22 10:00:06,673 - INFO -         [颜良]由于[许褚]的【膂力过人】的伤害,损失了兵力529(6861)
2025-07-22 10:00:06,674 - INFO -     [颜良]执行来自【膂力过人】的[膂力过人]效果
2025-07-22 10:00:06,674 - INFO -         [颜良]由于[许褚]【膂力过人】的[膂力过人]效果,损失了兵力247(6614)
2025-07-22 10:00:06,674 - INFO - [颜良]开始行动
2025-07-22 10:00:06,674 - INFO -     [颜良]对[诸葛亮]发动普通攻击
2025-07-22 10:00:06,674 - INFO -         [诸葛亮]损失了兵力229(9401)
2025-07-22 10:00:06,675 - INFO -         [诸葛亮]执行来自【草船借箭】的[草船借箭]效果
2025-07-22 10:00:06,675 - INFO -         [颜良]由于[诸葛亮]【草船借箭】的[草船借箭]效果,损失了兵力568(6046)
2025-07-22 10:00:06,675 - INFO -         [诸葛亮]触发攻心
2025-07-22 10:00:06,675 - INFO -         [诸葛亮]恢复了兵力136(9401)
2025-07-22 10:00:06,675 - INFO -     [颜良]发动战法【膂力过人】
2025-07-22 10:00:06,675 - INFO -         [诸葛亮]由于[颜良]的【膂力过人】的伤害,损失了兵力333(9068)
2025-07-22 10:00:06,675 - INFO -         [诸葛亮]执行来自【草船借箭】的[草船借箭]效果
2025-07-22 10:00:06,676 - INFO -         [诸葛亮]由于[诸葛亮]【草船借箭】的[草船借箭]效果,损失了兵力364(6805)
2025-07-22 10:00:06,676 - INFO -         [诸葛亮]触发攻心
2025-07-22 10:00:06,676 - INFO -         [诸葛亮]恢复了兵力87(9068)
2025-07-22 10:00:06,676 - INFO -         [诸葛亮]执行来自【草船借箭】的[草船借箭]效果
2025-07-22 10:00:06,676 - INFO -         [诸葛亮]由于[诸葛亮]【草船借箭】的[草船借箭]效果,损失了兵力175(8893)
2025-07-22 10:00:06,676 - INFO -         [诸葛亮]触发攻心
2025-07-22 10:00:06,677 - INFO -         [诸葛亮]恢复了兵力42(6805)
2025-07-22 10:00:06,677 - INFO -         [诸葛亮]执行来自【草船借箭】的[草船借箭]效果
2025-07-22 10:00:06,677 - INFO -         [周瑜]由于[诸葛亮]【草船借箭】的[草船借箭]效果,损失了兵力381(9335)
2025-07-22 10:00:06,677 - INFO -         [诸葛亮]触发攻心
2025-07-22 10:00:06,678 - INFO -         [诸葛亮]恢复了兵力91(8893)
2025-07-22 10:00:06,678 - INFO -     [诸葛亮]执行来自【膂力过人】的[膂力过人]效果
2025-07-22 10:00:06,678 - INFO -         [诸葛亮]由于[颜良]【膂力过人】的[膂力过人]效果,损失了兵力155(8738)
2025-07-22 10:00:06,678 - INFO -         [诸葛亮]发动来自【草船借箭】的[草船借箭]效果, 但因几率未触发
2025-07-22 10:00:06,678 - INFO - [SP诸葛亮]开始行动
2025-07-22 10:00:06,678 - INFO -         [SP诸葛亮]发动战法【十二奇策】
2025-07-22 10:00:06,678 - INFO -         [诸葛亮]由于[SP诸葛亮]的【十二奇策】的伤害,损失了兵力908(5897)
2025-07-22 10:00:06,679 - INFO -         [诸葛亮]发动来自【草船借箭】的[草船借箭]效果, 但因几率未触发
2025-07-22 10:00:06,679 - INFO -         [诸葛亮]执行来自【十二奇策】的[十二奇谋]效果
2025-07-22 10:00:06,680 - INFO -         [诸葛亮]的【技穷】效果已施加
2025-07-22 10:00:06,680 - INFO -         [诸葛亮]发动来自【临机制胜】的[临机制胜-制胜]效果, 但因几率未触发
2025-07-22 10:00:06,680 - INFO -         [诸葛亮]执行来自【临机制胜】的[临机制胜-制胜]效果
2025-07-22 10:00:06,680 - INFO -         [许褚]由于[周瑜]【临机制胜】的[临机制胜-制胜]效果,损失了兵力284(9086)
2025-07-22 10:00:06,680 - INFO -         [SP诸葛亮]由于[周瑜]【临机制胜】的[临机制胜-制胜]效果,损失了兵力163(8157)
2025-07-22 10:00:06,681 - INFO -         [诸葛亮]发动来自【临机制胜】的[临机制胜-制胜]效果, 但因几率未触发
2025-07-22 10:00:06,681 - INFO -         [颜良]由于[SP诸葛亮]的【十二奇策】的伤害,损失了兵力1142(4904)
2025-07-22 10:00:06,681 - INFO -         [颜良]执行来自【十二奇策】的[十二奇谋]效果
2025-07-22 10:00:06,681 - INFO -         [颜良]的【先攻】降低30.00(162.20)
2025-07-22 10:00:06,681 - INFO -         [颜良]的【风暴】效果已施加
2025-07-22 10:00:06,682 - INFO -         [颜良]执行来自【临机制胜】的[临机制胜-制胜]效果
2025-07-22 10:00:06,682 - INFO -         [周瑜]由于[SP诸葛亮]【临机制胜】的[临机制胜-制胜]效果,损失了兵力258(9077)
2025-07-22 10:00:06,682 - INFO -         [诸葛亮]由于[SP诸葛亮]【临机制胜】的[临机制胜-制胜]效果,损失了兵力245(5652)
2025-07-22 10:00:06,682 - INFO -         [诸葛亮]执行来自【草船借箭】的[草船借箭]效果
2025-07-22 10:00:06,682 - INFO -         [诸葛亮]由于[诸葛亮]【草船借箭】的[草船借箭]效果,损失了兵力164(8574)
2025-07-22 10:00:06,682 - INFO -         [诸葛亮]触发攻心
2025-07-22 10:00:06,683 - INFO -         [诸葛亮]恢复了兵力39(5652)
2025-07-22 10:00:06,683 - INFO -         [诸葛亮]发动来自【草船借箭】的[草船借箭]效果, 但因几率未触发
2025-07-22 10:00:06,683 - INFO -         [颜良]执行来自【临机制胜】的[临机制胜-制胜]效果
2025-07-22 10:00:06,683 - INFO -         [许褚]由于[周瑜]【临机制胜】的[临机制胜-制胜]效果,损失了兵力284(8802)
2025-07-22 10:00:06,683 - INFO -         [诸葛亮]由于[周瑜]【临机制胜】的[临机制胜-制胜]效果,损失了兵力182(8392)
2025-07-22 10:00:06,683 - INFO -         [诸葛亮]执行来自【草船借箭】的[草船借箭]效果
2025-07-22 10:00:06,683 - INFO -         [周瑜]由于[诸葛亮]【草船借箭】的[草船借箭]效果,损失了兵力371(8706)
2025-07-22 10:00:06,683 - INFO -         [诸葛亮]触发攻心
2025-07-22 10:00:06,683 - INFO -         [诸葛亮]恢复了兵力89(8392)
2025-07-22 10:00:06,684 - INFO -         [颜良]发动来自【临机制胜】的[临机制胜-制胜]效果, 但因几率未触发
2025-07-22 10:00:06,684 - INFO -     [SP诸葛亮]对[诸葛亮]发动普通攻击
2025-07-22 10:00:06,684 - INFO -         [诸葛亮]损失了兵力241(5411)
2025-07-22 10:00:06,684 - INFO -         [诸葛亮]发动来自【草船借箭】的[草船借箭]效果, 但因几率未触发
2025-07-22 10:00:06,684 - INFO - [周瑜]开始行动
2025-07-22 10:00:06,684 - INFO -     [周瑜]对[SP诸葛亮]发动普通攻击
2025-07-22 10:00:06,685 - INFO -         [SP诸葛亮]损失了兵力172(7985)
2025-07-22 10:00:06,685 - INFO - [诸葛亮]开始行动
2025-07-22 10:00:06,685 - INFO -     [诸葛亮]对[周瑜]发动普通攻击
2025-07-22 10:00:06,685 - INFO -         [周瑜]损失了兵力184(8522)
2025-07-22 10:00:06,685 - INFO - [诸葛亮]开始行动
2025-07-22 10:00:06,686 - INFO - [诸葛亮]战法【十二奇策】无法释放
2025-07-22 10:00:06,686 - INFO -     [诸葛亮]对[SP诸葛亮]发动普通攻击
2025-07-22 10:00:06,686 - INFO -         [SP诸葛亮]损失了兵力131(7854)
2025-07-22 10:00:06,686 - INFO - 
[第 3 回合]
2025-07-22 10:00:06,686 - INFO - [许褚]开始行动
2025-07-22 10:00:06,686 - INFO -     [许褚]执行来自【星罗棋布】的[星罗棋布-双前排阵型]效果
2025-07-22 10:00:06,686 - INFO -         [颜良]由于[许褚]【星罗棋布】的[星罗棋布-双前排阵型]效果,损失了兵力559(4345)
2025-07-22 10:00:06,687 - INFO -         [周瑜]由于[许褚]【星罗棋布】的[星罗棋布-双前排阵型]效果,损失了兵力433(8089)
2025-07-22 10:00:06,687 - INFO -     [许褚]对[诸葛亮]发动普通攻击
2025-07-22 10:00:06,687 - INFO -         [诸葛亮]损失了兵力285(5126)
2025-07-22 10:00:06,687 - INFO -         [诸葛亮]发动来自【草船借箭】的[草船借箭]效果, 但因几率未触发
2025-07-22 10:00:06,687 - INFO -     [许褚]发动战法【膂力过人】
2025-07-22 10:00:06,687 - INFO -         [诸葛亮]由于[许褚]的【膂力过人】的伤害,损失了兵力428(4698)
2025-07-22 10:00:06,688 - INFO -         [诸葛亮]执行来自【草船借箭】的[草船借箭]效果
2025-07-22 10:00:06,688 - INFO -         [许褚]由于[诸葛亮]【草船借箭】的[草船借箭]效果,损失了兵力245(8557)
2025-07-22 10:00:06,688 - INFO -         [诸葛亮]触发攻心
2025-07-22 10:00:06,688 - INFO -         [诸葛亮]恢复了兵力58(4698)
2025-07-22 10:00:06,688 - INFO -     [诸葛亮]执行来自【膂力过人】的[膂力过人]效果
2025-07-22 10:00:06,688 - INFO -         [诸葛亮]由于[许褚]【膂力过人】的[膂力过人]效果,损失了兵力197(4501)
2025-07-22 10:00:06,688 - INFO -         [诸葛亮]发动来自【草船借箭】的[草船借箭]效果, 但因几率未触发
2025-07-22 10:00:06,688 - INFO -     [许褚]进行连击
2025-07-22 10:00:06,689 - INFO -     [许褚]对[周瑜]发动普通攻击
2025-07-22 10:00:06,689 - INFO -         [周瑜]损失了兵力267(7822)
2025-07-22 10:00:06,689 - INFO -     [许褚]发动战法【膂力过人】
2025-07-22 10:00:06,689 - INFO -         [周瑜]由于[许褚]的【膂力过人】的伤害,损失了兵力401(7421)
2025-07-22 10:00:06,689 - INFO -     [周瑜]执行来自【膂力过人】的[膂力过人]效果
2025-07-22 10:00:06,689 - INFO -         [周瑜]由于[许褚]【膂力过人】的[膂力过人]效果,损失了兵力187(7234)
2025-07-22 10:00:06,689 - INFO - [颜良]开始行动
2025-07-22 10:00:06,690 - INFO -     [颜良]对[SP诸葛亮]发动普通攻击
2025-07-22 10:00:06,690 - INFO -         [SP诸葛亮]损失了兵力238(7616)
2025-07-22 10:00:06,690 - INFO -     [颜良]发动战法【膂力过人】
2025-07-22 10:00:06,690 - INFO -         [SP诸葛亮]由于[颜良]的【膂力过人】的伤害,损失了兵力357(7259)
2025-07-22 10:00:06,690 - INFO -     [SP诸葛亮]执行来自【膂力过人】的[膂力过人]效果
2025-07-22 10:00:06,691 - INFO -         [SP诸葛亮]由于[颜良]【膂力过人】的[膂力过人]效果,损失了兵力166(7093)
2025-07-22 10:00:06,691 - INFO - [SP诸葛亮]开始行动
2025-07-22 10:00:06,691 - INFO -         [SP诸葛亮]发动战法【十二奇策】
2025-07-22 10:00:06,692 - INFO -         [诸葛亮]由于[SP诸葛亮]的【十二奇策】的伤害,损失了兵力851(3650)
2025-07-22 10:00:06,692 - INFO -         [诸葛亮]执行来自【草船借箭】的[草船借箭]效果
2025-07-22 10:00:06,692 - INFO -         [SP诸葛亮]由于[诸葛亮]【草船借箭】的[草船借箭]效果,损失了兵力123(6970)
2025-07-22 10:00:06,692 - INFO -         [诸葛亮]触发攻心
2025-07-22 10:00:06,692 - INFO -         [诸葛亮]恢复了兵力29(3650)
2025-07-22 10:00:06,692 - INFO -         [诸葛亮]执行来自【十二奇策】的[十二奇谋]效果
2025-07-22 10:00:06,694 - INFO -         [诸葛亮]的【嘲讽】效果已施加
2025-07-22 10:00:06,694 - INFO -         [诸葛亮]发动来自【临机制胜】的[临机制胜-制胜]效果, 但因几率未触发
2025-07-22 10:00:06,694 - INFO -         [诸葛亮]发动来自【临机制胜】的[临机制胜-制胜]效果, 但因几率未触发
2025-07-22 10:00:06,694 - INFO -         [诸葛亮]执行来自【临机制胜】的[临机制胜-制胜]效果
2025-07-22 10:00:06,694 - INFO -         [SP诸葛亮]由于[诸葛亮]【临机制胜】的[临机制胜-制胜]效果,损失了兵力92(6878)
2025-07-22 10:00:06,694 - INFO -         [诸葛亮]触发攻心
2025-07-22 10:00:06,694 - INFO -         [诸葛亮]恢复了兵力22(3650)
2025-07-22 10:00:06,695 - INFO -         [诸葛亮]由于[诸葛亮]【临机制胜】的[临机制胜-制胜]效果,损失了兵力103(8289)
2025-07-22 10:00:06,695 - INFO -         [诸葛亮]触发攻心
2025-07-22 10:00:06,695 - INFO -         [诸葛亮]恢复了兵力24(3650)
2025-07-22 10:00:06,695 - INFO -         [诸葛亮]执行来自【草船借箭】的[草船借箭]效果
2025-07-22 10:00:06,695 - INFO -         [诸葛亮]由于[诸葛亮]【草船借箭】的[草船借箭]效果,损失了兵力351(3299)
2025-07-22 10:00:06,695 - INFO -         [诸葛亮]触发攻心
2025-07-22 10:00:06,695 - INFO -         [诸葛亮]恢复了兵力84(8289)
2025-07-22 10:00:06,695 - INFO -         [诸葛亮]发动来自【草船借箭】的[草船借箭]效果, 但因几率未触发
2025-07-22 10:00:06,695 - INFO -         [周瑜]由于[SP诸葛亮]的【十二奇策】的伤害,损失了兵力883(6351)
2025-07-22 10:00:06,695 - INFO -         [周瑜]执行来自【十二奇策】的[十二奇谋]效果
2025-07-22 10:00:06,696 - INFO -         [周瑜]的【断粮】效果已施加
2025-07-22 10:00:06,696 - INFO -         [周瑜]执行来自【临机制胜】的[临机制胜-制胜]效果
2025-07-22 10:00:06,697 - INFO -         [诸葛亮]由于[SP诸葛亮]【临机制胜】的[临机制胜-制胜]效果,损失了兵力229(3070)
2025-07-22 10:00:06,697 - INFO -         [诸葛亮]发动来自【草船借箭】的[草船借箭]效果, 但因几率未触发
2025-07-22 10:00:06,697 - INFO -         [颜良]由于[SP诸葛亮]【临机制胜】的[临机制胜-制胜]效果,损失了兵力290(4055)
2025-07-22 10:00:06,697 - INFO -         [周瑜]执行来自【临机制胜】的[临机制胜-制胜]效果
2025-07-22 10:00:06,697 - INFO -         [SP诸葛亮]由于[周瑜]【临机制胜】的[临机制胜-制胜]效果,损失了兵力142(6736)
2025-07-22 10:00:06,697 - INFO -         [诸葛亮]由于[周瑜]【临机制胜】的[临机制胜-制胜]效果,损失了兵力158(8131)
2025-07-22 10:00:06,697 - INFO -         [诸葛亮]执行来自【草船借箭】的[草船借箭]效果
2025-07-22 10:00:06,698 - INFO -         [颜良]由于[诸葛亮]【草船借箭】的[草船借箭]效果,损失了兵力544(3511)
2025-07-22 10:00:06,698 - INFO -         [诸葛亮]触发攻心
2025-07-22 10:00:06,698 - INFO -         [诸葛亮]恢复了兵力130(8131)
2025-07-22 10:00:06,698 - INFO -         [周瑜]发动来自【临机制胜】的[临机制胜-制胜]效果, 但因几率未触发
2025-07-22 10:00:06,698 - INFO -     [SP诸葛亮]对[周瑜]发动普通攻击
2025-07-22 10:00:06,698 - INFO -         [周瑜]损失了兵力256(6095)
2025-07-22 10:00:06,698 - INFO - [周瑜]开始行动
2025-07-22 10:00:06,699 - INFO -     [周瑜]对[SP诸葛亮]发动普通攻击
2025-07-22 10:00:06,699 - INFO -         [SP诸葛亮]损失了兵力149(6587)
2025-07-22 10:00:06,699 - INFO - [诸葛亮]开始行动
2025-07-22 10:00:06,699 - INFO -     [诸葛亮]对[颜良]发动普通攻击
2025-07-22 10:00:06,699 - INFO -         [颜良]损失了兵力228(3283)
2025-07-22 10:00:06,700 - INFO - [诸葛亮]开始行动
2025-07-22 10:00:06,700 - INFO - [诸葛亮]战法【十二奇策】无法释放
2025-07-22 10:00:06,700 - INFO -     [诸葛亮]由于[SP诸葛亮]【十二奇策】的「嘲讽」效果
2025-07-22 10:00:06,700 - INFO -     [诸葛亮]对[SP诸葛亮]发动普通攻击
2025-07-22 10:00:06,700 - INFO -         [SP诸葛亮]损失了兵力103(6484)
2025-07-22 10:00:06,700 - INFO - 
[第 4 回合]
2025-07-22 10:00:06,701 - INFO - [许褚]开始行动
2025-07-22 10:00:06,701 - INFO -     [许褚]执行来自【星罗棋布】的[星罗棋布-双前排阵型]效果
2025-07-22 10:00:06,701 - INFO -         [颜良]由于[许褚]【星罗棋布】的[星罗棋布-双前排阵型]效果,损失了兵力552(2731)
2025-07-22 10:00:06,701 - INFO -     [许褚]对[诸葛亮]发动普通攻击
2025-07-22 10:00:06,701 - INFO -         [诸葛亮]损失了兵力281(2789)
2025-07-22 10:00:06,701 - INFO -         [诸葛亮]执行来自【草船借箭】的[草船借箭]效果
2025-07-22 10:00:06,701 - INFO -         [许褚]由于[诸葛亮]【草船借箭】的[草船借箭]效果,损失了兵力197(8360)
2025-07-22 10:00:06,701 - INFO -         [诸葛亮]触发攻心
2025-07-22 10:00:06,702 - INFO -         [诸葛亮]恢复了兵力47(2789)
2025-07-22 10:00:06,702 - INFO -     [许褚]发动战法【膂力过人】
2025-07-22 10:00:06,702 - INFO -         [诸葛亮]由于[许褚]的【膂力过人】的伤害,损失了兵力418(2371)
2025-07-22 10:00:06,702 - INFO -         [诸葛亮]发动来自【草船借箭】的[草船借箭]效果, 但因几率未触发
2025-07-22 10:00:06,702 - INFO -     [诸葛亮]执行来自【膂力过人】的[膂力过人]效果
2025-07-22 10:00:06,702 - INFO -         [诸葛亮]由于[许褚]【膂力过人】的[膂力过人]效果,损失了兵力195(2176)
2025-07-22 10:00:06,702 - INFO -         [诸葛亮]发动来自【草船借箭】的[草船借箭]效果, 但因几率未触发
2025-07-22 10:00:06,702 - INFO -     [许褚]进行连击
2025-07-22 10:00:06,702 - INFO -     [许褚]对[诸葛亮]发动普通攻击
2025-07-22 10:00:06,702 - INFO -         [诸葛亮]损失了兵力279(1897)
2025-07-22 10:00:06,703 - INFO -         [诸葛亮]发动来自【草船借箭】的[草船借箭]效果, 但因几率未触发
2025-07-22 10:00:06,703 - INFO -     [许褚]发动战法【膂力过人】
2025-07-22 10:00:06,703 - INFO -         [诸葛亮]由于[许褚]的【膂力过人】的伤害,损失了兵力418(1479)
2025-07-22 10:00:06,703 - INFO -         [诸葛亮]发动来自【草船借箭】的[草船借箭]效果, 但因几率未触发
2025-07-22 10:00:06,703 - INFO -     [诸葛亮]执行来自【膂力过人】的[膂力过人]效果
2025-07-22 10:00:06,703 - INFO -         [诸葛亮]由于[许褚]【膂力过人】的[膂力过人]效果,损失了兵力195(1284)
2025-07-22 10:00:06,703 - INFO -         [诸葛亮]发动来自【草船借箭】的[草船借箭]效果, 但因几率未触发
2025-07-22 10:00:06,703 - INFO - [颜良]开始行动
2025-07-22 10:00:06,704 - INFO -     [颜良]对[诸葛亮]发动普通攻击
2025-07-22 10:00:06,704 - INFO -         [诸葛亮]损失了兵力161(7970)
2025-07-22 10:00:06,704 - INFO -         [诸葛亮]执行来自【草船借箭】的[草船借箭]效果
2025-07-22 10:00:06,704 - INFO -         [周瑜]由于[诸葛亮]【草船借箭】的[草船借箭]效果,损失了兵力363(5732)
2025-07-22 10:00:06,704 - INFO -         [诸葛亮]触发攻心
2025-07-22 10:00:06,704 - INFO -         [诸葛亮]恢复了兵力87(7970)
2025-07-22 10:00:06,704 - INFO -     [颜良]发动战法【膂力过人】
2025-07-22 10:00:06,705 - INFO -         [诸葛亮]由于[颜良]的【膂力过人】的伤害,损失了兵力242(7728)
2025-07-22 10:00:06,705 - INFO -         [诸葛亮]发动来自【草船借箭】的[草船借箭]效果, 但因几率未触发
2025-07-22 10:00:06,705 - INFO -     [诸葛亮]执行来自【膂力过人】的[膂力过人]效果
2025-07-22 10:00:06,705 - INFO -         [诸葛亮]由于[颜良]【膂力过人】的[膂力过人]效果,损失了兵力113(7615)
2025-07-22 10:00:06,705 - INFO -         [诸葛亮]执行来自【草船借箭】的[草船借箭]效果
2025-07-22 10:00:06,705 - INFO -         [诸葛亮]由于[诸葛亮]【草船借箭】的[草船借箭]效果,损失了兵力339(945)
2025-07-22 10:00:06,705 - INFO -         [诸葛亮]触发攻心
2025-07-22 10:00:06,705 - INFO -         [诸葛亮]恢复了兵力81(7615)
2025-07-22 10:00:06,705 - INFO -         [诸葛亮]发动来自【草船借箭】的[草船借箭]效果, 但因几率未触发
2025-07-22 10:00:06,706 - INFO - [SP诸葛亮]开始行动
2025-07-22 10:00:06,706 - INFO -         [SP诸葛亮]因几率未发动战法【十二奇策】
2025-07-22 10:00:06,706 - INFO -     [SP诸葛亮]对[诸葛亮]发动普通攻击
2025-07-22 10:00:06,706 - INFO -         [诸葛亮]损失了兵力220(725)
2025-07-22 10:00:06,706 - INFO -         [诸葛亮]发动来自【草船借箭】的[草船借箭]效果, 但因几率未触发
2025-07-22 10:00:06,707 - INFO - [周瑜]开始行动
2025-07-22 10:00:06,707 - INFO -     [周瑜]对[SP诸葛亮]发动普通攻击
2025-07-22 10:00:06,707 - INFO -         [SP诸葛亮]损失了兵力146(6338)
2025-07-22 10:00:06,707 - INFO - [诸葛亮]开始行动
2025-07-22 10:00:06,708 - INFO -     [诸葛亮]对[诸葛亮]发动普通攻击
2025-07-22 10:00:06,708 - INFO -         [诸葛亮]损失了兵力153(572)
2025-07-22 10:00:06,708 - INFO -         [诸葛亮]发动来自【草船借箭】的[草船借箭]效果, 但因几率未触发
2025-07-22 10:00:06,708 - INFO - [诸葛亮]开始行动
2025-07-22 10:00:06,708 - INFO -         [诸葛亮]的【技穷】效果已消失
2025-07-22 10:00:06,708 - INFO -         [诸葛亮]因几率未发动战法【十二奇策】
2025-07-22 10:00:06,708 - INFO -     [诸葛亮]由于[SP诸葛亮]【十二奇策】的「嘲讽」效果
2025-07-22 10:00:06,708 - INFO -     [诸葛亮]对[SP诸葛亮]发动普通攻击
2025-07-22 10:00:06,709 - INFO -         [SP诸葛亮]损失了兵力58(6280)
2025-07-22 10:00:06,709 - INFO - 
[第 5 回合]
2025-07-22 10:00:06,709 - INFO - [许褚]开始行动
2025-07-22 10:00:06,709 - INFO -     [许褚]执行来自【星罗棋布】的[星罗棋布-双前排阵型]效果
2025-07-22 10:00:06,709 - INFO -         [诸葛亮]由于[许褚]【星罗棋布】的[星罗棋布-双前排阵型]效果,损失了兵力446(126)
2025-07-22 10:00:06,710 - INFO -         [诸葛亮]发动来自【草船借箭】的[草船借箭]效果, 但因几率未触发
2025-07-22 10:00:06,710 - INFO -         [周瑜]由于[许褚]【星罗棋布】的[星罗棋布-双前排阵型]效果,损失了兵力423(5309)
2025-07-22 10:00:06,710 - INFO -     [许褚]对[诸葛亮]发动普通攻击
2025-07-22 10:00:06,710 - INFO -         [诸葛亮]损失了兵力126(0)
2025-07-22 10:00:06,710 - INFO -         [诸葛亮]兵力为0 无法再战
2025-07-22 10:00:06,710 - INFO -     [许褚]发动战法【膂力过人】
2025-07-22 10:00:06,710 - INFO -     [诸葛亮]执行来自【膂力过人】的[膂力过人]效果
2025-07-22 10:00:06,711 - INFO -     [许褚]进行连击
2025-07-22 10:00:06,711 - INFO -     [许褚]对[周瑜]发动普通攻击
2025-07-22 10:00:06,711 - INFO -         [周瑜]损失了兵力264(5045)
2025-07-22 10:00:06,711 - INFO -     [许褚]发动战法【膂力过人】
2025-07-22 10:00:06,711 - INFO -         [周瑜]由于[许褚]的【膂力过人】的伤害,损失了兵力397(4648)
2025-07-22 10:00:06,711 - INFO -     [周瑜]执行来自【膂力过人】的[膂力过人]效果
2025-07-22 10:00:06,711 - INFO -         [周瑜]由于[许褚]【膂力过人】的[膂力过人]效果,损失了兵力185(4463)
2025-07-22 10:00:06,711 - INFO - [颜良]开始行动
2025-07-22 10:00:06,711 - INFO -         [颜良]的【风暴】效果已消失
2025-07-22 10:00:06,712 - INFO -         [颜良]的【先攻】提升30.00(192.20)
2025-07-22 10:00:06,712 - INFO -     [颜良]对[诸葛亮]发动普通攻击
2025-07-22 10:00:06,712 - INFO -         [诸葛亮]损失了兵力161(7454)
2025-07-22 10:00:06,712 - INFO -         [诸葛亮]发动来自【草船借箭】的[草船借箭]效果, 但因几率未触发
2025-07-22 10:00:06,712 - INFO -     [颜良]发动战法【膂力过人】
2025-07-22 10:00:06,712 - INFO -         [诸葛亮]由于[颜良]的【膂力过人】的伤害,损失了兵力242(7212)
2025-07-22 10:00:06,712 - INFO -         [诸葛亮]执行来自【草船借箭】的[草船借箭]效果
2025-07-22 10:00:06,712 - INFO -         [周瑜]由于[诸葛亮]【草船借箭】的[草船借箭]效果,损失了兵力348(4115)
2025-07-22 10:00:06,712 - INFO -         [诸葛亮]触发攻心
2025-07-22 10:00:06,712 - INFO -         [诸葛亮]恢复了兵力83(7212)
2025-07-22 10:00:06,713 - INFO -     [诸葛亮]执行来自【膂力过人】的[膂力过人]效果
2025-07-22 10:00:06,713 - INFO -         [诸葛亮]由于[颜良]【膂力过人】的[膂力过人]效果,损失了兵力113(7099)
2025-07-22 10:00:06,713 - INFO -         [诸葛亮]执行来自【草船借箭】的[草船借箭]效果
2025-07-22 10:00:06,713 - INFO -         [周瑜]由于[诸葛亮]【草船借箭】的[草船借箭]效果,损失了兵力346(3769)
2025-07-22 10:00:06,713 - INFO -         [诸葛亮]触发攻心
2025-07-22 10:00:06,713 - INFO -         [诸葛亮]恢复了兵力83(7099)
2025-07-22 10:00:06,714 - INFO - [SP诸葛亮]开始行动
2025-07-22 10:00:06,714 - INFO -         [SP诸葛亮]发动战法【十二奇策】
2025-07-22 10:00:06,714 - INFO -         [周瑜]由于[SP诸葛亮]的【十二奇策】的伤害,损失了兵力854(2915)
2025-07-22 10:00:06,715 - INFO -         [周瑜]执行来自【十二奇策】的[十二奇谋]效果
2025-07-22 10:00:06,715 - INFO -         [周瑜]的【技穷】效果已施加
2025-07-22 10:00:06,715 - INFO -         [周瑜]发动来自【临机制胜】的[临机制胜-制胜]效果, 但因几率未触发
2025-07-22 10:00:06,715 - INFO -         [周瑜]发动来自【临机制胜】的[临机制胜-制胜]效果, 但因几率未触发
2025-07-22 10:00:06,715 - INFO -         [颜良]由于[SP诸葛亮]的【十二奇策】的伤害,损失了兵力1030(1701)
2025-07-22 10:00:06,715 - INFO -         [颜良]执行来自【十二奇策】的[十二奇谋]效果
2025-07-22 10:00:06,716 - INFO -         [颜良]的【智力】降低15.00(119.20)
2025-07-22 10:00:06,716 - INFO -         [颜良]的【火攻】效果已施加
2025-07-22 10:00:06,716 - INFO -         [颜良]执行来自【临机制胜】的[临机制胜-制胜]效果
2025-07-22 10:00:06,716 - INFO -         [颜良]由于[SP诸葛亮]【临机制胜】的[临机制胜-制胜]效果,损失了兵力288(1413)
2025-07-22 10:00:06,717 - INFO -         [周瑜]由于[SP诸葛亮]【临机制胜】的[临机制胜-制胜]效果,损失了兵力232(2683)
2025-07-22 10:00:06,717 - INFO -         [颜良]执行来自【临机制胜】的[临机制胜-制胜]效果
2025-07-22 10:00:06,717 - INFO -         [SP诸葛亮]由于[周瑜]【临机制胜】的[临机制胜-制胜]效果,损失了兵力100(6180)
2025-07-22 10:00:06,717 - INFO -         [许褚]由于[周瑜]【临机制胜】的[临机制胜-制胜]效果,损失了兵力175(8185)
2025-07-22 10:00:06,717 - INFO -         [周瑜]执行来自【临机制胜】的[临机制胜-恢复]效果
2025-07-22 10:00:06,717 - INFO -         [颜良]恢复了兵力550(1413)
2025-07-22 10:00:06,717 - INFO -         [周瑜]由于[SP诸葛亮]【十二奇策】的[断粮]效果治疗效率降为30%
2025-07-22 10:00:06,717 - INFO -         [周瑜]恢复了兵力385(2683)
2025-07-22 10:00:06,718 - INFO -     [SP诸葛亮]对[颜良]发动普通攻击
2025-07-22 10:00:06,718 - INFO -         [颜良]损失了兵力247(1166)
2025-07-22 10:00:06,718 - INFO - [周瑜]开始行动
2025-07-22 10:00:06,718 - INFO -         [周瑜]的【断粮】效果已消失
2025-07-22 10:00:06,718 - INFO -     [周瑜]对[SP诸葛亮]发动普通攻击
2025-07-22 10:00:06,718 - INFO -         [SP诸葛亮]损失了兵力107(6073)
2025-07-22 10:00:06,719 - INFO - [诸葛亮]开始行动
2025-07-22 10:00:06,719 - INFO -     [诸葛亮]对[周瑜]发动普通攻击
2025-07-22 10:00:06,719 - INFO -         [周瑜]损失了兵力172(2511)
2025-07-22 10:00:06,719 - INFO - [诸葛亮]开始行动
2025-07-22 10:00:06,719 - INFO - 
[第 6 回合]
2025-07-22 10:00:06,720 - INFO - [许褚]开始行动
2025-07-22 10:00:06,720 - INFO -     [许褚]执行来自【星罗棋布】的[星罗棋布-双前排阵型]效果
2025-07-22 10:00:06,720 - INFO -         [颜良]由于[许褚]【星罗棋布】的[星罗棋布-双前排阵型]效果,损失了兵力541(625)
2025-07-22 10:00:06,720 - INFO -         [周瑜]由于[许褚]【星罗棋布】的[星罗棋布-双前排阵型]效果,损失了兵力420(2091)
2025-07-22 10:00:06,720 - INFO -     [许褚]对[颜良]发动普通攻击
2025-07-22 10:00:06,720 - INFO -         [颜良]损失了兵力338(287)
2025-07-22 10:00:06,721 - INFO -     [许褚]发动战法【膂力过人】
2025-07-22 10:00:06,721 - INFO -         [颜良]由于[许褚]的【膂力过人】的伤害,损失了兵力287(0)
2025-07-22 10:00:06,721 - INFO -         [颜良]兵力为0 无法再战
2025-07-22 10:00:06,721 - INFO -     [颜良]执行来自【膂力过人】的[膂力过人]效果
2025-07-22 10:00:06,721 - INFO -     [许褚]进行连击
2025-07-22 10:00:06,721 - INFO -     [许褚]对[周瑜]发动普通攻击
2025-07-22 10:00:06,721 - INFO -         [周瑜]损失了兵力262(1829)
2025-07-22 10:00:06,722 - INFO -     [许褚]发动战法【膂力过人】
2025-07-22 10:00:06,722 - INFO -         [周瑜]由于[许褚]的【膂力过人】的伤害,损失了兵力393(1436)
2025-07-22 10:00:06,722 - INFO -     [周瑜]执行来自【膂力过人】的[膂力过人]效果
2025-07-22 10:00:06,722 - INFO -         [周瑜]由于[许褚]【膂力过人】的[膂力过人]效果,损失了兵力183(1253)
2025-07-22 10:00:06,722 - INFO - [颜良]开始行动
2025-07-22 10:00:06,723 - INFO - [SP诸葛亮]开始行动
2025-07-22 10:00:06,723 - INFO -         [SP诸葛亮]发动战法【十二奇策】
2025-07-22 10:00:06,723 - INFO -         [周瑜]由于[SP诸葛亮]的【十二奇策】的伤害,损失了兵力843(410)
2025-07-22 10:00:06,724 - INFO -         [周瑜]执行来自【十二奇策】的[十二奇谋]效果
2025-07-22 10:00:06,725 - INFO -         [周瑜]的【统帅】降低20.00(174.45)
2025-07-22 10:00:06,725 - INFO -         [周瑜]的【洪水】效果已施加
2025-07-22 10:00:06,725 - INFO -         [周瑜]发动来自【临机制胜】的[临机制胜-制胜]效果, 但因几率未触发
2025-07-22 10:00:06,725 - INFO -         [周瑜]执行来自【临机制胜】的[临机制胜-制胜]效果
2025-07-22 10:00:06,725 - INFO -         [SP诸葛亮]由于[周瑜]【临机制胜】的[临机制胜-制胜]效果,损失了兵力53(6020)
2025-07-22 10:00:06,725 - INFO -         [诸葛亮]由于[周瑜]【临机制胜】的[临机制胜-制胜]效果,损失了兵力59(7040)
2025-07-22 10:00:06,725 - INFO -         [诸葛亮]执行来自【草船借箭】的[草船借箭]效果
2025-07-22 10:00:06,726 - INFO -         [周瑜]由于[诸葛亮]【草船借箭】的[草船借箭]效果,损失了兵力356(54)
2025-07-22 10:00:06,726 - INFO -         [诸葛亮]触发攻心
2025-07-22 10:00:06,726 - INFO -         [诸葛亮]恢复了兵力85(7040)
2025-07-22 10:00:06,726 - INFO -     [SP诸葛亮]对[周瑜]发动普通攻击
2025-07-22 10:00:06,726 - INFO -         [周瑜]损失了兵力54(0)
2025-07-22 10:00:06,726 - INFO -         [周瑜]兵力为0 无法再战
2025-07-22 10:00:06,726 - INFO - [夫人队]战斗结束
2025-07-22 10:00:06,726 - INFO - ------------ 当前对 夫人队 的第 1 次对抗测试结束
2025-07-22 10:00:06,726 - INFO - ------------ [诸葛队] 获胜 0 场，[夫人队] 获胜 1 场
