2025-07-21 17:22:09,804 - INFO - ------------ 当前选择的模式是:1_VS_1
2025-07-21 17:22:09,807 - INFO - ------------ 由 [诸葛队] 对战 [夫人队]
2025-07-21 17:22:09,807 - INFO - ------------ 对抗的次数为 1
2025-07-21 17:22:09,808 - INFO - ------------ 当前第 1 次对抗测试
2025-07-21 17:22:09,817 - INFO - 
[第 1 局]
2025-07-21 17:22:09,818 - INFO - [列队布阵阶段]
2025-07-21 17:22:09,818 - INFO -     [诸葛队]当前补给为100,造成伤害降低0%
2025-07-21 17:22:09,818 - INFO -     [夫人队]当前补给为100,造成伤害降低0%
2025-07-21 17:22:09,818 - INFO -     [诸葛队]获得【阵型-萁型阵】强化效果
2025-07-21 17:22:09,818 - INFO -         [诸葛亮]的【受到伤害】降低6.00%(-6.00%)
2025-07-21 17:22:09,818 - INFO -         [颜良]的【造成伤害】提升12.00%(112.00%)
2025-07-21 17:22:09,818 - INFO -         [周瑜]的【造成伤害】提升12.00%(112.00%)
2025-07-21 17:22:09,818 - INFO -     [夫人队]获得【阵型-偃月阵】强化效果
2025-07-21 17:22:09,818 - INFO -         [SP诸葛亮]的【造成伤害】提升14.00%(114.00%)
2025-07-21 17:22:09,818 - INFO -         [诸葛亮]的【造成伤害】提升14.00%(114.00%)
2025-07-21 17:22:09,818 - INFO -         [许褚]的【受到伤害】降低5.00%(-5.00%)
2025-07-21 17:22:09,818 - INFO -     [SP诸葛亮]发动战法【星罗棋布】
2025-07-21 17:22:09,819 - INFO -         [SP诸葛亮]执行来自【星罗棋布】的[星罗棋布-阵型]效果
2025-07-21 17:22:09,819 - INFO -         [SP诸葛亮]的【造成伤害】提升14.54%(128.54%)
2025-07-21 17:22:09,819 - INFO -         [许褚]执行来自【星罗棋布】的[星罗棋布-阵型]效果
2025-07-21 17:22:09,819 - INFO -         [许褚]的【受到伤害】降低5.19%(-10.19%)
2025-07-21 17:22:09,819 - INFO -         [诸葛亮]执行来自【星罗棋布】的[星罗棋布-阵型]效果
2025-07-21 17:22:09,819 - INFO -         [诸葛亮]的【造成伤害】提升14.54%(128.54%)
2025-07-21 17:22:09,819 - INFO -    [夫人队]获得【蜀】强化效果,属性提升 5.0%
2025-07-21 17:22:09,819 - INFO -         [SP诸葛亮]的【武力】提升6.41(134.61)
2025-07-21 17:22:09,819 - INFO -         [SP诸葛亮]的【智力】提升13.00(273.00)
2025-07-21 17:22:09,819 - INFO -         [SP诸葛亮]的【统帅】提升10.24(215.04)
2025-07-21 17:22:09,819 - INFO -         [SP诸葛亮]的【先攻】提升6.90(144.85)
2025-07-21 17:22:09,819 - INFO -         [许褚]的【武力】提升11.89(249.64)
2025-07-21 17:22:09,819 - INFO -         [许褚]的【智力】提升5.72(120.07)
2025-07-21 17:22:09,819 - INFO -         [许褚]的【统帅】提升8.44(177.24)
2025-07-21 17:22:09,819 - INFO -         [许褚]的【先攻】提升9.30(195.30)
2025-07-21 17:22:09,819 - INFO -         [诸葛亮]的【武力】提升3.67(77.07)
2025-07-21 17:22:09,819 - INFO -         [诸葛亮]的【智力】提升15.50(325.50)
2025-07-21 17:22:09,819 - INFO -         [诸葛亮]的【统帅】提升10.73(225.22)
2025-07-21 17:22:09,820 - INFO -         [诸葛亮]的【先攻】提升6.56(137.81)
2025-07-21 17:22:09,820 - INFO -     [诸葛队]获得【兵种-弓】强化效果
2025-07-21 17:22:09,820 - INFO -         [诸葛亮]的【造成伤害】提升3.50%(103.50%)
2025-07-21 17:22:09,820 - INFO -         [颜良]的【造成伤害】提升3.50%(115.50%)
2025-07-21 17:22:09,820 - INFO -         [周瑜]的【造成伤害】提升3.50%(115.50%)
2025-07-21 17:22:09,820 - INFO -     [夫人队]获得【才堪相配】强化效果
2025-07-21 17:22:09,820 - INFO -         [SP诸葛亮]的【受治疗效果】提升8.00%(108.00%)
2025-07-21 17:22:09,820 - INFO -         [诸葛亮]的【受治疗效果】提升8.00%(108.00%)
2025-07-21 17:22:09,820 - INFO -     [许褚]发动战法【裸衣血战】
2025-07-21 17:22:09,820 - INFO -         [许褚]的【先攻】提升20.00(215.30)
2025-07-21 17:22:09,820 - INFO -         [许褚]的【武力】提升20.00(257.75)
2025-07-21 17:22:09,820 - INFO -         [许褚]的【连击几率】提升100.00%(100.00%)
2025-07-21 17:22:09,820 - INFO -         [许褚]的【统帅】降低15.00(162.24)
2025-07-21 17:22:09,820 - INFO -         [许褚]的【造成伤害】降低0.00%(100.00%)
2025-07-21 17:22:09,820 - INFO -     [周瑜]发动战法【临机制胜】
2025-07-21 17:22:09,820 - INFO -     [SP诸葛亮]发动战法【星罗棋布】
2025-07-21 17:22:09,820 - INFO -         [SP诸葛亮]的【受到谋略伤害】降低14.75%(-14.75%)
2025-07-21 17:22:09,821 - INFO -         [许褚]的【受到谋略伤害】降低11.34%(-11.34%)
2025-07-21 17:22:09,821 - INFO -         [诸葛亮]的【受到谋略伤害】降低11.34%(-11.34%)
2025-07-21 17:22:09,821 - INFO -         [SP诸葛亮]执行来自【星罗棋布】的[星罗棋布-额外效果]效果
2025-07-21 17:22:09,821 - INFO -         [SP诸葛亮]执行来自【星罗棋布】的[星罗棋布-双前排阵型]效果
2025-07-21 17:22:09,821 - INFO -         [许褚]的【对前排造成伤害】提升20.00%(120.00%)
2025-07-21 17:22:09,821 - INFO -         [许褚]的[星罗棋布-双前排阵型]效果已施加
2025-07-21 17:22:09,821 - INFO -     [SP诸葛亮]发动战法【临机制胜】
2025-07-21 17:22:09,821 - INFO -     [诸葛亮]发动战法【草船借箭】
2025-07-21 17:22:09,821 - INFO -         [诸葛亮]的【攻心】提升24.00%(24.00%)
2025-07-21 17:22:09,821 - INFO -     [诸葛亮]发动战法【临机制胜】
2025-07-21 17:22:09,821 - INFO -     [诸葛亮]发动战法【草船借箭】
2025-07-21 17:22:09,821 - INFO -         [诸葛亮]的【攻心】提升24.00%(24.00%)
2025-07-21 17:22:09,821 - INFO - 
[第 1 回合]
2025-07-21 17:22:09,821 - INFO - [许褚]开始行动
2025-07-21 17:22:09,822 - INFO -     [许褚]执行来自【星罗棋布】的[星罗棋布-双前排阵型]效果
2025-07-21 17:22:09,822 - INFO -         [颜良]由于[许褚]【星罗棋布】的[星罗棋布-双前排阵型]效果,损失了兵力564(9436)
2025-07-21 17:22:09,822 - INFO -     [许褚]对[诸葛亮]发动普通攻击
2025-07-21 17:22:09,822 - INFO -         [诸葛亮]损失了兵力288(9712)
2025-07-21 17:22:09,822 - INFO -         [诸葛亮]发动来自【草船借箭】的[草船借箭]效果, 但因几率未触发
2025-07-21 17:22:09,822 - INFO -     [许褚]发动战法【膂力过人】
2025-07-21 17:22:09,822 - INFO -         [诸葛亮]由于[许褚]的【膂力过人】的伤害,损失了兵力432(9280)
2025-07-21 17:22:09,822 - INFO -         [诸葛亮]发动来自【草船借箭】的[草船借箭]效果, 但因几率未触发
2025-07-21 17:22:09,823 - INFO -     [诸葛亮]执行来自【膂力过人】的[膂力过人]效果
2025-07-21 17:22:09,823 - INFO -         [诸葛亮]由于[许褚]【膂力过人】的[膂力过人]效果,损失了兵力201(9079)
2025-07-21 17:22:09,823 - INFO -         [诸葛亮]执行来自【草船借箭】的[草船借箭]效果
2025-07-21 17:22:09,823 - INFO -         [许褚]由于[诸葛亮]【草船借箭】的[草船借箭]效果,损失了兵力315(9685)
2025-07-21 17:22:09,823 - INFO -         [诸葛亮]触发攻心
2025-07-21 17:22:09,823 - INFO -         [诸葛亮]恢复了兵力75(9079)
2025-07-21 17:22:09,823 - INFO -     [颜良]发动战法【膂力过人】
2025-07-21 17:22:09,823 - INFO -         [诸葛亮]由于[颜良]的【膂力过人】的伤害,损失了兵力381(8698)
2025-07-21 17:22:09,823 - INFO -         [诸葛亮]执行来自【草船借箭】的[草船借箭]效果
2025-07-21 17:22:09,824 - INFO -         [SP诸葛亮]由于[诸葛亮]【草船借箭】的[草船借箭]效果,损失了兵力175(9825)
2025-07-21 17:22:09,824 - INFO -         [诸葛亮]触发攻心
2025-07-21 17:22:09,824 - INFO -         [诸葛亮]恢复了兵力42(8698)
2025-07-21 17:22:09,824 - INFO -     [诸葛亮]执行来自【膂力过人】的[膂力过人]效果
2025-07-21 17:22:09,824 - INFO -         [诸葛亮]由于[颜良]【膂力过人】的[膂力过人]效果,损失了兵力178(8520)
2025-07-21 17:22:09,824 - INFO -         [诸葛亮]执行来自【草船借箭】的[草船借箭]效果
2025-07-21 17:22:09,824 - INFO -         [诸葛亮]由于[诸葛亮]【草船借箭】的[草船借箭]效果,损失了兵力192(9808)
2025-07-21 17:22:09,824 - INFO -         [诸葛亮]触发攻心
2025-07-21 17:22:09,824 - INFO -         [诸葛亮]恢复了兵力46(8520)
2025-07-21 17:22:09,824 - INFO -         [诸葛亮]执行来自【草船借箭】的[草船借箭]效果
2025-07-21 17:22:09,825 - INFO -         [诸葛亮]由于[诸葛亮]【草船借箭】的[草船借箭]效果,损失了兵力364(8156)
2025-07-21 17:22:09,825 - INFO -         [诸葛亮]触发攻心
2025-07-21 17:22:09,825 - INFO -         [诸葛亮]恢复了兵力87(9808)
2025-07-21 17:22:09,825 - INFO -         [诸葛亮]执行来自【草船借箭】的[草船借箭]效果
2025-07-21 17:22:09,825 - INFO -         [SP诸葛亮]由于[诸葛亮]【草船借箭】的[草船借箭]效果,损失了兵力170(9655)
2025-07-21 17:22:09,825 - INFO -         [诸葛亮]触发攻心
2025-07-21 17:22:09,825 - INFO -         [诸葛亮]恢复了兵力40(8156)
2025-07-21 17:22:09,825 - INFO -     [许褚]进行连击
2025-07-21 17:22:09,825 - INFO -     [许褚]对[诸葛亮]发动普通攻击
2025-07-21 17:22:09,825 - INFO -         [诸葛亮]损失了兵力288(7868)
2025-07-21 17:22:09,825 - INFO -         [诸葛亮]执行来自【草船借箭】的[草船借箭]效果
2025-07-21 17:22:09,826 - INFO -         [诸葛亮]由于[诸葛亮]【草船借箭】的[草船借箭]效果,损失了兵力186(9622)
2025-07-21 17:22:09,826 - INFO -         [诸葛亮]触发攻心
2025-07-21 17:22:09,826 - INFO -         [诸葛亮]恢复了兵力44(7868)
2025-07-21 17:22:09,826 - INFO -         [诸葛亮]执行来自【草船借箭】的[草船借箭]效果
2025-07-21 17:22:09,826 - INFO -         [诸葛亮]由于[诸葛亮]【草船借箭】的[草船借箭]效果,损失了兵力364(7504)
2025-07-21 17:22:09,826 - INFO -         [诸葛亮]触发攻心
2025-07-21 17:22:09,826 - INFO -         [诸葛亮]恢复了兵力87(9622)
2025-07-21 17:22:09,826 - INFO -     [许褚]发动战法【膂力过人】
2025-07-21 17:22:09,826 - INFO -         [诸葛亮]由于[许褚]的【膂力过人】的伤害,损失了兵力432(7072)
2025-07-21 17:22:09,826 - INFO -     [诸葛亮]执行来自【膂力过人】的[膂力过人]效果
2025-07-21 17:22:09,827 - INFO -         [诸葛亮]由于[许褚]【膂力过人】的[膂力过人]效果,损失了兵力201(6871)
2025-07-21 17:22:09,827 - INFO -     [颜良]发动战法【膂力过人】
2025-07-21 17:22:09,827 - INFO -         [诸葛亮]由于[颜良]的【膂力过人】的伤害,损失了兵力381(6490)
2025-07-21 17:22:09,827 - INFO -     [诸葛亮]执行来自【膂力过人】的[膂力过人]效果
2025-07-21 17:22:09,827 - INFO -         [诸葛亮]由于[颜良]【膂力过人】的[膂力过人]效果,损失了兵力178(6312)
2025-07-21 17:22:09,827 - INFO - [颜良]开始行动
2025-07-21 17:22:09,827 - INFO -     [颜良]对[诸葛亮]发动普通攻击
2025-07-21 17:22:09,828 - INFO -         [诸葛亮]损失了兵力260(9362)
2025-07-21 17:22:09,828 - INFO -         [诸葛亮]执行来自【草船借箭】的[草船借箭]效果
2025-07-21 17:22:09,828 - INFO -         [诸葛亮]由于[诸葛亮]【草船借箭】的[草船借箭]效果,损失了兵力364(5948)
2025-07-21 17:22:09,828 - INFO -         [诸葛亮]触发攻心
2025-07-21 17:22:09,828 - INFO -         [诸葛亮]恢复了兵力87(9362)
2025-07-21 17:22:09,828 - INFO -     [许褚]发动战法【膂力过人】
2025-07-21 17:22:09,828 - INFO -         [诸葛亮]由于[许褚]的【膂力过人】的伤害,损失了兵力443(8919)
2025-07-21 17:22:09,828 - INFO -         [诸葛亮]执行来自【草船借箭】的[草船借箭]效果
2025-07-21 17:22:09,828 - INFO -         [周瑜]由于[诸葛亮]【草船借箭】的[草船借箭]效果,损失了兵力381(9619)
2025-07-21 17:22:09,828 - INFO -         [诸葛亮]触发攻心
2025-07-21 17:22:09,828 - INFO -         [诸葛亮]恢复了兵力91(8919)
2025-07-21 17:22:09,829 - INFO -     [诸葛亮]执行来自【膂力过人】的[膂力过人]效果
2025-07-21 17:22:09,829 - INFO -         [诸葛亮]由于[许褚]【膂力过人】的[膂力过人]效果,损失了兵力207(8712)
2025-07-21 17:22:09,829 - INFO -         [诸葛亮]执行来自【草船借箭】的[草船借箭]效果
2025-07-21 17:22:09,829 - INFO -         [诸葛亮]由于[诸葛亮]【草船借箭】的[草船借箭]效果,损失了兵力359(5589)
2025-07-21 17:22:09,829 - INFO -         [诸葛亮]触发攻心
2025-07-21 17:22:09,829 - INFO -         [诸葛亮]恢复了兵力86(8712)
2025-07-21 17:22:09,829 - INFO -     [颜良]发动战法【膂力过人】
2025-07-21 17:22:09,829 - INFO -         [诸葛亮]由于[颜良]的【膂力过人】的伤害,损失了兵力391(8321)
2025-07-21 17:22:09,830 - INFO -     [诸葛亮]执行来自【膂力过人】的[膂力过人]效果
2025-07-21 17:22:09,830 - INFO -         [诸葛亮]由于[颜良]【膂力过人】的[膂力过人]效果,损失了兵力182(8139)
2025-07-21 17:22:09,830 - INFO - [SP诸葛亮]开始行动
2025-07-21 17:22:09,830 - INFO -         [SP诸葛亮]发动战法【十二奇策】
2025-07-21 17:22:09,830 - INFO -         [诸葛亮]由于[SP诸葛亮]的【十二奇策】的伤害,损失了兵力940(4649)
2025-07-21 17:22:09,831 - INFO -         [诸葛亮]执行来自【十二奇策】的[十二奇谋]效果
2025-07-21 17:22:09,832 - INFO -         [诸葛亮]的【混乱】效果已施加
2025-07-21 17:22:09,832 - INFO -         [诸葛亮]执行来自【临机制胜】的[临机制胜-制胜]效果
2025-07-21 17:22:09,832 - INFO -         [周瑜]由于[SP诸葛亮]【临机制胜】的[临机制胜-制胜]效果,损失了兵力269(9350)
2025-07-21 17:22:09,832 - INFO -         [诸葛亮]由于[SP诸葛亮]【临机制胜】的[临机制胜-制胜]效果,损失了兵力256(4393)
2025-07-21 17:22:09,832 - INFO -         [诸葛亮]执行来自【临机制胜】的[临机制胜-制胜]效果
2025-07-21 17:22:09,832 - INFO -         [许褚]由于[周瑜]【临机制胜】的[临机制胜-制胜]效果,损失了兵力284(9401)
2025-07-21 17:22:09,833 - INFO -         [诸葛亮]由于[周瑜]【临机制胜】的[临机制胜-制胜]效果,损失了兵力182(7957)
2025-07-21 17:22:09,833 - INFO -         [诸葛亮]发动来自【临机制胜】的[临机制胜-制胜]效果, 但因几率未触发
2025-07-21 17:22:09,833 - INFO -         [颜良]由于[SP诸葛亮]的【十二奇策】的伤害,损失了兵力1192(8244)
2025-07-21 17:22:09,833 - INFO -         [颜良]执行来自【十二奇策】的[十二奇谋]效果
2025-07-21 17:22:09,834 - INFO -         [颜良]的【缴械】效果已施加
2025-07-21 17:22:09,834 - INFO -         [颜良]执行来自【临机制胜】的[临机制胜-制胜]效果
2025-07-21 17:22:09,834 - INFO -         [周瑜]由于[SP诸葛亮]【临机制胜】的[临机制胜-制胜]效果,损失了兵力269(9081)
2025-07-21 17:22:09,834 - INFO -         [诸葛亮]由于[SP诸葛亮]【临机制胜】的[临机制胜-制胜]效果,损失了兵力256(4137)
2025-07-21 17:22:09,834 - INFO -         [颜良]执行来自【临机制胜】的[临机制胜-制胜]效果
2025-07-21 17:22:09,835 - INFO -         [诸葛亮]由于[周瑜]【临机制胜】的[临机制胜-制胜]效果,损失了兵力182(7775)
2025-07-21 17:22:09,835 - INFO -         [SP诸葛亮]由于[周瑜]【临机制胜】的[临机制胜-制胜]效果,损失了兵力163(9492)
2025-07-21 17:22:09,835 - INFO -         [颜良]发动来自【临机制胜】的[临机制胜-制胜]效果, 但因几率未触发
2025-07-21 17:22:09,835 - INFO -     [SP诸葛亮]对[诸葛亮]发动普通攻击
2025-07-21 17:22:09,835 - INFO -         [诸葛亮]损失了兵力251(3886)
2025-07-21 17:22:09,835 - INFO -     [许褚]发动战法【膂力过人】
2025-07-21 17:22:09,835 - INFO -         [诸葛亮]由于[许褚]的【膂力过人】的伤害,损失了兵力432(3454)
2025-07-21 17:22:09,836 - INFO -     [诸葛亮]执行来自【膂力过人】的[膂力过人]效果
2025-07-21 17:22:09,836 - INFO -         [诸葛亮]由于[许褚]【膂力过人】的[膂力过人]效果,损失了兵力201(3253)
2025-07-21 17:22:09,836 - INFO -     [颜良]发动战法【膂力过人】
2025-07-21 17:22:09,836 - INFO -         [诸葛亮]由于[颜良]的【膂力过人】的伤害,损失了兵力367(2886)
2025-07-21 17:22:09,836 - INFO -     [诸葛亮]执行来自【膂力过人】的[膂力过人]效果
2025-07-21 17:22:09,836 - INFO -         [诸葛亮]由于[颜良]【膂力过人】的[膂力过人]效果,损失了兵力171(2715)
2025-07-21 17:22:09,836 - INFO - [周瑜]开始行动
2025-07-21 17:22:09,837 - INFO -     [周瑜]对[诸葛亮]发动普通攻击
2025-07-21 17:22:09,837 - INFO -         [诸葛亮]损失了兵力198(7577)
2025-07-21 17:22:09,837 - INFO -     [许褚]发动战法【膂力过人】
2025-07-21 17:22:09,837 - INFO -         [诸葛亮]由于[许褚]的【膂力过人】的伤害,损失了兵力443(7134)
2025-07-21 17:22:09,838 - INFO -     [诸葛亮]执行来自【膂力过人】的[膂力过人]效果
2025-07-21 17:22:09,838 - INFO -         [诸葛亮]由于[许褚]【膂力过人】的[膂力过人]效果,损失了兵力207(6927)
2025-07-21 17:22:09,838 - INFO -     [颜良]发动战法【膂力过人】
2025-07-21 17:22:09,838 - INFO -         [诸葛亮]由于[颜良]的【膂力过人】的伤害,损失了兵力376(6551)
2025-07-21 17:22:09,838 - INFO -     [诸葛亮]执行来自【膂力过人】的[膂力过人]效果
2025-07-21 17:22:09,838 - INFO -         [诸葛亮]由于[颜良]【膂力过人】的[膂力过人]效果,损失了兵力175(6376)
2025-07-21 17:22:09,838 - INFO - [诸葛亮]开始行动
2025-07-21 17:22:09,839 - INFO -     [诸葛亮]对[周瑜]发动普通攻击
2025-07-21 17:22:09,839 - INFO -         [周瑜]损失了兵力165(8916)
2025-07-21 17:22:09,839 - INFO -     [许褚]发动战法【膂力过人】
2025-07-21 17:22:09,839 - INFO -         [周瑜]由于[许褚]的【膂力过人】的伤害,损失了兵力410(8506)
2025-07-21 17:22:09,839 - INFO -     [周瑜]执行来自【膂力过人】的[膂力过人]效果
2025-07-21 17:22:09,840 - INFO -         [周瑜]由于[许褚]【膂力过人】的[膂力过人]效果,损失了兵力191(8315)
2025-07-21 17:22:09,840 - INFO -     [颜良]发动战法【膂力过人】
2025-07-21 17:22:09,840 - INFO -         [周瑜]由于[颜良]的【膂力过人】的伤害,损失了兵力418(7897)
2025-07-21 17:22:09,840 - INFO -     [周瑜]执行来自【膂力过人】的[膂力过人]效果
2025-07-21 17:22:09,840 - INFO -         [周瑜]由于[颜良]【膂力过人】的[膂力过人]效果,损失了兵力195(7702)
2025-07-21 17:22:09,840 - INFO - [诸葛亮]开始行动
2025-07-21 17:22:09,841 - INFO -         [诸葛亮]因几率未发动战法【十二奇策】
2025-07-21 17:22:09,841 - INFO -     [诸葛亮]由于[SP诸葛亮]【十二奇策】的「混乱」效果
2025-07-21 17:22:09,841 - INFO -     [诸葛亮]对[诸葛亮]发动普通攻击
2025-07-21 17:22:09,841 - INFO -         [诸葛亮]损失了兵力111(6265)
2025-07-21 17:22:09,841 - INFO -     [许褚]发动战法【膂力过人】
2025-07-21 17:22:09,841 - INFO -         [诸葛亮]由于[许褚]的【膂力过人】的伤害,损失了兵力443(5822)
2025-07-21 17:22:09,841 - INFO -     [诸葛亮]执行来自【膂力过人】的[膂力过人]效果
2025-07-21 17:22:09,841 - INFO -         [诸葛亮]由于[许褚]【膂力过人】的[膂力过人]效果,损失了兵力207(5615)
2025-07-21 17:22:09,841 - INFO -     [颜良]发动战法【膂力过人】
2025-07-21 17:22:09,842 - INFO -         [诸葛亮]由于[颜良]的【膂力过人】的伤害,损失了兵力376(5239)
2025-07-21 17:22:09,842 - INFO -     [诸葛亮]执行来自【膂力过人】的[膂力过人]效果
2025-07-21 17:22:09,842 - INFO -         [诸葛亮]由于[颜良]【膂力过人】的[膂力过人]效果,损失了兵力175(5064)
2025-07-21 17:22:09,842 - INFO - 
[第 2 回合]
2025-07-21 17:22:09,842 - INFO - [许褚]开始行动
2025-07-21 17:22:09,842 - INFO -     [许褚]执行来自【星罗棋布】的[星罗棋布-双前排阵型]效果
2025-07-21 17:22:09,843 - INFO -         [诸葛亮]由于[许褚]【星罗棋布】的[星罗棋布-双前排阵型]效果,损失了兵力461(2254)
2025-07-21 17:22:09,843 - INFO -         [诸葛亮]执行来自【草船借箭】的[草船借箭]效果
2025-07-21 17:22:09,843 - INFO -         [诸葛亮]由于[诸葛亮]【草船借箭】的[草船借箭]效果,损失了兵力113(4951)
2025-07-21 17:22:09,843 - INFO -         [诸葛亮]触发攻心
2025-07-21 17:22:09,843 - INFO -         [诸葛亮]恢复了兵力27(2254)
2025-07-21 17:22:09,843 - INFO -         [诸葛亮]发动来自【草船借箭】的[草船借箭]效果, 但因几率未触发
2025-07-21 17:22:09,843 - INFO -         [颜良]由于[许褚]【星罗棋布】的[星罗棋布-双前排阵型]效果,损失了兵力564(7680)
2025-07-21 17:22:09,843 - INFO -     [许褚]对[颜良]发动普通攻击
2025-07-21 17:22:09,843 - INFO -         [颜良]损失了兵力353(7327)
2025-07-21 17:22:09,844 - INFO -     [许褚]发动战法【膂力过人】
2025-07-21 17:22:09,844 - INFO -         [颜良]由于[许褚]的【膂力过人】的伤害,损失了兵力529(6798)
2025-07-21 17:22:09,844 - INFO -     [颜良]执行来自【膂力过人】的[膂力过人]效果
2025-07-21 17:22:09,844 - INFO -         [颜良]由于[许褚]【膂力过人】的[膂力过人]效果,损失了兵力247(6551)
2025-07-21 17:22:09,844 - INFO -     [颜良]发动战法【膂力过人】
2025-07-21 17:22:09,844 - INFO -         [颜良]由于[颜良]的【膂力过人】的伤害,损失了兵力493(6058)
2025-07-21 17:22:09,844 - INFO -     [许褚]进行连击
2025-07-21 17:22:09,844 - INFO -     [许褚]对[诸葛亮]发动普通攻击
2025-07-21 17:22:09,845 - INFO -         [诸葛亮]损失了兵力288(1966)
2025-07-21 17:22:09,845 - INFO -         [诸葛亮]发动来自【草船借箭】的[草船借箭]效果, 但因几率未触发
2025-07-21 17:22:09,845 - INFO -     [许褚]发动战法【膂力过人】
2025-07-21 17:22:09,845 - INFO -         [诸葛亮]由于[许褚]的【膂力过人】的伤害,损失了兵力432(1534)
2025-07-21 17:22:09,845 - INFO -         [诸葛亮]发动来自【草船借箭】的[草船借箭]效果, 但因几率未触发
2025-07-21 17:22:09,845 - INFO -     [诸葛亮]执行来自【膂力过人】的[膂力过人]效果
2025-07-21 17:22:09,845 - INFO -         [诸葛亮]由于[许褚]【膂力过人】的[膂力过人]效果,损失了兵力201(1333)
2025-07-21 17:22:09,845 - INFO -         [诸葛亮]发动来自【草船借箭】的[草船借箭]效果, 但因几率未触发
2025-07-21 17:22:09,845 - INFO -     [颜良]发动战法【膂力过人】
2025-07-21 17:22:09,845 - INFO -         [诸葛亮]由于[颜良]的【膂力过人】的伤害,损失了兵力325(1008)
2025-07-21 17:22:09,845 - INFO -         [诸葛亮]执行来自【草船借箭】的[草船借箭]效果
2025-07-21 17:22:09,846 - INFO -         [SP诸葛亮]由于[诸葛亮]【草船借箭】的[草船借箭]效果,损失了兵力77(9415)
2025-07-21 17:22:09,846 - INFO -         [诸葛亮]触发攻心
2025-07-21 17:22:09,846 - INFO -         [诸葛亮]恢复了兵力18(1008)
2025-07-21 17:22:09,846 - INFO -     [诸葛亮]执行来自【膂力过人】的[膂力过人]效果
2025-07-21 17:22:09,846 - INFO -         [诸葛亮]由于[颜良]【膂力过人】的[膂力过人]效果,损失了兵力151(857)
2025-07-21 17:22:09,846 - INFO -         [诸葛亮]发动来自【草船借箭】的[草船借箭]效果, 但因几率未触发
2025-07-21 17:22:09,846 - INFO - [颜良]开始行动
2025-07-21 17:22:09,846 - INFO -     [颜良]无法普攻
2025-07-21 17:22:09,846 - INFO - [SP诸葛亮]开始行动
2025-07-21 17:22:09,847 - INFO -         [SP诸葛亮]发动战法【十二奇策】
2025-07-21 17:22:09,847 - INFO -         [周瑜]由于[SP诸葛亮]的【十二奇策】的伤害,损失了兵力988(6714)
2025-07-21 17:22:09,847 - INFO -         [周瑜]执行来自【十二奇策】的[十二奇谋]效果
2025-07-21 17:22:09,847 - INFO -         [周瑜]的【缴械】效果已施加
2025-07-21 17:22:09,847 - INFO -         [周瑜]执行来自【临机制胜】的[临机制胜-制胜]效果
2025-07-21 17:22:09,848 - INFO -         [诸葛亮]由于[SP诸葛亮]【临机制胜】的[临机制胜-制胜]效果,损失了兵力256(601)
2025-07-21 17:22:09,848 - INFO -         [诸葛亮]执行来自【草船借箭】的[草船借箭]效果
2025-07-21 17:22:09,848 - INFO -         [诸葛亮]由于[诸葛亮]【草船借箭】的[草船借箭]效果,损失了兵力74(4877)
2025-07-21 17:22:09,848 - INFO -         [诸葛亮]触发攻心
2025-07-21 17:22:09,848 - INFO -         [诸葛亮]恢复了兵力17(601)
2025-07-21 17:22:09,848 - INFO -         [诸葛亮]执行来自【草船借箭】的[草船借箭]效果
2025-07-21 17:22:09,849 - INFO -         [诸葛亮]由于[诸葛亮]【草船借箭】的[草船借箭]效果,损失了兵力288(313)
2025-07-21 17:22:09,849 - INFO -         [诸葛亮]触发攻心
2025-07-21 17:22:09,849 - INFO -         [诸葛亮]恢复了兵力69(4877)
2025-07-21 17:22:09,849 - INFO -         [诸葛亮]执行来自【草船借箭】的[草船借箭]效果
2025-07-21 17:22:09,849 - INFO -         [诸葛亮]由于[诸葛亮]【草船借箭】的[草船借箭]效果,损失了兵力59(4818)
2025-07-21 17:22:09,849 - INFO -         [诸葛亮]触发攻心
2025-07-21 17:22:09,849 - INFO -         [诸葛亮]恢复了兵力14(313)
2025-07-21 17:22:09,849 - INFO -         [诸葛亮]执行来自【草船借箭】的[草船借箭]效果
2025-07-21 17:22:09,849 - INFO -         [颜良]由于[诸葛亮]【草船借箭】的[草船借箭]效果,损失了兵力447(5611)
2025-07-21 17:22:09,849 - INFO -         [诸葛亮]触发攻心
2025-07-21 17:22:09,849 - INFO -         [诸葛亮]恢复了兵力107(4818)
2025-07-21 17:22:09,850 - INFO -         [周瑜]由于[SP诸葛亮]【临机制胜】的[临机制胜-制胜]效果,损失了兵力269(6445)
2025-07-21 17:22:09,850 - INFO -         [周瑜]执行来自【临机制胜】的[临机制胜-制胜]效果
2025-07-21 17:22:09,850 - INFO -         [许褚]由于[周瑜]【临机制胜】的[临机制胜-制胜]效果,损失了兵力248(9153)
2025-07-21 17:22:09,850 - INFO -         [SP诸葛亮]由于[周瑜]【临机制胜】的[临机制胜-制胜]效果,损失了兵力142(9273)
2025-07-21 17:22:09,850 - INFO -         [周瑜]执行来自【临机制胜】的[临机制胜-制胜]效果
2025-07-21 17:22:09,850 - INFO -         [诸葛亮]由于[诸葛亮]【临机制胜】的[临机制胜-制胜]效果,损失了兵力44(4774)
2025-07-21 17:22:09,850 - INFO -         [诸葛亮]触发攻心
2025-07-21 17:22:09,850 - INFO -         [诸葛亮]恢复了兵力10(313)
2025-07-21 17:22:09,851 - INFO -         [诸葛亮]执行来自【草船借箭】的[草船借箭]效果
2025-07-21 17:22:09,851 - INFO -         [诸葛亮]由于[诸葛亮]【草船借箭】的[草船借箭]效果,损失了兵力285(28)
2025-07-21 17:22:09,851 - INFO -         [诸葛亮]触发攻心
2025-07-21 17:22:09,851 - INFO -         [诸葛亮]恢复了兵力68(4774)
2025-07-21 17:22:09,851 - INFO -         [诸葛亮]发动来自【草船借箭】的[草船借箭]效果, 但因几率未触发
2025-07-21 17:22:09,851 - INFO -         [SP诸葛亮]由于[诸葛亮]【临机制胜】的[临机制胜-制胜]效果,损失了兵力27(9246)
2025-07-21 17:22:09,851 - INFO -         [诸葛亮]触发攻心
2025-07-21 17:22:09,851 - INFO -         [诸葛亮]恢复了兵力6(28)
2025-07-21 17:22:09,851 - INFO -         [颜良]由于[SP诸葛亮]的【十二奇策】的伤害,损失了兵力1192(4419)
2025-07-21 17:22:09,851 - INFO -         [颜良]执行来自【十二奇策】的[十二奇谋]效果
2025-07-21 17:22:09,853 - INFO -         [颜良]的【震慑】效果已施加
2025-07-21 17:22:09,853 - INFO -         [颜良]执行来自【临机制胜】的[临机制胜-制胜]效果
2025-07-21 17:22:09,853 - INFO -         [诸葛亮]由于[SP诸葛亮]【临机制胜】的[临机制胜-制胜]效果,损失了兵力28(0)
2025-07-21 17:22:09,853 - INFO -         [诸葛亮]兵力为0 无法再战
2025-07-21 17:22:09,853 - INFO -         [周瑜]由于[SP诸葛亮]【临机制胜】的[临机制胜-制胜]效果,损失了兵力269(6176)
2025-07-21 17:22:09,853 - INFO -         [SP诸葛亮]执行来自【临机制胜】的[临机制胜-恢复]效果
2025-07-21 17:22:09,853 - INFO -         [SP诸葛亮]恢复了兵力552(9246)
2025-07-21 17:22:09,854 - INFO -         [诸葛亮]恢复了兵力552(4774)
2025-07-21 17:22:09,854 - INFO -         [许褚]恢复了兵力552(9153)
2025-07-21 17:22:09,854 - INFO -         [颜良]发动来自【临机制胜】的[临机制胜-制胜]效果, 但因几率未触发
2025-07-21 17:22:09,854 - INFO -     [SP诸葛亮]对[颜良]发动普通攻击
2025-07-21 17:22:09,854 - INFO -         [颜良]损失了兵力287(4132)
2025-07-21 17:22:09,854 - INFO -     [许褚]发动战法【膂力过人】
2025-07-21 17:22:09,854 - INFO -         [颜良]由于[许褚]的【膂力过人】的伤害,损失了兵力529(3603)
2025-07-21 17:22:09,854 - INFO -     [颜良]执行来自【膂力过人】的[膂力过人]效果
2025-07-21 17:22:09,854 - INFO -         [颜良]由于[许褚]【膂力过人】的[膂力过人]效果,损失了兵力247(3356)
2025-07-21 17:22:09,855 - INFO -     [颜良]发动战法【膂力过人】
2025-07-21 17:22:09,855 - INFO -         [颜良]由于[颜良]的【膂力过人】的伤害,损失了兵力377(2979)
2025-07-21 17:22:09,855 - INFO - [周瑜]开始行动
2025-07-21 17:22:09,855 - INFO -     [周瑜]无法普攻
2025-07-21 17:22:09,855 - INFO - [诸葛亮]开始行动
2025-07-21 17:22:09,855 - INFO -     [诸葛亮]对[周瑜]发动普通攻击
2025-07-21 17:22:09,855 - INFO -         [周瑜]损失了兵力148(6028)
2025-07-21 17:22:09,856 - INFO -     [许褚]发动战法【膂力过人】
2025-07-21 17:22:09,856 - INFO -         [周瑜]由于[许褚]的【膂力过人】的伤害,损失了兵力410(5618)
2025-07-21 17:22:09,856 - INFO -     [周瑜]执行来自【膂力过人】的[膂力过人]效果
2025-07-21 17:22:09,856 - INFO -         [周瑜]由于[许褚]【膂力过人】的[膂力过人]效果,损失了兵力191(5427)
2025-07-21 17:22:09,856 - INFO -     [颜良]发动战法【膂力过人】
2025-07-21 17:22:09,856 - INFO -         [周瑜]由于[颜良]的【膂力过人】的伤害,损失了兵力278(5149)
2025-07-21 17:22:09,856 - INFO -     [周瑜]执行来自【膂力过人】的[膂力过人]效果
2025-07-21 17:22:09,856 - INFO -         [周瑜]由于[颜良]【膂力过人】的[膂力过人]效果,损失了兵力129(5020)
2025-07-21 17:22:09,857 - INFO - [诸葛亮]开始行动
2025-07-21 17:22:09,857 - INFO - 
[第 3 回合]
2025-07-21 17:22:09,857 - INFO - [许褚]开始行动
2025-07-21 17:22:09,857 - INFO -     [许褚]执行来自【星罗棋布】的[星罗棋布-双前排阵型]效果
2025-07-21 17:22:09,857 - INFO -         [颜良]由于[许褚]【星罗棋布】的[星罗棋布-双前排阵型]效果,损失了兵力564(2415)
2025-07-21 17:22:09,858 - INFO -     [许褚]对[颜良]发动普通攻击
2025-07-21 17:22:09,858 - INFO -         [颜良]损失了兵力353(2062)
2025-07-21 17:22:09,858 - INFO -     [许褚]发动战法【膂力过人】
2025-07-21 17:22:09,858 - INFO -         [颜良]由于[许褚]的【膂力过人】的伤害,损失了兵力529(1533)
2025-07-21 17:22:09,858 - INFO -     [颜良]执行来自【膂力过人】的[膂力过人]效果
2025-07-21 17:22:09,858 - INFO -         [颜良]由于[许褚]【膂力过人】的[膂力过人]效果,损失了兵力247(1286)
2025-07-21 17:22:09,858 - INFO -     [颜良]发动战法【膂力过人】
2025-07-21 17:22:09,858 - INFO -         [颜良]由于[颜良]的【膂力过人】的伤害,损失了兵力261(1025)
2025-07-21 17:22:09,859 - INFO -     [许褚]进行连击
2025-07-21 17:22:09,859 - INFO -     [许褚]对[周瑜]发动普通攻击
2025-07-21 17:22:09,859 - INFO -         [周瑜]损失了兵力273(4747)
2025-07-21 17:22:09,859 - INFO -     [许褚]发动战法【膂力过人】
2025-07-21 17:22:09,859 - INFO -         [周瑜]由于[许褚]的【膂力过人】的伤害,损失了兵力410(4337)
2025-07-21 17:22:09,859 - INFO -     [周瑜]执行来自【膂力过人】的[膂力过人]效果
2025-07-21 17:22:09,859 - INFO -         [周瑜]由于[许褚]【膂力过人】的[膂力过人]效果,损失了兵力191(4146)
2025-07-21 17:22:09,859 - INFO -     [颜良]发动战法【膂力过人】
2025-07-21 17:22:09,859 - INFO -         [周瑜]由于[颜良]的【膂力过人】的伤害,损失了兵力189(3957)
2025-07-21 17:22:09,860 - INFO -     [周瑜]执行来自【膂力过人】的[膂力过人]效果
2025-07-21 17:22:09,860 - INFO -         [周瑜]由于[颜良]【膂力过人】的[膂力过人]效果,损失了兵力88(3869)
2025-07-21 17:22:09,860 - INFO - [颜良]开始行动
2025-07-21 17:22:09,860 - INFO -     [颜良]无法普攻
2025-07-21 17:22:09,860 - INFO - [SP诸葛亮]开始行动
2025-07-21 17:22:09,860 - INFO -         [SP诸葛亮]因几率未发动战法【十二奇策】
2025-07-21 17:22:09,860 - INFO -     [SP诸葛亮]对[颜良]发动普通攻击
2025-07-21 17:22:09,861 - INFO -         [颜良]损失了兵力287(738)
2025-07-21 17:22:09,861 - INFO -     [许褚]发动战法【膂力过人】
2025-07-21 17:22:09,861 - INFO -         [颜良]由于[许褚]的【膂力过人】的伤害,损失了兵力529(209)
2025-07-21 17:22:09,861 - INFO -     [颜良]执行来自【膂力过人】的[膂力过人]效果
2025-07-21 17:22:09,861 - INFO -         [颜良]由于[许褚]【膂力过人】的[膂力过人]效果,损失了兵力209(0)
2025-07-21 17:22:09,861 - INFO -         [颜良]兵力为0 无法再战
2025-07-21 17:22:09,861 - INFO - [周瑜]开始行动
2025-07-21 17:22:09,861 - INFO -     [周瑜]无法普攻
2025-07-21 17:22:09,862 - INFO - [诸葛亮]开始行动
2025-07-21 17:22:09,862 - INFO -     [诸葛亮]对[周瑜]发动普通攻击
2025-07-21 17:22:09,862 - INFO -         [周瑜]损失了兵力148(3721)
2025-07-21 17:22:09,862 - INFO -     [许褚]发动战法【膂力过人】
2025-07-21 17:22:09,862 - INFO -         [周瑜]由于[许褚]的【膂力过人】的伤害,损失了兵力410(3311)
2025-07-21 17:22:09,862 - INFO -     [周瑜]执行来自【膂力过人】的[膂力过人]效果
2025-07-21 17:22:09,862 - INFO -         [周瑜]由于[许褚]【膂力过人】的[膂力过人]效果,损失了兵力191(3120)
2025-07-21 17:22:09,863 - INFO - 
[第 4 回合]
2025-07-21 17:22:09,863 - INFO - [许褚]开始行动
2025-07-21 17:22:09,863 - INFO -     [许褚]执行来自【星罗棋布】的[星罗棋布-双前排阵型]效果
2025-07-21 17:22:09,863 - INFO -         [周瑜]由于[许褚]【星罗棋布】的[星罗棋布-双前排阵型]效果,损失了兵力438(2682)
2025-07-21 17:22:09,863 - INFO -     [许褚]没有可攻击的敌方武将
2025-07-21 17:22:09,863 - INFO -     [许褚]对[周瑜]发动普通攻击
2025-07-21 17:22:09,863 - INFO -         [周瑜]损失了兵力273(2409)
2025-07-21 17:22:09,863 - INFO -     [许褚]发动战法【膂力过人】
2025-07-21 17:22:09,864 - INFO -         [周瑜]由于[许褚]的【膂力过人】的伤害,损失了兵力410(1999)
2025-07-21 17:22:09,864 - INFO -     [周瑜]执行来自【膂力过人】的[膂力过人]效果
2025-07-21 17:22:09,864 - INFO -         [周瑜]由于[许褚]【膂力过人】的[膂力过人]效果,损失了兵力191(1808)
2025-07-21 17:22:09,864 - INFO -     [许褚]进行连击
2025-07-21 17:22:09,864 - INFO -     [许褚]对[周瑜]发动普通攻击
2025-07-21 17:22:09,864 - INFO -         [周瑜]损失了兵力273(1535)
2025-07-21 17:22:09,864 - INFO -     [许褚]发动战法【膂力过人】
2025-07-21 17:22:09,865 - INFO -         [周瑜]由于[许褚]的【膂力过人】的伤害,损失了兵力410(1125)
2025-07-21 17:22:09,865 - INFO -     [周瑜]执行来自【膂力过人】的[膂力过人]效果
2025-07-21 17:22:09,865 - INFO -         [周瑜]由于[许褚]【膂力过人】的[膂力过人]效果,损失了兵力191(934)
2025-07-21 17:22:09,865 - INFO - [SP诸葛亮]开始行动
2025-07-21 17:22:09,865 - INFO -         [SP诸葛亮]发动战法【十二奇策】
2025-07-21 17:22:09,866 - INFO -         [周瑜]由于[SP诸葛亮]的【十二奇策】的伤害,损失了兵力934(0)
2025-07-21 17:22:09,866 - INFO -         [周瑜]兵力为0 无法再战
2025-07-21 17:22:09,866 - INFO -         [周瑜]执行来自【十二奇策】的[十二奇谋]效果
2025-07-21 17:22:09,866 - INFO - [夫人队]战斗结束
2025-07-21 17:22:09,866 - INFO - ------------ 当前对 夫人队 的第 1 次对抗测试结束
2025-07-21 17:22:09,866 - INFO - ------------ [诸葛队] 获胜 0 场，[夫人队] 获胜 1 场
