2025-07-22 10:37:16,409 - INFO - ------------ 当前选择的模式是:1_VS_1
2025-07-22 10:37:16,412 - INFO - ------------ 由 [诸葛队] 对战 [夫人队]
2025-07-22 10:37:16,412 - INFO - ------------ 对抗的次数为 1
2025-07-22 10:37:16,412 - INFO - ------------ 当前第 1 次对抗测试
2025-07-22 10:37:16,441 - INFO - 
[第 1 局]
2025-07-22 10:37:16,442 - INFO - [列队布阵阶段]
2025-07-22 10:37:16,442 - INFO -     [诸葛队]当前补给为100,造成伤害降低0%
2025-07-22 10:37:16,442 - INFO -     [夫人队]当前补给为100,造成伤害降低0%
2025-07-22 10:37:16,442 - INFO -     [诸葛队]获得【阵型-萁型阵】强化效果
2025-07-22 10:37:16,442 - INFO -         [诸葛亮]的【受到伤害】降低6.00%(-6.00%)
2025-07-22 10:37:16,442 - INFO -         [颜良]的【造成伤害】提升12.00%(112.00%)
2025-07-22 10:37:16,442 - INFO -         [周瑜]的【造成伤害】提升12.00%(112.00%)
2025-07-22 10:37:16,443 - INFO -     [夫人队]获得【阵型-偃月阵】强化效果
2025-07-22 10:37:16,443 - INFO -         [SP诸葛亮]的【造成伤害】提升14.00%(114.00%)
2025-07-22 10:37:16,443 - INFO -         [诸葛亮]的【造成伤害】提升14.00%(114.00%)
2025-07-22 10:37:16,443 - INFO -         [许褚]的【受到伤害】降低5.00%(-5.00%)
2025-07-22 10:37:16,443 - INFO -     [SP诸葛亮]发动战法【星罗棋布】
2025-07-22 10:37:16,443 - INFO -         [SP诸葛亮]执行来自【星罗棋布】的[星罗棋布-阵型]效果
2025-07-22 10:37:16,443 - INFO -         [SP诸葛亮]的【造成伤害】提升14.54%(128.54%)
2025-07-22 10:37:16,443 - INFO -         [许褚]执行来自【星罗棋布】的[星罗棋布-阵型]效果
2025-07-22 10:37:16,443 - INFO -         [许褚]的【受到伤害】降低5.19%(-10.19%)
2025-07-22 10:37:16,443 - INFO -         [诸葛亮]执行来自【星罗棋布】的[星罗棋布-阵型]效果
2025-07-22 10:37:16,443 - INFO -         [诸葛亮]的【造成伤害】提升14.54%(128.54%)
2025-07-22 10:37:16,444 - INFO -    [夫人队]获得【蜀】强化效果,属性提升 5.0%
2025-07-22 10:37:16,444 - INFO -         [SP诸葛亮]的【武力】提升6.41(134.61)
2025-07-22 10:37:16,444 - INFO -         [SP诸葛亮]的【智力】提升13.00(273.00)
2025-07-22 10:37:16,444 - INFO -         [SP诸葛亮]的【统帅】提升10.24(215.04)
2025-07-22 10:37:16,444 - INFO -         [SP诸葛亮]的【先攻】提升6.90(144.85)
2025-07-22 10:37:16,444 - INFO -         [许褚]的【武力】提升11.89(249.64)
2025-07-22 10:37:16,444 - INFO -         [许褚]的【智力】提升5.72(120.07)
2025-07-22 10:37:16,444 - INFO -         [许褚]的【统帅】提升8.44(177.24)
2025-07-22 10:37:16,444 - INFO -         [许褚]的【先攻】提升9.30(195.30)
2025-07-22 10:37:16,444 - INFO -         [诸葛亮]的【武力】提升3.67(77.07)
2025-07-22 10:37:16,444 - INFO -         [诸葛亮]的【智力】提升15.50(325.50)
2025-07-22 10:37:16,444 - INFO -         [诸葛亮]的【统帅】提升10.73(225.22)
2025-07-22 10:37:16,444 - INFO -         [诸葛亮]的【先攻】提升6.56(137.81)
2025-07-22 10:37:16,444 - INFO -     [诸葛队]获得【兵种-弓】强化效果
2025-07-22 10:37:16,444 - INFO -         [诸葛亮]的【造成伤害】提升3.50%(103.50%)
2025-07-22 10:37:16,444 - INFO -         [颜良]的【造成伤害】提升3.50%(115.50%)
2025-07-22 10:37:16,444 - INFO -         [周瑜]的【造成伤害】提升3.50%(115.50%)
2025-07-22 10:37:16,445 - INFO -     [夫人队]获得【才堪相配】强化效果
2025-07-22 10:37:16,445 - INFO -         [SP诸葛亮]的【受治疗效果】提升8.00%(108.00%)
2025-07-22 10:37:16,445 - INFO -         [诸葛亮]的【受治疗效果】提升8.00%(108.00%)
2025-07-22 10:37:16,445 - INFO -     [许褚]发动战法【裸衣血战】
2025-07-22 10:37:16,445 - INFO -         [许褚]的【先攻】提升20.00(215.30)
2025-07-22 10:37:16,445 - INFO -         [许褚]的【武力】提升20.00(257.75)
2025-07-22 10:37:16,445 - INFO -         [许褚]的【连击几率】提升100.00%(100.00%)
2025-07-22 10:37:16,445 - INFO -         [许褚]的【统帅】降低15.00(162.24)
2025-07-22 10:37:16,445 - INFO -         [许褚]的【造成伤害】降低0.00%(100.00%)
2025-07-22 10:37:16,445 - INFO -     [周瑜]发动战法【临机制胜】
2025-07-22 10:37:16,445 - INFO -     [SP诸葛亮]发动战法【星罗棋布】
2025-07-22 10:37:16,445 - INFO -         [SP诸葛亮]的【受到谋略伤害】降低14.75%(-14.75%)
2025-07-22 10:37:16,445 - INFO -         [许褚]的【受到谋略伤害】降低11.34%(-11.34%)
2025-07-22 10:37:16,445 - INFO -         [诸葛亮]的【受到谋略伤害】降低11.34%(-11.34%)
2025-07-22 10:37:16,446 - INFO -         [SP诸葛亮]执行来自【星罗棋布】的[星罗棋布-额外效果]效果
2025-07-22 10:37:16,446 - INFO -         [SP诸葛亮]执行来自【星罗棋布】的[星罗棋布-双前排阵型]效果
2025-07-22 10:37:16,446 - INFO -         [许褚]的【对前排造成伤害】提升20.00%(120.00%)
2025-07-22 10:37:16,446 - INFO -         [许褚]的[星罗棋布-双前排阵型]效果已施加
2025-07-22 10:37:16,446 - INFO -     [SP诸葛亮]发动战法【临机制胜】
2025-07-22 10:37:16,446 - INFO -     [诸葛亮]发动战法【草船借箭】
2025-07-22 10:37:16,446 - INFO -         [诸葛亮]的【攻心】提升24.00%(24.00%)
2025-07-22 10:37:16,446 - INFO -     [诸葛亮]发动战法【临机制胜】
2025-07-22 10:37:16,446 - INFO -     [诸葛亮]发动战法【草船借箭】
2025-07-22 10:37:16,446 - INFO -         [诸葛亮]的【攻心】提升24.00%(24.00%)
2025-07-22 10:37:16,446 - INFO - 
[第 1 回合]
2025-07-22 10:37:16,446 - INFO - [许褚]开始行动
2025-07-22 10:37:16,447 - INFO -     [许褚]执行来自【星罗棋布】的[星罗棋布-双前排阵型]效果
2025-07-22 10:37:16,447 - INFO -         [诸葛亮]由于[许褚]【星罗棋布】的[星罗棋布-双前排阵型]效果,损失了兵力461(9539)
2025-07-22 10:37:16,447 - INFO -         [诸葛亮]发动来自【草船借箭】的[草船借箭]效果, 但因几率未触发
2025-07-22 10:37:16,447 - INFO -         [周瑜]由于[许褚]【星罗棋布】的[星罗棋布-双前排阵型]效果,损失了兵力438(9562)
2025-07-22 10:37:16,447 - INFO -     [许褚]对[诸葛亮]发动普通攻击
2025-07-22 10:37:16,448 - INFO -         [诸葛亮]损失了兵力288(9251)
2025-07-22 10:37:16,448 - INFO -         [诸葛亮]执行来自【草船借箭】的[草船借箭]效果
2025-07-22 10:37:16,448 - INFO -         [许褚]由于[诸葛亮]【草船借箭】的[草船借箭]效果,损失了兵力315(9685)
2025-07-22 10:37:16,448 - INFO -         [诸葛亮]触发攻心
2025-07-22 10:37:16,448 - INFO -         [诸葛亮]恢复了兵力75(9251)
2025-07-22 10:37:16,448 - INFO -     [许褚]发动战法【膂力过人】
2025-07-22 10:37:16,448 - INFO -         [诸葛亮]由于[许褚]的【膂力过人】的伤害,损失了兵力432(8819)
2025-07-22 10:37:16,448 - INFO -         [诸葛亮]执行来自【草船借箭】的[草船借箭]效果
2025-07-22 10:37:16,449 - INFO -         [诸葛亮]由于[诸葛亮]【草船借箭】的[草船借箭]效果,损失了兵力195(9805)
2025-07-22 10:37:16,449 - INFO -         [诸葛亮]触发攻心
2025-07-22 10:37:16,449 - INFO -         [诸葛亮]恢复了兵力46(8819)
2025-07-22 10:37:16,449 - INFO -         [诸葛亮]执行来自【草船借箭】的[草船借箭]效果
2025-07-22 10:37:16,449 - INFO -         [周瑜]由于[诸葛亮]【草船借箭】的[草船借箭]效果,损失了兵力383(9179)
2025-07-22 10:37:16,449 - INFO -         [诸葛亮]触发攻心
2025-07-22 10:37:16,449 - INFO -         [诸葛亮]恢复了兵力91(9805)
2025-07-22 10:37:16,449 - INFO -     [诸葛亮]执行来自【膂力过人】的[膂力过人]效果
2025-07-22 10:37:16,449 - INFO -         [诸葛亮]由于[许褚]【膂力过人】的[膂力过人]效果,损失了兵力201(8618)
2025-07-22 10:37:16,449 - INFO -         [诸葛亮]发动来自【草船借箭】的[草船借箭]效果, 但因几率未触发
2025-07-22 10:37:16,450 - INFO -     [许褚]进行连击
2025-07-22 10:37:16,450 - INFO -     [许褚]对[诸葛亮]发动普通攻击
2025-07-22 10:37:16,450 - INFO -         [诸葛亮]损失了兵力288(8330)
2025-07-22 10:37:16,450 - INFO -         [诸葛亮]执行来自【草船借箭】的[草船借箭]效果
2025-07-22 10:37:16,450 - INFO -         [SP诸葛亮]由于[诸葛亮]【草船借箭】的[草船借箭]效果,损失了兵力171(9829)
2025-07-22 10:37:16,450 - INFO -         [诸葛亮]触发攻心
2025-07-22 10:37:16,450 - INFO -         [诸葛亮]恢复了兵力41(8330)
2025-07-22 10:37:16,451 - INFO -     [许褚]发动战法【膂力过人】
2025-07-22 10:37:16,451 - INFO -         [诸葛亮]由于[许褚]的【膂力过人】的伤害,损失了兵力432(7898)
2025-07-22 10:37:16,451 - INFO -         [诸葛亮]发动来自【草船借箭】的[草船借箭]效果, 但因几率未触发
2025-07-22 10:37:16,451 - INFO -     [诸葛亮]执行来自【膂力过人】的[膂力过人]效果
2025-07-22 10:37:16,451 - INFO -         [诸葛亮]由于[许褚]【膂力过人】的[膂力过人]效果,损失了兵力201(7697)
2025-07-22 10:37:16,451 - INFO -         [诸葛亮]执行来自【草船借箭】的[草船借箭]效果
2025-07-22 10:37:16,451 - INFO -         [许褚]由于[诸葛亮]【草船借箭】的[草船借箭]效果,损失了兵力295(9390)
2025-07-22 10:37:16,451 - INFO -         [诸葛亮]触发攻心
2025-07-22 10:37:16,451 - INFO -         [诸葛亮]恢复了兵力70(7697)
2025-07-22 10:37:16,452 - INFO - [颜良]开始行动
2025-07-22 10:37:16,452 - INFO -     [颜良]对[SP诸葛亮]发动普通攻击
2025-07-22 10:37:16,452 - INFO -         [SP诸葛亮]损失了兵力317(9512)
2025-07-22 10:37:16,452 - INFO -     [颜良]发动战法【膂力过人】
2025-07-22 10:37:16,452 - INFO -         [SP诸葛亮]由于[颜良]的【膂力过人】的伤害,损失了兵力476(9036)
2025-07-22 10:37:16,452 - INFO -     [SP诸葛亮]执行来自【膂力过人】的[膂力过人]效果
2025-07-22 10:37:16,453 - INFO -         [SP诸葛亮]由于[颜良]【膂力过人】的[膂力过人]效果,损失了兵力222(8814)
2025-07-22 10:37:16,453 - INFO - [SP诸葛亮]开始行动
2025-07-22 10:37:16,453 - INFO -         [SP诸葛亮]发动战法【十二奇策】
2025-07-22 10:37:16,453 - INFO -         [周瑜]由于[SP诸葛亮]的【十二奇策】的伤害,损失了兵力979(8200)
2025-07-22 10:37:16,453 - INFO -         [周瑜]执行来自【十二奇策】的[十二奇谋]效果
2025-07-22 10:37:16,456 - INFO -         [周瑜]的【缴械】效果已施加
2025-07-22 10:37:16,457 - INFO -         [周瑜]发动来自【临机制胜】的[临机制胜-制胜]效果, 但因几率未触发
2025-07-22 10:37:16,457 - INFO -         [周瑜]执行来自【临机制胜】的[临机制胜-制胜]效果
2025-07-22 10:37:16,457 - INFO -         [诸葛亮]由于[周瑜]【临机制胜】的[临机制胜-制胜]效果,损失了兵力174(9631)
2025-07-22 10:37:16,458 - INFO -         [诸葛亮]发动来自【草船借箭】的[草船借箭]效果, 但因几率未触发
2025-07-22 10:37:16,458 - INFO -         [SP诸葛亮]由于[周瑜]【临机制胜】的[临机制胜-制胜]效果,损失了兵力157(8657)
2025-07-22 10:37:16,458 - INFO -         [周瑜]执行来自【临机制胜】的[临机制胜-制胜]效果
2025-07-22 10:37:16,458 - INFO -         [SP诸葛亮]由于[诸葛亮]【临机制胜】的[临机制胜-制胜]效果,损失了兵力124(8533)
2025-07-22 10:37:16,459 - INFO -         [诸葛亮]触发攻心
2025-07-22 10:37:16,459 - INFO -         [诸葛亮]恢复了兵力29(7697)
2025-07-22 10:37:16,459 - INFO -         [诸葛亮]由于[诸葛亮]【临机制胜】的[临机制胜-制胜]效果,损失了兵力138(9493)
2025-07-22 10:37:16,459 - INFO -         [诸葛亮]触发攻心
2025-07-22 10:37:16,459 - INFO -         [诸葛亮]恢复了兵力33(7697)
2025-07-22 10:37:16,459 - INFO -         [诸葛亮]执行来自【草船借箭】的[草船借箭]效果
2025-07-22 10:37:16,459 - INFO -         [诸葛亮]由于[诸葛亮]【草船借箭】的[草船借箭]效果,损失了兵力364(7333)
2025-07-22 10:37:16,460 - INFO -         [诸葛亮]触发攻心
2025-07-22 10:37:16,460 - INFO -         [诸葛亮]恢复了兵力87(9493)
2025-07-22 10:37:16,460 - INFO -         [诸葛亮]发动来自【草船借箭】的[草船借箭]效果, 但因几率未触发
2025-07-22 10:37:16,460 - INFO -         [诸葛亮]由于[SP诸葛亮]的【十二奇策】的伤害,损失了兵力918(6415)
2025-07-22 10:37:16,460 - INFO -         [诸葛亮]发动来自【草船借箭】的[草船借箭]效果, 但因几率未触发
2025-07-22 10:37:16,460 - INFO -         [诸葛亮]执行来自【十二奇策】的[十二奇谋]效果
2025-07-22 10:37:16,461 - INFO -         [诸葛亮]的【混乱】效果已施加
2025-07-22 10:37:16,461 - INFO -         [诸葛亮]执行来自【临机制胜】的[临机制胜-制胜]效果
2025-07-22 10:37:16,461 - INFO -         [颜良]由于[SP诸葛亮]【临机制胜】的[临机制胜-制胜]效果,损失了兵力317(9683)
2025-07-22 10:37:16,462 - INFO -         [周瑜]由于[SP诸葛亮]【临机制胜】的[临机制胜-制胜]效果,损失了兵力263(7937)
2025-07-22 10:37:16,462 - INFO -         [诸葛亮]执行来自【临机制胜】的[临机制胜-制胜]效果
2025-07-22 10:37:16,462 - INFO -         [诸葛亮]由于[周瑜]【临机制胜】的[临机制胜-制胜]效果,损失了兵力172(9321)
2025-07-22 10:37:16,462 - INFO -         [诸葛亮]执行来自【草船借箭】的[草船借箭]效果
2025-07-22 10:37:16,462 - INFO -         [诸葛亮]由于[诸葛亮]【草船借箭】的[草船借箭]效果,损失了兵力364(6051)
2025-07-22 10:37:16,462 - INFO -         [诸葛亮]触发攻心
2025-07-22 10:37:16,462 - INFO -         [诸葛亮]恢复了兵力87(9321)
2025-07-22 10:37:16,462 - INFO -         [诸葛亮]发动来自【草船借箭】的[草船借箭]效果, 但因几率未触发
2025-07-22 10:37:16,463 - INFO -         [SP诸葛亮]由于[周瑜]【临机制胜】的[临机制胜-制胜]效果,损失了兵力155(8378)
2025-07-22 10:37:16,463 - INFO -         [诸葛亮]发动来自【临机制胜】的[临机制胜-制胜]效果, 但因几率未触发
2025-07-22 10:37:16,463 - INFO -     [SP诸葛亮]对[周瑜]发动普通攻击
2025-07-22 10:37:16,463 - INFO -         [周瑜]损失了兵力280(7657)
2025-07-22 10:37:16,463 - INFO - [周瑜]开始行动
2025-07-22 10:37:16,463 - INFO -     [周瑜]无法普攻
2025-07-22 10:37:16,463 - INFO - [诸葛亮]开始行动
2025-07-22 10:37:16,464 - INFO -     [诸葛亮]对[周瑜]发动普通攻击
2025-07-22 10:37:16,464 - INFO -         [周瑜]损失了兵力190(7467)
2025-07-22 10:37:16,464 - INFO - [诸葛亮]开始行动
2025-07-22 10:37:16,464 - INFO -         [诸葛亮]发动战法【十二奇策】
2025-07-22 10:37:16,464 - INFO -     [诸葛亮]由于[SP诸葛亮]【十二奇策】的「混乱」效果
2025-07-22 10:37:16,464 - INFO -         [许褚]由于[诸葛亮]的【十二奇策】的伤害,损失了兵力740(8650)
2025-07-22 10:37:16,465 - INFO -         [诸葛亮]触发攻心
2025-07-22 10:37:16,465 - INFO -         [诸葛亮]恢复了兵力177(6051)
2025-07-22 10:37:16,465 - INFO -         [许褚]执行来自【十二奇策】的[十二奇谋]效果
2025-07-22 10:37:16,465 - INFO -         [许褚]的【缴械】效果已施加
2025-07-22 10:37:16,465 - INFO -         [许褚]执行来自【临机制胜】的[临机制胜-制胜]效果
2025-07-22 10:37:16,465 - INFO -         [诸葛亮]由于[SP诸葛亮]【临机制胜】的[临机制胜-制胜]效果,损失了兵力248(5803)
2025-07-22 10:37:16,465 - INFO -         [诸葛亮]发动来自【草船借箭】的[草船借箭]效果, 但因几率未触发
2025-07-22 10:37:16,465 - INFO -         [颜良]由于[SP诸葛亮]【临机制胜】的[临机制胜-制胜]效果,损失了兵力315(9368)
2025-07-22 10:37:16,465 - INFO -         [许褚]执行来自【临机制胜】的[临机制胜-制胜]效果
2025-07-22 10:37:16,466 - INFO -         [SP诸葛亮]由于[周瑜]【临机制胜】的[临机制胜-制胜]效果,损失了兵力151(8227)
2025-07-22 10:37:16,466 - INFO -         [许褚]由于[周瑜]【临机制胜】的[临机制胜-制胜]效果,损失了兵力262(8388)
2025-07-22 10:37:16,466 - INFO -         [许褚]执行来自【临机制胜】的[临机制胜-制胜]效果
2025-07-22 10:37:16,467 - INFO -         [SP诸葛亮]由于[诸葛亮]【临机制胜】的[临机制胜-制胜]效果,损失了兵力111(8116)
2025-07-22 10:37:16,467 - INFO -         [诸葛亮]触发攻心
2025-07-22 10:37:16,467 - INFO -         [诸葛亮]恢复了兵力26(5803)
2025-07-22 10:37:16,467 - INFO -         [许褚]由于[诸葛亮]【临机制胜】的[临机制胜-制胜]效果,损失了兵力198(8190)
2025-07-22 10:37:16,467 - INFO -         [诸葛亮]触发攻心
2025-07-22 10:37:16,467 - INFO -         [诸葛亮]恢复了兵力47(5803)
2025-07-22 10:37:16,468 - INFO -     [诸葛亮]由于[SP诸葛亮]【十二奇策】的「混乱」效果
2025-07-22 10:37:16,468 - INFO -         [颜良]由于[诸葛亮]的【十二奇策】的伤害,损失了兵力885(8483)
2025-07-22 10:37:16,468 - INFO -         [诸葛亮]触发攻心
2025-07-22 10:37:16,468 - INFO -         [诸葛亮]恢复了兵力212(5803)
2025-07-22 10:37:16,469 - INFO -         [颜良]执行来自【十二奇策】的[十二奇谋]效果
2025-07-22 10:37:16,469 - INFO -         [颜良]的【先攻】降低30.00(162.20)
2025-07-22 10:37:16,469 - INFO -         [颜良]的【风暴】效果已施加
2025-07-22 10:37:16,470 - INFO -         [颜良]执行来自【临机制胜】的[临机制胜-制胜]效果
2025-07-22 10:37:16,470 - INFO -         [诸葛亮]由于[SP诸葛亮]【临机制胜】的[临机制胜-制胜]效果,损失了兵力245(5558)
2025-07-22 10:37:16,470 - INFO -         [诸葛亮]执行来自【草船借箭】的[草船借箭]效果
2025-07-22 10:37:16,470 - INFO -         [诸葛亮]由于[诸葛亮]【草船借箭】的[草船借箭]效果,损失了兵力163(9158)
2025-07-22 10:37:16,470 - INFO -         [诸葛亮]触发攻心
2025-07-22 10:37:16,471 - INFO -         [诸葛亮]恢复了兵力39(5558)
2025-07-22 10:37:16,471 - INFO -         [诸葛亮]执行来自【草船借箭】的[草船借箭]效果
2025-07-22 10:37:16,471 - INFO -         [诸葛亮]由于[诸葛亮]【草船借箭】的[草船借箭]效果,损失了兵力364(5194)
2025-07-22 10:37:16,471 - INFO -         [诸葛亮]触发攻心
2025-07-22 10:37:16,471 - INFO -         [诸葛亮]恢复了兵力87(9158)
2025-07-22 10:37:16,471 - INFO -         [周瑜]由于[SP诸葛亮]【临机制胜】的[临机制胜-制胜]效果,损失了兵力257(7210)
2025-07-22 10:37:16,472 - INFO -         [颜良]执行来自【临机制胜】的[临机制胜-制胜]效果
2025-07-22 10:37:16,472 - INFO -         [诸葛亮]由于[周瑜]【临机制胜】的[临机制胜-制胜]效果,损失了兵力165(8993)
2025-07-22 10:37:16,472 - INFO -         [诸葛亮]发动来自【草船借箭】的[草船借箭]效果, 但因几率未触发
2025-07-22 10:37:16,472 - INFO -         [SP诸葛亮]由于[周瑜]【临机制胜】的[临机制胜-制胜]效果,损失了兵力149(7967)
2025-07-22 10:37:16,472 - INFO -         [周瑜]执行来自【临机制胜】的[临机制胜-恢复]效果
2025-07-22 10:37:16,472 - INFO -         [诸葛亮]恢复了兵力559(5194)
2025-07-22 10:37:16,472 - INFO -         [颜良]恢复了兵力559(8483)
2025-07-22 10:37:16,472 - INFO -         [周瑜]恢复了兵力559(7210)
2025-07-22 10:37:16,472 - INFO -         [颜良]发动来自【临机制胜】的[临机制胜-制胜]效果, 但因几率未触发
2025-07-22 10:37:16,473 - INFO -     [诸葛亮]由于[SP诸葛亮]【十二奇策】的「混乱」效果
2025-07-22 10:37:16,473 - INFO -     [诸葛亮]对[许褚]发动普通攻击
2025-07-22 10:37:16,473 - INFO -         [许褚]损失了兵力193(7997)
2025-07-22 10:37:16,473 - INFO - 
[第 2 回合]
2025-07-22 10:37:16,473 - INFO - [许褚]开始行动
2025-07-22 10:37:16,473 - INFO -     [许褚]执行来自【星罗棋布】的[星罗棋布-双前排阵型]效果
2025-07-22 10:37:16,474 - INFO -         [颜良]由于[许褚]【星罗棋布】的[星罗棋布-双前排阵型]效果,损失了兵力536(7947)
2025-07-22 10:37:16,474 - INFO -     [许褚]无法普攻
2025-07-22 10:37:16,474 - INFO - [颜良]开始行动
2025-07-22 10:37:16,474 - INFO -     [颜良]对[诸葛亮]发动普通攻击
2025-07-22 10:37:16,474 - INFO -         [诸葛亮]损失了兵力247(8746)
2025-07-22 10:37:16,474 - INFO -         [诸葛亮]执行来自【草船借箭】的[草船借箭]效果
2025-07-22 10:37:16,475 - INFO -         [诸葛亮]由于[诸葛亮]【草船借箭】的[草船借箭]效果,损失了兵力359(4835)
2025-07-22 10:37:16,475 - INFO -         [诸葛亮]触发攻心
2025-07-22 10:37:16,475 - INFO -         [诸葛亮]恢复了兵力86(8746)
2025-07-22 10:37:16,475 - INFO -         [诸葛亮]发动来自【草船借箭】的[草船借箭]效果, 但因几率未触发
2025-07-22 10:37:16,475 - INFO -     [颜良]发动战法【膂力过人】
2025-07-22 10:37:16,475 - INFO -         [诸葛亮]由于[颜良]的【膂力过人】的伤害,损失了兵力370(8376)
2025-07-22 10:37:16,475 - INFO -         [诸葛亮]执行来自【草船借箭】的[草船借箭]效果
2025-07-22 10:37:16,475 - INFO -         [周瑜]由于[诸葛亮]【草船借箭】的[草船借箭]效果,损失了兵力371(6839)
2025-07-22 10:37:16,475 - INFO -         [诸葛亮]触发攻心
2025-07-22 10:37:16,476 - INFO -         [诸葛亮]恢复了兵力89(8376)
2025-07-22 10:37:16,476 - INFO -     [诸葛亮]执行来自【膂力过人】的[膂力过人]效果
2025-07-22 10:37:16,476 - INFO -         [诸葛亮]由于[颜良]【膂力过人】的[膂力过人]效果,损失了兵力172(8204)
2025-07-22 10:37:16,476 - INFO -         [诸葛亮]执行来自【草船借箭】的[草船借箭]效果
2025-07-22 10:37:16,476 - INFO -         [诸葛亮]由于[诸葛亮]【草船借箭】的[草船借箭]效果,损失了兵力350(4485)
2025-07-22 10:37:16,476 - INFO -         [诸葛亮]触发攻心
2025-07-22 10:37:16,476 - INFO -         [诸葛亮]恢复了兵力84(8204)
2025-07-22 10:37:16,476 - INFO -         [诸葛亮]发动来自【草船借箭】的[草船借箭]效果, 但因几率未触发
2025-07-22 10:37:16,477 - INFO - [SP诸葛亮]开始行动
2025-07-22 10:37:16,477 - INFO -         [SP诸葛亮]发动战法【十二奇策】
2025-07-22 10:37:16,477 - INFO -         [诸葛亮]由于[SP诸葛亮]的【十二奇策】的伤害,损失了兵力892(3593)
2025-07-22 10:37:16,477 - INFO -         [诸葛亮]执行来自【草船借箭】的[草船借箭]效果
2025-07-22 10:37:16,477 - INFO -         [诸葛亮]由于[诸葛亮]【草船借箭】的[草船借箭]效果,损失了兵力136(8068)
2025-07-22 10:37:16,477 - INFO -         [诸葛亮]触发攻心
2025-07-22 10:37:16,477 - INFO -         [诸葛亮]恢复了兵力32(3593)
2025-07-22 10:37:16,478 - INFO -         [诸葛亮]执行来自【草船借箭】的[草船借箭]效果
2025-07-22 10:37:16,478 - INFO -         [周瑜]由于[诸葛亮]【草船借箭】的[草船借箭]效果,损失了兵力365(6474)
2025-07-22 10:37:16,478 - INFO -         [诸葛亮]触发攻心
2025-07-22 10:37:16,478 - INFO -         [诸葛亮]恢复了兵力87(8068)
2025-07-22 10:37:16,478 - INFO -         [诸葛亮]执行来自【十二奇策】的[十二奇谋]效果
2025-07-22 10:37:16,479 - INFO -         [诸葛亮]的【虚弱】效果已施加
2025-07-22 10:37:16,479 - INFO -         [诸葛亮]执行来自【临机制胜】的[临机制胜-制胜]效果
2025-07-22 10:37:16,479 - INFO -         [颜良]由于[SP诸葛亮]【临机制胜】的[临机制胜-制胜]效果,损失了兵力308(7639)
2025-07-22 10:37:16,480 - INFO -         [周瑜]由于[SP诸葛亮]【临机制胜】的[临机制胜-制胜]效果,损失了兵力255(6219)
2025-07-22 10:37:16,480 - INFO -         [SP诸葛亮]执行来自【临机制胜】的[临机制胜-恢复]效果
2025-07-22 10:37:16,480 - INFO -         [SP诸葛亮]恢复了兵力551(7967)
2025-07-22 10:37:16,480 - INFO -         [许褚]恢复了兵力551(7997)
2025-07-22 10:37:16,480 - INFO -         [诸葛亮]恢复了兵力551(8068)
2025-07-22 10:37:16,480 - INFO -         [诸葛亮]执行来自【临机制胜】的[临机制胜-制胜]效果
2025-07-22 10:37:16,480 - INFO -         [许褚]由于[周瑜]【临机制胜】的[临机制胜-制胜]效果,损失了兵力245(7752)
2025-07-22 10:37:16,481 - INFO -         [诸葛亮]由于[周瑜]【临机制胜】的[临机制胜-制胜]效果,损失了兵力156(7912)
2025-07-22 10:37:16,481 - INFO -         [诸葛亮]发动来自【草船借箭】的[草船借箭]效果, 但因几率未触发
2025-07-22 10:37:16,481 - INFO -         [诸葛亮]执行来自【临机制胜】的[临机制胜-制胜]效果
2025-07-22 10:37:16,481 - INFO -         [诸葛亮]由于[诸葛亮]【临机制胜】的[临机制胜-制胜]效果,损失了兵力102(7810)
2025-07-22 10:37:16,481 - INFO -         [诸葛亮]触发攻心
2025-07-22 10:37:16,481 - INFO -         [诸葛亮]恢复了兵力24(3593)
2025-07-22 10:37:16,481 - INFO -         [诸葛亮]发动来自【草船借箭】的[草船借箭]效果, 但因几率未触发
2025-07-22 10:37:16,482 - INFO -         [许褚]由于[诸葛亮]【临机制胜】的[临机制胜-制胜]效果,损失了兵力163(7589)
2025-07-22 10:37:16,482 - INFO -         [诸葛亮]触发攻心
2025-07-22 10:37:16,482 - INFO -         [诸葛亮]恢复了兵力39(3593)
2025-07-22 10:37:16,482 - INFO -         [颜良]由于[SP诸葛亮]的【十二奇策】的伤害,损失了兵力1131(6508)
2025-07-22 10:37:16,482 - INFO -         [颜良]执行来自【十二奇策】的[十二奇谋]效果
2025-07-22 10:37:16,483 - INFO -         [颜良]的【虚弱】效果已施加
2025-07-22 10:37:16,483 - INFO -         [颜良]执行来自【临机制胜】的[临机制胜-制胜]效果
2025-07-22 10:37:16,483 - INFO -         [诸葛亮]由于[SP诸葛亮]【临机制胜】的[临机制胜-制胜]效果,损失了兵力243(3350)
2025-07-22 10:37:16,483 - INFO -         [诸葛亮]发动来自【草船借箭】的[草船借箭]效果, 但因几率未触发
2025-07-22 10:37:16,483 - INFO -         [颜良]由于[SP诸葛亮]【临机制胜】的[临机制胜-制胜]效果,损失了兵力308(6200)
2025-07-22 10:37:16,484 - INFO -         [颜良]发动来自【临机制胜】的[临机制胜-制胜]效果, 但因几率未触发
2025-07-22 10:37:16,484 - INFO -         [颜良]发动来自【临机制胜】的[临机制胜-制胜]效果, 但因几率未触发
2025-07-22 10:37:16,484 - INFO -     [SP诸葛亮]对[诸葛亮]发动普通攻击
2025-07-22 10:37:16,484 - INFO -         [诸葛亮]损失了兵力238(3112)
2025-07-22 10:37:16,484 - INFO -         [诸葛亮]执行来自【草船借箭】的[草船借箭]效果
2025-07-22 10:37:16,485 - INFO -         [诸葛亮]由于[SP诸葛亮]【十二奇策】的[虚弱]效果造成伤害减少70%
2025-07-22 10:37:16,485 - INFO -         [SP诸葛亮]由于[诸葛亮]【草船借箭】的[草船借箭]效果,损失了兵力80(7887)
2025-07-22 10:37:16,485 - INFO -         [诸葛亮]触发攻心
2025-07-22 10:37:16,485 - INFO -         [诸葛亮]恢复了兵力19(3112)
2025-07-22 10:37:16,485 - INFO - [周瑜]开始行动
2025-07-22 10:37:16,485 - INFO -     [周瑜]无法普攻
2025-07-22 10:37:16,486 - INFO - [诸葛亮]开始行动
2025-07-22 10:37:16,486 - INFO -     [诸葛亮]对[周瑜]发动普通攻击
2025-07-22 10:37:16,486 - INFO -         [周瑜]损失了兵力178(6041)
2025-07-22 10:37:16,486 - INFO - [诸葛亮]开始行动
2025-07-22 10:37:16,487 - INFO -         [诸葛亮]发动战法【十二奇策】
2025-07-22 10:37:16,487 - INFO -     [诸葛亮]由于[SP诸葛亮]【十二奇策】的「混乱」效果
2025-07-22 10:37:16,487 - INFO -         [诸葛亮]由于[SP诸葛亮]【十二奇策】的[虚弱]效果造成伤害减少70%
2025-07-22 10:37:16,487 - INFO -         [许褚]由于[诸葛亮]的【十二奇策】的伤害,损失了兵力395(7194)
2025-07-22 10:37:16,487 - INFO -         [诸葛亮]触发攻心
2025-07-22 10:37:16,487 - INFO -         [诸葛亮]恢复了兵力94(3112)
2025-07-22 10:37:16,487 - INFO -         [许褚]执行来自【十二奇策】的[十二奇谋]效果
2025-07-22 10:37:16,488 - INFO -         [许褚]的【统帅】降低20.00(142.24)
2025-07-22 10:37:16,488 - INFO -         [许褚]的【洪水】效果已施加
2025-07-22 10:37:16,488 - INFO -         [许褚]执行来自【临机制胜】的[临机制胜-制胜]效果
2025-07-22 10:37:16,489 - INFO -         [诸葛亮]由于[SP诸葛亮]【临机制胜】的[临机制胜-制胜]效果,损失了兵力242(2870)
2025-07-22 10:37:16,489 - INFO -         [诸葛亮]发动来自【草船借箭】的[草船借箭]效果, 但因几率未触发
2025-07-22 10:37:16,489 - INFO -         [颜良]由于[SP诸葛亮]【临机制胜】的[临机制胜-制胜]效果,损失了兵力307(5893)
2025-07-22 10:37:16,490 - INFO -         [许褚]执行来自【临机制胜】的[临机制胜-制胜]效果
2025-07-22 10:37:16,490 - INFO -         [诸葛亮]由于[周瑜]【临机制胜】的[临机制胜-制胜]效果,损失了兵力155(7655)
2025-07-22 10:37:16,490 - INFO -         [诸葛亮]发动来自【草船借箭】的[草船借箭]效果, 但因几率未触发
2025-07-22 10:37:16,490 - INFO -         [SP诸葛亮]由于[周瑜]【临机制胜】的[临机制胜-制胜]效果,损失了兵力139(7748)
2025-07-22 10:37:16,490 - INFO -         [许褚]执行来自【临机制胜】的[临机制胜-制胜]效果
2025-07-22 10:37:16,490 - INFO -         [诸葛亮]由于[SP诸葛亮]【十二奇策】的[虚弱]效果造成伤害减少70%
2025-07-22 10:37:16,490 - INFO -         [诸葛亮]由于[诸葛亮]【临机制胜】的[临机制胜-制胜]效果,损失了兵力65(7590)
2025-07-22 10:37:16,490 - INFO -         [诸葛亮]触发攻心
2025-07-22 10:37:16,490 - INFO -         [诸葛亮]恢复了兵力15(2870)
2025-07-22 10:37:16,491 - INFO -         [诸葛亮]发动来自【草船借箭】的[草船借箭]效果, 但因几率未触发
2025-07-22 10:37:16,491 - INFO -         [诸葛亮]由于[SP诸葛亮]【十二奇策】的[虚弱]效果造成伤害减少70%
2025-07-22 10:37:16,491 - INFO -         [许褚]由于[诸葛亮]【临机制胜】的[临机制胜-制胜]效果,损失了兵力108(7086)
2025-07-22 10:37:16,491 - INFO -         [诸葛亮]触发攻心
2025-07-22 10:37:16,491 - INFO -         [诸葛亮]恢复了兵力25(2870)
2025-07-22 10:37:16,491 - INFO -         [诸葛亮]执行来自【临机制胜】的[临机制胜-恢复]效果
2025-07-22 10:37:16,491 - INFO -         [诸葛亮]恢复了兵力535(2870)
2025-07-22 10:37:16,491 - INFO -         [颜良]恢复了兵力535(5893)
2025-07-22 10:37:16,491 - INFO -         [周瑜]恢复了兵力535(6041)
2025-07-22 10:37:16,492 - INFO -     [诸葛亮]由于[SP诸葛亮]【十二奇策】的「混乱」效果
2025-07-22 10:37:16,492 - INFO -         [诸葛亮]由于[SP诸葛亮]【十二奇策】的[虚弱]效果造成伤害减少70%
2025-07-22 10:37:16,492 - INFO -         [许褚]由于[诸葛亮]的【十二奇策】的伤害,损失了兵力396(6690)
2025-07-22 10:37:16,492 - INFO -         [诸葛亮]触发攻心
2025-07-22 10:37:16,492 - INFO -         [诸葛亮]恢复了兵力95(2870)
2025-07-22 10:37:16,492 - INFO -         [许褚]执行来自【十二奇策】的[十二奇谋]效果
2025-07-22 10:37:16,493 - INFO -         [许褚]的【受到伤害】提升10.00%(-0.19%)
2025-07-22 10:37:16,493 - INFO -         [许褚]的【畏惧】效果已施加
2025-07-22 10:37:16,493 - INFO -         [许褚]执行来自【临机制胜】的[临机制胜-制胜]效果
2025-07-22 10:37:16,493 - INFO -         [周瑜]由于[SP诸葛亮]【临机制胜】的[临机制胜-制胜]效果,损失了兵力252(5789)
2025-07-22 10:37:16,493 - INFO -         [诸葛亮]由于[SP诸葛亮]【临机制胜】的[临机制胜-制胜]效果,损失了兵力240(2630)
2025-07-22 10:37:16,493 - INFO -         [诸葛亮]执行来自【草船借箭】的[草船借箭]效果
2025-07-22 10:37:16,494 - INFO -         [诸葛亮]由于[SP诸葛亮]【十二奇策】的[虚弱]效果造成伤害减少70%
2025-07-22 10:37:16,494 - INFO -         [诸葛亮]由于[诸葛亮]【草船借箭】的[草船借箭]效果,损失了兵力84(7506)
2025-07-22 10:37:16,494 - INFO -         [诸葛亮]触发攻心
2025-07-22 10:37:16,494 - INFO -         [诸葛亮]恢复了兵力20(2630)
2025-07-22 10:37:16,494 - INFO -         [诸葛亮]执行来自【草船借箭】的[草船借箭]效果
2025-07-22 10:37:16,494 - INFO -         [周瑜]由于[诸葛亮]【草船借箭】的[草船借箭]效果,损失了兵力354(5435)
2025-07-22 10:37:16,494 - INFO -         [诸葛亮]触发攻心
2025-07-22 10:37:16,494 - INFO -         [诸葛亮]恢复了兵力85(7506)
2025-07-22 10:37:16,494 - INFO -         [许褚]执行来自【临机制胜】的[临机制胜-制胜]效果
2025-07-22 10:37:16,495 - INFO -         [许褚]由于[周瑜]【临机制胜】的[临机制胜-制胜]效果,损失了兵力268(6422)
2025-07-22 10:37:16,495 - INFO -         [SP诸葛亮]由于[周瑜]【临机制胜】的[临机制胜-制胜]效果,损失了兵力134(7614)
2025-07-22 10:37:16,495 - INFO -         [许褚]执行来自【临机制胜】的[临机制胜-制胜]效果
2025-07-22 10:37:16,495 - INFO -         [诸葛亮]由于[SP诸葛亮]【十二奇策】的[虚弱]效果造成伤害减少70%
2025-07-22 10:37:16,495 - INFO -         [诸葛亮]由于[诸葛亮]【临机制胜】的[临机制胜-制胜]效果,损失了兵力63(7443)
2025-07-22 10:37:16,495 - INFO -         [诸葛亮]触发攻心
2025-07-22 10:37:16,495 - INFO -         [诸葛亮]恢复了兵力15(2630)
2025-07-22 10:37:16,495 - INFO -         [诸葛亮]由于[SP诸葛亮]【十二奇策】的[虚弱]效果造成伤害减少70%
2025-07-22 10:37:16,496 - INFO -         [SP诸葛亮]由于[诸葛亮]【临机制胜】的[临机制胜-制胜]效果,损失了兵力56(7558)
2025-07-22 10:37:16,496 - INFO -         [诸葛亮]触发攻心
2025-07-22 10:37:16,496 - INFO -         [诸葛亮]恢复了兵力13(2630)
2025-07-22 10:37:16,496 - INFO -     [诸葛亮]由于[SP诸葛亮]【十二奇策】的「混乱」效果
2025-07-22 10:37:16,496 - INFO -     [诸葛亮]对[许褚]发动普通攻击
2025-07-22 10:37:16,496 - INFO -         [诸葛亮]由于[SP诸葛亮]【十二奇策】的[虚弱]效果造成伤害减少70%
2025-07-22 10:37:16,496 - INFO -         [许褚]损失了兵力123(6299)
2025-07-22 10:37:16,496 - INFO - 
[第 3 回合]
2025-07-22 10:37:16,497 - INFO - [许褚]开始行动
2025-07-22 10:37:16,497 - INFO -     [许褚]执行来自【星罗棋布】的[星罗棋布-双前排阵型]效果
2025-07-22 10:37:16,497 - INFO -         [周瑜]由于[许褚]【星罗棋布】的[星罗棋布-双前排阵型]效果,损失了兵力378(5057)
2025-07-22 10:37:16,497 - INFO -         [诸葛亮]由于[许褚]【星罗棋布】的[星罗棋布-双前排阵型]效果,损失了兵力399(2231)
2025-07-22 10:37:16,497 - INFO -         [诸葛亮]发动来自【草船借箭】的[草船借箭]效果, 但因几率未触发
2025-07-22 10:37:16,498 - INFO -     [许褚]无法普攻
2025-07-22 10:37:16,498 - INFO - [颜良]开始行动
2025-07-22 10:37:16,498 - INFO -     [颜良]对[许褚]发动普通攻击
2025-07-22 10:37:16,498 - INFO -         [颜良]由于[SP诸葛亮]【十二奇策】的[虚弱]效果造成伤害减少70%
2025-07-22 10:37:16,498 - INFO -         [许褚]损失了兵力243(6056)
2025-07-22 10:37:16,498 - INFO -     [颜良]发动战法【膂力过人】
2025-07-22 10:37:16,498 - INFO -         [颜良]由于[SP诸葛亮]【十二奇策】的[虚弱]效果造成伤害减少70%
2025-07-22 10:37:16,498 - INFO -         [许褚]由于[颜良]的【膂力过人】的伤害,损失了兵力364(5692)
2025-07-22 10:37:16,499 - INFO - [SP诸葛亮]开始行动
2025-07-22 10:37:16,499 - INFO -         [SP诸葛亮]发动战法【十二奇策】
2025-07-22 10:37:16,499 - INFO -         [颜良]由于[SP诸葛亮]的【十二奇策】的伤害,损失了兵力1106(4787)
2025-07-22 10:37:16,500 - INFO -         [颜良]执行来自【十二奇策】的[十二奇谋]效果
2025-07-22 10:37:16,500 - INFO -         [颜良]的【受到伤害】提升10.00%(10.00%)
2025-07-22 10:37:16,500 - INFO -         [颜良]的【畏惧】效果已施加
2025-07-22 10:37:16,500 - INFO -         [颜良]执行来自【临机制胜】的[临机制胜-制胜]效果
2025-07-22 10:37:16,500 - INFO -         [诸葛亮]由于[SP诸葛亮]【临机制胜】的[临机制胜-制胜]效果,损失了兵力238(1993)
2025-07-22 10:37:16,500 - INFO -         [诸葛亮]执行来自【草船借箭】的[草船借箭]效果
2025-07-22 10:37:16,501 - INFO -         [诸葛亮]由于[SP诸葛亮]【十二奇策】的[虚弱]效果造成伤害减少70%
2025-07-22 10:37:16,501 - INFO -         [SP诸葛亮]由于[诸葛亮]【草船借箭】的[草船借箭]效果,损失了兵力67(7491)
2025-07-22 10:37:16,501 - INFO -         [诸葛亮]触发攻心
2025-07-22 10:37:16,501 - INFO -         [诸葛亮]恢复了兵力16(1993)
2025-07-22 10:37:16,501 - INFO -         [颜良]由于[SP诸葛亮]【临机制胜】的[临机制胜-制胜]效果,损失了兵力330(4457)
2025-07-22 10:37:16,501 - INFO -         [SP诸葛亮]执行来自【临机制胜】的[临机制胜-恢复]效果
2025-07-22 10:37:16,501 - INFO -         [诸葛亮]恢复了兵力550(7443)
2025-07-22 10:37:16,502 - INFO -         [许褚]恢复了兵力550(5692)
2025-07-22 10:37:16,502 - INFO -         [SP诸葛亮]恢复了兵力550(7491)
2025-07-22 10:37:16,502 - INFO -         [颜良]执行来自【临机制胜】的[临机制胜-制胜]效果
2025-07-22 10:37:16,502 - INFO -         [诸葛亮]由于[周瑜]【临机制胜】的[临机制胜-制胜]效果,损失了兵力146(7297)
2025-07-22 10:37:16,502 - INFO -         [诸葛亮]发动来自【草船借箭】的[草船借箭]效果, 但因几率未触发
2025-07-22 10:37:16,503 - INFO -         [SP诸葛亮]由于[周瑜]【临机制胜】的[临机制胜-制胜]效果,损失了兵力131(7360)
2025-07-22 10:37:16,503 - INFO -         [周瑜]执行来自【临机制胜】的[临机制胜-恢复]效果
2025-07-22 10:37:16,503 - INFO -         [诸葛亮]恢复了兵力555(1993)
2025-07-22 10:37:16,503 - INFO -         [周瑜]恢复了兵力555(5057)
2025-07-22 10:37:16,503 - INFO -         [颜良]恢复了兵力555(4457)
2025-07-22 10:37:16,503 - INFO -         [颜良]执行来自【临机制胜】的[临机制胜-制胜]效果
2025-07-22 10:37:16,503 - INFO -         [诸葛亮]由于[SP诸葛亮]【十二奇策】的[虚弱]效果造成伤害减少70%
2025-07-22 10:37:16,504 - INFO -         [诸葛亮]由于[诸葛亮]【临机制胜】的[临机制胜-制胜]效果,损失了兵力56(7241)
2025-07-22 10:37:16,504 - INFO -         [诸葛亮]触发攻心
2025-07-22 10:37:16,504 - INFO -         [诸葛亮]恢复了兵力13(1993)
2025-07-22 10:37:16,504 - INFO -         [诸葛亮]执行来自【草船借箭】的[草船借箭]效果
2025-07-22 10:37:16,504 - INFO -         [诸葛亮]由于[诸葛亮]【草船借箭】的[草船借箭]效果,损失了兵力332(1661)
2025-07-22 10:37:16,504 - INFO -         [诸葛亮]触发攻心
2025-07-22 10:37:16,504 - INFO -         [诸葛亮]恢复了兵力79(7241)
2025-07-22 10:37:16,504 - INFO -         [诸葛亮]执行来自【草船借箭】的[草船借箭]效果
2025-07-22 10:37:16,504 - INFO -         [诸葛亮]由于[SP诸葛亮]【十二奇策】的[虚弱]效果造成伤害减少70%
2025-07-22 10:37:16,504 - INFO -         [诸葛亮]由于[诸葛亮]【草船借箭】的[草船借箭]效果,损失了兵力70(7171)
2025-07-22 10:37:16,505 - INFO -         [诸葛亮]触发攻心
2025-07-22 10:37:16,505 - INFO -         [诸葛亮]恢复了兵力16(1661)
2025-07-22 10:37:16,505 - INFO -         [诸葛亮]执行来自【草船借箭】的[草船借箭]效果
2025-07-22 10:37:16,505 - INFO -         [周瑜]由于[诸葛亮]【草船借箭】的[草船借箭]效果,损失了兵力348(4709)
2025-07-22 10:37:16,505 - INFO -         [诸葛亮]触发攻心
2025-07-22 10:37:16,505 - INFO -         [诸葛亮]恢复了兵力83(7171)
2025-07-22 10:37:16,505 - INFO -         [诸葛亮]由于[SP诸葛亮]【十二奇策】的[虚弱]效果造成伤害减少70%
2025-07-22 10:37:16,505 - INFO -         [许褚]由于[诸葛亮]【临机制胜】的[临机制胜-制胜]效果,损失了兵力96(5596)
2025-07-22 10:37:16,505 - INFO -         [诸葛亮]触发攻心
2025-07-22 10:37:16,505 - INFO -         [诸葛亮]恢复了兵力23(1661)
2025-07-22 10:37:16,506 - INFO -         [诸葛亮]由于[SP诸葛亮]的【十二奇策】的伤害,损失了兵力863(798)
2025-07-22 10:37:16,506 - INFO -         [诸葛亮]发动来自【草船借箭】的[草船借箭]效果, 但因几率未触发
2025-07-22 10:37:16,506 - INFO -         [诸葛亮]执行来自【十二奇策】的[十二奇谋]效果
2025-07-22 10:37:16,506 - INFO -         [诸葛亮]的【震慑】效果已施加
2025-07-22 10:37:16,507 - INFO -         [诸葛亮]执行来自【临机制胜】的[临机制胜-制胜]效果
2025-07-22 10:37:16,507 - INFO -         [周瑜]由于[SP诸葛亮]【临机制胜】的[临机制胜-制胜]效果,损失了兵力247(4462)
2025-07-22 10:37:16,507 - INFO -         [诸葛亮]由于[SP诸葛亮]【临机制胜】的[临机制胜-制胜]效果,损失了兵力235(563)
2025-07-22 10:37:16,507 - INFO -         [诸葛亮]执行来自【草船借箭】的[草船借箭]效果
2025-07-22 10:37:16,507 - INFO -         [诸葛亮]由于[SP诸葛亮]【十二奇策】的[虚弱]效果造成伤害减少70%
2025-07-22 10:37:16,507 - INFO -         [SP诸葛亮]由于[诸葛亮]【草船借箭】的[草船借箭]效果,损失了兵力45(7315)
2025-07-22 10:37:16,507 - INFO -         [诸葛亮]触发攻心
2025-07-22 10:37:16,507 - INFO -         [诸葛亮]恢复了兵力10(563)
2025-07-22 10:37:16,508 - INFO -         [诸葛亮]发动来自【临机制胜】的[临机制胜-制胜]效果, 但因几率未触发
2025-07-22 10:37:16,508 - INFO -         [诸葛亮]执行来自【临机制胜】的[临机制胜-制胜]效果
2025-07-22 10:37:16,508 - INFO -         [诸葛亮]由于[SP诸葛亮]【十二奇策】的[虚弱]效果造成伤害减少70%
2025-07-22 10:37:16,508 - INFO -         [SP诸葛亮]由于[诸葛亮]【临机制胜】的[临机制胜-制胜]效果,损失了兵力34(7281)
2025-07-22 10:37:16,508 - INFO -         [诸葛亮]触发攻心
2025-07-22 10:37:16,508 - INFO -         [诸葛亮]恢复了兵力8(563)
2025-07-22 10:37:16,508 - INFO -         [诸葛亮]由于[SP诸葛亮]【十二奇策】的[虚弱]效果造成伤害减少70%
2025-07-22 10:37:16,508 - INFO -         [许褚]由于[诸葛亮]【临机制胜】的[临机制胜-制胜]效果,损失了兵力69(5527)
2025-07-22 10:37:16,508 - INFO -         [诸葛亮]触发攻心
2025-07-22 10:37:16,508 - INFO -         [诸葛亮]恢复了兵力16(563)
2025-07-22 10:37:16,509 - INFO -     [SP诸葛亮]对[诸葛亮]发动普通攻击
2025-07-22 10:37:16,509 - INFO -         [诸葛亮]损失了兵力230(333)
2025-07-22 10:37:16,509 - INFO -         [诸葛亮]发动来自【草船借箭】的[草船借箭]效果, 但因几率未触发
2025-07-22 10:37:16,509 - INFO - [周瑜]开始行动
2025-07-22 10:37:16,509 - INFO -         [周瑜]的【缴械】效果已消失
2025-07-22 10:37:16,510 - INFO -     [周瑜]对[诸葛亮]发动普通攻击
2025-07-22 10:37:16,510 - INFO -         [诸葛亮]损失了兵力150(7021)
2025-07-22 10:37:16,510 - INFO -         [诸葛亮]执行来自【草船借箭】的[草船借箭]效果
2025-07-22 10:37:16,510 - INFO -         [诸葛亮]由于[诸葛亮]【草船借箭】的[草船借箭]效果,损失了兵力328(5)
2025-07-22 10:37:16,510 - INFO -         [诸葛亮]触发攻心
2025-07-22 10:37:16,510 - INFO -         [诸葛亮]恢复了兵力78(7021)
2025-07-22 10:37:16,510 - INFO -         [诸葛亮]执行来自【草船借箭】的[草船借箭]效果
2025-07-22 10:37:16,510 - INFO -         [诸葛亮]由于[SP诸葛亮]【十二奇策】的[虚弱]效果造成伤害减少70%
2025-07-22 10:37:16,511 - INFO -         [许褚]由于[诸葛亮]【草船借箭】的[草船借箭]效果,损失了兵力51(5476)
2025-07-22 10:37:16,511 - INFO -         [诸葛亮]触发攻心
2025-07-22 10:37:16,511 - INFO -         [诸葛亮]恢复了兵力12(5)
2025-07-22 10:37:16,511 - INFO - [诸葛亮]开始行动
2025-07-22 10:37:16,511 - INFO -     [诸葛亮]对[周瑜]发动普通攻击
2025-07-22 10:37:16,512 - INFO -         [周瑜]损失了兵力171(4291)
2025-07-22 10:37:16,512 - INFO - [诸葛亮]开始行动
2025-07-22 10:37:16,512 - INFO -         [诸葛亮]的【混乱】效果已消失
2025-07-22 10:37:16,512 - INFO - [诸葛亮]战法【十二奇策】无法释放
2025-07-22 10:37:16,512 - INFO -     [诸葛亮]无法普攻
2025-07-22 10:37:16,512 - INFO - 
[第 4 回合]
2025-07-22 10:37:16,513 - INFO - [许褚]开始行动
2025-07-22 10:37:16,513 - INFO -         [许褚]的【缴械】效果已消失
2025-07-22 10:37:16,513 - INFO -     [许褚]执行来自【星罗棋布】的[星罗棋布-双前排阵型]效果
2025-07-22 10:37:16,513 - INFO -         [周瑜]由于[许褚]【星罗棋布】的[星罗棋布-双前排阵型]效果,损失了兵力360(3931)
2025-07-22 10:37:16,514 - INFO -     [许褚]对[诸葛亮]发动普通攻击
2025-07-22 10:37:16,514 - INFO -         [诸葛亮]损失了兵力5(0)
2025-07-22 10:37:16,514 - INFO -         [诸葛亮]兵力为0 无法再战
2025-07-22 10:37:16,514 - INFO -         [许褚]的[十二奇策]效果已消失
2025-07-22 10:37:16,514 - INFO -         [许褚]的【缴械】效果已消失
2025-07-22 10:37:16,514 - INFO -         [颜良]的[十二奇策]效果已消失
2025-07-22 10:37:16,514 - INFO -         [颜良]的【风暴】效果已消失
2025-07-22 10:37:16,515 - INFO -         [颜良]的【先攻】提升30.00(192.20)
2025-07-22 10:37:16,515 - INFO -         [许褚]的[十二奇策]效果已消失
2025-07-22 10:37:16,515 - INFO -         [许褚]的【洪水】效果已消失
2025-07-22 10:37:16,515 - INFO -         [许褚]的【统帅】提升20.00(162.24)
2025-07-22 10:37:16,515 - INFO -         [许褚]的[十二奇策]效果已消失
2025-07-22 10:37:16,515 - INFO -         [许褚]的【畏惧】效果已消失
2025-07-22 10:37:16,515 - INFO -         [许褚]的【受到伤害】降低10.00%(-10.19%)
2025-07-22 10:37:16,515 - INFO -     [许褚]发动战法【膂力过人】
2025-07-22 10:37:16,515 - INFO -     [诸葛亮]执行来自【膂力过人】的[膂力过人]效果
2025-07-22 10:37:16,516 - INFO -     [许褚]进行连击
2025-07-22 10:37:16,516 - INFO -     [许褚]对[颜良]发动普通攻击
2025-07-22 10:37:16,516 - INFO -         [颜良]损失了兵力319(4138)
2025-07-22 10:37:16,516 - INFO -     [许褚]发动战法【膂力过人】
2025-07-22 10:37:16,516 - INFO -         [颜良]由于[许褚]的【膂力过人】的伤害,损失了兵力479(3659)
2025-07-22 10:37:16,516 - INFO -     [颜良]执行来自【膂力过人】的[膂力过人]效果
2025-07-22 10:37:16,516 - INFO -         [颜良]由于[许褚]【膂力过人】的[膂力过人]效果,损失了兵力223(3436)
2025-07-22 10:37:16,517 - INFO - [颜良]开始行动
2025-07-22 10:37:16,517 - INFO -     [颜良]对[SP诸葛亮]发动普通攻击
2025-07-22 10:37:16,517 - INFO -         [颜良]由于[SP诸葛亮]【十二奇策】的[虚弱]效果造成伤害减少70%
2025-07-22 10:37:16,517 - INFO -         [SP诸葛亮]损失了兵力150(7131)
2025-07-22 10:37:16,517 - INFO -     [颜良]发动战法【膂力过人】
2025-07-22 10:37:16,518 - INFO -         [颜良]由于[SP诸葛亮]【十二奇策】的[虚弱]效果造成伤害减少70%
2025-07-22 10:37:16,518 - INFO -         [SP诸葛亮]由于[颜良]的【膂力过人】的伤害,损失了兵力226(6905)
2025-07-22 10:37:16,518 - INFO -         [颜良]由于[SP诸葛亮]【十二奇策】的[虚弱]效果造成伤害减少70%
2025-07-22 10:37:16,518 - INFO -     [SP诸葛亮]执行来自【膂力过人】的[膂力过人]效果
2025-07-22 10:37:16,518 - INFO -         [SP诸葛亮]由于[颜良]【膂力过人】的[膂力过人]效果,损失了兵力105(6800)
2025-07-22 10:37:16,518 - INFO - [SP诸葛亮]开始行动
2025-07-22 10:37:16,519 - INFO -         [SP诸葛亮]发动战法【十二奇策】
2025-07-22 10:37:16,519 - INFO -         [颜良]由于[SP诸葛亮]的【十二奇策】的伤害,损失了兵力1167(2269)
2025-07-22 10:37:16,519 - INFO -         [颜良]执行来自【十二奇策】的[十二奇谋]效果
2025-07-22 10:37:16,520 - INFO -         [颜良]的【技穷】效果已施加
2025-07-22 10:37:16,520 - INFO -         [颜良]执行来自【临机制胜】的[临机制胜-制胜]效果
2025-07-22 10:37:16,520 - INFO -         [颜良]由于[SP诸葛亮]【临机制胜】的[临机制胜-制胜]效果,损失了兵力318(1951)
2025-07-22 10:37:16,520 - INFO -         [周瑜]由于[SP诸葛亮]【临机制胜】的[临机制胜-制胜]效果,损失了兵力239(3692)
2025-07-22 10:37:16,521 - INFO -         [颜良]执行来自【临机制胜】的[临机制胜-制胜]效果
2025-07-22 10:37:16,521 - INFO -         [诸葛亮]由于[周瑜]【临机制胜】的[临机制胜-制胜]效果,损失了兵力127(6894)
2025-07-22 10:37:16,521 - INFO -         [诸葛亮]发动来自【草船借箭】的[草船借箭]效果, 但因几率未触发
2025-07-22 10:37:16,521 - INFO -         [SP诸葛亮]由于[周瑜]【临机制胜】的[临机制胜-制胜]效果,损失了兵力114(6686)
2025-07-22 10:37:16,521 - INFO -         [周瑜]由于[SP诸葛亮]的【十二奇策】的伤害,损失了兵力874(2818)
2025-07-22 10:37:16,521 - INFO -         [周瑜]执行来自【十二奇策】的[十二奇谋]效果
2025-07-22 10:37:16,522 - INFO -         [周瑜]的【断粮】效果已施加
2025-07-22 10:37:16,522 - INFO -         [周瑜]发动来自【临机制胜】的[临机制胜-制胜]效果, 但因几率未触发
2025-07-22 10:37:16,522 - INFO -         [周瑜]执行来自【临机制胜】的[临机制胜-制胜]效果
2025-07-22 10:37:16,522 - INFO -         [SP诸葛亮]由于[周瑜]【临机制胜】的[临机制胜-制胜]效果,损失了兵力102(6584)
2025-07-22 10:37:16,523 - INFO -         [诸葛亮]由于[周瑜]【临机制胜】的[临机制胜-制胜]效果,损失了兵力114(6780)
2025-07-22 10:37:16,523 - INFO -         [诸葛亮]发动来自【草船借箭】的[草船借箭]效果, 但因几率未触发
2025-07-22 10:37:16,523 - INFO -     [SP诸葛亮]对[颜良]发动普通攻击
2025-07-22 10:37:16,523 - INFO -         [颜良]损失了兵力278(1673)
2025-07-22 10:37:16,523 - INFO - [周瑜]开始行动
2025-07-22 10:37:16,523 - INFO -     [周瑜]对[诸葛亮]发动普通攻击
2025-07-22 10:37:16,524 - INFO -         [诸葛亮]损失了兵力124(6656)
2025-07-22 10:37:16,524 - INFO -         [诸葛亮]执行来自【草船借箭】的[草船借箭]效果
2025-07-22 10:37:16,524 - INFO -         [周瑜]由于[诸葛亮]【草船借箭】的[草船借箭]效果,损失了兵力338(2480)
2025-07-22 10:37:16,524 - INFO -         [诸葛亮]触发攻心
2025-07-22 10:37:16,524 - INFO -         [诸葛亮]恢复了兵力81(6656)
2025-07-22 10:37:16,524 - INFO - [诸葛亮]开始行动
2025-07-22 10:37:16,524 - INFO -     [诸葛亮]对[颜良]发动普通攻击
2025-07-22 10:37:16,525 - INFO -         [颜良]损失了兵力231(1442)
2025-07-22 10:37:16,525 - INFO - [诸葛亮]开始行动
2025-07-22 10:37:16,525 - INFO - 
[第 5 回合]
2025-07-22 10:37:16,525 - INFO - [许褚]开始行动
2025-07-22 10:37:16,525 - INFO -     [许褚]执行来自【星罗棋布】的[星罗棋布-双前排阵型]效果
2025-07-22 10:37:16,525 - INFO -         [周瑜]由于[许褚]【星罗棋布】的[星罗棋布-双前排阵型]效果,损失了兵力360(2120)
2025-07-22 10:37:16,526 - INFO -         [颜良]由于[许褚]【星罗棋布】的[星罗棋布-双前排阵型]效果,损失了兵力511(931)
2025-07-22 10:37:16,526 - INFO -     [许褚]对[颜良]发动普通攻击
2025-07-22 10:37:16,526 - INFO -         [颜良]损失了兵力319(612)
2025-07-22 10:37:16,526 - INFO -     [许褚]发动战法【膂力过人】
2025-07-22 10:37:16,526 - INFO -         [颜良]由于[许褚]的【膂力过人】的伤害,损失了兵力479(133)
2025-07-22 10:37:16,526 - INFO -     [颜良]执行来自【膂力过人】的[膂力过人]效果
2025-07-22 10:37:16,526 - INFO -         [颜良]由于[许褚]【膂力过人】的[膂力过人]效果,损失了兵力133(0)
2025-07-22 10:37:16,527 - INFO -         [颜良]兵力为0 无法再战
2025-07-22 10:37:16,527 - INFO -     [许褚]进行连击
2025-07-22 10:37:16,527 - INFO -     [许褚]对[周瑜]发动普通攻击
2025-07-22 10:37:16,527 - INFO -         [周瑜]损失了兵力225(1895)
2025-07-22 10:37:16,527 - INFO -     [许褚]发动战法【膂力过人】
2025-07-22 10:37:16,527 - INFO -         [周瑜]由于[许褚]的【膂力过人】的伤害,损失了兵力338(1557)
2025-07-22 10:37:16,527 - INFO -     [周瑜]执行来自【膂力过人】的[膂力过人]效果
2025-07-22 10:37:16,527 - INFO -         [周瑜]由于[许褚]【膂力过人】的[膂力过人]效果,损失了兵力157(1400)
2025-07-22 10:37:16,528 - INFO - [颜良]开始行动
2025-07-22 10:37:16,528 - INFO - [SP诸葛亮]开始行动
2025-07-22 10:37:16,528 - INFO -         [SP诸葛亮]发动战法【十二奇策】
2025-07-22 10:37:16,528 - INFO -         [周瑜]由于[SP诸葛亮]的【十二奇策】的伤害,损失了兵力869(531)
2025-07-22 10:37:16,528 - INFO -         [周瑜]执行来自【十二奇策】的[十二奇谋]效果
2025-07-22 10:37:16,528 - INFO -         [周瑜]的【混乱】效果已施加
2025-07-22 10:37:16,528 - INFO -         [周瑜]执行来自【临机制胜】的[临机制胜-制胜]效果
2025-07-22 10:37:16,529 - INFO -         [周瑜]由于[SP诸葛亮]【临机制胜】的[临机制胜-制胜]效果,损失了兵力237(294)
2025-07-22 10:37:16,529 - INFO -         [周瑜]发动来自【临机制胜】的[临机制胜-制胜]效果, 但因几率未触发
2025-07-22 10:37:16,529 - INFO -     [SP诸葛亮]对[周瑜]发动普通攻击
2025-07-22 10:37:16,529 - INFO -         [周瑜]损失了兵力254(40)
2025-07-22 10:37:16,529 - INFO - [周瑜]开始行动
2025-07-22 10:37:16,529 - INFO -     [周瑜]由于[SP诸葛亮]【十二奇策】的「混乱」效果
2025-07-22 10:37:16,529 - INFO -     [周瑜]对[SP诸葛亮]发动普通攻击
2025-07-22 10:37:16,529 - INFO -         [SP诸葛亮]损失了兵力37(6547)
2025-07-22 10:37:16,530 - INFO - [诸葛亮]开始行动
2025-07-22 10:37:16,530 - INFO -     [诸葛亮]对[周瑜]发动普通攻击
2025-07-22 10:37:16,530 - INFO -         [周瑜]损失了兵力40(0)
2025-07-22 10:37:16,530 - INFO -         [周瑜]兵力为0 无法再战
2025-07-22 10:37:16,530 - INFO - [夫人队]战斗结束
2025-07-22 10:37:16,530 - INFO - ------------ 当前对 夫人队 的第 1 次对抗测试结束
2025-07-22 10:37:16,530 - INFO - ------------ [诸葛队] 获胜 0 场，[夫人队] 获胜 1 场
