2025-07-22 09:44:10,166 - INFO - ------------ 当前选择的模式是:1_VS_1
2025-07-22 09:44:10,169 - INFO - ------------ 由 [诸葛队] 对战 [夫人队]
2025-07-22 09:44:10,169 - INFO - ------------ 对抗的次数为 1
2025-07-22 09:44:10,169 - INFO - ------------ 当前第 1 次对抗测试
2025-07-22 09:44:10,177 - INFO - 
[第 1 局]
2025-07-22 09:44:10,177 - INFO - [列队布阵阶段]
2025-07-22 09:44:10,177 - INFO -     [诸葛队]当前补给为100,造成伤害降低0%
2025-07-22 09:44:10,178 - INFO -     [夫人队]当前补给为100,造成伤害降低0%
2025-07-22 09:44:10,178 - INFO -     [诸葛队]获得【阵型-萁型阵】强化效果
2025-07-22 09:44:10,178 - INFO -         [诸葛亮]的【受到伤害】降低6.00%(-6.00%)
2025-07-22 09:44:10,178 - INFO -         [颜良]的【造成伤害】提升12.00%(112.00%)
2025-07-22 09:44:10,178 - INFO -         [周瑜]的【造成伤害】提升12.00%(112.00%)
2025-07-22 09:44:10,178 - INFO -     [夫人队]获得【阵型-偃月阵】强化效果
2025-07-22 09:44:10,178 - INFO -         [SP诸葛亮]的【造成伤害】提升14.00%(114.00%)
2025-07-22 09:44:10,178 - INFO -         [诸葛亮]的【造成伤害】提升14.00%(114.00%)
2025-07-22 09:44:10,178 - INFO -         [许褚]的【受到伤害】降低5.00%(-5.00%)
2025-07-22 09:44:10,178 - INFO -     [SP诸葛亮]发动战法【星罗棋布】
2025-07-22 09:44:10,178 - INFO -         [SP诸葛亮]执行来自【星罗棋布】的[星罗棋布-阵型]效果
2025-07-22 09:44:10,178 - INFO -         [SP诸葛亮]的【造成伤害】提升14.54%(128.54%)
2025-07-22 09:44:10,178 - INFO -         [许褚]执行来自【星罗棋布】的[星罗棋布-阵型]效果
2025-07-22 09:44:10,179 - INFO -         [许褚]的【受到伤害】降低5.19%(-10.19%)
2025-07-22 09:44:10,179 - INFO -         [诸葛亮]执行来自【星罗棋布】的[星罗棋布-阵型]效果
2025-07-22 09:44:10,179 - INFO -         [诸葛亮]的【造成伤害】提升14.54%(128.54%)
2025-07-22 09:44:10,179 - INFO -    [夫人队]获得【蜀】强化效果,属性提升 5.0%
2025-07-22 09:44:10,179 - INFO -         [SP诸葛亮]的【武力】提升6.41(134.61)
2025-07-22 09:44:10,179 - INFO -         [SP诸葛亮]的【智力】提升13.00(273.00)
2025-07-22 09:44:10,179 - INFO -         [SP诸葛亮]的【统帅】提升10.24(215.04)
2025-07-22 09:44:10,179 - INFO -         [SP诸葛亮]的【先攻】提升6.90(144.85)
2025-07-22 09:44:10,179 - INFO -         [许褚]的【武力】提升11.89(249.64)
2025-07-22 09:44:10,179 - INFO -         [许褚]的【智力】提升5.72(120.07)
2025-07-22 09:44:10,179 - INFO -         [许褚]的【统帅】提升8.44(177.24)
2025-07-22 09:44:10,179 - INFO -         [许褚]的【先攻】提升9.30(195.30)
2025-07-22 09:44:10,179 - INFO -         [诸葛亮]的【武力】提升3.67(77.07)
2025-07-22 09:44:10,179 - INFO -         [诸葛亮]的【智力】提升15.50(325.50)
2025-07-22 09:44:10,179 - INFO -         [诸葛亮]的【统帅】提升10.73(225.22)
2025-07-22 09:44:10,179 - INFO -         [诸葛亮]的【先攻】提升6.56(137.81)
2025-07-22 09:44:10,180 - INFO -     [诸葛队]获得【兵种-弓】强化效果
2025-07-22 09:44:10,180 - INFO -         [诸葛亮]的【造成伤害】提升3.50%(103.50%)
2025-07-22 09:44:10,180 - INFO -         [颜良]的【造成伤害】提升3.50%(115.50%)
2025-07-22 09:44:10,180 - INFO -         [周瑜]的【造成伤害】提升3.50%(115.50%)
2025-07-22 09:44:10,180 - INFO -     [夫人队]获得【才堪相配】强化效果
2025-07-22 09:44:10,180 - INFO -         [SP诸葛亮]的【受治疗效果】提升8.00%(108.00%)
2025-07-22 09:44:10,180 - INFO -         [诸葛亮]的【受治疗效果】提升8.00%(108.00%)
2025-07-22 09:44:10,180 - INFO -     [许褚]发动战法【裸衣血战】
2025-07-22 09:44:10,180 - INFO -         [许褚]的【先攻】提升20.00(215.30)
2025-07-22 09:44:10,181 - INFO -         [许褚]的【武力】提升20.00(257.75)
2025-07-22 09:44:10,181 - INFO -         [许褚]的【连击几率】提升100.00%(100.00%)
2025-07-22 09:44:10,181 - INFO -         [许褚]的【统帅】降低15.00(162.24)
2025-07-22 09:44:10,181 - INFO -         [许褚]的【造成伤害】降低0.00%(100.00%)
2025-07-22 09:44:10,181 - INFO -     [周瑜]发动战法【临机制胜】
2025-07-22 09:44:10,181 - INFO -     [SP诸葛亮]发动战法【星罗棋布】
2025-07-22 09:44:10,181 - INFO -         [SP诸葛亮]的【受到谋略伤害】降低14.75%(-14.75%)
2025-07-22 09:44:10,181 - INFO -         [许褚]的【受到谋略伤害】降低11.34%(-11.34%)
2025-07-22 09:44:10,181 - INFO -         [诸葛亮]的【受到谋略伤害】降低11.34%(-11.34%)
2025-07-22 09:44:10,181 - INFO -         [SP诸葛亮]执行来自【星罗棋布】的[星罗棋布-额外效果]效果
2025-07-22 09:44:10,181 - INFO -         [SP诸葛亮]执行来自【星罗棋布】的[星罗棋布-双前排阵型]效果
2025-07-22 09:44:10,181 - INFO -         [许褚]的【对前排造成伤害】提升20.00%(120.00%)
2025-07-22 09:44:10,181 - INFO -         [许褚]的[星罗棋布-双前排阵型]效果已施加
2025-07-22 09:44:10,182 - INFO -     [SP诸葛亮]发动战法【临机制胜】
2025-07-22 09:44:10,182 - INFO -     [诸葛亮]发动战法【草船借箭】
2025-07-22 09:44:10,182 - INFO -         [诸葛亮]的【攻心】提升24.00%(24.00%)
2025-07-22 09:44:10,182 - INFO -     [诸葛亮]发动战法【草船借箭】
2025-07-22 09:44:10,182 - INFO -         [诸葛亮]的【攻心】提升24.00%(24.00%)
2025-07-22 09:44:10,182 - INFO -     [诸葛亮]发动战法【临机制胜】
2025-07-22 09:44:10,182 - INFO - 
[第 1 回合]
2025-07-22 09:44:10,182 - INFO - [许褚]开始行动
2025-07-22 09:44:10,182 - INFO -     [许褚]执行来自【星罗棋布】的[星罗棋布-双前排阵型]效果
2025-07-22 09:44:10,182 - INFO -         [诸葛亮]由于[许褚]【星罗棋布】的[星罗棋布-双前排阵型]效果,损失了兵力461(9539)
2025-07-22 09:44:10,182 - INFO -         [诸葛亮]发动来自【草船借箭】的[草船借箭]效果, 但因几率未触发
2025-07-22 09:44:10,183 - INFO -     [许褚]对[诸葛亮]发动普通攻击
2025-07-22 09:44:10,183 - INFO -         [诸葛亮]损失了兵力288(9251)
2025-07-22 09:44:10,183 - INFO -         [诸葛亮]执行来自【草船借箭】的[草船借箭]效果
2025-07-22 09:44:10,183 - INFO -         [SP诸葛亮]由于[诸葛亮]【草船借箭】的[草船借箭]效果,损失了兵力177(9823)
2025-07-22 09:44:10,183 - INFO -         [诸葛亮]触发攻心
2025-07-22 09:44:10,183 - INFO -         [诸葛亮]恢复了兵力42(9251)
2025-07-22 09:44:10,183 - INFO -     [许褚]发动战法【膂力过人】
2025-07-22 09:44:10,183 - INFO -         [诸葛亮]由于[许褚]的【膂力过人】的伤害,损失了兵力432(8819)
2025-07-22 09:44:10,183 - INFO -         [诸葛亮]发动来自【草船借箭】的[草船借箭]效果, 但因几率未触发
2025-07-22 09:44:10,184 - INFO -     [诸葛亮]执行来自【膂力过人】的[膂力过人]效果
2025-07-22 09:44:10,184 - INFO -         [诸葛亮]由于[许褚]【膂力过人】的[膂力过人]效果,损失了兵力201(8618)
2025-07-22 09:44:10,184 - INFO -         [诸葛亮]发动来自【草船借箭】的[草船借箭]效果, 但因几率未触发
2025-07-22 09:44:10,184 - INFO -     [许褚]进行连击
2025-07-22 09:44:10,184 - INFO -     [许褚]对[颜良]发动普通攻击
2025-07-22 09:44:10,184 - INFO -         [颜良]损失了兵力353(9647)
2025-07-22 09:44:10,184 - INFO -     [许褚]发动战法【膂力过人】
2025-07-22 09:44:10,184 - INFO -         [颜良]由于[许褚]的【膂力过人】的伤害,损失了兵力529(9118)
2025-07-22 09:44:10,184 - INFO -     [颜良]执行来自【膂力过人】的[膂力过人]效果
2025-07-22 09:44:10,184 - INFO -         [颜良]由于[许褚]【膂力过人】的[膂力过人]效果,损失了兵力247(8871)
2025-07-22 09:44:10,185 - INFO - [颜良]开始行动
2025-07-22 09:44:10,185 - INFO -     [颜良]对[SP诸葛亮]发动普通攻击
2025-07-22 09:44:10,185 - INFO -         [SP诸葛亮]损失了兵力315(9508)
2025-07-22 09:44:10,185 - INFO -     [颜良]发动战法【膂力过人】
2025-07-22 09:44:10,185 - INFO -         [SP诸葛亮]由于[颜良]的【膂力过人】的伤害,损失了兵力473(9035)
2025-07-22 09:44:10,185 - INFO -     [SP诸葛亮]执行来自【膂力过人】的[膂力过人]效果
2025-07-22 09:44:10,185 - INFO -         [SP诸葛亮]由于[颜良]【膂力过人】的[膂力过人]效果,损失了兵力220(8815)
2025-07-22 09:44:10,186 - INFO - [SP诸葛亮]开始行动
2025-07-22 09:44:10,186 - INFO -         [SP诸葛亮]因几率未发动战法【十二奇策】
2025-07-22 09:44:10,186 - INFO -     [SP诸葛亮]对[诸葛亮]发动普通攻击
2025-07-22 09:44:10,186 - INFO -         [诸葛亮]损失了兵力249(8369)
2025-07-22 09:44:10,186 - INFO -         [诸葛亮]执行来自【草船借箭】的[草船借箭]效果
2025-07-22 09:44:10,186 - INFO -         [许褚]由于[诸葛亮]【草船借箭】的[草船借箭]效果,损失了兵力305(9695)
2025-07-22 09:44:10,186 - INFO -         [诸葛亮]触发攻心
2025-07-22 09:44:10,186 - INFO -         [诸葛亮]恢复了兵力73(8369)
2025-07-22 09:44:10,187 - INFO - [周瑜]开始行动
2025-07-22 09:44:10,187 - INFO -     [周瑜]对[诸葛亮]发动普通攻击
2025-07-22 09:44:10,187 - INFO -         [诸葛亮]损失了兵力198(9802)
2025-07-22 09:44:10,187 - INFO -         [诸葛亮]发动来自【草船借箭】的[草船借箭]效果, 但因几率未触发
2025-07-22 09:44:10,187 - INFO - [诸葛亮]开始行动
2025-07-22 09:44:10,188 - INFO -     [诸葛亮]对[颜良]发动普通攻击
2025-07-22 09:44:10,188 - INFO -         [颜良]损失了兵力238(8633)
2025-07-22 09:44:10,188 - INFO - [诸葛亮]开始行动
2025-07-22 09:44:10,189 - INFO -         [诸葛亮]因几率未发动战法【十二奇策】
2025-07-22 09:44:10,189 - INFO -     [诸葛亮]对[诸葛亮]发动普通攻击
2025-07-22 09:44:10,189 - INFO -         [诸葛亮]损失了兵力175(9627)
2025-07-22 09:44:10,189 - INFO -         [诸葛亮]执行来自【草船借箭】的[草船借箭]效果
2025-07-22 09:44:10,189 - INFO -         [诸葛亮]由于[诸葛亮]【草船借箭】的[草船借箭]效果,损失了兵力364(8005)
2025-07-22 09:44:10,189 - INFO -         [诸葛亮]触发攻心
2025-07-22 09:44:10,189 - INFO -         [诸葛亮]恢复了兵力87(9627)
2025-07-22 09:44:10,189 - INFO -         [诸葛亮]执行来自【草船借箭】的[草船借箭]效果
2025-07-22 09:44:10,190 - INFO -         [许褚]由于[诸葛亮]【草船借箭】的[草船借箭]效果,损失了兵力299(9396)
2025-07-22 09:44:10,190 - INFO -         [诸葛亮]触发攻心
2025-07-22 09:44:10,190 - INFO -         [诸葛亮]恢复了兵力71(8005)
2025-07-22 09:44:10,190 - INFO - 
[第 2 回合]
2025-07-22 09:44:10,190 - INFO - [许褚]开始行动
2025-07-22 09:44:10,190 - INFO -     [许褚]执行来自【星罗棋布】的[星罗棋布-双前排阵型]效果
2025-07-22 09:44:10,190 - INFO -         [诸葛亮]由于[许褚]【星罗棋布】的[星罗棋布-双前排阵型]效果,损失了兵力461(7544)
2025-07-22 09:44:10,191 - INFO -         [诸葛亮]发动来自【草船借箭】的[草船借箭]效果, 但因几率未触发
2025-07-22 09:44:10,191 - INFO -         [颜良]由于[许褚]【星罗棋布】的[星罗棋布-双前排阵型]效果,损失了兵力564(8069)
2025-07-22 09:44:10,191 - INFO -     [许褚]对[颜良]发动普通攻击
2025-07-22 09:44:10,191 - INFO -         [颜良]损失了兵力353(7716)
2025-07-22 09:44:10,191 - INFO -     [许褚]发动战法【膂力过人】
2025-07-22 09:44:10,191 - INFO -         [颜良]由于[许褚]的【膂力过人】的伤害,损失了兵力529(7187)
2025-07-22 09:44:10,191 - INFO -     [颜良]执行来自【膂力过人】的[膂力过人]效果
2025-07-22 09:44:10,192 - INFO -         [颜良]由于[许褚]【膂力过人】的[膂力过人]效果,损失了兵力247(6940)
2025-07-22 09:44:10,192 - INFO -     [许褚]进行连击
2025-07-22 09:44:10,192 - INFO -     [许褚]对[诸葛亮]发动普通攻击
2025-07-22 09:44:10,192 - INFO -         [诸葛亮]损失了兵力288(7256)
2025-07-22 09:44:10,192 - INFO -         [诸葛亮]发动来自【草船借箭】的[草船借箭]效果, 但因几率未触发
2025-07-22 09:44:10,192 - INFO -     [许褚]发动战法【膂力过人】
2025-07-22 09:44:10,192 - INFO -         [诸葛亮]由于[许褚]的【膂力过人】的伤害,损失了兵力432(6824)
2025-07-22 09:44:10,192 - INFO -         [诸葛亮]执行来自【草船借箭】的[草船借箭]效果
2025-07-22 09:44:10,192 - INFO -         [诸葛亮]由于[诸葛亮]【草船借箭】的[草船借箭]效果,损失了兵力175(9452)
2025-07-22 09:44:10,193 - INFO -         [诸葛亮]触发攻心
2025-07-22 09:44:10,193 - INFO -         [诸葛亮]恢复了兵力42(6824)
2025-07-22 09:44:10,193 - INFO -         [诸葛亮]发动来自【草船借箭】的[草船借箭]效果, 但因几率未触发
2025-07-22 09:44:10,193 - INFO -     [诸葛亮]执行来自【膂力过人】的[膂力过人]效果
2025-07-22 09:44:10,193 - INFO -         [诸葛亮]由于[许褚]【膂力过人】的[膂力过人]效果,损失了兵力201(6623)
2025-07-22 09:44:10,193 - INFO -         [诸葛亮]执行来自【草船借箭】的[草船借箭]效果
2025-07-22 09:44:10,193 - INFO -         [SP诸葛亮]由于[诸葛亮]【草船借箭】的[草船借箭]效果,损失了兵力156(8659)
2025-07-22 09:44:10,193 - INFO -         [诸葛亮]触发攻心
2025-07-22 09:44:10,193 - INFO -         [诸葛亮]恢复了兵力37(6623)
2025-07-22 09:44:10,194 - INFO - [颜良]开始行动
2025-07-22 09:44:10,194 - INFO -     [颜良]对[许褚]发动普通攻击
2025-07-22 09:44:10,194 - INFO -         [许褚]损失了兵力308(9088)
2025-07-22 09:44:10,194 - INFO -     [颜良]发动战法【膂力过人】
2025-07-22 09:44:10,194 - INFO -         [许褚]由于[颜良]的【膂力过人】的伤害,损失了兵力462(8626)
2025-07-22 09:44:10,194 - INFO - [SP诸葛亮]开始行动
2025-07-22 09:44:10,195 - INFO -         [SP诸葛亮]因几率未发动战法【十二奇策】
2025-07-22 09:44:10,195 - INFO -     [SP诸葛亮]对[颜良]发动普通攻击
2025-07-22 09:44:10,195 - INFO -         [颜良]损失了兵力283(6657)
2025-07-22 09:44:10,195 - INFO - [周瑜]开始行动
2025-07-22 09:44:10,195 - INFO -     [周瑜]对[SP诸葛亮]发动普通攻击
2025-07-22 09:44:10,195 - INFO -         [SP诸葛亮]损失了兵力174(8485)
2025-07-22 09:44:10,196 - INFO - [诸葛亮]开始行动
2025-07-22 09:44:10,196 - INFO -     [诸葛亮]对[诸葛亮]发动普通攻击
2025-07-22 09:44:10,196 - INFO -         [诸葛亮]损失了兵力164(6459)
2025-07-22 09:44:10,196 - INFO -         [诸葛亮]执行来自【草船借箭】的[草船借箭]效果
2025-07-22 09:44:10,196 - INFO -         [许褚]由于[诸葛亮]【草船借箭】的[草船借箭]效果,损失了兵力275(8351)
2025-07-22 09:44:10,196 - INFO -         [诸葛亮]触发攻心
2025-07-22 09:44:10,196 - INFO -         [诸葛亮]恢复了兵力66(6459)
2025-07-22 09:44:10,197 - INFO - [诸葛亮]开始行动
2025-07-22 09:44:10,197 - INFO -         [诸葛亮]发动战法【十二奇策】
2025-07-22 09:44:10,197 - INFO -         [许褚]由于[诸葛亮]的【十二奇策】的伤害,损失了兵力757(7594)
2025-07-22 09:44:10,197 - INFO -         [诸葛亮]触发攻心
2025-07-22 09:44:10,198 - INFO -         [诸葛亮]恢复了兵力181(6459)
2025-07-22 09:44:10,198 - INFO -         [许褚]执行来自【十二奇策】的[十二奇谋]效果
2025-07-22 09:44:10,199 - INFO -         [许褚]的【混乱】效果已施加
2025-07-22 09:44:10,199 - INFO -         [许褚]执行来自【临机制胜】的[临机制胜-制胜]效果
2025-07-22 09:44:10,199 - INFO -         [诸葛亮]由于[SP诸葛亮]【临机制胜】的[临机制胜-制胜]效果,损失了兵力249(6210)
2025-07-22 09:44:10,199 - INFO -         [诸葛亮]执行来自【草船借箭】的[草船借箭]效果
2025-07-22 09:44:10,200 - INFO -         [许褚]由于[诸葛亮]【草船借箭】的[草船借箭]效果,损失了兵力271(7323)
2025-07-22 09:44:10,200 - INFO -         [诸葛亮]触发攻心
2025-07-22 09:44:10,200 - INFO -         [诸葛亮]恢复了兵力65(6210)
2025-07-22 09:44:10,200 - INFO -         [颜良]由于[SP诸葛亮]【临机制胜】的[临机制胜-制胜]效果,损失了兵力316(6341)
2025-07-22 09:44:10,200 - INFO -         [许褚]发动来自【临机制胜】的[临机制胜-制胜]效果, 但因几率未触发
2025-07-22 09:44:10,200 - INFO -         [许褚]执行来自【临机制胜】的[临机制胜-制胜]效果
2025-07-22 09:44:10,200 - INFO -         [SP诸葛亮]由于[诸葛亮]【临机制胜】的[临机制胜-制胜]效果,损失了兵力114(8371)
2025-07-22 09:44:10,200 - INFO -         [诸葛亮]触发攻心
2025-07-22 09:44:10,200 - INFO -         [诸葛亮]恢复了兵力27(6210)
2025-07-22 09:44:10,201 - INFO -         [诸葛亮]由于[诸葛亮]【临机制胜】的[临机制胜-制胜]效果,损失了兵力127(9325)
2025-07-22 09:44:10,201 - INFO -         [诸葛亮]触发攻心
2025-07-22 09:44:10,201 - INFO -         [诸葛亮]恢复了兵力30(6210)
2025-07-22 09:44:10,201 - INFO -         [诸葛亮]发动来自【草船借箭】的[草船借箭]效果, 但因几率未触发
2025-07-22 09:44:10,201 - INFO -         [诸葛亮]由于[诸葛亮]的【十二奇策】的伤害,损失了兵力467(8858)
2025-07-22 09:44:10,201 - INFO -         [诸葛亮]触发攻心
2025-07-22 09:44:10,201 - INFO -         [诸葛亮]恢复了兵力112(6210)
2025-07-22 09:44:10,201 - INFO -         [诸葛亮]执行来自【草船借箭】的[草船借箭]效果
2025-07-22 09:44:10,201 - INFO -         [诸葛亮]由于[诸葛亮]【草船借箭】的[草船借箭]效果,损失了兵力361(5849)
2025-07-22 09:44:10,201 - INFO -         [诸葛亮]触发攻心
2025-07-22 09:44:10,201 - INFO -         [诸葛亮]恢复了兵力86(8858)
2025-07-22 09:44:10,202 - INFO -         [诸葛亮]发动来自【草船借箭】的[草船借箭]效果, 但因几率未触发
2025-07-22 09:44:10,202 - INFO -         [诸葛亮]执行来自【十二奇策】的[十二奇谋]效果
2025-07-22 09:44:10,203 - INFO -         [诸葛亮]的【统帅】降低20.00(205.22)
2025-07-22 09:44:10,203 - INFO -         [诸葛亮]的【洪水】效果已施加
2025-07-22 09:44:10,203 - INFO -         [诸葛亮]执行来自【临机制胜】的[临机制胜-制胜]效果
2025-07-22 09:44:10,203 - INFO -         [诸葛亮]由于[SP诸葛亮]【临机制胜】的[临机制胜-制胜]效果,损失了兵力248(5601)
2025-07-22 09:44:10,204 - INFO -         [诸葛亮]发动来自【草船借箭】的[草船借箭]效果, 但因几率未触发
2025-07-22 09:44:10,204 - INFO -         [周瑜]由于[SP诸葛亮]【临机制胜】的[临机制胜-制胜]效果,损失了兵力261(9739)
2025-07-22 09:44:10,204 - INFO -         [诸葛亮]执行来自【临机制胜】的[临机制胜-制胜]效果
2025-07-22 09:44:10,204 - INFO -         [SP诸葛亮]由于[周瑜]【临机制胜】的[临机制胜-制胜]效果,损失了兵力163(8208)
2025-07-22 09:44:10,204 - INFO -         [诸葛亮]由于[周瑜]【临机制胜】的[临机制胜-制胜]效果,损失了兵力187(8671)
2025-07-22 09:44:10,204 - INFO -         [诸葛亮]执行来自【草船借箭】的[草船借箭]效果
2025-07-22 09:44:10,204 - INFO -         [诸葛亮]由于[诸葛亮]【草船借箭】的[草船借箭]效果,损失了兵力358(5243)
2025-07-22 09:44:10,204 - INFO -         [诸葛亮]触发攻心
2025-07-22 09:44:10,205 - INFO -         [诸葛亮]恢复了兵力86(8671)
2025-07-22 09:44:10,205 - INFO -         [诸葛亮]执行来自【草船借箭】的[草船借箭]效果
2025-07-22 09:44:10,205 - INFO -         [SP诸葛亮]由于[诸葛亮]【草船借箭】的[草船借箭]效果,损失了兵力144(8064)
2025-07-22 09:44:10,205 - INFO -         [诸葛亮]触发攻心
2025-07-22 09:44:10,205 - INFO -         [诸葛亮]恢复了兵力34(5243)
2025-07-22 09:44:10,205 - INFO -         [诸葛亮]发动来自【临机制胜】的[临机制胜-制胜]效果, 但因几率未触发
2025-07-22 09:44:10,205 - INFO -     [诸葛亮]对[诸葛亮]发动普通攻击
2025-07-22 09:44:10,205 - INFO -         [诸葛亮]损失了兵力158(8513)
2025-07-22 09:44:10,205 - INFO -         [诸葛亮]发动来自【草船借箭】的[草船借箭]效果, 但因几率未触发
2025-07-22 09:44:10,206 - INFO - 
[第 3 回合]
2025-07-22 09:44:10,206 - INFO - [许褚]开始行动
2025-07-22 09:44:10,206 - INFO -     [许褚]执行来自【星罗棋布】的[星罗棋布-双前排阵型]效果
2025-07-22 09:44:10,206 - INFO -         [周瑜]由于[许褚]【星罗棋布】的[星罗棋布-双前排阵型]效果,损失了兵力401(9338)
2025-07-22 09:44:10,206 - INFO -     [许褚]由于[诸葛亮]【十二奇策】的「混乱」效果
2025-07-22 09:44:10,206 - INFO -     [许褚]对[周瑜]发动普通攻击
2025-07-22 09:44:10,206 - INFO -         [周瑜]损失了兵力250(9088)
2025-07-22 09:44:10,207 - INFO -     [许褚]发动战法【膂力过人】
2025-07-22 09:44:10,207 - INFO -         [周瑜]由于[许褚]的【膂力过人】的伤害,损失了兵力376(8712)
2025-07-22 09:44:10,207 - INFO -     [周瑜]执行来自【膂力过人】的[膂力过人]效果
2025-07-22 09:44:10,207 - INFO -         [周瑜]由于[许褚]【膂力过人】的[膂力过人]效果,损失了兵力175(8537)
2025-07-22 09:44:10,207 - INFO -     [许褚]进行连击
2025-07-22 09:44:10,207 - INFO -     [许褚]由于[诸葛亮]【十二奇策】的「混乱」效果
2025-07-22 09:44:10,207 - INFO -     [许褚]对[周瑜]发动普通攻击
2025-07-22 09:44:10,207 - INFO -         [周瑜]损失了兵力250(8287)
2025-07-22 09:44:10,207 - INFO -     [许褚]发动战法【膂力过人】
2025-07-22 09:44:10,208 - INFO -         [周瑜]由于[许褚]的【膂力过人】的伤害,损失了兵力376(7911)
2025-07-22 09:44:10,208 - INFO -     [周瑜]执行来自【膂力过人】的[膂力过人]效果
2025-07-22 09:44:10,208 - INFO -         [周瑜]由于[许褚]【膂力过人】的[膂力过人]效果,损失了兵力175(7736)
2025-07-22 09:44:10,208 - INFO - [颜良]开始行动
2025-07-22 09:44:10,208 - INFO -     [颜良]对[许褚]发动普通攻击
2025-07-22 09:44:10,208 - INFO -         [许褚]损失了兵力298(7025)
2025-07-22 09:44:10,209 - INFO -     [颜良]发动战法【膂力过人】
2025-07-22 09:44:10,209 - INFO -         [许褚]由于[颜良]的【膂力过人】的伤害,损失了兵力447(6578)
2025-07-22 09:44:10,209 - INFO - [SP诸葛亮]开始行动
2025-07-22 09:44:10,209 - INFO -         [SP诸葛亮]因几率未发动战法【十二奇策】
2025-07-22 09:44:10,209 - INFO -     [SP诸葛亮]对[诸葛亮]发动普通攻击
2025-07-22 09:44:10,209 - INFO -         [诸葛亮]损失了兵力240(5003)
2025-07-22 09:44:10,210 - INFO -         [诸葛亮]执行来自【草船借箭】的[草船借箭]效果
2025-07-22 09:44:10,210 - INFO -         [诸葛亮]由于[诸葛亮]【草船借箭】的[草船借箭]效果,损失了兵力162(8351)
2025-07-22 09:44:10,210 - INFO -         [诸葛亮]触发攻心
2025-07-22 09:44:10,210 - INFO -         [诸葛亮]恢复了兵力39(5003)
2025-07-22 09:44:10,210 - INFO -         [诸葛亮]发动来自【草船借箭】的[草船借箭]效果, 但因几率未触发
2025-07-22 09:44:10,210 - INFO - [周瑜]开始行动
2025-07-22 09:44:10,211 - INFO -     [周瑜]对[诸葛亮]发动普通攻击
2025-07-22 09:44:10,211 - INFO -         [诸葛亮]损失了兵力200(8151)
2025-07-22 09:44:10,211 - INFO -         [诸葛亮]执行来自【草船借箭】的[草船借箭]效果
2025-07-22 09:44:10,211 - INFO -         [周瑜]由于[诸葛亮]【草船借箭】的[草船借箭]效果,损失了兵力366(7370)
2025-07-22 09:44:10,211 - INFO -         [诸葛亮]触发攻心
2025-07-22 09:44:10,211 - INFO -         [诸葛亮]恢复了兵力88(8151)
2025-07-22 09:44:10,211 - INFO - [诸葛亮]开始行动
2025-07-22 09:44:10,212 - INFO -     [诸葛亮]对[周瑜]发动普通攻击
2025-07-22 09:44:10,212 - INFO -         [周瑜]损失了兵力182(7188)
2025-07-22 09:44:10,212 - INFO - [诸葛亮]开始行动
2025-07-22 09:44:10,212 - INFO -         [诸葛亮]发动战法【十二奇策】
2025-07-22 09:44:10,212 - INFO -         [许褚]由于[诸葛亮]的【十二奇策】的伤害,损失了兵力694(5884)
2025-07-22 09:44:10,212 - INFO -         [诸葛亮]触发攻心
2025-07-22 09:44:10,212 - INFO -         [诸葛亮]恢复了兵力166(5003)
2025-07-22 09:44:10,213 - INFO -         [许褚]执行来自【十二奇策】的[十二奇谋]效果
2025-07-22 09:44:10,213 - INFO -         [许褚]的【统帅】降低20.00(142.24)
2025-07-22 09:44:10,213 - INFO -         [许褚]的【洪水】效果已施加
2025-07-22 09:44:10,213 - INFO -         [许褚]执行来自【临机制胜】的[临机制胜-制胜]效果
2025-07-22 09:44:10,213 - INFO -         [周瑜]由于[SP诸葛亮]【临机制胜】的[临机制胜-制胜]效果,损失了兵力257(6931)
2025-07-22 09:44:10,213 - INFO -         [诸葛亮]由于[SP诸葛亮]【临机制胜】的[临机制胜-制胜]效果,损失了兵力244(4759)
2025-07-22 09:44:10,213 - INFO -         [诸葛亮]执行来自【草船借箭】的[草船借箭]效果
2025-07-22 09:44:10,213 - INFO -         [诸葛亮]由于[诸葛亮]【草船借箭】的[草船借箭]效果,损失了兵力158(7993)
2025-07-22 09:44:10,213 - INFO -         [诸葛亮]触发攻心
2025-07-22 09:44:10,214 - INFO -         [诸葛亮]恢复了兵力38(4759)
2025-07-22 09:44:10,214 - INFO -         [诸葛亮]执行来自【草船借箭】的[草船借箭]效果
2025-07-22 09:44:10,214 - INFO -         [周瑜]由于[诸葛亮]【草船借箭】的[草船借箭]效果,损失了兵力363(6568)
2025-07-22 09:44:10,214 - INFO -         [诸葛亮]触发攻心
2025-07-22 09:44:10,214 - INFO -         [诸葛亮]恢复了兵力87(7993)
2025-07-22 09:44:10,214 - INFO -         [许褚]执行来自【临机制胜】的[临机制胜-制胜]效果
2025-07-22 09:44:10,214 - INFO -         [SP诸葛亮]由于[周瑜]【临机制胜】的[临机制胜-制胜]效果,损失了兵力143(7921)
2025-07-22 09:44:10,214 - INFO -         [诸葛亮]由于[周瑜]【临机制胜】的[临机制胜-制胜]效果,损失了兵力164(7829)
2025-07-22 09:44:10,214 - INFO -         [诸葛亮]执行来自【草船借箭】的[草船借箭]效果
2025-07-22 09:44:10,215 - INFO -         [周瑜]由于[诸葛亮]【草船借箭】的[草船借箭]效果,损失了兵力360(6208)
2025-07-22 09:44:10,215 - INFO -         [诸葛亮]触发攻心
2025-07-22 09:44:10,215 - INFO -         [诸葛亮]恢复了兵力86(7829)
2025-07-22 09:44:10,215 - INFO -         [许褚]执行来自【临机制胜】的[临机制胜-制胜]效果
2025-07-22 09:44:10,215 - INFO -         [诸葛亮]由于[诸葛亮]【临机制胜】的[临机制胜-制胜]效果,损失了兵力119(7710)
2025-07-22 09:44:10,215 - INFO -         [诸葛亮]触发攻心
2025-07-22 09:44:10,215 - INFO -         [诸葛亮]恢复了兵力28(4759)
2025-07-22 09:44:10,215 - INFO -         [诸葛亮]发动来自【草船借箭】的[草船借箭]效果, 但因几率未触发
2025-07-22 09:44:10,215 - INFO -         [SP诸葛亮]由于[诸葛亮]【临机制胜】的[临机制胜-制胜]效果,损失了兵力104(7817)
2025-07-22 09:44:10,215 - INFO -         [诸葛亮]触发攻心
2025-07-22 09:44:10,215 - INFO -         [诸葛亮]恢复了兵力24(4759)
2025-07-22 09:44:10,216 - INFO -         [SP诸葛亮]由于[诸葛亮]的【十二奇策】的伤害,损失了兵力381(7436)
2025-07-22 09:44:10,216 - INFO -         [诸葛亮]触发攻心
2025-07-22 09:44:10,216 - INFO -         [诸葛亮]恢复了兵力91(4759)
2025-07-22 09:44:10,216 - INFO -         [SP诸葛亮]执行来自【十二奇策】的[十二奇谋]效果
2025-07-22 09:44:10,217 - INFO -         [SP诸葛亮]的【震慑】效果已施加
2025-07-22 09:44:10,217 - INFO -         [SP诸葛亮]发动来自【临机制胜】的[临机制胜-制胜]效果, 但因几率未触发
2025-07-22 09:44:10,217 - INFO -         [SP诸葛亮]执行来自【临机制胜】的[临机制胜-制胜]效果
2025-07-22 09:44:10,217 - INFO -         [许褚]由于[周瑜]【临机制胜】的[临机制胜-制胜]效果,损失了兵力253(5631)
2025-07-22 09:44:10,217 - INFO -         [SP诸葛亮]由于[周瑜]【临机制胜】的[临机制胜-制胜]效果,损失了兵力141(7295)
2025-07-22 09:44:10,218 - INFO -         [SP诸葛亮]执行来自【临机制胜】的[临机制胜-制胜]效果
2025-07-22 09:44:10,218 - INFO -         [SP诸葛亮]由于[诸葛亮]【临机制胜】的[临机制胜-制胜]效果,损失了兵力104(7191)
2025-07-22 09:44:10,218 - INFO -         [诸葛亮]触发攻心
2025-07-22 09:44:10,218 - INFO -         [诸葛亮]恢复了兵力24(4759)
2025-07-22 09:44:10,218 - INFO -         [诸葛亮]由于[诸葛亮]【临机制胜】的[临机制胜-制胜]效果,损失了兵力119(7591)
2025-07-22 09:44:10,218 - INFO -         [诸葛亮]触发攻心
2025-07-22 09:44:10,218 - INFO -         [诸葛亮]恢复了兵力28(4759)
2025-07-22 09:44:10,218 - INFO -         [诸葛亮]发动来自【草船借箭】的[草船借箭]效果, 但因几率未触发
2025-07-22 09:44:10,218 - INFO -     [诸葛亮]对[SP诸葛亮]发动普通攻击
2025-07-22 09:44:10,219 - INFO -         [SP诸葛亮]损失了兵力124(7067)
2025-07-22 09:44:10,219 - INFO - 
[第 4 回合]
2025-07-22 09:44:10,219 - INFO - [许褚]开始行动
2025-07-22 09:44:10,219 - INFO -     [许褚]执行来自【星罗棋布】的[星罗棋布-双前排阵型]效果
2025-07-22 09:44:10,219 - INFO -         [诸葛亮]由于[许褚]【星罗棋布】的[星罗棋布-双前排阵型]效果,损失了兵力383(4376)
2025-07-22 09:44:10,219 - INFO -         [诸葛亮]执行来自【草船借箭】的[草船借箭]效果
2025-07-22 09:44:10,220 - INFO -         [SP诸葛亮]由于[诸葛亮]【草船借箭】的[草船借箭]效果,损失了兵力133(6934)
2025-07-22 09:44:10,220 - INFO -         [诸葛亮]触发攻心
2025-07-22 09:44:10,220 - INFO -         [诸葛亮]恢复了兵力32(4376)
2025-07-22 09:44:10,220 - INFO -     [许褚]由于[诸葛亮]【十二奇策】的「混乱」效果
2025-07-22 09:44:10,220 - INFO -     [许褚]对[颜良]发动普通攻击
2025-07-22 09:44:10,220 - INFO -         [颜良]损失了兵力293(6048)
2025-07-22 09:44:10,221 - INFO -     [许褚]发动战法【膂力过人】
2025-07-22 09:44:10,221 - INFO -         [颜良]由于[许褚]的【膂力过人】的伤害,损失了兵力440(5608)
2025-07-22 09:44:10,221 - INFO -     [颜良]执行来自【膂力过人】的[膂力过人]效果
2025-07-22 09:44:10,221 - INFO -         [颜良]由于[许褚]【膂力过人】的[膂力过人]效果,损失了兵力205(5403)
2025-07-22 09:44:10,221 - INFO -     [许褚]进行连击
2025-07-22 09:44:10,221 - INFO -     [许褚]由于[诸葛亮]【十二奇策】的「混乱」效果
2025-07-22 09:44:10,221 - INFO -     [许褚]对[诸葛亮]发动普通攻击
2025-07-22 09:44:10,222 - INFO -         [诸葛亮]损失了兵力263(7328)
2025-07-22 09:44:10,222 - INFO -         [诸葛亮]发动来自【草船借箭】的[草船借箭]效果, 但因几率未触发
2025-07-22 09:44:10,222 - INFO -     [许褚]发动战法【膂力过人】
2025-07-22 09:44:10,222 - INFO -         [诸葛亮]由于[许褚]的【膂力过人】的伤害,损失了兵力394(6934)
2025-07-22 09:44:10,222 - INFO -         [诸葛亮]执行来自【草船借箭】的[草船借箭]效果
2025-07-22 09:44:10,222 - INFO -         [诸葛亮]由于[诸葛亮]【草船借箭】的[草船借箭]效果,损失了兵力326(4050)
2025-07-22 09:44:10,222 - INFO -         [诸葛亮]触发攻心
2025-07-22 09:44:10,222 - INFO -         [诸葛亮]恢复了兵力78(6934)
2025-07-22 09:44:10,222 - INFO -         [诸葛亮]执行来自【草船借箭】的[草船借箭]效果
2025-07-22 09:44:10,222 - INFO -         [SP诸葛亮]由于[诸葛亮]【草船借箭】的[草船借箭]效果,损失了兵力129(6805)
2025-07-22 09:44:10,223 - INFO -         [诸葛亮]触发攻心
2025-07-22 09:44:10,223 - INFO -         [诸葛亮]恢复了兵力31(4050)
2025-07-22 09:44:10,223 - INFO -     [诸葛亮]执行来自【膂力过人】的[膂力过人]效果
2025-07-22 09:44:10,223 - INFO -         [诸葛亮]由于[许褚]【膂力过人】的[膂力过人]效果,损失了兵力184(6750)
2025-07-22 09:44:10,223 - INFO -         [诸葛亮]执行来自【草船借箭】的[草船借箭]效果
2025-07-22 09:44:10,223 - INFO -         [颜良]由于[诸葛亮]【草船借箭】的[草船借箭]效果,损失了兵力504(4899)
2025-07-22 09:44:10,223 - INFO -         [诸葛亮]触发攻心
2025-07-22 09:44:10,223 - INFO -         [诸葛亮]恢复了兵力121(6750)
2025-07-22 09:44:10,224 - INFO - [颜良]开始行动
2025-07-22 09:44:10,224 - INFO -     [颜良]对[诸葛亮]发动普通攻击
2025-07-22 09:44:10,224 - INFO -         [诸葛亮]损失了兵力221(6529)
2025-07-22 09:44:10,224 - INFO -         [诸葛亮]执行来自【草船借箭】的[草船借箭]效果
2025-07-22 09:44:10,224 - INFO -         [诸葛亮]由于[诸葛亮]【草船借箭】的[草船借箭]效果,损失了兵力319(3731)
2025-07-22 09:44:10,224 - INFO -         [诸葛亮]触发攻心
2025-07-22 09:44:10,224 - INFO -         [诸葛亮]恢复了兵力76(6529)
2025-07-22 09:44:10,224 - INFO -         [诸葛亮]发动来自【草船借箭】的[草船借箭]效果, 但因几率未触发
2025-07-22 09:44:10,224 - INFO -     [颜良]发动战法【膂力过人】
2025-07-22 09:44:10,225 - INFO -         [诸葛亮]由于[颜良]的【膂力过人】的伤害,损失了兵力332(6197)
2025-07-22 09:44:10,225 - INFO -         [诸葛亮]发动来自【草船借箭】的[草船借箭]效果, 但因几率未触发
2025-07-22 09:44:10,225 - INFO -     [诸葛亮]执行来自【膂力过人】的[膂力过人]效果
2025-07-22 09:44:10,225 - INFO -         [诸葛亮]由于[颜良]【膂力过人】的[膂力过人]效果,损失了兵力154(6043)
2025-07-22 09:44:10,225 - INFO -         [诸葛亮]执行来自【草船借箭】的[草船借箭]效果
2025-07-22 09:44:10,225 - INFO -         [诸葛亮]由于[诸葛亮]【草船借箭】的[草船借箭]效果,损失了兵力310(3421)
2025-07-22 09:44:10,225 - INFO -         [诸葛亮]触发攻心
2025-07-22 09:44:10,226 - INFO -         [诸葛亮]恢复了兵力74(6043)
2025-07-22 09:44:10,226 - INFO -         [诸葛亮]执行来自【草船借箭】的[草船借箭]效果
2025-07-22 09:44:10,226 - INFO -         [诸葛亮]由于[诸葛亮]【草船借箭】的[草船借箭]效果,损失了兵力137(5906)
2025-07-22 09:44:10,226 - INFO -         [诸葛亮]触发攻心
2025-07-22 09:44:10,226 - INFO -         [诸葛亮]恢复了兵力33(3421)
2025-07-22 09:44:10,226 - INFO -         [诸葛亮]执行来自【草船借箭】的[草船借箭]效果
2025-07-22 09:44:10,226 - INFO -         [诸葛亮]由于[诸葛亮]【草船借箭】的[草船借箭]效果,损失了兵力308(3113)
2025-07-22 09:44:10,226 - INFO -         [诸葛亮]触发攻心
2025-07-22 09:44:10,226 - INFO -         [诸葛亮]恢复了兵力73(5906)
2025-07-22 09:44:10,227 - INFO -         [诸葛亮]执行来自【草船借箭】的[草船借箭]效果
2025-07-22 09:44:10,227 - INFO -         [许褚]由于[诸葛亮]【草船借箭】的[草船借箭]效果,损失了兵力212(5419)
2025-07-22 09:44:10,227 - INFO -         [诸葛亮]触发攻心
2025-07-22 09:44:10,227 - INFO -         [诸葛亮]恢复了兵力51(3113)
2025-07-22 09:44:10,227 - INFO - [SP诸葛亮]开始行动
2025-07-22 09:44:10,227 - INFO - [SP诸葛亮]战法【十二奇策】无法释放
2025-07-22 09:44:10,227 - INFO -     [SP诸葛亮]无法普攻
2025-07-22 09:44:10,228 - INFO - [周瑜]开始行动
2025-07-22 09:44:10,228 - INFO -     [周瑜]对[SP诸葛亮]发动普通攻击
2025-07-22 09:44:10,228 - INFO -         [SP诸葛亮]损失了兵力150(6655)
2025-07-22 09:44:10,228 - INFO - [诸葛亮]开始行动
2025-07-22 09:44:10,229 - INFO -     [诸葛亮]对[颜良]发动普通攻击
2025-07-22 09:44:10,229 - INFO -         [颜良]损失了兵力201(4698)
2025-07-22 09:44:10,229 - INFO - [诸葛亮]开始行动
2025-07-22 09:44:10,229 - INFO -         [诸葛亮]发动战法【十二奇策】
2025-07-22 09:44:10,229 - INFO -         [诸葛亮]由于[诸葛亮]的【十二奇策】的伤害,损失了兵力364(5542)
2025-07-22 09:44:10,229 - INFO -         [诸葛亮]触发攻心
2025-07-22 09:44:10,229 - INFO -         [诸葛亮]恢复了兵力87(3113)
2025-07-22 09:44:10,229 - INFO -         [诸葛亮]执行来自【十二奇策】的[十二奇谋]效果
2025-07-22 09:44:10,230 - INFO -         [诸葛亮]的【虚弱】效果已施加
2025-07-22 09:44:10,230 - INFO -         [诸葛亮]发动来自【临机制胜】的[临机制胜-制胜]效果, 但因几率未触发
2025-07-22 09:44:10,230 - INFO -         [诸葛亮]发动来自【临机制胜】的[临机制胜-制胜]效果, 但因几率未触发
2025-07-22 09:44:10,230 - INFO -         [诸葛亮]执行来自【临机制胜】的[临机制胜-制胜]效果
2025-07-22 09:44:10,231 - INFO -         [SP诸葛亮]由于[诸葛亮]【临机制胜】的[临机制胜-制胜]效果,损失了兵力86(6569)
2025-07-22 09:44:10,231 - INFO -         [诸葛亮]触发攻心
2025-07-22 09:44:10,231 - INFO -         [诸葛亮]恢复了兵力20(3113)
2025-07-22 09:44:10,231 - INFO -         [诸葛亮]由于[诸葛亮]【临机制胜】的[临机制胜-制胜]效果,损失了兵力99(5443)
2025-07-22 09:44:10,231 - INFO -         [诸葛亮]触发攻心
2025-07-22 09:44:10,231 - INFO -         [诸葛亮]恢复了兵力23(3113)
2025-07-22 09:44:10,231 - INFO -         [诸葛亮]执行来自【临机制胜】的[临机制胜-恢复]效果
2025-07-22 09:44:10,231 - INFO -         [颜良]恢复了兵力535(4698)
2025-07-22 09:44:10,231 - INFO -         [周瑜]恢复了兵力535(6208)
2025-07-22 09:44:10,231 - INFO -         [诸葛亮]恢复了兵力535(3113)
2025-07-22 09:44:10,232 - INFO -         [SP诸葛亮]由于[诸葛亮]的【十二奇策】的伤害,损失了兵力318(6251)
2025-07-22 09:44:10,232 - INFO -         [诸葛亮]触发攻心
2025-07-22 09:44:10,232 - INFO -         [诸葛亮]恢复了兵力76(3113)
2025-07-22 09:44:10,232 - INFO -         [SP诸葛亮]执行来自【十二奇策】的[十二奇谋]效果
2025-07-22 09:44:10,232 - INFO -         [SP诸葛亮]的【混乱】效果已施加
2025-07-22 09:44:10,232 - INFO -         [SP诸葛亮]执行来自【临机制胜】的[临机制胜-制胜]效果
2025-07-22 09:44:10,232 - INFO -         [颜良]由于[SP诸葛亮]【临机制胜】的[临机制胜-制胜]效果,损失了兵力280(4418)
2025-07-22 09:44:10,232 - INFO -         [诸葛亮]由于[SP诸葛亮]【临机制胜】的[临机制胜-制胜]效果,损失了兵力221(2892)
2025-07-22 09:44:10,232 - INFO -         [诸葛亮]执行来自【草船借箭】的[草船借箭]效果
2025-07-22 09:44:10,233 - INFO -         [诸葛亮]由于[诸葛亮]【草船借箭】的[草船借箭]效果,损失了兵力128(5315)
2025-07-22 09:44:10,233 - INFO -         [诸葛亮]触发攻心
2025-07-22 09:44:10,233 - INFO -         [诸葛亮]恢复了兵力30(2892)
2025-07-22 09:44:10,233 - INFO -         [SP诸葛亮]执行来自【临机制胜】的[临机制胜-恢复]效果
2025-07-22 09:44:10,233 - INFO -         [SP诸葛亮]恢复了兵力549(6251)
2025-07-22 09:44:10,233 - INFO -         [诸葛亮]恢复了兵力549(5315)
2025-07-22 09:44:10,233 - INFO -         [许褚]恢复了兵力549(5419)
2025-07-22 09:44:10,233 - INFO -         [SP诸葛亮]发动来自【临机制胜】的[临机制胜-制胜]效果, 但因几率未触发
2025-07-22 09:44:10,233 - INFO -         [SP诸葛亮]执行来自【临机制胜】的[临机制胜-制胜]效果
2025-07-22 09:44:10,233 - INFO -         [SP诸葛亮]由于[诸葛亮]【临机制胜】的[临机制胜-制胜]效果,损失了兵力84(6167)
2025-07-22 09:44:10,233 - INFO -         [诸葛亮]触发攻心
2025-07-22 09:44:10,233 - INFO -         [诸葛亮]恢复了兵力20(2892)
2025-07-22 09:44:10,234 - INFO -         [诸葛亮]由于[诸葛亮]【临机制胜】的[临机制胜-制胜]效果,损失了兵力96(5219)
2025-07-22 09:44:10,234 - INFO -         [诸葛亮]触发攻心
2025-07-22 09:44:10,234 - INFO -         [诸葛亮]恢复了兵力23(2892)
2025-07-22 09:44:10,234 - INFO -     [诸葛亮]对[许褚]发动普通攻击
2025-07-22 09:44:10,234 - INFO -         [许褚]损失了兵力164(5255)
2025-07-22 09:44:10,234 - INFO - 
[第 5 回合]
2025-07-22 09:44:10,235 - INFO - [许褚]开始行动
2025-07-22 09:44:10,235 - INFO -         [许褚]的【混乱】效果已消失
2025-07-22 09:44:10,235 - INFO -     [许褚]执行来自【星罗棋布】的[星罗棋布-双前排阵型]效果
2025-07-22 09:44:10,235 - INFO -         [诸葛亮]由于[许褚]【星罗棋布】的[星罗棋布-双前排阵型]效果,损失了兵力374(2518)
2025-07-22 09:44:10,235 - INFO -         [诸葛亮]发动来自【草船借箭】的[草船借箭]效果, 但因几率未触发
2025-07-22 09:44:10,235 - INFO -     [许褚]对[周瑜]发动普通攻击
2025-07-22 09:44:10,235 - INFO -         [周瑜]损失了兵力222(5986)
2025-07-22 09:44:10,236 - INFO -     [许褚]发动战法【膂力过人】
2025-07-22 09:44:10,236 - INFO -         [周瑜]由于[许褚]的【膂力过人】的伤害,损失了兵力333(5653)
2025-07-22 09:44:10,236 - INFO -     [周瑜]执行来自【膂力过人】的[膂力过人]效果
2025-07-22 09:44:10,236 - INFO -         [周瑜]由于[许褚]【膂力过人】的[膂力过人]效果,损失了兵力155(5498)
2025-07-22 09:44:10,236 - INFO -     [许褚]进行连击
2025-07-22 09:44:10,236 - INFO -     [许褚]对[诸葛亮]发动普通攻击
2025-07-22 09:44:10,237 - INFO -         [诸葛亮]损失了兵力234(2284)
2025-07-22 09:44:10,237 - INFO -         [诸葛亮]发动来自【草船借箭】的[草船借箭]效果, 但因几率未触发
2025-07-22 09:44:10,237 - INFO -     [许褚]发动战法【膂力过人】
2025-07-22 09:44:10,237 - INFO -         [诸葛亮]由于[许褚]的【膂力过人】的伤害,损失了兵力351(1933)
2025-07-22 09:44:10,237 - INFO -         [诸葛亮]发动来自【草船借箭】的[草船借箭]效果, 但因几率未触发
2025-07-22 09:44:10,237 - INFO -     [诸葛亮]执行来自【膂力过人】的[膂力过人]效果
2025-07-22 09:44:10,237 - INFO -         [诸葛亮]由于[许褚]【膂力过人】的[膂力过人]效果,损失了兵力164(1769)
2025-07-22 09:44:10,237 - INFO -         [诸葛亮]执行来自【草船借箭】的[草船借箭]效果
2025-07-22 09:44:10,237 - INFO -         [诸葛亮]由于[诸葛亮]【草船借箭】的[草船借箭]效果,损失了兵力105(5114)
2025-07-22 09:44:10,237 - INFO -         [诸葛亮]触发攻心
2025-07-22 09:44:10,238 - INFO -         [诸葛亮]恢复了兵力25(1769)
2025-07-22 09:44:10,238 - INFO -         [诸葛亮]执行来自【草船借箭】的[草船借箭]效果
2025-07-22 09:44:10,238 - INFO -         [诸葛亮]由于[诸葛亮]【十二奇策】的[虚弱]效果造成伤害减少70%
2025-07-22 09:44:10,238 - INFO -         [诸葛亮]由于[诸葛亮]【草船借箭】的[草船借箭]效果,损失了兵力205(1564)
2025-07-22 09:44:10,238 - INFO -         [诸葛亮]触发攻心
2025-07-22 09:44:10,238 - INFO -         [诸葛亮]恢复了兵力49(5114)
2025-07-22 09:44:10,238 - INFO -         [诸葛亮]发动来自【草船借箭】的[草船借箭]效果, 但因几率未触发
2025-07-22 09:44:10,238 - INFO - [颜良]开始行动
2025-07-22 09:44:10,239 - INFO -     [颜良]对[SP诸葛亮]发动普通攻击
2025-07-22 09:44:10,239 - INFO -         [SP诸葛亮]损失了兵力239(5928)
2025-07-22 09:44:10,239 - INFO -     [颜良]发动战法【膂力过人】
2025-07-22 09:44:10,239 - INFO -         [SP诸葛亮]由于[颜良]的【膂力过人】的伤害,损失了兵力359(5569)
2025-07-22 09:44:10,239 - INFO -     [SP诸葛亮]执行来自【膂力过人】的[膂力过人]效果
2025-07-22 09:44:10,239 - INFO -         [SP诸葛亮]由于[颜良]【膂力过人】的[膂力过人]效果,损失了兵力167(5402)
2025-07-22 09:44:10,239 - INFO - [SP诸葛亮]开始行动
2025-07-22 09:44:10,239 - INFO - [SP诸葛亮]战法【十二奇策】无法释放
2025-07-22 09:44:10,240 - INFO -     [SP诸葛亮]无法普攻
2025-07-22 09:44:10,240 - INFO - [周瑜]开始行动
2025-07-22 09:44:10,240 - INFO -     [周瑜]对[SP诸葛亮]发动普通攻击
2025-07-22 09:44:10,240 - INFO -         [SP诸葛亮]损失了兵力144(5258)
2025-07-22 09:44:10,240 - INFO - [诸葛亮]开始行动
2025-07-22 09:44:10,240 - INFO -         [诸葛亮]的【洪水】效果已消失
2025-07-22 09:44:10,240 - INFO -         [诸葛亮]的【统帅】提升20.00(225.22)
2025-07-22 09:44:10,241 - INFO -     [诸葛亮]对[诸葛亮]发动普通攻击
2025-07-22 09:44:10,241 - INFO -         [诸葛亮]由于[诸葛亮]【十二奇策】的[虚弱]效果造成伤害减少70%
2025-07-22 09:44:10,241 - INFO -         [诸葛亮]损失了兵力92(1472)
2025-07-22 09:44:10,241 - INFO -         [诸葛亮]发动来自【草船借箭】的[草船借箭]效果, 但因几率未触发
2025-07-22 09:44:10,241 - INFO - [诸葛亮]开始行动
2025-07-22 09:44:10,241 - INFO -         [诸葛亮]因几率未发动战法【十二奇策】
2025-07-22 09:44:10,242 - INFO -     [诸葛亮]对[诸葛亮]发动普通攻击
2025-07-22 09:44:10,242 - INFO -         [诸葛亮]损失了兵力88(5026)
2025-07-22 09:44:10,242 - INFO -         [诸葛亮]发动来自【草船借箭】的[草船借箭]效果, 但因几率未触发
2025-07-22 09:44:10,242 - INFO - 
[第 6 回合]
2025-07-22 09:44:10,242 - INFO - [许褚]开始行动
2025-07-22 09:44:10,242 - INFO -     [许褚]执行来自【星罗棋布】的[星罗棋布-双前排阵型]效果
2025-07-22 09:44:10,243 - INFO -         [周瑜]由于[许褚]【星罗棋布】的[星罗棋布-双前排阵型]效果,损失了兵力355(5143)
2025-07-22 09:44:10,243 - INFO -         [颜良]由于[许褚]【星罗棋布】的[星罗棋布-双前排阵型]效果,损失了兵力459(3959)
2025-07-22 09:44:10,243 - INFO -     [许褚]对[颜良]发动普通攻击
2025-07-22 09:44:10,243 - INFO -         [颜良]损失了兵力286(3673)
2025-07-22 09:44:10,243 - INFO -     [许褚]发动战法【膂力过人】
2025-07-22 09:44:10,243 - INFO -         [颜良]由于[许褚]的【膂力过人】的伤害,损失了兵力430(3243)
2025-07-22 09:44:10,244 - INFO -     [颜良]执行来自【膂力过人】的[膂力过人]效果
2025-07-22 09:44:10,244 - INFO -         [颜良]由于[许褚]【膂力过人】的[膂力过人]效果,损失了兵力200(3043)
2025-07-22 09:44:10,244 - INFO -     [许褚]进行连击
2025-07-22 09:44:10,244 - INFO -     [许褚]对[颜良]发动普通攻击
2025-07-22 09:44:10,244 - INFO -         [颜良]损失了兵力286(2757)
2025-07-22 09:44:10,244 - INFO -     [许褚]发动战法【膂力过人】
2025-07-22 09:44:10,244 - INFO -         [颜良]由于[许褚]的【膂力过人】的伤害,损失了兵力430(2327)
2025-07-22 09:44:10,244 - INFO -     [颜良]执行来自【膂力过人】的[膂力过人]效果
2025-07-22 09:44:10,245 - INFO -         [颜良]由于[许褚]【膂力过人】的[膂力过人]效果,损失了兵力200(2127)
2025-07-22 09:44:10,245 - INFO - [颜良]开始行动
2025-07-22 09:44:10,245 - INFO -     [颜良]对[诸葛亮]发动普通攻击
2025-07-22 09:44:10,245 - INFO -         [诸葛亮]损失了兵力145(4881)
2025-07-22 09:44:10,246 - INFO -         [诸葛亮]执行来自【草船借箭】的[草船借箭]效果
2025-07-22 09:44:10,246 - INFO -         [诸葛亮]由于[诸葛亮]【十二奇策】的[虚弱]效果造成伤害减少70%
2025-07-22 09:44:10,246 - INFO -         [周瑜]由于[诸葛亮]【草船借箭】的[草船借箭]效果,损失了兵力212(4931)
2025-07-22 09:44:10,246 - INFO -         [诸葛亮]触发攻心
2025-07-22 09:44:10,246 - INFO -         [诸葛亮]恢复了兵力50(4881)
2025-07-22 09:44:10,246 - INFO -     [颜良]发动战法【膂力过人】
2025-07-22 09:44:10,246 - INFO -         [诸葛亮]由于[颜良]的【膂力过人】的伤害,损失了兵力218(4663)
2025-07-22 09:44:10,246 - INFO -         [诸葛亮]执行来自【草船借箭】的[草船借箭]效果
2025-07-22 09:44:10,246 - INFO -         [诸葛亮]由于[诸葛亮]【十二奇策】的[虚弱]效果造成伤害减少70%
2025-07-22 09:44:10,246 - INFO -         [周瑜]由于[诸葛亮]【草船借箭】的[草船借箭]效果,损失了兵力207(4724)
2025-07-22 09:44:10,246 - INFO -         [诸葛亮]触发攻心
2025-07-22 09:44:10,247 - INFO -         [诸葛亮]恢复了兵力49(4663)
2025-07-22 09:44:10,247 - INFO -     [诸葛亮]执行来自【膂力过人】的[膂力过人]效果
2025-07-22 09:44:10,247 - INFO -         [诸葛亮]由于[颜良]【膂力过人】的[膂力过人]效果,损失了兵力101(4562)
2025-07-22 09:44:10,247 - INFO -         [诸葛亮]执行来自【草船借箭】的[草船借箭]效果
2025-07-22 09:44:10,247 - INFO -         [诸葛亮]由于[诸葛亮]【十二奇策】的[虚弱]效果造成伤害减少70%
2025-07-22 09:44:10,247 - INFO -         [周瑜]由于[诸葛亮]【草船借箭】的[草船借箭]效果,损失了兵力205(4519)
2025-07-22 09:44:10,247 - INFO -         [诸葛亮]触发攻心
2025-07-22 09:44:10,247 - INFO -         [诸葛亮]恢复了兵力49(4562)
2025-07-22 09:44:10,247 - INFO - [SP诸葛亮]开始行动
2025-07-22 09:44:10,248 - INFO -         [SP诸葛亮]的【震慑】效果已消失
2025-07-22 09:44:10,248 - INFO -         [SP诸葛亮]发动战法【十二奇策】
2025-07-22 09:44:10,248 - INFO -     [SP诸葛亮]由于[诸葛亮]【十二奇策】的「混乱」效果
2025-07-22 09:44:10,248 - INFO -         [诸葛亮]由于[SP诸葛亮]的【十二奇策】的伤害,损失了兵力641(3921)
2025-07-22 09:44:10,248 - INFO -         [诸葛亮]发动来自【草船借箭】的[草船借箭]效果, 但因几率未触发
2025-07-22 09:44:10,248 - INFO -         [诸葛亮]执行来自【十二奇策】的[十二奇谋]效果
2025-07-22 09:44:10,249 - INFO -         [诸葛亮]的【技穷】效果已施加
2025-07-22 09:44:10,249 - INFO -         [诸葛亮]发动来自【临机制胜】的[临机制胜-制胜]效果, 但因几率未触发
2025-07-22 09:44:10,249 - INFO -         [诸葛亮]发动来自【临机制胜】的[临机制胜-制胜]效果, 但因几率未触发
2025-07-22 09:44:10,249 - INFO -         [诸葛亮]执行来自【临机制胜】的[临机制胜-制胜]效果
2025-07-22 09:44:10,250 - INFO -         [许褚]由于[诸葛亮]【临机制胜】的[临机制胜-制胜]效果,损失了兵力119(5136)
2025-07-22 09:44:10,250 - INFO -         [诸葛亮]触发攻心
2025-07-22 09:44:10,250 - INFO -         [诸葛亮]恢复了兵力28(1472)
2025-07-22 09:44:10,250 - INFO -         [诸葛亮]由于[诸葛亮]【临机制胜】的[临机制胜-制胜]效果,损失了兵力71(3850)
2025-07-22 09:44:10,250 - INFO -         [诸葛亮]触发攻心
2025-07-22 09:44:10,250 - INFO -         [诸葛亮]恢复了兵力17(1472)
2025-07-22 09:44:10,250 - INFO -         [诸葛亮]发动来自【草船借箭】的[草船借箭]效果, 但因几率未触发
2025-07-22 09:44:10,250 - INFO -     [SP诸葛亮]由于[诸葛亮]【十二奇策】的「混乱」效果
2025-07-22 09:44:10,250 - INFO -         [诸葛亮]由于[SP诸葛亮]的【十二奇策】的伤害,损失了兵力641(3209)
2025-07-22 09:44:10,250 - INFO -         [诸葛亮]执行来自【草船借箭】的[草船借箭]效果
2025-07-22 09:44:10,250 - INFO -         [诸葛亮]由于[诸葛亮]【十二奇策】的[虚弱]效果造成伤害减少70%
2025-07-22 09:44:10,251 - INFO -         [周瑜]由于[诸葛亮]【草船借箭】的[草船借箭]效果,损失了兵力176(4343)
2025-07-22 09:44:10,251 - INFO -         [诸葛亮]触发攻心
2025-07-22 09:44:10,251 - INFO -         [诸葛亮]恢复了兵力42(3209)
2025-07-22 09:44:10,251 - INFO -         [诸葛亮]执行来自【十二奇策】的[十二奇谋]效果
2025-07-22 09:44:10,251 - INFO -         [诸葛亮]的【会心伤害】降低15.00%(135.00%)
2025-07-22 09:44:10,252 - INFO -         [诸葛亮]的【奇谋伤害】降低15.00%(135.00%)
2025-07-22 09:44:10,252 - INFO -         [诸葛亮]的【妖术】效果已施加
2025-07-22 09:44:10,252 - INFO -         [诸葛亮]执行来自【临机制胜】的[临机制胜-制胜]效果
2025-07-22 09:44:10,252 - INFO -         [诸葛亮]由于[SP诸葛亮]【临机制胜】的[临机制胜-制胜]效果,损失了兵力208(1264)
2025-07-22 09:44:10,252 - INFO -         [诸葛亮]发动来自【草船借箭】的[草船借箭]效果, 但因几率未触发
2025-07-22 09:44:10,252 - INFO -         [颜良]由于[SP诸葛亮]【临机制胜】的[临机制胜-制胜]效果,损失了兵力264(1863)
2025-07-22 09:44:10,252 - INFO -         [诸葛亮]发动来自【临机制胜】的[临机制胜-制胜]效果, 但因几率未触发
2025-07-22 09:44:10,252 - INFO -         [诸葛亮]执行来自【临机制胜】的[临机制胜-制胜]效果
2025-07-22 09:44:10,252 - INFO -         [诸葛亮]由于[诸葛亮]【临机制胜】的[临机制胜-制胜]效果,损失了兵力68(3141)
2025-07-22 09:44:10,253 - INFO -         [诸葛亮]触发攻心
2025-07-22 09:44:10,253 - INFO -         [诸葛亮]恢复了兵力16(1264)
2025-07-22 09:44:10,253 - INFO -         [诸葛亮]发动来自【草船借箭】的[草船借箭]效果, 但因几率未触发
2025-07-22 09:44:10,253 - INFO -         [SP诸葛亮]由于[诸葛亮]【临机制胜】的[临机制胜-制胜]效果,损失了兵力61(5197)
2025-07-22 09:44:10,253 - INFO -         [诸葛亮]触发攻心
2025-07-22 09:44:10,253 - INFO -         [诸葛亮]恢复了兵力14(1264)
2025-07-22 09:44:10,253 - INFO -     [SP诸葛亮]由于[诸葛亮]【十二奇策】的「混乱」效果
2025-07-22 09:44:10,253 - INFO -     [SP诸葛亮]对[许褚]发动普通攻击
2025-07-22 09:44:10,253 - INFO -         [许褚]损失了兵力232(4904)
2025-07-22 09:44:10,254 - INFO - [周瑜]开始行动
2025-07-22 09:44:10,254 - INFO -     [周瑜]对[SP诸葛亮]发动普通攻击
2025-07-22 09:44:10,254 - INFO -         [SP诸葛亮]损失了兵力131(5066)
2025-07-22 09:44:10,254 - INFO - [诸葛亮]开始行动
2025-07-22 09:44:10,255 - INFO -     [诸葛亮]对[颜良]发动普通攻击
2025-07-22 09:44:10,255 - INFO -         [诸葛亮]由于[诸葛亮]【十二奇策】的[虚弱]效果造成伤害减少70%
2025-07-22 09:44:10,255 - INFO -         [颜良]损失了兵力109(1754)
2025-07-22 09:44:10,255 - INFO - [诸葛亮]开始行动
2025-07-22 09:44:10,255 - INFO -         [诸葛亮]发动战法【十二奇策】
2025-07-22 09:44:10,255 - INFO -         [诸葛亮]由于[诸葛亮]的【十二奇策】的伤害,损失了兵力251(2890)
2025-07-22 09:44:10,255 - INFO -         [诸葛亮]触发攻心
2025-07-22 09:44:10,255 - INFO -         [诸葛亮]恢复了兵力60(1264)
2025-07-22 09:44:10,256 - INFO -         [诸葛亮]发动来自【草船借箭】的[草船借箭]效果, 但因几率未触发
2025-07-22 09:44:10,256 - INFO -         [诸葛亮]执行来自【十二奇策】的[十二奇谋]效果
2025-07-22 09:44:10,256 - INFO -         [诸葛亮]的【受到伤害】提升10.00%(10.00%)
2025-07-22 09:44:10,256 - INFO -         [诸葛亮]的【畏惧】效果已施加
2025-07-22 09:44:10,256 - INFO -         [诸葛亮]执行来自【临机制胜】的[临机制胜-制胜]效果
2025-07-22 09:44:10,257 - INFO -         [周瑜]由于[SP诸葛亮]【临机制胜】的[临机制胜-制胜]效果,损失了兵力216(4127)
2025-07-22 09:44:10,257 - INFO -         [颜良]由于[SP诸葛亮]【临机制胜】的[临机制胜-制胜]效果,损失了兵力261(1493)
2025-07-22 09:44:10,257 - INFO -         [诸葛亮]执行来自【临机制胜】的[临机制胜-制胜]效果
2025-07-22 09:44:10,257 - INFO -         [诸葛亮]由于[周瑜]【临机制胜】的[临机制胜-制胜]效果,损失了兵力146(2744)
2025-07-22 09:44:10,257 - INFO -         [诸葛亮]执行来自【草船借箭】的[草船借箭]效果
2025-07-22 09:44:10,257 - INFO -         [诸葛亮]由于[诸葛亮]【十二奇策】的[虚弱]效果造成伤害减少70%
2025-07-22 09:44:10,257 - INFO -         [颜良]由于[诸葛亮]【草船借箭】的[草船借箭]效果,损失了兵力246(1247)
2025-07-22 09:44:10,258 - INFO -         [诸葛亮]触发攻心
2025-07-22 09:44:10,258 - INFO -         [诸葛亮]恢复了兵力59(2744)
2025-07-22 09:44:10,258 - INFO -         [SP诸葛亮]由于[周瑜]【临机制胜】的[临机制胜-制胜]效果,损失了兵力120(4946)
2025-07-22 09:44:10,258 - INFO -         [周瑜]执行来自【临机制胜】的[临机制胜-恢复]效果
2025-07-22 09:44:10,258 - INFO -         [诸葛亮]恢复了兵力554(1264)
2025-07-22 09:44:10,258 - INFO -         [周瑜]恢复了兵力554(4127)
2025-07-22 09:44:10,258 - INFO -         [颜良]恢复了兵力554(1247)
2025-07-22 09:44:10,258 - INFO -         [诸葛亮]执行来自【临机制胜】的[临机制胜-制胜]效果
2025-07-22 09:44:10,259 - INFO -         [SP诸葛亮]由于[诸葛亮]【临机制胜】的[临机制胜-制胜]效果,损失了兵力61(4885)
2025-07-22 09:44:10,259 - INFO -         [诸葛亮]触发攻心
2025-07-22 09:44:10,259 - INFO -         [诸葛亮]恢复了兵力14(1264)
2025-07-22 09:44:10,259 - INFO -         [诸葛亮]由于[诸葛亮]【临机制胜】的[临机制胜-制胜]效果,损失了兵力75(2669)
2025-07-22 09:44:10,259 - INFO -         [诸葛亮]触发攻心
2025-07-22 09:44:10,259 - INFO -         [诸葛亮]恢复了兵力18(1264)
2025-07-22 09:44:10,259 - INFO -         [诸葛亮]执行来自【临机制胜】的[临机制胜-恢复]效果
2025-07-22 09:44:10,259 - INFO -         [诸葛亮]恢复了兵力529(1264)
2025-07-22 09:44:10,260 - INFO -         [周瑜]恢复了兵力529(4127)
2025-07-22 09:44:10,260 - INFO -         [颜良]恢复了兵力529(1247)
2025-07-22 09:44:10,260 - INFO -         [SP诸葛亮]由于[诸葛亮]的【十二奇策】的伤害,损失了兵力226(4659)
2025-07-22 09:44:10,260 - INFO -         [诸葛亮]触发攻心
2025-07-22 09:44:10,260 - INFO -         [诸葛亮]恢复了兵力54(1264)
2025-07-22 09:44:10,260 - INFO -         [SP诸葛亮]执行来自【十二奇策】的[十二奇谋]效果
2025-07-22 09:44:10,260 - INFO -         [SP诸葛亮]的【震慑】效果已施加
2025-07-22 09:44:10,260 - INFO -         [SP诸葛亮]执行来自【临机制胜】的[临机制胜-制胜]效果
2025-07-22 09:44:10,261 - INFO -         [诸葛亮]由于[SP诸葛亮]【临机制胜】的[临机制胜-制胜]效果,损失了兵力198(1066)
2025-07-22 09:44:10,261 - INFO -         [诸葛亮]发动来自【草船借箭】的[草船借箭]效果, 但因几率未触发
2025-07-22 09:44:10,261 - INFO -         [周瑜]由于[SP诸葛亮]【临机制胜】的[临机制胜-制胜]效果,损失了兵力208(3919)
2025-07-22 09:44:10,261 - INFO -         [SP诸葛亮]执行来自【临机制胜】的[临机制胜-制胜]效果
2025-07-22 09:44:10,261 - INFO -         [诸葛亮]由于[周瑜]【临机制胜】的[临机制胜-制胜]效果,损失了兵力143(2526)
2025-07-22 09:44:10,261 - INFO -         [许褚]由于[周瑜]【临机制胜】的[临机制胜-制胜]效果,损失了兵力211(4693)
2025-07-22 09:44:10,261 - INFO -         [SP诸葛亮]执行来自【临机制胜】的[临机制胜-制胜]效果
2025-07-22 09:44:10,262 - INFO -         [诸葛亮]由于[诸葛亮]【临机制胜】的[临机制胜-制胜]效果,损失了兵力71(2455)
2025-07-22 09:44:10,262 - INFO -         [诸葛亮]触发攻心
2025-07-22 09:44:10,262 - INFO -         [诸葛亮]恢复了兵力17(1066)
2025-07-22 09:44:10,262 - INFO -         [SP诸葛亮]由于[诸葛亮]【临机制胜】的[临机制胜-制胜]效果,损失了兵力58(4601)
2025-07-22 09:44:10,262 - INFO -         [诸葛亮]触发攻心
2025-07-22 09:44:10,262 - INFO -         [诸葛亮]恢复了兵力14(1066)
2025-07-22 09:44:10,262 - INFO -     [诸葛亮]对[许褚]发动普通攻击
2025-07-22 09:44:10,262 - INFO -         [许褚]损失了兵力114(4579)
2025-07-22 09:44:10,263 - INFO - 
[第 7 回合]
2025-07-22 09:44:10,263 - INFO - [许褚]开始行动
2025-07-22 09:44:10,263 - INFO -         [许褚]的【洪水】效果已消失
2025-07-22 09:44:10,263 - INFO -         [许褚]的【统帅】提升20.00(162.24)
2025-07-22 09:44:10,263 - INFO -     [许褚]执行来自【星罗棋布】的[星罗棋布-双前排阵型]效果
2025-07-22 09:44:10,263 - INFO -         [颜良]由于[许褚]【星罗棋布】的[星罗棋布-双前排阵型]效果,损失了兵力433(814)
2025-07-22 09:44:10,263 - INFO -     [许褚]对[诸葛亮]发动普通攻击
2025-07-22 09:44:10,264 - INFO -         [诸葛亮]损失了兵力221(845)
2025-07-22 09:44:10,264 - INFO -         [诸葛亮]执行来自【草船借箭】的[草船借箭]效果
2025-07-22 09:44:10,264 - INFO -         [SP诸葛亮]由于[诸葛亮]【草船借箭】的[草船借箭]效果,损失了兵力73(4528)
2025-07-22 09:44:10,264 - INFO -         [诸葛亮]触发攻心
2025-07-22 09:44:10,264 - INFO -         [诸葛亮]恢复了兵力17(845)
2025-07-22 09:44:10,265 - INFO -     [许褚]发动战法【膂力过人】
2025-07-22 09:44:10,265 - INFO -         [诸葛亮]由于[许褚]的【膂力过人】的伤害,损失了兵力331(514)
2025-07-22 09:44:10,265 - INFO -         [诸葛亮]发动来自【草船借箭】的[草船借箭]效果, 但因几率未触发
2025-07-22 09:44:10,265 - INFO -     [诸葛亮]执行来自【膂力过人】的[膂力过人]效果
2025-07-22 09:44:10,265 - INFO -         [诸葛亮]由于[许褚]【膂力过人】的[膂力过人]效果,损失了兵力154(360)
2025-07-22 09:44:10,265 - INFO -         [诸葛亮]执行来自【草船借箭】的[草船借箭]效果
2025-07-22 09:44:10,265 - INFO -         [许褚]由于[诸葛亮]【草船借箭】的[草船借箭]效果,损失了兵力99(4480)
2025-07-22 09:44:10,265 - INFO -         [诸葛亮]触发攻心
2025-07-22 09:44:10,265 - INFO -         [诸葛亮]恢复了兵力23(360)
2025-07-22 09:44:10,266 - INFO -     [许褚]进行连击
2025-07-22 09:44:10,266 - INFO -     [许褚]对[颜良]发动普通攻击
2025-07-22 09:44:10,266 - INFO -         [颜良]损失了兵力268(546)
2025-07-22 09:44:10,266 - INFO -     [许褚]发动战法【膂力过人】
2025-07-22 09:44:10,266 - INFO -         [颜良]由于[许褚]的【膂力过人】的伤害,损失了兵力402(144)
2025-07-22 09:44:10,266 - INFO -     [颜良]执行来自【膂力过人】的[膂力过人]效果
2025-07-22 09:44:10,266 - INFO -         [颜良]由于[许褚]【膂力过人】的[膂力过人]效果,损失了兵力144(0)
2025-07-22 09:44:10,266 - INFO -         [颜良]兵力为0 无法再战
2025-07-22 09:44:10,267 - INFO - [颜良]开始行动
2025-07-22 09:44:10,267 - INFO - [SP诸葛亮]开始行动
2025-07-22 09:44:10,267 - INFO - [SP诸葛亮]战法【十二奇策】无法释放
2025-07-22 09:44:10,267 - INFO -     [SP诸葛亮]无法普攻
2025-07-22 09:44:10,267 - INFO - [周瑜]开始行动
2025-07-22 09:44:10,268 - INFO -     [周瑜]对[许褚]发动普通攻击
2025-07-22 09:44:10,268 - INFO -         [许褚]损失了兵力184(4296)
2025-07-22 09:44:10,268 - INFO - [诸葛亮]开始行动
2025-07-22 09:44:10,269 - INFO -     [诸葛亮]对[诸葛亮]发动普通攻击
2025-07-22 09:44:10,269 - INFO -         [诸葛亮]由于[诸葛亮]【十二奇策】的[虚弱]效果造成伤害减少70%
2025-07-22 09:44:10,269 - INFO -         [诸葛亮]损失了兵力68(292)
2025-07-22 09:44:10,269 - INFO -         [诸葛亮]执行来自【草船借箭】的[草船借箭]效果
2025-07-22 09:44:10,269 - INFO -         [诸葛亮]由于[诸葛亮]【草船借箭】的[草船借箭]效果,损失了兵力64(2391)
2025-07-22 09:44:10,269 - INFO -         [诸葛亮]触发攻心
2025-07-22 09:44:10,269 - INFO -         [诸葛亮]恢复了兵力15(292)
2025-07-22 09:44:10,269 - INFO -         [诸葛亮]执行来自【草船借箭】的[草船借箭]效果
2025-07-22 09:44:10,269 - INFO -         [诸葛亮]由于[诸葛亮]【十二奇策】的[虚弱]效果造成伤害减少70%
2025-07-22 09:44:10,269 - INFO -         [诸葛亮]由于[诸葛亮]【草船借箭】的[草船借箭]效果,损失了兵力150(142)
2025-07-22 09:44:10,270 - INFO -         [诸葛亮]触发攻心
2025-07-22 09:44:10,270 - INFO -         [诸葛亮]恢复了兵力36(2391)
2025-07-22 09:44:10,270 - INFO -         [诸葛亮]发动来自【草船借箭】的[草船借箭]效果, 但因几率未触发
2025-07-22 09:44:10,270 - INFO - [诸葛亮]开始行动
2025-07-22 09:44:10,270 - INFO -         [诸葛亮]发动战法【十二奇策】
2025-07-22 09:44:10,270 - INFO -         [SP诸葛亮]由于[诸葛亮]的【十二奇策】的伤害,损失了兵力120(4408)
2025-07-22 09:44:10,270 - INFO -         [诸葛亮]触发攻心
2025-07-22 09:44:10,270 - INFO -         [诸葛亮]恢复了兵力28(142)
2025-07-22 09:44:10,270 - INFO -         [SP诸葛亮]执行来自【十二奇策】的[十二奇谋]效果
2025-07-22 09:44:10,271 - INFO -         [SP诸葛亮]的【断粮】效果已施加
2025-07-22 09:44:10,271 - INFO -         [SP诸葛亮]发动来自【临机制胜】的[临机制胜-制胜]效果, 但因几率未触发
2025-07-22 09:44:10,271 - INFO -         [SP诸葛亮]执行来自【临机制胜】的[临机制胜-制胜]效果
2025-07-22 09:44:10,271 - INFO -         [许褚]由于[周瑜]【临机制胜】的[临机制胜-制胜]效果,损失了兵力204(4092)
2025-07-22 09:44:10,272 - INFO -         [SP诸葛亮]由于[周瑜]【临机制胜】的[临机制胜-制胜]效果,损失了兵力117(4291)
2025-07-22 09:44:10,272 - INFO -         [SP诸葛亮]执行来自【临机制胜】的[临机制胜-制胜]效果
2025-07-22 09:44:10,272 - INFO -         [SP诸葛亮]由于[诸葛亮]【临机制胜】的[临机制胜-制胜]效果,损失了兵力32(4259)
2025-07-22 09:44:10,272 - INFO -         [诸葛亮]触发攻心
2025-07-22 09:44:10,272 - INFO -         [诸葛亮]恢复了兵力7(142)
2025-07-22 09:44:10,272 - INFO -         [许褚]由于[诸葛亮]【临机制胜】的[临机制胜-制胜]效果,损失了兵力58(4034)
2025-07-22 09:44:10,272 - INFO -         [诸葛亮]触发攻心
2025-07-22 09:44:10,272 - INFO -         [诸葛亮]恢复了兵力14(142)
2025-07-22 09:44:10,273 - INFO -         [许褚]由于[诸葛亮]的【十二奇策】的伤害,损失了兵力214(3820)
2025-07-22 09:44:10,273 - INFO -         [诸葛亮]触发攻心
2025-07-22 09:44:10,273 - INFO -         [诸葛亮]恢复了兵力51(142)
2025-07-22 09:44:10,273 - INFO -         [许褚]执行来自【十二奇策】的[十二奇谋]效果
2025-07-22 09:44:10,273 - INFO -         [许褚]的【先攻】降低30.00(185.30)
2025-07-22 09:44:10,273 - INFO -         [许褚]的【风暴】效果已施加
2025-07-22 09:44:10,274 - INFO -         [许褚]发动来自【临机制胜】的[临机制胜-制胜]效果, 但因几率未触发
2025-07-22 09:44:10,274 - INFO -         [许褚]执行来自【临机制胜】的[临机制胜-制胜]效果
2025-07-22 09:44:10,274 - INFO -         [SP诸葛亮]由于[周瑜]【临机制胜】的[临机制胜-制胜]效果,损失了兵力117(4142)
2025-07-22 09:44:10,274 - INFO -         [诸葛亮]由于[周瑜]【临机制胜】的[临机制胜-制胜]效果,损失了兵力143(2248)
2025-07-22 09:44:10,274 - INFO -         [诸葛亮]执行来自【草船借箭】的[草船借箭]效果
2025-07-22 09:44:10,274 - INFO -         [诸葛亮]由于[诸葛亮]【十二奇策】的[虚弱]效果造成伤害减少70%
2025-07-22 09:44:10,274 - INFO -         [周瑜]由于[诸葛亮]【草船借箭】的[草船借箭]效果,损失了兵力153(3766)
2025-07-22 09:44:10,274 - INFO -         [诸葛亮]触发攻心
2025-07-22 09:44:10,274 - INFO -         [诸葛亮]恢复了兵力36(2248)
2025-07-22 09:44:10,275 - INFO -         [许褚]执行来自【临机制胜】的[临机制胜-制胜]效果
2025-07-22 09:44:10,275 - INFO -         [诸葛亮]由于[诸葛亮]【临机制胜】的[临机制胜-制胜]效果,损失了兵力40(2208)
2025-07-22 09:44:10,275 - INFO -         [诸葛亮]触发攻心
2025-07-22 09:44:10,275 - INFO -         [诸葛亮]恢复了兵力9(142)
2025-07-22 09:44:10,275 - INFO -         [诸葛亮]执行来自【草船借箭】的[草船借箭]效果
2025-07-22 09:44:10,275 - INFO -         [诸葛亮]由于[诸葛亮]【十二奇策】的[虚弱]效果造成伤害减少70%
2025-07-22 09:44:10,275 - INFO -         [诸葛亮]由于[诸葛亮]【草船借箭】的[草船借箭]效果,损失了兵力142(0)
2025-07-22 09:44:10,275 - INFO -         [诸葛亮]兵力为0 无法再战
2025-07-22 09:44:10,275 - INFO -         [许褚]的[十二奇策]效果已消失
2025-07-22 09:44:10,275 - INFO -         [许褚]的【混乱】效果已消失
2025-07-22 09:44:10,275 - INFO -         [诸葛亮]的[十二奇策]效果已消失
2025-07-22 09:44:10,275 - INFO -         [诸葛亮]的【洪水】效果已消失
2025-07-22 09:44:10,275 - INFO -         [诸葛亮]的【统帅】提升20.00(245.22)
2025-07-22 09:44:10,275 - INFO -         [许褚]的[十二奇策]效果已消失
2025-07-22 09:44:10,275 - INFO -         [许褚]的【洪水】效果已消失
2025-07-22 09:44:10,276 - INFO -         [许褚]的【统帅】提升20.00(182.24)
2025-07-22 09:44:10,276 - INFO -         [SP诸葛亮]的[十二奇策]效果已消失
2025-07-22 09:44:10,276 - INFO -         [SP诸葛亮]的【震慑】效果已消失
2025-07-22 09:44:10,276 - INFO -         [诸葛亮]的[十二奇策]效果已消失
2025-07-22 09:44:10,276 - INFO -         [诸葛亮]的【虚弱】效果已消失
2025-07-22 09:44:10,276 - INFO -         [SP诸葛亮]的[十二奇策]效果已消失
2025-07-22 09:44:10,276 - INFO -         [SP诸葛亮]的【混乱】效果已消失
2025-07-22 09:44:10,276 - INFO -         [诸葛亮]的[十二奇策]效果已消失
2025-07-22 09:44:10,276 - INFO -         [诸葛亮]的【畏惧】效果已消失
2025-07-22 09:44:10,276 - INFO -         [诸葛亮]的【受到伤害】降低10.00%(0.00%)
2025-07-22 09:44:10,276 - INFO -         [SP诸葛亮]的[十二奇策]效果已消失
2025-07-22 09:44:10,276 - INFO -         [SP诸葛亮]的【震慑】效果已消失
2025-07-22 09:44:10,276 - INFO -         [SP诸葛亮]的[十二奇策]效果已消失
2025-07-22 09:44:10,276 - INFO -         [SP诸葛亮]的【断粮】效果已消失
2025-07-22 09:44:10,276 - INFO -         [诸葛亮]触发攻心
2025-07-22 09:44:10,277 - INFO -         [诸葛亮]恢复了兵力34(2208)
2025-07-22 09:44:10,277 - INFO - 
[第 8 回合]
2025-07-22 09:44:10,277 - INFO - [许褚]开始行动
2025-07-22 09:44:10,277 - INFO -     [许褚]执行来自【星罗棋布】的[星罗棋布-双前排阵型]效果
2025-07-22 09:44:10,277 - INFO -         [周瑜]由于[许褚]【星罗棋布】的[星罗棋布-双前排阵型]效果,损失了兵力310(3456)
2025-07-22 09:44:10,277 - INFO -     [许褚]没有可攻击的敌方武将
2025-07-22 09:44:10,278 - INFO -     [许褚]对[周瑜]发动普通攻击
2025-07-22 09:44:10,278 - INFO -         [周瑜]损失了兵力194(3262)
2025-07-22 09:44:10,278 - INFO -     [许褚]发动战法【膂力过人】
2025-07-22 09:44:10,278 - INFO -         [周瑜]由于[许褚]的【膂力过人】的伤害,损失了兵力291(2971)
2025-07-22 09:44:10,278 - INFO -     [周瑜]执行来自【膂力过人】的[膂力过人]效果
2025-07-22 09:44:10,278 - INFO -         [周瑜]由于[许褚]【膂力过人】的[膂力过人]效果,损失了兵力135(2836)
2025-07-22 09:44:10,279 - INFO -     [许褚]进行连击
2025-07-22 09:44:10,279 - INFO -     [许褚]对[周瑜]发动普通攻击
2025-07-22 09:44:10,279 - INFO -         [周瑜]损失了兵力194(2642)
2025-07-22 09:44:10,279 - INFO -     [许褚]发动战法【膂力过人】
2025-07-22 09:44:10,279 - INFO -         [周瑜]由于[许褚]的【膂力过人】的伤害,损失了兵力291(2351)
2025-07-22 09:44:10,279 - INFO -     [周瑜]执行来自【膂力过人】的[膂力过人]效果
2025-07-22 09:44:10,279 - INFO -         [周瑜]由于[许褚]【膂力过人】的[膂力过人]效果,损失了兵力135(2216)
2025-07-22 09:44:10,280 - INFO - [SP诸葛亮]开始行动
2025-07-22 09:44:10,280 - INFO -         [SP诸葛亮]发动战法【十二奇策】
2025-07-22 09:44:10,280 - INFO -         [周瑜]由于[SP诸葛亮]的【十二奇策】的伤害,损失了兵力725(1491)
2025-07-22 09:44:10,280 - INFO -         [周瑜]执行来自【十二奇策】的[十二奇谋]效果
2025-07-22 09:44:10,280 - INFO -         [周瑜]的【混乱】效果已施加
2025-07-22 09:44:10,280 - INFO -         [周瑜]执行来自【临机制胜】的[临机制胜-制胜]效果
2025-07-22 09:44:10,280 - INFO -         [周瑜]由于[SP诸葛亮]【临机制胜】的[临机制胜-制胜]效果,损失了兵力197(1294)
2025-07-22 09:44:10,280 - INFO -         [SP诸葛亮]执行来自【临机制胜】的[临机制胜-恢复]效果
2025-07-22 09:44:10,281 - INFO -         [SP诸葛亮]恢复了兵力545(4142)
2025-07-22 09:44:10,281 - INFO -         [诸葛亮]恢复了兵力545(2208)
2025-07-22 09:44:10,281 - INFO -         [许褚]恢复了兵力545(3820)
2025-07-22 09:44:10,281 - INFO -         [周瑜]执行来自【临机制胜】的[临机制胜-制胜]效果
2025-07-22 09:44:10,281 - INFO -         [SP诸葛亮]由于[周瑜]【临机制胜】的[临机制胜-制胜]效果,损失了兵力76(4066)
2025-07-22 09:44:10,281 - INFO -         [诸葛亮]由于[周瑜]【临机制胜】的[临机制胜-制胜]效果,损失了兵力82(2126)
2025-07-22 09:44:10,281 - INFO -         [诸葛亮]执行来自【草船借箭】的[草船借箭]效果
2025-07-22 09:44:10,281 - INFO -         [周瑜]由于[诸葛亮]【草船借箭】的[草船借箭]效果,损失了兵力214(1080)
2025-07-22 09:44:10,281 - INFO -         [诸葛亮]触发攻心
2025-07-22 09:44:10,281 - INFO -         [诸葛亮]恢复了兵力51(2126)
2025-07-22 09:44:10,282 - INFO -         [周瑜]执行来自【临机制胜】的[临机制胜-恢复]效果
2025-07-22 09:44:10,282 - INFO -         [周瑜]恢复了兵力544(1080)
2025-07-22 09:44:10,282 - INFO -     [SP诸葛亮]对[周瑜]发动普通攻击
2025-07-22 09:44:10,282 - INFO -         [周瑜]损失了兵力210(870)
2025-07-22 09:44:10,282 - INFO - [周瑜]开始行动
2025-07-22 09:44:10,282 - INFO -     [周瑜]由于[SP诸葛亮]【十二奇策】的「混乱」效果
2025-07-22 09:44:10,282 - INFO -     [周瑜]对[诸葛亮]发动普通攻击
2025-07-22 09:44:10,283 - INFO -         [诸葛亮]损失了兵力77(2049)
2025-07-22 09:44:10,283 - INFO -         [诸葛亮]发动来自【草船借箭】的[草船借箭]效果, 但因几率未触发
2025-07-22 09:44:10,283 - INFO - [诸葛亮]开始行动
2025-07-22 09:44:10,283 - INFO -         [诸葛亮]的【技穷】效果已消失
2025-07-22 09:44:10,283 - INFO -     [诸葛亮]对[周瑜]发动普通攻击
2025-07-22 09:44:10,283 - INFO -         [周瑜]损失了兵力104(766)
2025-07-22 09:44:10,283 - INFO - 
[第 2 局]
2025-07-22 09:44:10,284 - INFO - [列队布阵阶段]
2025-07-22 09:44:10,284 - INFO -     [诸葛队]当前补给为100,造成伤害降低0%
2025-07-22 09:44:10,284 - INFO -     [夫人队]当前补给为100,造成伤害降低0%
2025-07-22 09:44:10,284 - INFO -     [诸葛队]获得【阵型-萁型阵】强化效果
2025-07-22 09:44:10,284 - INFO -         [周瑜]的【造成伤害】提升12.00%(112.00%)
2025-07-22 09:44:10,284 - INFO -     [夫人队]获得【阵型-偃月阵】强化效果
2025-07-22 09:44:10,284 - INFO -         [SP诸葛亮]的【造成伤害】提升14.00%(114.00%)
2025-07-22 09:44:10,284 - INFO -         [诸葛亮]的【造成伤害】提升14.00%(114.00%)
2025-07-22 09:44:10,284 - INFO -         [许褚]的【受到伤害】降低5.00%(-5.00%)
2025-07-22 09:44:10,284 - INFO -     [SP诸葛亮]发动战法【星罗棋布】
2025-07-22 09:44:10,284 - INFO -         [SP诸葛亮]执行来自【星罗棋布】的[星罗棋布-阵型]效果
2025-07-22 09:44:10,284 - INFO -         [SP诸葛亮]的【造成伤害】提升14.54%(128.54%)
2025-07-22 09:44:10,284 - INFO -         [许褚]执行来自【星罗棋布】的[星罗棋布-阵型]效果
2025-07-22 09:44:10,284 - INFO -         [许褚]的【受到伤害】降低5.19%(-10.19%)
2025-07-22 09:44:10,285 - INFO -         [诸葛亮]执行来自【星罗棋布】的[星罗棋布-阵型]效果
2025-07-22 09:44:10,285 - INFO -         [诸葛亮]的【造成伤害】提升14.54%(128.54%)
2025-07-22 09:44:10,285 - INFO -    [夫人队]获得【蜀】强化效果,属性提升 5.0%
2025-07-22 09:44:10,285 - INFO -         [SP诸葛亮]的【武力】提升6.41(134.61)
2025-07-22 09:44:10,285 - INFO -         [SP诸葛亮]的【智力】提升13.00(273.00)
2025-07-22 09:44:10,285 - INFO -         [SP诸葛亮]的【统帅】提升10.24(215.04)
2025-07-22 09:44:10,285 - INFO -         [SP诸葛亮]的【先攻】提升6.90(144.85)
2025-07-22 09:44:10,285 - INFO -         [许褚]的【武力】提升11.89(249.64)
2025-07-22 09:44:10,285 - INFO -         [许褚]的【智力】提升5.72(120.07)
2025-07-22 09:44:10,285 - INFO -         [许褚]的【统帅】提升8.44(177.24)
2025-07-22 09:44:10,285 - INFO -         [许褚]的【先攻】提升9.30(195.30)
2025-07-22 09:44:10,285 - INFO -         [诸葛亮]的【武力】提升3.67(77.07)
2025-07-22 09:44:10,285 - INFO -         [诸葛亮]的【智力】提升15.50(325.50)
2025-07-22 09:44:10,285 - INFO -         [诸葛亮]的【统帅】提升10.73(225.22)
2025-07-22 09:44:10,285 - INFO -         [诸葛亮]的【先攻】提升6.56(137.81)
2025-07-22 09:44:10,285 - INFO -     [诸葛队]获得【兵种-弓】强化效果
2025-07-22 09:44:10,285 - INFO -         [周瑜]的【造成伤害】提升3.50%(115.50%)
2025-07-22 09:44:10,285 - INFO -     [夫人队]获得【才堪相配】强化效果
2025-07-22 09:44:10,285 - INFO -         [SP诸葛亮]的【受治疗效果】提升8.00%(108.00%)
2025-07-22 09:44:10,285 - INFO -         [诸葛亮]的【受治疗效果】提升8.00%(108.00%)
2025-07-22 09:44:10,286 - INFO -     [许褚]发动战法【裸衣血战】
2025-07-22 09:44:10,286 - INFO -         [许褚]的【先攻】提升20.00(215.30)
2025-07-22 09:44:10,286 - INFO -         [许褚]的【武力】提升20.00(257.75)
2025-07-22 09:44:10,286 - INFO -         [许褚]的【连击几率】提升100.00%(100.00%)
2025-07-22 09:44:10,286 - INFO -         [许褚]的【统帅】降低15.00(162.24)
2025-07-22 09:44:10,286 - INFO -         [许褚]的【造成伤害】降低0.00%(100.00%)
2025-07-22 09:44:10,286 - INFO -     [周瑜]发动战法【临机制胜】
2025-07-22 09:44:10,286 - INFO -     [SP诸葛亮]发动战法【星罗棋布】
2025-07-22 09:44:10,286 - INFO -         [SP诸葛亮]的【受到谋略伤害】降低14.75%(-14.75%)
2025-07-22 09:44:10,286 - INFO -         [许褚]的【受到谋略伤害】降低11.34%(-11.34%)
2025-07-22 09:44:10,286 - INFO -         [诸葛亮]的【受到谋略伤害】降低11.34%(-11.34%)
2025-07-22 09:44:10,286 - INFO -         [SP诸葛亮]执行来自【星罗棋布】的[星罗棋布-额外效果]效果
2025-07-22 09:44:10,286 - INFO -         [SP诸葛亮]执行来自【星罗棋布】的[星罗棋布-双前排阵型]效果
2025-07-22 09:44:10,286 - INFO -         [许褚]的【对前排造成伤害】提升20.00%(120.00%)
2025-07-22 09:44:10,286 - INFO -         [许褚]的[星罗棋布-双前排阵型]效果已施加
2025-07-22 09:44:10,286 - INFO -     [SP诸葛亮]发动战法【临机制胜】
2025-07-22 09:44:10,286 - INFO -     [诸葛亮]发动战法【草船借箭】
2025-07-22 09:44:10,287 - INFO -         [诸葛亮]的【攻心】提升24.00%(24.00%)
2025-07-22 09:44:10,287 - INFO - 
[第 1 回合]
2025-07-22 09:44:10,287 - INFO - [许褚]开始行动
2025-07-22 09:44:10,287 - INFO -     [许褚]执行来自【星罗棋布】的[星罗棋布-双前排阵型]效果
2025-07-22 09:44:10,287 - INFO -         [周瑜]由于[许褚]【星罗棋布】的[星罗棋布-双前排阵型]效果,损失了兵力310(456)
2025-07-22 09:44:10,287 - INFO -     [许褚]没有可攻击的敌方武将
2025-07-22 09:44:10,287 - INFO -     [许褚]对[周瑜]发动普通攻击
2025-07-22 09:44:10,287 - INFO -         [周瑜]损失了兵力194(262)
2025-07-22 09:44:10,288 - INFO -     [许褚]发动战法【膂力过人】
2025-07-22 09:44:10,288 - INFO -         [周瑜]由于[许褚]的【膂力过人】的伤害,损失了兵力262(0)
2025-07-22 09:44:10,288 - INFO -         [周瑜]兵力为0 无法再战
2025-07-22 09:44:10,288 - INFO -     [周瑜]执行来自【膂力过人】的[膂力过人]效果
2025-07-22 09:44:10,288 - INFO -     [许褚]进行连击
2025-07-22 09:44:10,288 - INFO -     [许褚]没有可攻击对象
2025-07-22 09:44:10,288 - INFO - [夫人队]战斗结束
2025-07-22 09:44:10,288 - INFO - ------------ 当前对 夫人队 的第 1 次对抗测试结束
2025-07-22 09:44:10,288 - INFO - ------------ [诸葛队] 获胜 0 场，[夫人队] 获胜 1 场
