2025-07-22 10:10:34,772 - INFO - ------------ 当前选择的模式是:1_VS_1
2025-07-22 10:10:34,776 - INFO - ------------ 由 [诸葛队] 对战 [夫人队]
2025-07-22 10:10:34,776 - INFO - ------------ 对抗的次数为 1
2025-07-22 10:10:34,776 - INFO - ------------ 当前第 1 次对抗测试
2025-07-22 10:10:34,787 - INFO - 
[第 1 局]
2025-07-22 10:10:34,787 - INFO - [列队布阵阶段]
2025-07-22 10:10:34,787 - INFO -     [诸葛队]当前补给为100,造成伤害降低0%
2025-07-22 10:10:34,787 - INFO -     [夫人队]当前补给为100,造成伤害降低0%
2025-07-22 10:10:34,787 - INFO -     [诸葛队]获得【阵型-萁型阵】强化效果
2025-07-22 10:10:34,788 - INFO -         [诸葛亮]的【受到伤害】降低6.00%(-6.00%)
2025-07-22 10:10:34,788 - INFO -         [颜良]的【造成伤害】提升12.00%(112.00%)
2025-07-22 10:10:34,788 - INFO -         [周瑜]的【造成伤害】提升12.00%(112.00%)
2025-07-22 10:10:34,788 - INFO -     [夫人队]获得【阵型-偃月阵】强化效果
2025-07-22 10:10:34,788 - INFO -         [SP诸葛亮]的【造成伤害】提升14.00%(114.00%)
2025-07-22 10:10:34,788 - INFO -         [诸葛亮]的【造成伤害】提升14.00%(114.00%)
2025-07-22 10:10:34,788 - INFO -         [许褚]的【受到伤害】降低5.00%(-5.00%)
2025-07-22 10:10:34,788 - INFO -     [SP诸葛亮]发动战法【星罗棋布】
2025-07-22 10:10:34,788 - INFO -         [SP诸葛亮]执行来自【星罗棋布】的[星罗棋布-阵型]效果
2025-07-22 10:10:34,788 - INFO -         [SP诸葛亮]的【造成伤害】提升14.54%(128.54%)
2025-07-22 10:10:34,788 - INFO -         [许褚]执行来自【星罗棋布】的[星罗棋布-阵型]效果
2025-07-22 10:10:34,789 - INFO -         [许褚]的【受到伤害】降低5.19%(-10.19%)
2025-07-22 10:10:34,789 - INFO -         [诸葛亮]执行来自【星罗棋布】的[星罗棋布-阵型]效果
2025-07-22 10:10:34,789 - INFO -         [诸葛亮]的【造成伤害】提升14.54%(128.54%)
2025-07-22 10:10:34,789 - INFO -    [夫人队]获得【蜀】强化效果,属性提升 5.0%
2025-07-22 10:10:34,789 - INFO -         [SP诸葛亮]的【武力】提升6.41(134.61)
2025-07-22 10:10:34,789 - INFO -         [SP诸葛亮]的【智力】提升13.00(273.00)
2025-07-22 10:10:34,789 - INFO -         [SP诸葛亮]的【统帅】提升10.24(215.04)
2025-07-22 10:10:34,789 - INFO -         [SP诸葛亮]的【先攻】提升6.90(144.85)
2025-07-22 10:10:34,789 - INFO -         [许褚]的【武力】提升11.89(249.64)
2025-07-22 10:10:34,789 - INFO -         [许褚]的【智力】提升5.72(120.07)
2025-07-22 10:10:34,789 - INFO -         [许褚]的【统帅】提升8.44(177.24)
2025-07-22 10:10:34,789 - INFO -         [许褚]的【先攻】提升9.30(195.30)
2025-07-22 10:10:34,789 - INFO -         [诸葛亮]的【武力】提升3.67(77.07)
2025-07-22 10:10:34,789 - INFO -         [诸葛亮]的【智力】提升15.50(325.50)
2025-07-22 10:10:34,789 - INFO -         [诸葛亮]的【统帅】提升10.73(225.22)
2025-07-22 10:10:34,789 - INFO -         [诸葛亮]的【先攻】提升6.56(137.81)
2025-07-22 10:10:34,789 - INFO -     [诸葛队]获得【兵种-弓】强化效果
2025-07-22 10:10:34,790 - INFO -         [诸葛亮]的【造成伤害】提升3.50%(103.50%)
2025-07-22 10:10:34,790 - INFO -         [颜良]的【造成伤害】提升3.50%(115.50%)
2025-07-22 10:10:34,790 - INFO -         [周瑜]的【造成伤害】提升3.50%(115.50%)
2025-07-22 10:10:34,790 - INFO -     [夫人队]获得【才堪相配】强化效果
2025-07-22 10:10:34,790 - INFO -         [SP诸葛亮]的【受治疗效果】提升8.00%(108.00%)
2025-07-22 10:10:34,790 - INFO -         [诸葛亮]的【受治疗效果】提升8.00%(108.00%)
2025-07-22 10:10:34,790 - INFO -     [许褚]发动战法【裸衣血战】
2025-07-22 10:10:34,790 - INFO -         [许褚]的【先攻】提升20.00(215.30)
2025-07-22 10:10:34,790 - INFO -         [许褚]的【武力】提升20.00(257.75)
2025-07-22 10:10:34,790 - INFO -         [许褚]的【连击几率】提升100.00%(100.00%)
2025-07-22 10:10:34,790 - INFO -         [许褚]的【统帅】降低15.00(162.24)
2025-07-22 10:10:34,790 - INFO -         [许褚]的【造成伤害】降低0.00%(100.00%)
2025-07-22 10:10:34,791 - INFO -     [周瑜]发动战法【临机制胜】
2025-07-22 10:10:34,791 - INFO -     [SP诸葛亮]发动战法【星罗棋布】
2025-07-22 10:10:34,791 - INFO -         [SP诸葛亮]的【受到谋略伤害】降低14.75%(-14.75%)
2025-07-22 10:10:34,791 - INFO -         [许褚]的【受到谋略伤害】降低11.34%(-11.34%)
2025-07-22 10:10:34,791 - INFO -         [诸葛亮]的【受到谋略伤害】降低11.34%(-11.34%)
2025-07-22 10:10:34,791 - INFO -         [SP诸葛亮]执行来自【星罗棋布】的[星罗棋布-额外效果]效果
2025-07-22 10:10:34,791 - INFO -         [SP诸葛亮]执行来自【星罗棋布】的[星罗棋布-双前排阵型]效果
2025-07-22 10:10:34,791 - INFO -         [许褚]的【对前排造成伤害】提升20.00%(120.00%)
2025-07-22 10:10:34,791 - INFO -         [许褚]的[星罗棋布-双前排阵型]效果已施加
2025-07-22 10:10:34,791 - INFO -     [SP诸葛亮]发动战法【临机制胜】
2025-07-22 10:10:34,791 - INFO -     [诸葛亮]发动战法【草船借箭】
2025-07-22 10:10:34,791 - INFO -         [诸葛亮]的【攻心】提升24.00%(24.00%)
2025-07-22 10:10:34,791 - INFO -     [诸葛亮]发动战法【草船借箭】
2025-07-22 10:10:34,792 - INFO -         [诸葛亮]的【攻心】提升24.00%(24.00%)
2025-07-22 10:10:34,792 - INFO -     [诸葛亮]发动战法【临机制胜】
2025-07-22 10:10:34,792 - INFO - 
[第 1 回合]
2025-07-22 10:10:34,792 - INFO - [许褚]开始行动
2025-07-22 10:10:34,792 - INFO -     [许褚]执行来自【星罗棋布】的[星罗棋布-双前排阵型]效果
2025-07-22 10:10:34,792 - INFO -         [诸葛亮]由于[许褚]【星罗棋布】的[星罗棋布-双前排阵型]效果,损失了兵力461(9539)
2025-07-22 10:10:34,792 - INFO -         [诸葛亮]发动来自【草船借箭】的[草船借箭]效果, 但因几率未触发
2025-07-22 10:10:34,793 - INFO -         [周瑜]由于[许褚]【星罗棋布】的[星罗棋布-双前排阵型]效果,损失了兵力438(9562)
2025-07-22 10:10:34,793 - INFO -     [许褚]对[诸葛亮]发动普通攻击
2025-07-22 10:10:34,793 - INFO -         [诸葛亮]损失了兵力288(9251)
2025-07-22 10:10:34,793 - INFO -         [诸葛亮]发动来自【草船借箭】的[草船借箭]效果, 但因几率未触发
2025-07-22 10:10:34,793 - INFO -     [许褚]发动战法【膂力过人】
2025-07-22 10:10:34,793 - INFO -         [诸葛亮]由于[许褚]的【膂力过人】的伤害,损失了兵力432(8819)
2025-07-22 10:10:34,794 - INFO -         [诸葛亮]发动来自【草船借箭】的[草船借箭]效果, 但因几率未触发
2025-07-22 10:10:34,794 - INFO -     [诸葛亮]执行来自【膂力过人】的[膂力过人]效果
2025-07-22 10:10:34,794 - INFO -         [诸葛亮]由于[许褚]【膂力过人】的[膂力过人]效果,损失了兵力201(8618)
2025-07-22 10:10:34,794 - INFO -         [诸葛亮]执行来自【草船借箭】的[草船借箭]效果
2025-07-22 10:10:34,794 - INFO -         [SP诸葛亮]由于[诸葛亮]【草船借箭】的[草船借箭]效果,损失了兵力174(9826)
2025-07-22 10:10:34,794 - INFO -         [诸葛亮]触发攻心
2025-07-22 10:10:34,794 - INFO -         [诸葛亮]恢复了兵力41(8618)
2025-07-22 10:10:34,794 - INFO -     [许褚]进行连击
2025-07-22 10:10:34,794 - INFO -     [许褚]对[周瑜]发动普通攻击
2025-07-22 10:10:34,794 - INFO -         [周瑜]损失了兵力273(9289)
2025-07-22 10:10:34,795 - INFO -     [许褚]发动战法【膂力过人】
2025-07-22 10:10:34,795 - INFO -         [周瑜]由于[许褚]的【膂力过人】的伤害,损失了兵力410(8879)
2025-07-22 10:10:34,795 - INFO -     [周瑜]执行来自【膂力过人】的[膂力过人]效果
2025-07-22 10:10:34,795 - INFO -         [周瑜]由于[许褚]【膂力过人】的[膂力过人]效果,损失了兵力191(8688)
2025-07-22 10:10:34,795 - INFO - [颜良]开始行动
2025-07-22 10:10:34,796 - INFO -     [颜良]对[许褚]发动普通攻击
2025-07-22 10:10:34,796 - INFO -         [许褚]损失了兵力344(9656)
2025-07-22 10:10:34,796 - INFO -     [颜良]发动战法【膂力过人】
2025-07-22 10:10:34,796 - INFO -         [许褚]由于[颜良]的【膂力过人】的伤害,损失了兵力516(9140)
2025-07-22 10:10:34,796 - INFO - [SP诸葛亮]开始行动
2025-07-22 10:10:34,796 - INFO -         [SP诸葛亮]发动战法【十二奇策】
2025-07-22 10:10:34,796 - INFO -         [诸葛亮]由于[SP诸葛亮]的【十二奇策】的伤害,损失了兵力940(7678)
2025-07-22 10:10:34,797 - INFO -         [诸葛亮]执行来自【草船借箭】的[草船借箭]效果
2025-07-22 10:10:34,797 - INFO -         [SP诸葛亮]由于[诸葛亮]【草船借箭】的[草船借箭]效果,损失了兵力165(9661)
2025-07-22 10:10:34,797 - INFO -         [诸葛亮]触发攻心
2025-07-22 10:10:34,797 - INFO -         [诸葛亮]恢复了兵力39(7678)
2025-07-22 10:10:34,797 - INFO -         [诸葛亮]执行来自【十二奇策】的[十二奇谋]效果
2025-07-22 10:10:34,800 - INFO -         [诸葛亮]的【智力】降低15.00(245.00)
2025-07-22 10:10:34,800 - INFO -         [诸葛亮]的【火攻】效果已施加
2025-07-22 10:10:34,800 - INFO -         [诸葛亮]执行来自【临机制胜】的[临机制胜-制胜]效果
2025-07-22 10:10:34,800 - INFO -         [诸葛亮]由于[SP诸葛亮]【临机制胜】的[临机制胜-制胜]效果,损失了兵力262(7416)
2025-07-22 10:10:34,800 - INFO -         [诸葛亮]执行来自【草船借箭】的[草船借箭]效果
2025-07-22 10:10:34,801 - INFO -         [诸葛亮]由于[诸葛亮]【草船借箭】的[草船借箭]效果,损失了兵力172(9828)
2025-07-22 10:10:34,801 - INFO -         [诸葛亮]触发攻心
2025-07-22 10:10:34,801 - INFO -         [诸葛亮]恢复了兵力41(7416)
2025-07-22 10:10:34,801 - INFO -         [诸葛亮]发动来自【草船借箭】的[草船借箭]效果, 但因几率未触发
2025-07-22 10:10:34,801 - INFO -         [颜良]由于[SP诸葛亮]【临机制胜】的[临机制胜-制胜]效果,损失了兵力325(9675)
2025-07-22 10:10:34,801 - INFO -         [诸葛亮]执行来自【临机制胜】的[临机制胜-制胜]效果
2025-07-22 10:10:34,801 - INFO -         [诸葛亮]由于[周瑜]【临机制胜】的[临机制胜-制胜]效果,损失了兵力179(9649)
2025-07-22 10:10:34,802 - INFO -         [诸葛亮]发动来自【草船借箭】的[草船借箭]效果, 但因几率未触发
2025-07-22 10:10:34,802 - INFO -         [SP诸葛亮]由于[周瑜]【临机制胜】的[临机制胜-制胜]效果,损失了兵力161(9500)
2025-07-22 10:10:34,802 - INFO -         [诸葛亮]执行来自【临机制胜】的[临机制胜-制胜]效果
2025-07-22 10:10:34,802 - INFO -         [SP诸葛亮]由于[诸葛亮]【临机制胜】的[临机制胜-制胜]效果,损失了兵力116(9384)
2025-07-22 10:10:34,802 - INFO -         [诸葛亮]触发攻心
2025-07-22 10:10:34,802 - INFO -         [诸葛亮]恢复了兵力27(7416)
2025-07-22 10:10:34,803 - INFO -         [诸葛亮]由于[诸葛亮]【临机制胜】的[临机制胜-制胜]效果,损失了兵力129(9520)
2025-07-22 10:10:34,803 - INFO -         [诸葛亮]触发攻心
2025-07-22 10:10:34,803 - INFO -         [诸葛亮]恢复了兵力30(7416)
2025-07-22 10:10:34,803 - INFO -         [诸葛亮]执行来自【草船借箭】的[草船借箭]效果
2025-07-22 10:10:34,803 - INFO -         [诸葛亮]由于[诸葛亮]【草船借箭】的[草船借箭]效果,损失了兵力373(7043)
2025-07-22 10:10:34,803 - INFO -         [诸葛亮]触发攻心
2025-07-22 10:10:34,803 - INFO -         [诸葛亮]恢复了兵力89(9520)
2025-07-22 10:10:34,803 - INFO -         [诸葛亮]执行来自【草船借箭】的[草船借箭]效果
2025-07-22 10:10:34,803 - INFO -         [诸葛亮]由于[诸葛亮]【草船借箭】的[草船借箭]效果,损失了兵力168(9352)
2025-07-22 10:10:34,803 - INFO -         [诸葛亮]触发攻心
2025-07-22 10:10:34,803 - INFO -         [诸葛亮]恢复了兵力40(7043)
2025-07-22 10:10:34,804 - INFO -         [诸葛亮]发动来自【草船借箭】的[草船借箭]效果, 但因几率未触发
2025-07-22 10:10:34,804 - INFO -         [颜良]由于[SP诸葛亮]的【十二奇策】的伤害,损失了兵力1192(8483)
2025-07-22 10:10:34,804 - INFO -         [颜良]执行来自【十二奇策】的[十二奇谋]效果
2025-07-22 10:10:34,805 - INFO -         [颜良]的【震慑】效果已施加
2025-07-22 10:10:34,805 - INFO -         [颜良]执行来自【临机制胜】的[临机制胜-制胜]效果
2025-07-22 10:10:34,806 - INFO -         [诸葛亮]由于[SP诸葛亮]【临机制胜】的[临机制胜-制胜]效果,损失了兵力262(6781)
2025-07-22 10:10:34,806 - INFO -         [诸葛亮]执行来自【草船借箭】的[草船借箭]效果
2025-07-22 10:10:34,806 - INFO -         [诸葛亮]由于[诸葛亮]【草船借箭】的[草船借箭]效果,损失了兵力166(9186)
2025-07-22 10:10:34,806 - INFO -         [诸葛亮]触发攻心
2025-07-22 10:10:34,806 - INFO -         [诸葛亮]恢复了兵力39(6781)
2025-07-22 10:10:34,806 - INFO -         [诸葛亮]执行来自【草船借箭】的[草船借箭]效果
2025-07-22 10:10:34,807 - INFO -         [周瑜]由于[诸葛亮]【草船借箭】的[草船借箭]效果,损失了兵力383(8305)
2025-07-22 10:10:34,807 - INFO -         [诸葛亮]触发攻心
2025-07-22 10:10:34,807 - INFO -         [诸葛亮]恢复了兵力91(9186)
2025-07-22 10:10:34,807 - INFO -         [周瑜]由于[SP诸葛亮]【临机制胜】的[临机制胜-制胜]效果,损失了兵力269(8036)
2025-07-22 10:10:34,808 - INFO -         [颜良]发动来自【临机制胜】的[临机制胜-制胜]效果, 但因几率未触发
2025-07-22 10:10:34,808 - INFO -         [颜良]执行来自【临机制胜】的[临机制胜-制胜]效果
2025-07-22 10:10:34,808 - INFO -         [SP诸葛亮]由于[诸葛亮]【临机制胜】的[临机制胜-制胜]效果,损失了兵力112(9272)
2025-07-22 10:10:34,808 - INFO -         [诸葛亮]触发攻心
2025-07-22 10:10:34,808 - INFO -         [诸葛亮]恢复了兵力26(6781)
2025-07-22 10:10:34,808 - INFO -         [许褚]由于[诸葛亮]【临机制胜】的[临机制胜-制胜]效果,损失了兵力200(8940)
2025-07-22 10:10:34,808 - INFO -         [诸葛亮]触发攻心
2025-07-22 10:10:34,808 - INFO -         [诸葛亮]恢复了兵力48(6781)
2025-07-22 10:10:34,809 - INFO -     [SP诸葛亮]对[诸葛亮]发动普通攻击
2025-07-22 10:10:34,809 - INFO -         [诸葛亮]损失了兵力251(6530)
2025-07-22 10:10:34,809 - INFO - [周瑜]开始行动
2025-07-22 10:10:34,809 - INFO -     [周瑜]对[诸葛亮]发动普通攻击
2025-07-22 10:10:34,809 - INFO -         [诸葛亮]损失了兵力188(8998)
2025-07-22 10:10:34,809 - INFO -         [诸葛亮]发动来自【草船借箭】的[草船借箭]效果, 但因几率未触发
2025-07-22 10:10:34,810 - INFO - [诸葛亮]开始行动
2025-07-22 10:10:34,810 - INFO -     [诸葛亮]对[诸葛亮]发动普通攻击
2025-07-22 10:10:34,810 - INFO -         [诸葛亮]损失了兵力164(6366)
2025-07-22 10:10:34,810 - INFO - [诸葛亮]开始行动
2025-07-22 10:10:34,810 - INFO -         [诸葛亮]发动战法【十二奇策】
2025-07-22 10:10:34,811 - INFO -         [诸葛亮]由于[诸葛亮]的【十二奇策】的伤害,损失了兵力446(8552)
2025-07-22 10:10:34,811 - INFO -         [诸葛亮]触发攻心
2025-07-22 10:10:34,811 - INFO -         [诸葛亮]恢复了兵力107(6366)
2025-07-22 10:10:34,811 - INFO -         [诸葛亮]发动来自【草船借箭】的[草船借箭]效果, 但因几率未触发
2025-07-22 10:10:34,811 - INFO -         [诸葛亮]执行来自【十二奇策】的[十二奇谋]效果
2025-07-22 10:10:34,812 - INFO -         [诸葛亮]的【缴械】效果已施加
2025-07-22 10:10:34,812 - INFO -         [诸葛亮]发动来自【临机制胜】的[临机制胜-制胜]效果, 但因几率未触发
2025-07-22 10:10:34,813 - INFO -         [诸葛亮]执行来自【临机制胜】的[临机制胜-制胜]效果
2025-07-22 10:10:34,813 - INFO -         [诸葛亮]由于[周瑜]【临机制胜】的[临机制胜-制胜]效果,损失了兵力173(8379)
2025-07-22 10:10:34,813 - INFO -         [诸葛亮]执行来自【草船借箭】的[草船借箭]效果
2025-07-22 10:10:34,813 - INFO -         [周瑜]由于[诸葛亮]【草船借箭】的[草船借箭]效果,损失了兵力371(7665)
2025-07-22 10:10:34,813 - INFO -         [诸葛亮]触发攻心
2025-07-22 10:10:34,813 - INFO -         [诸葛亮]恢复了兵力89(8379)
2025-07-22 10:10:34,813 - INFO -         [许褚]由于[周瑜]【临机制胜】的[临机制胜-制胜]效果,损失了兵力265(8675)
2025-07-22 10:10:34,813 - INFO -         [诸葛亮]执行来自【临机制胜】的[临机制胜-制胜]效果
2025-07-22 10:10:34,814 - INFO -         [SP诸葛亮]由于[诸葛亮]【临机制胜】的[临机制胜-制胜]效果,损失了兵力109(9163)
2025-07-22 10:10:34,814 - INFO -         [诸葛亮]触发攻心
2025-07-22 10:10:34,814 - INFO -         [诸葛亮]恢复了兵力26(6366)
2025-07-22 10:10:34,814 - INFO -         [诸葛亮]由于[诸葛亮]【临机制胜】的[临机制胜-制胜]效果,损失了兵力121(8258)
2025-07-22 10:10:34,814 - INFO -         [诸葛亮]触发攻心
2025-07-22 10:10:34,814 - INFO -         [诸葛亮]恢复了兵力29(6366)
2025-07-22 10:10:34,814 - INFO -         [诸葛亮]发动来自【草船借箭】的[草船借箭]效果, 但因几率未触发
2025-07-22 10:10:34,814 - INFO -         [许褚]由于[诸葛亮]的【十二奇策】的伤害,损失了兵力716(7959)
2025-07-22 10:10:34,814 - INFO -         [诸葛亮]触发攻心
2025-07-22 10:10:34,814 - INFO -         [诸葛亮]恢复了兵力172(6366)
2025-07-22 10:10:34,815 - INFO -         [许褚]执行来自【十二奇策】的[十二奇谋]效果
2025-07-22 10:10:34,816 - INFO -         [许褚]的【受到伤害】提升10.00%(-0.19%)
2025-07-22 10:10:34,816 - INFO -         [许褚]的【畏惧】效果已施加
2025-07-22 10:10:34,816 - INFO -         [许褚]执行来自【临机制胜】的[临机制胜-制胜]效果
2025-07-22 10:10:34,816 - INFO -         [诸葛亮]由于[SP诸葛亮]【临机制胜】的[临机制胜-制胜]效果,损失了兵力262(6104)
2025-07-22 10:10:34,817 - INFO -         [周瑜]由于[SP诸葛亮]【临机制胜】的[临机制胜-制胜]效果,损失了兵力269(7396)
2025-07-22 10:10:34,817 - INFO -         [许褚]发动来自【临机制胜】的[临机制胜-制胜]效果, 但因几率未触发
2025-07-22 10:10:34,817 - INFO -         [许褚]执行来自【临机制胜】的[临机制胜-制胜]效果
2025-07-22 10:10:34,817 - INFO -         [诸葛亮]由于[诸葛亮]【临机制胜】的[临机制胜-制胜]效果,损失了兵力119(8139)
2025-07-22 10:10:34,817 - INFO -         [诸葛亮]触发攻心
2025-07-22 10:10:34,817 - INFO -         [诸葛亮]恢复了兵力28(6104)
2025-07-22 10:10:34,817 - INFO -         [诸葛亮]发动来自【草船借箭】的[草船借箭]效果, 但因几率未触发
2025-07-22 10:10:34,817 - INFO -         [SP诸葛亮]由于[诸葛亮]【临机制胜】的[临机制胜-制胜]效果,损失了兵力107(9056)
2025-07-22 10:10:34,817 - INFO -         [诸葛亮]触发攻心
2025-07-22 10:10:34,818 - INFO -         [诸葛亮]恢复了兵力25(6104)
2025-07-22 10:10:34,818 - INFO -         [诸葛亮]执行来自【临机制胜】的[临机制胜-恢复]效果
2025-07-22 10:10:34,818 - INFO -         [诸葛亮]恢复了兵力533(6104)
2025-07-22 10:10:34,818 - INFO -         [周瑜]恢复了兵力533(7396)
2025-07-22 10:10:34,818 - INFO -         [颜良]恢复了兵力533(8483)
2025-07-22 10:10:34,818 - INFO -     [诸葛亮]对[诸葛亮]发动普通攻击
2025-07-22 10:10:34,819 - INFO -         [诸葛亮]损失了兵力154(7985)
2025-07-22 10:10:34,819 - INFO -         [诸葛亮]执行来自【草船借箭】的[草船借箭]效果
2025-07-22 10:10:34,819 - INFO -         [诸葛亮]由于[诸葛亮]【草船借箭】的[草船借箭]效果,损失了兵力354(5750)
2025-07-22 10:10:34,819 - INFO -         [诸葛亮]触发攻心
2025-07-22 10:10:34,820 - INFO -         [诸葛亮]恢复了兵力85(7985)
2025-07-22 10:10:34,820 - INFO - 
[第 2 回合]
2025-07-22 10:10:34,820 - INFO - [许褚]开始行动
2025-07-22 10:10:34,820 - INFO -     [许褚]执行来自【星罗棋布】的[星罗棋布-双前排阵型]效果
2025-07-22 10:10:34,820 - INFO -         [诸葛亮]由于[许褚]【星罗棋布】的[星罗棋布-双前排阵型]效果,损失了兵力437(5313)
2025-07-22 10:10:34,821 - INFO -         [诸葛亮]执行来自【草船借箭】的[草船借箭]效果
2025-07-22 10:10:34,821 - INFO -         [SP诸葛亮]由于[诸葛亮]【草船借箭】的[草船借箭]效果,损失了兵力137(8919)
2025-07-22 10:10:34,821 - INFO -         [诸葛亮]触发攻心
2025-07-22 10:10:34,821 - INFO -         [诸葛亮]恢复了兵力32(5313)
2025-07-22 10:10:34,821 - INFO -         [颜良]由于[许褚]【星罗棋布】的[星罗棋布-双前排阵型]效果,损失了兵力535(7948)
2025-07-22 10:10:34,821 - INFO -     [许褚]对[周瑜]发动普通攻击
2025-07-22 10:10:34,822 - INFO -         [周瑜]损失了兵力259(7137)
2025-07-22 10:10:34,822 - INFO -     [许褚]发动战法【膂力过人】
2025-07-22 10:10:34,822 - INFO -         [周瑜]由于[许褚]的【膂力过人】的伤害,损失了兵力389(6748)
2025-07-22 10:10:34,822 - INFO -     [周瑜]执行来自【膂力过人】的[膂力过人]效果
2025-07-22 10:10:34,822 - INFO -         [周瑜]由于[许褚]【膂力过人】的[膂力过人]效果,损失了兵力181(6567)
2025-07-22 10:10:34,822 - INFO -     [许褚]进行连击
2025-07-22 10:10:34,822 - INFO -     [许褚]对[诸葛亮]发动普通攻击
2025-07-22 10:10:34,823 - INFO -         [诸葛亮]损失了兵力273(5040)
2025-07-22 10:10:34,823 - INFO -         [诸葛亮]执行来自【草船借箭】的[草船借箭]效果
2025-07-22 10:10:34,823 - INFO -         [许褚]由于[诸葛亮]【草船借箭】的[草船借箭]效果,损失了兵力267(7692)
2025-07-22 10:10:34,823 - INFO -         [诸葛亮]触发攻心
2025-07-22 10:10:34,823 - INFO -         [诸葛亮]恢复了兵力64(5040)
2025-07-22 10:10:34,823 - INFO -     [许褚]发动战法【膂力过人】
2025-07-22 10:10:34,823 - INFO -         [诸葛亮]由于[许褚]的【膂力过人】的伤害,损失了兵力404(4636)
2025-07-22 10:10:34,824 - INFO -         [诸葛亮]执行来自【草船借箭】的[草船借箭]效果
2025-07-22 10:10:34,824 - INFO -         [诸葛亮]由于[诸葛亮]【草船借箭】的[草船借箭]效果,损失了兵力144(7841)
2025-07-22 10:10:34,824 - INFO -         [诸葛亮]触发攻心
2025-07-22 10:10:34,824 - INFO -         [诸葛亮]恢复了兵力34(4636)
2025-07-22 10:10:34,824 - INFO -         [诸葛亮]执行来自【草船借箭】的[草船借箭]效果
2025-07-22 10:10:34,824 - INFO -         [诸葛亮]由于[诸葛亮]【草船借箭】的[草船借箭]效果,损失了兵力351(4285)
2025-07-22 10:10:34,824 - INFO -         [诸葛亮]触发攻心
2025-07-22 10:10:34,824 - INFO -         [诸葛亮]恢复了兵力84(7841)
2025-07-22 10:10:34,825 - INFO -         [诸葛亮]执行来自【草船借箭】的[草船借箭]效果
2025-07-22 10:10:34,825 - INFO -         [许褚]由于[诸葛亮]【草船借箭】的[草船借箭]效果,损失了兵力248(7444)
2025-07-22 10:10:34,825 - INFO -         [诸葛亮]触发攻心
2025-07-22 10:10:34,825 - INFO -         [诸葛亮]恢复了兵力59(4285)
2025-07-22 10:10:34,825 - INFO -     [诸葛亮]执行来自【膂力过人】的[膂力过人]效果
2025-07-22 10:10:34,825 - INFO -         [诸葛亮]由于[许褚]【膂力过人】的[膂力过人]效果,损失了兵力186(4099)
2025-07-22 10:10:34,825 - INFO -         [诸葛亮]执行来自【草船借箭】的[草船借箭]效果
2025-07-22 10:10:34,825 - INFO -         [许褚]由于[诸葛亮]【草船借箭】的[草船借箭]效果,损失了兵力243(7201)
2025-07-22 10:10:34,825 - INFO -         [诸葛亮]触发攻心
2025-07-22 10:10:34,826 - INFO -         [诸葛亮]恢复了兵力58(4099)
2025-07-22 10:10:34,826 - INFO - [颜良]开始行动
2025-07-22 10:10:34,826 - INFO -     [颜良]无法普攻
2025-07-22 10:10:34,826 - INFO - [SP诸葛亮]开始行动
2025-07-22 10:10:34,826 - INFO -         [SP诸葛亮]因几率未发动战法【十二奇策】
2025-07-22 10:10:34,827 - INFO -     [SP诸葛亮]对[诸葛亮]发动普通攻击
2025-07-22 10:10:34,827 - INFO -         [诸葛亮]损失了兵力250(3849)
2025-07-22 10:10:34,827 - INFO - [周瑜]开始行动
2025-07-22 10:10:34,827 - INFO -     [周瑜]对[诸葛亮]发动普通攻击
2025-07-22 10:10:34,827 - INFO -         [诸葛亮]损失了兵力174(7667)
2025-07-22 10:10:34,827 - INFO -         [诸葛亮]发动来自【草船借箭】的[草船借箭]效果, 但因几率未触发
2025-07-22 10:10:34,828 - INFO - [诸葛亮]开始行动
2025-07-22 10:10:34,828 - INFO -     [诸葛亮]无法普攻
2025-07-22 10:10:34,828 - INFO - [诸葛亮]开始行动
2025-07-22 10:10:34,828 - INFO -         [诸葛亮]因几率未发动战法【十二奇策】
2025-07-22 10:10:34,828 - INFO -     [诸葛亮]对[诸葛亮]发动普通攻击
2025-07-22 10:10:34,828 - INFO -         [诸葛亮]损失了兵力128(7539)
2025-07-22 10:10:34,829 - INFO -         [诸葛亮]发动来自【草船借箭】的[草船借箭]效果, 但因几率未触发
2025-07-22 10:10:34,829 - INFO - 
[第 3 回合]
2025-07-22 10:10:34,829 - INFO - [许褚]开始行动
2025-07-22 10:10:34,829 - INFO -     [许褚]执行来自【星罗棋布】的[星罗棋布-双前排阵型]效果
2025-07-22 10:10:34,829 - INFO -         [颜良]由于[许褚]【星罗棋布】的[星罗棋布-双前排阵型]效果,损失了兵力514(7434)
2025-07-22 10:10:34,829 - INFO -         [诸葛亮]由于[许褚]【星罗棋布】的[星罗棋布-双前排阵型]效果,损失了兵力419(3430)
2025-07-22 10:10:34,830 - INFO -         [诸葛亮]发动来自【草船借箭】的[草船借箭]效果, 但因几率未触发
2025-07-22 10:10:34,830 - INFO -     [许褚]对[周瑜]发动普通攻击
2025-07-22 10:10:34,830 - INFO -         [周瑜]损失了兵力249(6318)
2025-07-22 10:10:34,830 - INFO -     [许褚]发动战法【膂力过人】
2025-07-22 10:10:34,830 - INFO -         [周瑜]由于[许褚]的【膂力过人】的伤害,损失了兵力373(5945)
2025-07-22 10:10:34,830 - INFO -     [周瑜]执行来自【膂力过人】的[膂力过人]效果
2025-07-22 10:10:34,830 - INFO -         [周瑜]由于[许褚]【膂力过人】的[膂力过人]效果,损失了兵力174(5771)
2025-07-22 10:10:34,831 - INFO -     [许褚]进行连击
2025-07-22 10:10:34,831 - INFO -     [许褚]对[周瑜]发动普通攻击
2025-07-22 10:10:34,831 - INFO -         [周瑜]损失了兵力249(5522)
2025-07-22 10:10:34,831 - INFO -     [许褚]发动战法【膂力过人】
2025-07-22 10:10:34,831 - INFO -         [周瑜]由于[许褚]的【膂力过人】的伤害,损失了兵力373(5149)
2025-07-22 10:10:34,831 - INFO -     [周瑜]执行来自【膂力过人】的[膂力过人]效果
2025-07-22 10:10:34,831 - INFO -         [周瑜]由于[许褚]【膂力过人】的[膂力过人]效果,损失了兵力174(4975)
2025-07-22 10:10:34,832 - INFO - [颜良]开始行动
2025-07-22 10:10:34,832 - INFO -     [颜良]无法普攻
2025-07-22 10:10:34,832 - INFO - [SP诸葛亮]开始行动
2025-07-22 10:10:34,832 - INFO -         [SP诸葛亮]发动战法【十二奇策】
2025-07-22 10:10:34,832 - INFO -         [周瑜]由于[SP诸葛亮]的【十二奇策】的伤害,损失了兵力984(3991)
2025-07-22 10:10:34,833 - INFO -         [周瑜]执行来自【十二奇策】的[十二奇谋]效果
2025-07-22 10:10:34,833 - INFO -         [周瑜]的【受到伤害】提升10.00%(10.00%)
2025-07-22 10:10:34,833 - INFO -         [周瑜]的【畏惧】效果已施加
2025-07-22 10:10:34,833 - INFO -         [周瑜]执行来自【临机制胜】的[临机制胜-制胜]效果
2025-07-22 10:10:34,833 - INFO -         [周瑜]由于[SP诸葛亮]【临机制胜】的[临机制胜-制胜]效果,损失了兵力295(3696)
2025-07-22 10:10:34,833 - INFO -         [诸葛亮]由于[SP诸葛亮]【临机制胜】的[临机制胜-制胜]效果,损失了兵力261(3169)
2025-07-22 10:10:34,833 - INFO -         [诸葛亮]执行来自【草船借箭】的[草船借箭]效果
2025-07-22 10:10:34,834 - INFO -         [诸葛亮]由于[诸葛亮]【草船借箭】的[草船借箭]效果,损失了兵力122(7417)
2025-07-22 10:10:34,834 - INFO -         [诸葛亮]触发攻心
2025-07-22 10:10:34,834 - INFO -         [诸葛亮]恢复了兵力29(3169)
2025-07-22 10:10:34,834 - INFO -         [诸葛亮]发动来自【草船借箭】的[草船借箭]效果, 但因几率未触发
2025-07-22 10:10:34,834 - INFO -         [SP诸葛亮]执行来自【临机制胜】的[临机制胜-恢复]效果
2025-07-22 10:10:34,834 - INFO -         [SP诸葛亮]恢复了兵力552(8919)
2025-07-22 10:10:34,834 - INFO -         [许褚]恢复了兵力552(7201)
2025-07-22 10:10:34,835 - INFO -         [诸葛亮]恢复了兵力552(7417)
2025-07-22 10:10:34,835 - INFO -         [周瑜]执行来自【临机制胜】的[临机制胜-制胜]效果
2025-07-22 10:10:34,835 - INFO -         [SP诸葛亮]由于[周瑜]【临机制胜】的[临机制胜-制胜]效果,损失了兵力114(8805)
2025-07-22 10:10:34,835 - INFO -         [诸葛亮]由于[周瑜]【临机制胜】的[临机制胜-制胜]效果,损失了兵力127(7290)
2025-07-22 10:10:34,835 - INFO -         [诸葛亮]执行来自【草船借箭】的[草船借箭]效果
2025-07-22 10:10:34,836 - INFO -         [诸葛亮]由于[诸葛亮]【草船借箭】的[草船借箭]效果,损失了兵力341(2828)
2025-07-22 10:10:34,836 - INFO -         [诸葛亮]触发攻心
2025-07-22 10:10:34,836 - INFO -         [诸葛亮]恢复了兵力81(7290)
2025-07-22 10:10:34,836 - INFO -         [诸葛亮]执行来自【草船借箭】的[草船借箭]效果
2025-07-22 10:10:34,836 - INFO -         [SP诸葛亮]由于[诸葛亮]【草船借箭】的[草船借箭]效果,损失了兵力105(8700)
2025-07-22 10:10:34,836 - INFO -         [诸葛亮]触发攻心
2025-07-22 10:10:34,836 - INFO -         [诸葛亮]恢复了兵力25(2828)
2025-07-22 10:10:34,836 - INFO -         [周瑜]发动来自【临机制胜】的[临机制胜-制胜]效果, 但因几率未触发
2025-07-22 10:10:34,836 - INFO -         [颜良]由于[SP诸葛亮]的【十二奇策】的伤害,损失了兵力1174(6260)
2025-07-22 10:10:34,837 - INFO -         [颜良]执行来自【十二奇策】的[十二奇谋]效果
2025-07-22 10:10:34,837 - INFO -         [颜良]的【受到伤害】提升10.00%(10.00%)
2025-07-22 10:10:34,837 - INFO -         [颜良]的【畏惧】效果已施加
2025-07-22 10:10:34,837 - INFO -         [颜良]发动来自【临机制胜】的[临机制胜-制胜]效果, 但因几率未触发
2025-07-22 10:10:34,837 - INFO -         [颜良]执行来自【临机制胜】的[临机制胜-制胜]效果
2025-07-22 10:10:34,837 - INFO -         [诸葛亮]由于[周瑜]【临机制胜】的[临机制胜-制胜]效果,损失了兵力127(7163)
2025-07-22 10:10:34,837 - INFO -         [诸葛亮]执行来自【草船借箭】的[草船借箭]效果
2025-07-22 10:10:34,837 - INFO -         [周瑜]由于[诸葛亮]【草船借箭】的[草船借箭]效果,损失了兵力382(3314)
2025-07-22 10:10:34,837 - INFO -         [诸葛亮]触发攻心
2025-07-22 10:10:34,838 - INFO -         [诸葛亮]恢复了兵力91(7163)
2025-07-22 10:10:34,838 - INFO -         [许褚]由于[周瑜]【临机制胜】的[临机制胜-制胜]效果,损失了兵力211(6990)
2025-07-22 10:10:34,838 - INFO -         [周瑜]执行来自【临机制胜】的[临机制胜-恢复]效果
2025-07-22 10:10:34,838 - INFO -         [诸葛亮]恢复了兵力552(2828)
2025-07-22 10:10:34,838 - INFO -         [颜良]恢复了兵力552(6260)
2025-07-22 10:10:34,838 - INFO -         [周瑜]恢复了兵力552(3314)
2025-07-22 10:10:34,838 - INFO -         [颜良]执行来自【临机制胜】的[临机制胜-制胜]效果
2025-07-22 10:10:34,839 - INFO -         [SP诸葛亮]由于[诸葛亮]【临机制胜】的[临机制胜-制胜]效果,损失了兵力79(8621)
2025-07-22 10:10:34,839 - INFO -         [诸葛亮]触发攻心
2025-07-22 10:10:34,839 - INFO -         [诸葛亮]恢复了兵力18(2828)
2025-07-22 10:10:34,839 - INFO -         [许褚]由于[诸葛亮]【临机制胜】的[临机制胜-制胜]效果,损失了兵力157(6833)
2025-07-22 10:10:34,839 - INFO -         [诸葛亮]触发攻心
2025-07-22 10:10:34,839 - INFO -         [诸葛亮]恢复了兵力37(2828)
2025-07-22 10:10:34,840 - INFO -     [SP诸葛亮]对[诸葛亮]发动普通攻击
2025-07-22 10:10:34,840 - INFO -         [诸葛亮]损失了兵力247(2581)
2025-07-22 10:10:34,840 - INFO -         [诸葛亮]执行来自【草船借箭】的[草船借箭]效果
2025-07-22 10:10:34,840 - INFO -         [SP诸葛亮]由于[诸葛亮]【草船借箭】的[草船借箭]效果,损失了兵力102(8519)
2025-07-22 10:10:34,840 - INFO -         [诸葛亮]触发攻心
2025-07-22 10:10:34,840 - INFO -         [诸葛亮]恢复了兵力24(2581)
2025-07-22 10:10:34,841 - INFO - [周瑜]开始行动
2025-07-22 10:10:34,841 - INFO -     [周瑜]对[SP诸葛亮]发动普通攻击
2025-07-22 10:10:34,841 - INFO -         [SP诸葛亮]损失了兵力116(8403)
2025-07-22 10:10:34,841 - INFO - [诸葛亮]开始行动
2025-07-22 10:10:34,841 - INFO -     [诸葛亮]无法普攻
2025-07-22 10:10:34,842 - INFO - [诸葛亮]开始行动
2025-07-22 10:10:34,842 - INFO -         [诸葛亮]的【火攻】效果已消失
2025-07-22 10:10:34,842 - INFO -         [诸葛亮]的【智力】提升15.00(260.00)
2025-07-22 10:10:34,842 - INFO -         [诸葛亮]发动战法【十二奇策】
2025-07-22 10:10:34,842 - INFO -         [诸葛亮]由于[诸葛亮]的【十二奇策】的伤害,损失了兵力329(6834)
2025-07-22 10:10:34,842 - INFO -         [诸葛亮]触发攻心
2025-07-22 10:10:34,842 - INFO -         [诸葛亮]恢复了兵力79(2581)
2025-07-22 10:10:34,842 - INFO -         [诸葛亮]发动来自【草船借箭】的[草船借箭]效果, 但因几率未触发
2025-07-22 10:10:34,842 - INFO -         [诸葛亮]执行来自【十二奇策】的[十二奇谋]效果
2025-07-22 10:10:34,844 - INFO -         [诸葛亮]的【会心伤害】降低15.00%(135.00%)
2025-07-22 10:10:34,844 - INFO -         [诸葛亮]的【奇谋伤害】降低15.00%(135.00%)
2025-07-22 10:10:34,844 - INFO -         [诸葛亮]的【妖术】效果已施加
2025-07-22 10:10:34,844 - INFO -         [诸葛亮]执行来自【临机制胜】的[临机制胜-制胜]效果
2025-07-22 10:10:34,844 - INFO -         [诸葛亮]由于[SP诸葛亮]【临机制胜】的[临机制胜-制胜]效果,损失了兵力248(2333)
2025-07-22 10:10:34,844 - INFO -         [诸葛亮]执行来自【草船借箭】的[草船借箭]效果
2025-07-22 10:10:34,845 - INFO -         [SP诸葛亮]由于[诸葛亮]【草船借箭】的[草船借箭]效果,损失了兵力103(8300)
2025-07-22 10:10:34,845 - INFO -         [诸葛亮]触发攻心
2025-07-22 10:10:34,845 - INFO -         [诸葛亮]恢复了兵力24(2333)
2025-07-22 10:10:34,845 - INFO -         [周瑜]由于[SP诸葛亮]【临机制胜】的[临机制胜-制胜]效果,损失了兵力286(3028)
2025-07-22 10:10:34,845 - INFO -         [诸葛亮]执行来自【临机制胜】的[临机制胜-制胜]效果
2025-07-22 10:10:34,845 - INFO -         [SP诸葛亮]由于[周瑜]【临机制胜】的[临机制胜-制胜]效果,损失了兵力105(8195)
2025-07-22 10:10:34,845 - INFO -         [许褚]由于[周瑜]【临机制胜】的[临机制胜-制胜]效果,损失了兵力203(6630)
2025-07-22 10:10:34,846 - INFO -         [诸葛亮]执行来自【临机制胜】的[临机制胜-制胜]效果
2025-07-22 10:10:34,846 - INFO -         [诸葛亮]由于[诸葛亮]【临机制胜】的[临机制胜-制胜]效果,损失了兵力86(6748)
2025-07-22 10:10:34,846 - INFO -         [诸葛亮]触发攻心
2025-07-22 10:10:34,846 - INFO -         [诸葛亮]恢复了兵力20(2333)
2025-07-22 10:10:34,846 - INFO -         [诸葛亮]执行来自【草船借箭】的[草船借箭]效果
2025-07-22 10:10:34,846 - INFO -         [颜良]由于[诸葛亮]【草船借箭】的[草船借箭]效果,损失了兵力555(5705)
2025-07-22 10:10:34,847 - INFO -         [诸葛亮]触发攻心
2025-07-22 10:10:34,847 - INFO -         [诸葛亮]恢复了兵力133(6748)
2025-07-22 10:10:34,847 - INFO -         [许褚]由于[诸葛亮]【临机制胜】的[临机制胜-制胜]效果,损失了兵力152(6478)
2025-07-22 10:10:34,847 - INFO -         [诸葛亮]触发攻心
2025-07-22 10:10:34,847 - INFO -         [诸葛亮]恢复了兵力36(2333)
2025-07-22 10:10:34,847 - INFO -         [SP诸葛亮]由于[诸葛亮]的【十二奇策】的伤害,损失了兵力284(7911)
2025-07-22 10:10:34,847 - INFO -         [诸葛亮]触发攻心
2025-07-22 10:10:34,847 - INFO -         [诸葛亮]恢复了兵力68(2333)
2025-07-22 10:10:34,848 - INFO -         [SP诸葛亮]执行来自【十二奇策】的[十二奇谋]效果
2025-07-22 10:10:34,848 - INFO -         [SP诸葛亮]的【受到伤害】提升10.00%(10.00%)
2025-07-22 10:10:34,848 - INFO -         [SP诸葛亮]的【畏惧】效果已施加
2025-07-22 10:10:34,848 - INFO -         [SP诸葛亮]执行来自【临机制胜】的[临机制胜-制胜]效果
2025-07-22 10:10:34,848 - INFO -         [颜良]由于[SP诸葛亮]【临机制胜】的[临机制胜-制胜]效果,损失了兵力338(5367)
2025-07-22 10:10:34,848 - INFO -         [周瑜]由于[SP诸葛亮]【临机制胜】的[临机制胜-制胜]效果,损失了兵力280(2748)
2025-07-22 10:10:34,848 - INFO -         [SP诸葛亮]执行来自【临机制胜】的[临机制胜-制胜]效果
2025-07-22 10:10:34,848 - INFO -         [SP诸葛亮]由于[周瑜]【临机制胜】的[临机制胜-制胜]效果,损失了兵力111(7800)
2025-07-22 10:10:34,849 - INFO -         [诸葛亮]由于[周瑜]【临机制胜】的[临机制胜-制胜]效果,损失了兵力113(6635)
2025-07-22 10:10:34,849 - INFO -         [诸葛亮]执行来自【草船借箭】的[草船借箭]效果
2025-07-22 10:10:34,849 - INFO -         [颜良]由于[诸葛亮]【草船借箭】的[草船借箭]效果,损失了兵力551(4816)
2025-07-22 10:10:34,849 - INFO -         [诸葛亮]触发攻心
2025-07-22 10:10:34,849 - INFO -         [诸葛亮]恢复了兵力132(6635)
2025-07-22 10:10:34,849 - INFO -         [SP诸葛亮]发动来自【临机制胜】的[临机制胜-制胜]效果, 但因几率未触发
2025-07-22 10:10:34,849 - INFO -     [诸葛亮]对[SP诸葛亮]发动普通攻击
2025-07-22 10:10:34,849 - INFO -         [SP诸葛亮]损失了兵力102(7698)
2025-07-22 10:10:34,850 - INFO - 
[第 4 回合]
2025-07-22 10:10:34,850 - INFO - [许褚]开始行动
2025-07-22 10:10:34,850 - INFO -         [许褚]的【畏惧】效果已消失
2025-07-22 10:10:34,850 - INFO -         [许褚]的【受到伤害】降低10.00%(-10.19%)
2025-07-22 10:10:34,850 - INFO -     [许褚]执行来自【星罗棋布】的[星罗棋布-双前排阵型]效果
2025-07-22 10:10:34,850 - INFO -         [诸葛亮]由于[许褚]【星罗棋布】的[星罗棋布-双前排阵型]效果,损失了兵力403(1930)
2025-07-22 10:10:34,851 - INFO -         [诸葛亮]执行来自【草船借箭】的[草船借箭]效果
2025-07-22 10:10:34,851 - INFO -         [SP诸葛亮]由于[诸葛亮]【草船借箭】的[草船借箭]效果,损失了兵力104(7594)
2025-07-22 10:10:34,851 - INFO -         [诸葛亮]触发攻心
2025-07-22 10:10:34,851 - INFO -         [诸葛亮]恢复了兵力25(1930)
2025-07-22 10:10:34,851 - INFO -         [颜良]由于[许褚]【星罗棋布】的[星罗棋布-双前排阵型]效果,损失了兵力543(4273)
2025-07-22 10:10:34,851 - INFO -     [许褚]对[诸葛亮]发动普通攻击
2025-07-22 10:10:34,852 - INFO -         [诸葛亮]损失了兵力251(1679)
2025-07-22 10:10:34,852 - INFO -         [诸葛亮]发动来自【草船借箭】的[草船借箭]效果, 但因几率未触发
2025-07-22 10:10:34,852 - INFO -     [许褚]发动战法【膂力过人】
2025-07-22 10:10:34,852 - INFO -         [诸葛亮]由于[许褚]的【膂力过人】的伤害,损失了兵力377(1302)
2025-07-22 10:10:34,852 - INFO -         [诸葛亮]执行来自【草船借箭】的[草船借箭]效果
2025-07-22 10:10:34,852 - INFO -         [许褚]由于[诸葛亮]【草船借箭】的[草船借箭]效果,损失了兵力147(6331)
2025-07-22 10:10:34,852 - INFO -         [诸葛亮]触发攻心
2025-07-22 10:10:34,852 - INFO -         [诸葛亮]恢复了兵力35(1302)
2025-07-22 10:10:34,853 - INFO -     [诸葛亮]执行来自【膂力过人】的[膂力过人]效果
2025-07-22 10:10:34,853 - INFO -         [诸葛亮]由于[许褚]【膂力过人】的[膂力过人]效果,损失了兵力174(1128)
2025-07-22 10:10:34,853 - INFO -         [诸葛亮]发动来自【草船借箭】的[草船借箭]效果, 但因几率未触发
2025-07-22 10:10:34,853 - INFO -     [许褚]进行连击
2025-07-22 10:10:34,853 - INFO -     [许褚]对[周瑜]发动普通攻击
2025-07-22 10:10:34,853 - INFO -         [周瑜]损失了兵力260(2488)
2025-07-22 10:10:34,854 - INFO -     [许褚]发动战法【膂力过人】
2025-07-22 10:10:34,854 - INFO -         [周瑜]由于[许褚]的【膂力过人】的伤害,损失了兵力391(2097)
2025-07-22 10:10:34,854 - INFO -     [周瑜]执行来自【膂力过人】的[膂力过人]效果
2025-07-22 10:10:34,854 - INFO -         [周瑜]由于[许褚]【膂力过人】的[膂力过人]效果,损失了兵力182(1915)
2025-07-22 10:10:34,855 - INFO - [颜良]开始行动
2025-07-22 10:10:34,855 - INFO -         [颜良]的【震慑】效果已消失
2025-07-22 10:10:34,855 - INFO -     [颜良]对[SP诸葛亮]发动普通攻击
2025-07-22 10:10:34,855 - INFO -         [SP诸葛亮]损失了兵力260(7334)
2025-07-22 10:10:34,855 - INFO -     [颜良]发动战法【膂力过人】
2025-07-22 10:10:34,856 - INFO -         [SP诸葛亮]由于[颜良]的【膂力过人】的伤害,损失了兵力390(6944)
2025-07-22 10:10:34,856 - INFO -     [SP诸葛亮]执行来自【膂力过人】的[膂力过人]效果
2025-07-22 10:10:34,856 - INFO -         [SP诸葛亮]由于[颜良]【膂力过人】的[膂力过人]效果,损失了兵力182(6762)
2025-07-22 10:10:34,856 - INFO - [SP诸葛亮]开始行动
2025-07-22 10:10:34,856 - INFO -         [SP诸葛亮]发动战法【十二奇策】
2025-07-22 10:10:34,856 - INFO -         [周瑜]由于[SP诸葛亮]的【十二奇策】的伤害,损失了兵力965(950)
2025-07-22 10:10:34,857 - INFO -         [周瑜]执行来自【十二奇策】的[十二奇谋]效果
2025-07-22 10:10:34,857 - INFO -         [周瑜]的【缴械】效果已施加
2025-07-22 10:10:34,857 - INFO -         [周瑜]执行来自【临机制胜】的[临机制胜-制胜]效果
2025-07-22 10:10:34,857 - INFO -         [诸葛亮]由于[SP诸葛亮]【临机制胜】的[临机制胜-制胜]效果,损失了兵力227(901)
2025-07-22 10:10:34,857 - INFO -         [诸葛亮]发动来自【草船借箭】的[草船借箭]效果, 但因几率未触发
2025-07-22 10:10:34,857 - INFO -         [周瑜]由于[SP诸葛亮]【临机制胜】的[临机制胜-制胜]效果,损失了兵力263(687)
2025-07-22 10:10:34,857 - INFO -         [周瑜]执行来自【临机制胜】的[临机制胜-制胜]效果
2025-07-22 10:10:34,858 - INFO -         [诸葛亮]由于[周瑜]【临机制胜】的[临机制胜-制胜]效果,损失了兵力72(6563)
2025-07-22 10:10:34,858 - INFO -         [诸葛亮]执行来自【草船借箭】的[草船借箭]效果
2025-07-22 10:10:34,858 - INFO -         [周瑜]由于[诸葛亮]【草船借箭】的[草船借箭]效果,损失了兵力370(317)
2025-07-22 10:10:34,858 - INFO -         [诸葛亮]触发攻心
2025-07-22 10:10:34,858 - INFO -         [诸葛亮]恢复了兵力88(6563)
2025-07-22 10:10:34,858 - INFO -         [SP诸葛亮]由于[周瑜]【临机制胜】的[临机制胜-制胜]效果,损失了兵力54(6708)
2025-07-22 10:10:34,858 - INFO -         [周瑜]执行来自【临机制胜】的[临机制胜-制胜]效果
2025-07-22 10:10:34,859 - INFO -         [许褚]由于[诸葛亮]【临机制胜】的[临机制胜-制胜]效果,损失了兵力99(6232)
2025-07-22 10:10:34,859 - INFO -         [诸葛亮]触发攻心
2025-07-22 10:10:34,859 - INFO -         [诸葛亮]恢复了兵力23(901)
2025-07-22 10:10:34,859 - INFO -         [诸葛亮]由于[诸葛亮]【临机制胜】的[临机制胜-制胜]效果,损失了兵力62(6501)
2025-07-22 10:10:34,859 - INFO -         [诸葛亮]触发攻心
2025-07-22 10:10:34,859 - INFO -         [诸葛亮]恢复了兵力15(901)
2025-07-22 10:10:34,859 - INFO -         [诸葛亮]执行来自【草船借箭】的[草船借箭]效果
2025-07-22 10:10:34,859 - INFO -         [诸葛亮]由于[诸葛亮]【草船借箭】的[草船借箭]效果,损失了兵力318(583)
2025-07-22 10:10:34,860 - INFO -         [诸葛亮]触发攻心
2025-07-22 10:10:34,860 - INFO -         [诸葛亮]恢复了兵力76(6501)
2025-07-22 10:10:34,860 - INFO -         [诸葛亮]执行来自【草船借箭】的[草船借箭]效果
2025-07-22 10:10:34,860 - INFO -         [诸葛亮]由于[诸葛亮]【草船借箭】的[草船借箭]效果,损失了兵力73(6428)
2025-07-22 10:10:34,860 - INFO -         [诸葛亮]触发攻心
2025-07-22 10:10:34,860 - INFO -         [诸葛亮]恢复了兵力17(583)
2025-07-22 10:10:34,860 - INFO -         [诸葛亮]发动来自【草船借箭】的[草船借箭]效果, 但因几率未触发
2025-07-22 10:10:34,860 - INFO -         [诸葛亮]由于[SP诸葛亮]的【十二奇策】的伤害,损失了兵力583(0)
2025-07-22 10:10:34,860 - INFO -         [诸葛亮]兵力为0 无法再战
2025-07-22 10:10:34,861 - INFO -         [诸葛亮]的[十二奇策]效果已消失
2025-07-22 10:10:34,861 - INFO -         [诸葛亮]的【缴械】效果已消失
2025-07-22 10:10:34,861 - INFO -         [许褚]的[十二奇策]效果已消失
2025-07-22 10:10:34,861 - INFO -         [许褚]的【畏惧】效果已消失
2025-07-22 10:10:34,861 - INFO -         [许褚]的【受到伤害】降低10.00%(-20.19%)
2025-07-22 10:10:34,861 - INFO -         [诸葛亮]的[十二奇策]效果已消失
2025-07-22 10:10:34,861 - INFO -         [诸葛亮]的【妖术】效果已消失
2025-07-22 10:10:34,861 - INFO -         [诸葛亮]的【会心伤害】提升15.00%(150.00%)
2025-07-22 10:10:34,861 - INFO -         [诸葛亮]的【奇谋伤害】提升15.00%(150.00%)
2025-07-22 10:10:34,861 - INFO -         [SP诸葛亮]的[十二奇策]效果已消失
2025-07-22 10:10:34,861 - INFO -         [SP诸葛亮]的【畏惧】效果已消失
2025-07-22 10:10:34,861 - INFO -         [SP诸葛亮]的【受到伤害】降低10.00%(0.00%)
2025-07-22 10:10:34,861 - INFO -         [诸葛亮]执行来自【十二奇策】的[十二奇谋]效果
2025-07-22 10:10:34,863 - INFO -     [SP诸葛亮]对[周瑜]发动普通攻击
2025-07-22 10:10:34,863 - INFO -         [周瑜]损失了兵力281(36)
2025-07-22 10:10:34,863 - INFO - [周瑜]开始行动
2025-07-22 10:10:34,864 - INFO -     [周瑜]无法普攻
2025-07-22 10:10:34,864 - INFO - [诸葛亮]开始行动
2025-07-22 10:10:34,864 - INFO -     [诸葛亮]对[周瑜]发动普通攻击
2025-07-22 10:10:34,864 - INFO -         [周瑜]损失了兵力36(0)
2025-07-22 10:10:34,864 - INFO -         [周瑜]兵力为0 无法再战
2025-07-22 10:10:34,865 - INFO - [诸葛亮]开始行动
2025-07-22 10:10:34,865 - INFO - 
[第 5 回合]
2025-07-22 10:10:34,865 - INFO - [许褚]开始行动
2025-07-22 10:10:34,865 - INFO -     [许褚]执行来自【星罗棋布】的[星罗棋布-双前排阵型]效果
2025-07-22 10:10:34,865 - INFO -         [颜良]由于[许褚]【星罗棋布】的[星罗棋布-双前排阵型]效果,损失了兵力535(3738)
2025-07-22 10:10:34,865 - INFO -     [许褚]没有可攻击的敌方武将
2025-07-22 10:10:34,866 - INFO -     [许褚]对[颜良]发动普通攻击
2025-07-22 10:10:34,866 - INFO -         [颜良]损失了兵力334(3404)
2025-07-22 10:10:34,866 - INFO -     [许褚]发动战法【膂力过人】
2025-07-22 10:10:34,866 - INFO -         [颜良]由于[许褚]的【膂力过人】的伤害,损失了兵力501(2903)
2025-07-22 10:10:34,866 - INFO -     [颜良]执行来自【膂力过人】的[膂力过人]效果
2025-07-22 10:10:34,866 - INFO -         [颜良]由于[许褚]【膂力过人】的[膂力过人]效果,损失了兵力234(2669)
2025-07-22 10:10:34,866 - INFO -     [许褚]进行连击
2025-07-22 10:10:34,866 - INFO -     [许褚]对[颜良]发动普通攻击
2025-07-22 10:10:34,867 - INFO -         [颜良]损失了兵力334(2335)
2025-07-22 10:10:34,867 - INFO -     [许褚]发动战法【膂力过人】
2025-07-22 10:10:34,867 - INFO -         [颜良]由于[许褚]的【膂力过人】的伤害,损失了兵力501(1834)
2025-07-22 10:10:34,867 - INFO -     [颜良]执行来自【膂力过人】的[膂力过人]效果
2025-07-22 10:10:34,867 - INFO -         [颜良]由于[许褚]【膂力过人】的[膂力过人]效果,损失了兵力234(1600)
2025-07-22 10:10:34,867 - INFO - [颜良]开始行动
2025-07-22 10:10:34,868 - INFO -     [颜良]对[诸葛亮]发动普通攻击
2025-07-22 10:10:34,868 - INFO -         [诸葛亮]损失了兵力130(6298)
2025-07-22 10:10:34,868 - INFO -         [诸葛亮]发动来自【草船借箭】的[草船借箭]效果, 但因几率未触发
2025-07-22 10:10:34,868 - INFO -     [颜良]发动战法【膂力过人】
2025-07-22 10:10:34,868 - INFO -         [诸葛亮]由于[颜良]的【膂力过人】的伤害,损失了兵力195(6103)
2025-07-22 10:10:34,868 - INFO -         [诸葛亮]执行来自【草船借箭】的[草船借箭]效果
2025-07-22 10:10:34,868 - INFO -         [颜良]由于[诸葛亮]【草船借箭】的[草船借箭]效果,损失了兵力535(1065)
2025-07-22 10:10:34,868 - INFO -         [诸葛亮]触发攻心
2025-07-22 10:10:34,868 - INFO -         [诸葛亮]恢复了兵力128(6103)
2025-07-22 10:10:34,869 - INFO -     [诸葛亮]执行来自【膂力过人】的[膂力过人]效果
2025-07-22 10:10:34,869 - INFO -         [诸葛亮]由于[颜良]【膂力过人】的[膂力过人]效果,损失了兵力80(6023)
2025-07-22 10:10:34,869 - INFO -         [诸葛亮]发动来自【草船借箭】的[草船借箭]效果, 但因几率未触发
2025-07-22 10:10:34,869 - INFO - [SP诸葛亮]开始行动
2025-07-22 10:10:34,869 - INFO -         [SP诸葛亮]因几率未发动战法【十二奇策】
2025-07-22 10:10:34,869 - INFO -     [SP诸葛亮]对[颜良]发动普通攻击
2025-07-22 10:10:34,869 - INFO -         [颜良]损失了兵力280(785)
2025-07-22 10:10:34,870 - INFO - [诸葛亮]开始行动
2025-07-22 10:10:34,871 - INFO -     [诸葛亮]对[颜良]发动普通攻击
2025-07-22 10:10:34,871 - INFO -         [颜良]损失了兵力223(562)
2025-07-22 10:10:34,871 - INFO - 
[第 6 回合]
2025-07-22 10:10:34,872 - INFO - [许褚]开始行动
2025-07-22 10:10:34,872 - INFO -     [许褚]执行来自【星罗棋布】的[星罗棋布-双前排阵型]效果
2025-07-22 10:10:34,872 - INFO -         [颜良]由于[许褚]【星罗棋布】的[星罗棋布-双前排阵型]效果,损失了兵力535(27)
2025-07-22 10:10:34,872 - INFO -     [许褚]没有可攻击的敌方武将
2025-07-22 10:10:34,872 - INFO -     [许褚]对[颜良]发动普通攻击
2025-07-22 10:10:34,872 - INFO -         [颜良]损失了兵力27(0)
2025-07-22 10:10:34,872 - INFO -         [颜良]兵力为0 无法再战
2025-07-22 10:10:34,873 - INFO -     [许褚]发动战法【膂力过人】
2025-07-22 10:10:34,873 - INFO -     [颜良]执行来自【膂力过人】的[膂力过人]效果
2025-07-22 10:10:34,873 - INFO -     [许褚]进行连击
2025-07-22 10:10:34,873 - INFO -     [许褚]没有可攻击对象
2025-07-22 10:10:34,873 - INFO - [夫人队]战斗结束
2025-07-22 10:10:34,873 - INFO - ------------ 当前对 夫人队 的第 1 次对抗测试结束
2025-07-22 10:10:34,873 - INFO - ------------ [诸葛队] 获胜 0 场，[夫人队] 获胜 1 场
