2025-07-22 10:31:55,366 - INFO - ------------ 当前选择的模式是:1_VS_1
2025-07-22 10:31:55,370 - INFO - ------------ 由 [诸葛队] 对战 [夫人队]
2025-07-22 10:31:55,370 - INFO - ------------ 对抗的次数为 1
2025-07-22 10:31:55,370 - INFO - ------------ 当前第 1 次对抗测试
2025-07-22 10:31:55,397 - INFO - 
[第 1 局]
2025-07-22 10:31:55,398 - INFO - [列队布阵阶段]
2025-07-22 10:31:55,398 - INFO -     [诸葛队]当前补给为100,造成伤害降低0%
2025-07-22 10:31:55,398 - INFO -     [夫人队]当前补给为100,造成伤害降低0%
2025-07-22 10:31:55,398 - INFO -     [诸葛队]获得【阵型-萁型阵】强化效果
2025-07-22 10:31:55,398 - INFO -         [诸葛亮]的【受到伤害】降低6.00%(-6.00%)
2025-07-22 10:31:55,398 - INFO -         [颜良]的【造成伤害】提升12.00%(112.00%)
2025-07-22 10:31:55,398 - INFO -         [周瑜]的【造成伤害】提升12.00%(112.00%)
2025-07-22 10:31:55,399 - INFO -     [夫人队]获得【阵型-偃月阵】强化效果
2025-07-22 10:31:55,399 - INFO -         [SP诸葛亮]的【造成伤害】提升14.00%(114.00%)
2025-07-22 10:31:55,399 - INFO -         [诸葛亮]的【造成伤害】提升14.00%(114.00%)
2025-07-22 10:31:55,399 - INFO -         [许褚]的【受到伤害】降低5.00%(-5.00%)
2025-07-22 10:31:55,399 - INFO -     [SP诸葛亮]发动战法【星罗棋布】
2025-07-22 10:31:55,399 - INFO -         [SP诸葛亮]执行来自【星罗棋布】的[星罗棋布-阵型]效果
2025-07-22 10:31:55,399 - INFO -         [SP诸葛亮]的【造成伤害】提升14.54%(128.54%)
2025-07-22 10:31:55,399 - INFO -         [许褚]执行来自【星罗棋布】的[星罗棋布-阵型]效果
2025-07-22 10:31:55,399 - INFO -         [许褚]的【受到伤害】降低5.19%(-10.19%)
2025-07-22 10:31:55,400 - INFO -         [诸葛亮]执行来自【星罗棋布】的[星罗棋布-阵型]效果
2025-07-22 10:31:55,400 - INFO -         [诸葛亮]的【造成伤害】提升14.54%(128.54%)
2025-07-22 10:31:55,400 - INFO -    [夫人队]获得【蜀】强化效果,属性提升 5.0%
2025-07-22 10:31:55,400 - INFO -         [SP诸葛亮]的【武力】提升6.41(134.61)
2025-07-22 10:31:55,400 - INFO -         [SP诸葛亮]的【智力】提升13.00(273.00)
2025-07-22 10:31:55,400 - INFO -         [SP诸葛亮]的【统帅】提升10.24(215.04)
2025-07-22 10:31:55,400 - INFO -         [SP诸葛亮]的【先攻】提升6.90(144.85)
2025-07-22 10:31:55,400 - INFO -         [许褚]的【武力】提升11.89(249.64)
2025-07-22 10:31:55,400 - INFO -         [许褚]的【智力】提升5.72(120.07)
2025-07-22 10:31:55,400 - INFO -         [许褚]的【统帅】提升8.44(177.24)
2025-07-22 10:31:55,400 - INFO -         [许褚]的【先攻】提升9.30(195.30)
2025-07-22 10:31:55,400 - INFO -         [诸葛亮]的【武力】提升3.67(77.07)
2025-07-22 10:31:55,400 - INFO -         [诸葛亮]的【智力】提升15.50(325.50)
2025-07-22 10:31:55,400 - INFO -         [诸葛亮]的【统帅】提升10.73(225.22)
2025-07-22 10:31:55,400 - INFO -         [诸葛亮]的【先攻】提升6.56(137.81)
2025-07-22 10:31:55,400 - INFO -     [诸葛队]获得【兵种-弓】强化效果
2025-07-22 10:31:55,400 - INFO -         [诸葛亮]的【造成伤害】提升3.50%(103.50%)
2025-07-22 10:31:55,400 - INFO -         [颜良]的【造成伤害】提升3.50%(115.50%)
2025-07-22 10:31:55,400 - INFO -         [周瑜]的【造成伤害】提升3.50%(115.50%)
2025-07-22 10:31:55,401 - INFO -     [夫人队]获得【才堪相配】强化效果
2025-07-22 10:31:55,401 - INFO -         [SP诸葛亮]的【受治疗效果】提升8.00%(108.00%)
2025-07-22 10:31:55,401 - INFO -         [诸葛亮]的【受治疗效果】提升8.00%(108.00%)
2025-07-22 10:31:55,401 - INFO -     [许褚]发动战法【裸衣血战】
2025-07-22 10:31:55,401 - INFO -         [许褚]的【先攻】提升20.00(215.30)
2025-07-22 10:31:55,401 - INFO -         [许褚]的【武力】提升20.00(257.75)
2025-07-22 10:31:55,401 - INFO -         [许褚]的【连击几率】提升100.00%(100.00%)
2025-07-22 10:31:55,401 - INFO -         [许褚]的【统帅】降低15.00(162.24)
2025-07-22 10:31:55,401 - INFO -         [许褚]的【造成伤害】降低0.00%(100.00%)
2025-07-22 10:31:55,401 - INFO -     [周瑜]发动战法【临机制胜】
2025-07-22 10:31:55,401 - INFO -     [SP诸葛亮]发动战法【星罗棋布】
2025-07-22 10:31:55,401 - INFO -         [SP诸葛亮]的【受到谋略伤害】降低14.75%(-14.75%)
2025-07-22 10:31:55,401 - INFO -         [许褚]的【受到谋略伤害】降低11.34%(-11.34%)
2025-07-22 10:31:55,402 - INFO -         [诸葛亮]的【受到谋略伤害】降低11.34%(-11.34%)
2025-07-22 10:31:55,402 - INFO -         [SP诸葛亮]执行来自【星罗棋布】的[星罗棋布-额外效果]效果
2025-07-22 10:31:55,402 - INFO -         [SP诸葛亮]执行来自【星罗棋布】的[星罗棋布-双前排阵型]效果
2025-07-22 10:31:55,402 - INFO -         [许褚]的【对前排造成伤害】提升20.00%(120.00%)
2025-07-22 10:31:55,402 - INFO -         [许褚]的[星罗棋布-双前排阵型]效果已施加
2025-07-22 10:31:55,402 - INFO -     [SP诸葛亮]发动战法【临机制胜】
2025-07-22 10:31:55,402 - INFO -     [诸葛亮]发动战法【草船借箭】
2025-07-22 10:31:55,402 - INFO -         [诸葛亮]的【攻心】提升24.00%(24.00%)
2025-07-22 10:31:55,402 - INFO -     [诸葛亮]发动战法【临机制胜】
2025-07-22 10:31:55,402 - INFO -     [诸葛亮]发动战法【草船借箭】
2025-07-22 10:31:55,402 - INFO -         [诸葛亮]的【攻心】提升24.00%(24.00%)
2025-07-22 10:31:55,402 - INFO - 
[第 1 回合]
2025-07-22 10:31:55,402 - INFO - [许褚]开始行动
2025-07-22 10:31:55,402 - INFO -     [许褚]执行来自【星罗棋布】的[星罗棋布-双前排阵型]效果
2025-07-22 10:31:55,403 - INFO -         [诸葛亮]由于[许褚]【星罗棋布】的[星罗棋布-双前排阵型]效果,损失了兵力461(9539)
2025-07-22 10:31:55,403 - INFO -         [诸葛亮]发动来自【草船借箭】的[草船借箭]效果, 但因几率未触发
2025-07-22 10:31:55,403 - INFO -     [许褚]对[诸葛亮]发动普通攻击
2025-07-22 10:31:55,403 - INFO -         [诸葛亮]损失了兵力288(9251)
2025-07-22 10:31:55,403 - INFO -         [诸葛亮]发动来自【草船借箭】的[草船借箭]效果, 但因几率未触发
2025-07-22 10:31:55,403 - INFO -     [许褚]发动战法【膂力过人】
2025-07-22 10:31:55,403 - INFO -         [诸葛亮]由于[许褚]的【膂力过人】的伤害,损失了兵力432(8819)
2025-07-22 10:31:55,403 - INFO -         [诸葛亮]执行来自【草船借箭】的[草船借箭]效果
2025-07-22 10:31:55,404 - INFO -         [许褚]由于[诸葛亮]【草船借箭】的[草船借箭]效果,损失了兵力312(9688)
2025-07-22 10:31:55,404 - INFO -         [诸葛亮]触发攻心
2025-07-22 10:31:55,404 - INFO -         [诸葛亮]恢复了兵力75(8819)
2025-07-22 10:31:55,404 - INFO -     [诸葛亮]执行来自【膂力过人】的[膂力过人]效果
2025-07-22 10:31:55,404 - INFO -         [诸葛亮]由于[许褚]【膂力过人】的[膂力过人]效果,损失了兵力201(8618)
2025-07-22 10:31:55,404 - INFO -         [诸葛亮]执行来自【草船借箭】的[草船借箭]效果
2025-07-22 10:31:55,404 - INFO -         [SP诸葛亮]由于[诸葛亮]【草船借箭】的[草船借箭]效果,损失了兵力174(9826)
2025-07-22 10:31:55,404 - INFO -         [诸葛亮]触发攻心
2025-07-22 10:31:55,404 - INFO -         [诸葛亮]恢复了兵力41(8618)
2025-07-22 10:31:55,405 - INFO -     [许褚]进行连击
2025-07-22 10:31:55,405 - INFO -     [许褚]对[诸葛亮]发动普通攻击
2025-07-22 10:31:55,405 - INFO -         [诸葛亮]损失了兵力288(8330)
2025-07-22 10:31:55,405 - INFO -         [诸葛亮]执行来自【草船借箭】的[草船借箭]效果
2025-07-22 10:31:55,405 - INFO -         [SP诸葛亮]由于[诸葛亮]【草船借箭】的[草船借箭]效果,损失了兵力171(9655)
2025-07-22 10:31:55,405 - INFO -         [诸葛亮]触发攻心
2025-07-22 10:31:55,405 - INFO -         [诸葛亮]恢复了兵力41(8330)
2025-07-22 10:31:55,405 - INFO -     [许褚]发动战法【膂力过人】
2025-07-22 10:31:55,405 - INFO -         [诸葛亮]由于[许褚]的【膂力过人】的伤害,损失了兵力432(7898)
2025-07-22 10:31:55,405 - INFO -         [诸葛亮]发动来自【草船借箭】的[草船借箭]效果, 但因几率未触发
2025-07-22 10:31:55,406 - INFO -     [诸葛亮]执行来自【膂力过人】的[膂力过人]效果
2025-07-22 10:31:55,406 - INFO -         [诸葛亮]由于[许褚]【膂力过人】的[膂力过人]效果,损失了兵力201(7697)
2025-07-22 10:31:55,406 - INFO -         [诸葛亮]执行来自【草船借箭】的[草船借箭]效果
2025-07-22 10:31:55,406 - INFO -         [SP诸葛亮]由于[诸葛亮]【草船借箭】的[草船借箭]效果,损失了兵力166(9489)
2025-07-22 10:31:55,406 - INFO -         [诸葛亮]触发攻心
2025-07-22 10:31:55,406 - INFO -         [诸葛亮]恢复了兵力39(7697)
2025-07-22 10:31:55,406 - INFO - [颜良]开始行动
2025-07-22 10:31:55,407 - INFO -     [颜良]对[诸葛亮]发动普通攻击
2025-07-22 10:31:55,407 - INFO -         [诸葛亮]损失了兵力260(9740)
2025-07-22 10:31:55,407 - INFO -         [诸葛亮]执行来自【草船借箭】的[草船借箭]效果
2025-07-22 10:31:55,407 - INFO -         [颜良]由于[诸葛亮]【草船借箭】的[草船借箭]效果,损失了兵力568(9432)
2025-07-22 10:31:55,407 - INFO -         [诸葛亮]触发攻心
2025-07-22 10:31:55,407 - INFO -         [诸葛亮]恢复了兵力136(9740)
2025-07-22 10:31:55,407 - INFO -     [颜良]发动战法【膂力过人】
2025-07-22 10:31:55,407 - INFO -         [诸葛亮]由于[颜良]的【膂力过人】的伤害,损失了兵力391(9349)
2025-07-22 10:31:55,407 - INFO -         [诸葛亮]执行来自【草船借箭】的[草船借箭]效果
2025-07-22 10:31:55,407 - INFO -         [颜良]由于[诸葛亮]【草船借箭】的[草船借箭]效果,损失了兵力568(8864)
2025-07-22 10:31:55,408 - INFO -         [诸葛亮]触发攻心
2025-07-22 10:31:55,408 - INFO -         [诸葛亮]恢复了兵力136(9349)
2025-07-22 10:31:55,408 - INFO -     [诸葛亮]执行来自【膂力过人】的[膂力过人]效果
2025-07-22 10:31:55,408 - INFO -         [诸葛亮]由于[颜良]【膂力过人】的[膂力过人]效果,损失了兵力181(9168)
2025-07-22 10:31:55,408 - INFO -         [诸葛亮]执行来自【草船借箭】的[草船借箭]效果
2025-07-22 10:31:55,408 - INFO -         [周瑜]由于[诸葛亮]【草船借箭】的[草船借箭]效果,损失了兵力383(9617)
2025-07-22 10:31:55,408 - INFO -         [诸葛亮]触发攻心
2025-07-22 10:31:55,408 - INFO -         [诸葛亮]恢复了兵力91(9168)
2025-07-22 10:31:55,409 - INFO - [SP诸葛亮]开始行动
2025-07-22 10:31:55,409 - INFO -         [SP诸葛亮]发动战法【十二奇策】
2025-07-22 10:31:55,409 - INFO -         [颜良]由于[SP诸葛亮]的【十二奇策】的伤害,损失了兵力1192(7672)
2025-07-22 10:31:55,409 - INFO -         [颜良]执行来自【十二奇策】的[十二奇谋]效果
2025-07-22 10:31:55,411 - INFO -         [颜良]的【混乱】效果已施加
2025-07-22 10:31:55,411 - INFO -         [颜良]执行来自【临机制胜】的[临机制胜-制胜]效果
2025-07-22 10:31:55,411 - INFO -         [诸葛亮]由于[SP诸葛亮]【临机制胜】的[临机制胜-制胜]效果,损失了兵力256(7441)
2025-07-22 10:31:55,412 - INFO -         [诸葛亮]发动来自【草船借箭】的[草船借箭]效果, 但因几率未触发
2025-07-22 10:31:55,412 - INFO -         [颜良]由于[SP诸葛亮]【临机制胜】的[临机制胜-制胜]效果,损失了兵力325(7347)
2025-07-22 10:31:55,412 - INFO -         [颜良]执行来自【临机制胜】的[临机制胜-制胜]效果
2025-07-22 10:31:55,412 - INFO -         [诸葛亮]由于[周瑜]【临机制胜】的[临机制胜-制胜]效果,损失了兵力182(8986)
2025-07-22 10:31:55,412 - INFO -         [诸葛亮]发动来自【草船借箭】的[草船借箭]效果, 但因几率未触发
2025-07-22 10:31:55,412 - INFO -         [SP诸葛亮]由于[周瑜]【临机制胜】的[临机制胜-制胜]效果,损失了兵力163(9326)
2025-07-22 10:31:55,413 - INFO -         [颜良]执行来自【临机制胜】的[临机制胜-制胜]效果
2025-07-22 10:31:55,413 - INFO -         [SP诸葛亮]由于[诸葛亮]【临机制胜】的[临机制胜-制胜]效果,损失了兵力122(9204)
2025-07-22 10:31:55,413 - INFO -         [诸葛亮]触发攻心
2025-07-22 10:31:55,413 - INFO -         [诸葛亮]恢复了兵力29(7441)
2025-07-22 10:31:55,413 - INFO -         [诸葛亮]由于[诸葛亮]【临机制胜】的[临机制胜-制胜]效果,损失了兵力136(8850)
2025-07-22 10:31:55,413 - INFO -         [诸葛亮]触发攻心
2025-07-22 10:31:55,413 - INFO -         [诸葛亮]恢复了兵力32(7441)
2025-07-22 10:31:55,413 - INFO -         [诸葛亮]执行来自【草船借箭】的[草船借箭]效果
2025-07-22 10:31:55,413 - INFO -         [颜良]由于[诸葛亮]【草船借箭】的[草船借箭]效果,损失了兵力564(6783)
2025-07-22 10:31:55,414 - INFO -         [诸葛亮]触发攻心
2025-07-22 10:31:55,414 - INFO -         [诸葛亮]恢复了兵力135(8850)
2025-07-22 10:31:55,414 - INFO -         [周瑜]由于[SP诸葛亮]的【十二奇策】的伤害,损失了兵力988(8629)
2025-07-22 10:31:55,414 - INFO -         [周瑜]执行来自【十二奇策】的[十二奇谋]效果
2025-07-22 10:31:55,415 - INFO -         [周瑜]的【先攻】降低30.00(109.85)
2025-07-22 10:31:55,415 - INFO -         [周瑜]的【风暴】效果已施加
2025-07-22 10:31:55,415 - INFO -         [周瑜]执行来自【临机制胜】的[临机制胜-制胜]效果
2025-07-22 10:31:55,415 - INFO -         [诸葛亮]由于[SP诸葛亮]【临机制胜】的[临机制胜-制胜]效果,损失了兵力256(7185)
2025-07-22 10:31:55,416 - INFO -         [诸葛亮]执行来自【草船借箭】的[草船借箭]效果
2025-07-22 10:31:55,416 - INFO -         [许褚]由于[诸葛亮]【草船借箭】的[草船借箭]效果,损失了兵力287(9401)
2025-07-22 10:31:55,416 - INFO -         [诸葛亮]触发攻心
2025-07-22 10:31:55,416 - INFO -         [诸葛亮]恢复了兵力68(7185)
2025-07-22 10:31:55,416 - INFO -         [颜良]由于[SP诸葛亮]【临机制胜】的[临机制胜-制胜]效果,损失了兵力325(6458)
2025-07-22 10:31:55,416 - INFO -         [周瑜]执行来自【临机制胜】的[临机制胜-制胜]效果
2025-07-22 10:31:55,416 - INFO -         [SP诸葛亮]由于[周瑜]【临机制胜】的[临机制胜-制胜]效果,损失了兵力160(9044)
2025-07-22 10:31:55,416 - INFO -         [诸葛亮]由于[周瑜]【临机制胜】的[临机制胜-制胜]效果,损失了兵力178(8672)
2025-07-22 10:31:55,417 - INFO -         [诸葛亮]发动来自【草船借箭】的[草船借箭]效果, 但因几率未触发
2025-07-22 10:31:55,417 - INFO -         [周瑜]执行来自【临机制胜】的[临机制胜-制胜]效果
2025-07-22 10:31:55,417 - INFO -         [许褚]由于[诸葛亮]【临机制胜】的[临机制胜-制胜]效果,损失了兵力215(9186)
2025-07-22 10:31:55,417 - INFO -         [诸葛亮]触发攻心
2025-07-22 10:31:55,417 - INFO -         [诸葛亮]恢复了兵力51(7185)
2025-07-22 10:31:55,417 - INFO -         [诸葛亮]由于[诸葛亮]【临机制胜】的[临机制胜-制胜]效果,损失了兵力134(8538)
2025-07-22 10:31:55,417 - INFO -         [诸葛亮]触发攻心
2025-07-22 10:31:55,417 - INFO -         [诸葛亮]恢复了兵力32(7185)
2025-07-22 10:31:55,417 - INFO -         [诸葛亮]执行来自【草船借箭】的[草船借箭]效果
2025-07-22 10:31:55,417 - INFO -         [诸葛亮]由于[诸葛亮]【草船借箭】的[草船借箭]效果,损失了兵力356(6829)
2025-07-22 10:31:55,418 - INFO -         [诸葛亮]触发攻心
2025-07-22 10:31:55,418 - INFO -         [诸葛亮]恢复了兵力85(8538)
2025-07-22 10:31:55,418 - INFO -     [SP诸葛亮]对[颜良]发动普通攻击
2025-07-22 10:31:55,418 - INFO -         [颜良]损失了兵力287(6171)
2025-07-22 10:31:55,418 - INFO - [周瑜]开始行动
2025-07-22 10:31:55,418 - INFO -     [周瑜]对[SP诸葛亮]发动普通攻击
2025-07-22 10:31:55,419 - INFO -         [SP诸葛亮]损失了兵力171(8873)
2025-07-22 10:31:55,419 - INFO - [诸葛亮]开始行动
2025-07-22 10:31:55,419 - INFO -     [诸葛亮]对[周瑜]发动普通攻击
2025-07-22 10:31:55,419 - INFO -         [周瑜]损失了兵力185(8444)
2025-07-22 10:31:55,419 - INFO - [诸葛亮]开始行动
2025-07-22 10:31:55,420 - INFO -         [诸葛亮]发动战法【十二奇策】
2025-07-22 10:31:55,420 - INFO -         [许褚]由于[诸葛亮]的【十二奇策】的伤害,损失了兵力773(8413)
2025-07-22 10:31:55,420 - INFO -         [诸葛亮]触发攻心
2025-07-22 10:31:55,420 - INFO -         [诸葛亮]恢复了兵力185(6829)
2025-07-22 10:31:55,420 - INFO -         [许褚]执行来自【十二奇策】的[十二奇谋]效果
2025-07-22 10:31:55,421 - INFO -         [许褚]的【会心伤害】降低15.00%(135.00%)
2025-07-22 10:31:55,421 - INFO -         [许褚]的【奇谋伤害】降低15.00%(135.00%)
2025-07-22 10:31:55,421 - INFO -         [许褚]的【妖术】效果已施加
2025-07-22 10:31:55,421 - INFO -         [许褚]执行来自【临机制胜】的[临机制胜-制胜]效果
2025-07-22 10:31:55,421 - INFO -         [诸葛亮]由于[SP诸葛亮]【临机制胜】的[临机制胜-制胜]效果,损失了兵力254(6575)
2025-07-22 10:31:55,421 - INFO -         [颜良]由于[SP诸葛亮]【临机制胜】的[临机制胜-制胜]效果,损失了兵力323(5848)
2025-07-22 10:31:55,422 - INFO -         [许褚]发动来自【临机制胜】的[临机制胜-制胜]效果, 但因几率未触发
2025-07-22 10:31:55,422 - INFO -         [许褚]执行来自【临机制胜】的[临机制胜-制胜]效果
2025-07-22 10:31:55,422 - INFO -         [许褚]由于[诸葛亮]【临机制胜】的[临机制胜-制胜]效果,损失了兵力208(8205)
2025-07-22 10:31:55,422 - INFO -         [诸葛亮]触发攻心
2025-07-22 10:31:55,422 - INFO -         [诸葛亮]恢复了兵力49(6575)
2025-07-22 10:31:55,422 - INFO -         [诸葛亮]由于[诸葛亮]【临机制胜】的[临机制胜-制胜]效果,损失了兵力130(8408)
2025-07-22 10:31:55,422 - INFO -         [诸葛亮]触发攻心
2025-07-22 10:31:55,422 - INFO -         [诸葛亮]恢复了兵力31(6575)
2025-07-22 10:31:55,422 - INFO -         [诸葛亮]由于[诸葛亮]的【十二奇策】的伤害,损失了兵力477(7931)
2025-07-22 10:31:55,422 - INFO -         [诸葛亮]触发攻心
2025-07-22 10:31:55,423 - INFO -         [诸葛亮]恢复了兵力114(6575)
2025-07-22 10:31:55,423 - INFO -         [诸葛亮]执行来自【十二奇策】的[十二奇谋]效果
2025-07-22 10:31:55,423 - INFO -         [诸葛亮]的【先攻】降低30.00(107.81)
2025-07-22 10:31:55,423 - INFO -         [诸葛亮]的【风暴】效果已施加
2025-07-22 10:31:55,424 - INFO -         [诸葛亮]发动来自【临机制胜】的[临机制胜-制胜]效果, 但因几率未触发
2025-07-22 10:31:55,424 - INFO -         [诸葛亮]执行来自【临机制胜】的[临机制胜-制胜]效果
2025-07-22 10:31:55,424 - INFO -         [SP诸葛亮]由于[周瑜]【临机制胜】的[临机制胜-制胜]效果,损失了兵力159(8714)
2025-07-22 10:31:55,424 - INFO -         [许褚]由于[周瑜]【临机制胜】的[临机制胜-制胜]效果,损失了兵力276(7929)
2025-07-22 10:31:55,425 - INFO -         [诸葛亮]执行来自【临机制胜】的[临机制胜-制胜]效果
2025-07-22 10:31:55,425 - INFO -         [SP诸葛亮]由于[诸葛亮]【临机制胜】的[临机制胜-制胜]效果,损失了兵力117(8597)
2025-07-22 10:31:55,425 - INFO -         [诸葛亮]触发攻心
2025-07-22 10:31:55,425 - INFO -         [诸葛亮]恢复了兵力28(6575)
2025-07-22 10:31:55,426 - INFO -         [许褚]由于[诸葛亮]【临机制胜】的[临机制胜-制胜]效果,损失了兵力208(7721)
2025-07-22 10:31:55,426 - INFO -         [诸葛亮]触发攻心
2025-07-22 10:31:55,426 - INFO -         [诸葛亮]恢复了兵力49(6575)
2025-07-22 10:31:55,426 - INFO -         [诸葛亮]执行来自【临机制胜】的[临机制胜-恢复]效果
2025-07-22 10:31:55,426 - INFO -         [诸葛亮]恢复了兵力542(6575)
2025-07-22 10:31:55,426 - INFO -         [颜良]恢复了兵力542(5848)
2025-07-22 10:31:55,427 - INFO -         [周瑜]恢复了兵力542(8444)
2025-07-22 10:31:55,427 - INFO -     [诸葛亮]对[许褚]发动普通攻击
2025-07-22 10:31:55,427 - INFO -         [许褚]损失了兵力209(7512)
2025-07-22 10:31:55,427 - INFO - 
[第 2 回合]
2025-07-22 10:31:55,427 - INFO - [许褚]开始行动
2025-07-22 10:31:55,427 - INFO -     [许褚]执行来自【星罗棋布】的[星罗棋布-双前排阵型]效果
2025-07-22 10:31:55,428 - INFO -         [颜良]由于[许褚]【星罗棋布】的[星罗棋布-双前排阵型]效果,损失了兵力522(5326)
2025-07-22 10:31:55,428 - INFO -         [诸葛亮]由于[许褚]【星罗棋布】的[星罗棋布-双前排阵型]效果,损失了兵力427(6148)
2025-07-22 10:31:55,428 - INFO -         [诸葛亮]执行来自【草船借箭】的[草船借箭]效果
2025-07-22 10:31:55,428 - INFO -         [许褚]由于[诸葛亮]【草船借箭】的[草船借箭]效果,损失了兵力270(7242)
2025-07-22 10:31:55,428 - INFO -         [诸葛亮]触发攻心
2025-07-22 10:31:55,428 - INFO -         [诸葛亮]恢复了兵力64(6148)
2025-07-22 10:31:55,429 - INFO -     [许褚]对[诸葛亮]发动普通攻击
2025-07-22 10:31:55,429 - INFO -         [诸葛亮]损失了兵力262(5886)
2025-07-22 10:31:55,429 - INFO -         [诸葛亮]执行来自【草船借箭】的[草船借箭]效果
2025-07-22 10:31:55,429 - INFO -         [SP诸葛亮]由于[诸葛亮]【草船借箭】的[草船借箭]效果,损失了兵力150(8447)
2025-07-22 10:31:55,429 - INFO -         [诸葛亮]触发攻心
2025-07-22 10:31:55,429 - INFO -         [诸葛亮]恢复了兵力36(5886)
2025-07-22 10:31:55,429 - INFO -     [许褚]发动战法【膂力过人】
2025-07-22 10:31:55,429 - INFO -         [诸葛亮]由于[许褚]的【膂力过人】的伤害,损失了兵力394(5492)
2025-07-22 10:31:55,429 - INFO -         [诸葛亮]发动来自【草船借箭】的[草船借箭]效果, 但因几率未触发
2025-07-22 10:31:55,430 - INFO -     [诸葛亮]执行来自【膂力过人】的[膂力过人]效果
2025-07-22 10:31:55,430 - INFO -         [诸葛亮]由于[许褚]【膂力过人】的[膂力过人]效果,损失了兵力184(5308)
2025-07-22 10:31:55,430 - INFO -         [诸葛亮]发动来自【草船借箭】的[草船借箭]效果, 但因几率未触发
2025-07-22 10:31:55,430 - INFO -     [许褚]进行连击
2025-07-22 10:31:55,430 - INFO -     [许褚]对[周瑜]发动普通攻击
2025-07-22 10:31:55,430 - INFO -         [周瑜]损失了兵力249(8195)
2025-07-22 10:31:55,430 - INFO -     [许褚]发动战法【膂力过人】
2025-07-22 10:31:55,430 - INFO -         [周瑜]由于[许褚]的【膂力过人】的伤害,损失了兵力374(7821)
2025-07-22 10:31:55,430 - INFO -     [周瑜]执行来自【膂力过人】的[膂力过人]效果
2025-07-22 10:31:55,431 - INFO -         [周瑜]由于[许褚]【膂力过人】的[膂力过人]效果,损失了兵力174(7647)
2025-07-22 10:31:55,431 - INFO - [颜良]开始行动
2025-07-22 10:31:55,431 - INFO -     [颜良]由于[SP诸葛亮]【十二奇策】的「混乱」效果
2025-07-22 10:31:55,431 - INFO -     [颜良]对[周瑜]发动普通攻击
2025-07-22 10:31:55,431 - INFO -         [周瑜]损失了兵力236(7411)
2025-07-22 10:31:55,431 - INFO -     [颜良]发动战法【膂力过人】
2025-07-22 10:31:55,432 - INFO -         [周瑜]由于[颜良]的【膂力过人】的伤害,损失了兵力355(7056)
2025-07-22 10:31:55,432 - INFO -     [周瑜]执行来自【膂力过人】的[膂力过人]效果
2025-07-22 10:31:55,432 - INFO -         [周瑜]由于[颜良]【膂力过人】的[膂力过人]效果,损失了兵力165(6891)
2025-07-22 10:31:55,432 - INFO - [SP诸葛亮]开始行动
2025-07-22 10:31:55,432 - INFO -         [SP诸葛亮]因几率未发动战法【十二奇策】
2025-07-22 10:31:55,432 - INFO -     [SP诸葛亮]对[周瑜]发动普通攻击
2025-07-22 10:31:55,432 - INFO -         [周瑜]损失了兵力281(6610)
2025-07-22 10:31:55,433 - INFO - [诸葛亮]开始行动
2025-07-22 10:31:55,433 - INFO -         [诸葛亮]发动战法【十二奇策】
2025-07-22 10:31:55,433 - INFO -         [诸葛亮]由于[诸葛亮]的【十二奇策】的伤害,损失了兵力442(7489)
2025-07-22 10:31:55,433 - INFO -         [诸葛亮]触发攻心
2025-07-22 10:31:55,433 - INFO -         [诸葛亮]恢复了兵力106(5308)
2025-07-22 10:31:55,433 - INFO -         [诸葛亮]执行来自【草船借箭】的[草船借箭]效果
2025-07-22 10:31:55,433 - INFO -         [颜良]由于[诸葛亮]【草船借箭】的[草船借箭]效果,损失了兵力525(4801)
2025-07-22 10:31:55,433 - INFO -         [诸葛亮]触发攻心
2025-07-22 10:31:55,434 - INFO -         [诸葛亮]恢复了兵力126(7489)
2025-07-22 10:31:55,434 - INFO -         [诸葛亮]执行来自【十二奇策】的[十二奇谋]效果
2025-07-22 10:31:55,434 - INFO -         [诸葛亮]的【会心伤害】降低15.00%(135.00%)
2025-07-22 10:31:55,434 - INFO -         [诸葛亮]的【奇谋伤害】降低15.00%(135.00%)
2025-07-22 10:31:55,434 - INFO -         [诸葛亮]的【妖术】效果已施加
2025-07-22 10:31:55,434 - INFO -         [诸葛亮]执行来自【临机制胜】的[临机制胜-制胜]效果
2025-07-22 10:31:55,434 - INFO -         [颜良]由于[SP诸葛亮]【临机制胜】的[临机制胜-制胜]效果,损失了兵力316(4485)
2025-07-22 10:31:55,434 - INFO -         [诸葛亮]由于[SP诸葛亮]【临机制胜】的[临机制胜-制胜]效果,损失了兵力249(5059)
2025-07-22 10:31:55,434 - INFO -         [诸葛亮]发动来自【草船借箭】的[草船借箭]效果, 但因几率未触发
2025-07-22 10:31:55,435 - INFO -         [SP诸葛亮]执行来自【临机制胜】的[临机制胜-恢复]效果
2025-07-22 10:31:55,435 - INFO -         [许褚]恢复了兵力551(7242)
2025-07-22 10:31:55,435 - INFO -         [诸葛亮]恢复了兵力551(7489)
2025-07-22 10:31:55,435 - INFO -         [SP诸葛亮]恢复了兵力551(8447)
2025-07-22 10:31:55,435 - INFO -         [诸葛亮]执行来自【临机制胜】的[临机制胜-制胜]效果
2025-07-22 10:31:55,435 - INFO -         [许褚]由于[诸葛亮]【临机制胜】的[临机制胜-制胜]效果,损失了兵力190(7052)
2025-07-22 10:31:55,435 - INFO -         [诸葛亮]触发攻心
2025-07-22 10:31:55,435 - INFO -         [诸葛亮]恢复了兵力45(5059)
2025-07-22 10:31:55,436 - INFO -         [SP诸葛亮]由于[诸葛亮]【临机制胜】的[临机制胜-制胜]效果,损失了兵力107(8340)
2025-07-22 10:31:55,436 - INFO -         [诸葛亮]触发攻心
2025-07-22 10:31:55,436 - INFO -         [诸葛亮]恢复了兵力25(5059)
2025-07-22 10:31:55,436 - INFO -         [诸葛亮]执行来自【临机制胜】的[临机制胜-制胜]效果
2025-07-22 10:31:55,436 - INFO -         [诸葛亮]由于[周瑜]【临机制胜】的[临机制胜-制胜]效果,损失了兵力160(7329)
2025-07-22 10:31:55,436 - INFO -         [诸葛亮]执行来自【草船借箭】的[草船借箭]效果
2025-07-22 10:31:55,436 - INFO -         [诸葛亮]由于[诸葛亮]【草船借箭】的[草船借箭]效果,损失了兵力334(4725)
2025-07-22 10:31:55,436 - INFO -         [诸葛亮]触发攻心
2025-07-22 10:31:55,436 - INFO -         [诸葛亮]恢复了兵力80(7329)
2025-07-22 10:31:55,437 - INFO -         [诸葛亮]执行来自【草船借箭】的[草船借箭]效果
2025-07-22 10:31:55,437 - INFO -         [诸葛亮]由于[诸葛亮]【草船借箭】的[草船借箭]效果,损失了兵力153(7176)
2025-07-22 10:31:55,437 - INFO -         [诸葛亮]触发攻心
2025-07-22 10:31:55,437 - INFO -         [诸葛亮]恢复了兵力36(4725)
2025-07-22 10:31:55,437 - INFO -         [诸葛亮]发动来自【草船借箭】的[草船借箭]效果, 但因几率未触发
2025-07-22 10:31:55,437 - INFO -         [许褚]由于[周瑜]【临机制胜】的[临机制胜-制胜]效果,损失了兵力250(6802)
2025-07-22 10:31:55,437 - INFO -         [周瑜]执行来自【临机制胜】的[临机制胜-恢复]效果
2025-07-22 10:31:55,437 - INFO -         [周瑜]恢复了兵力558(6610)
2025-07-22 10:31:55,437 - INFO -         [颜良]恢复了兵力558(4485)
2025-07-22 10:31:55,437 - INFO -         [诸葛亮]恢复了兵力558(4725)
2025-07-22 10:31:55,438 - INFO -         [SP诸葛亮]由于[诸葛亮]的【十二奇策】的伤害,损失了兵力380(7960)
2025-07-22 10:31:55,438 - INFO -         [诸葛亮]触发攻心
2025-07-22 10:31:55,438 - INFO -         [诸葛亮]恢复了兵力91(4725)
2025-07-22 10:31:55,438 - INFO -         [SP诸葛亮]执行来自【十二奇策】的[十二奇谋]效果
2025-07-22 10:31:55,438 - INFO -         [SP诸葛亮]的【会心伤害】降低15.00%(135.00%)
2025-07-22 10:31:55,438 - INFO -         [SP诸葛亮]的【奇谋伤害】降低15.00%(135.00%)
2025-07-22 10:31:55,438 - INFO -         [SP诸葛亮]的【妖术】效果已施加
2025-07-22 10:31:55,438 - INFO -         [SP诸葛亮]执行来自【临机制胜】的[临机制胜-制胜]效果
2025-07-22 10:31:55,438 - INFO -         [诸葛亮]由于[SP诸葛亮]【临机制胜】的[临机制胜-制胜]效果,损失了兵力243(4482)
2025-07-22 10:31:55,439 - INFO -         [诸葛亮]发动来自【草船借箭】的[草船借箭]效果, 但因几率未触发
2025-07-22 10:31:55,439 - INFO -         [周瑜]由于[SP诸葛亮]【临机制胜】的[临机制胜-制胜]效果,损失了兵力255(6355)
2025-07-22 10:31:55,439 - INFO -         [SP诸葛亮]执行来自【临机制胜】的[临机制胜-制胜]效果
2025-07-22 10:31:55,439 - INFO -         [许褚]由于[诸葛亮]【临机制胜】的[临机制胜-制胜]效果,损失了兵力179(6623)
2025-07-22 10:31:55,439 - INFO -         [诸葛亮]触发攻心
2025-07-22 10:31:55,439 - INFO -         [诸葛亮]恢复了兵力43(4482)
2025-07-22 10:31:55,439 - INFO -         [SP诸葛亮]由于[诸葛亮]【临机制胜】的[临机制胜-制胜]效果,损失了兵力101(7859)
2025-07-22 10:31:55,439 - INFO -         [诸葛亮]触发攻心
2025-07-22 10:31:55,440 - INFO -         [诸葛亮]恢复了兵力24(4482)
2025-07-22 10:31:55,440 - INFO -         [SP诸葛亮]发动来自【临机制胜】的[临机制胜-制胜]效果, 但因几率未触发
2025-07-22 10:31:55,440 - INFO -     [诸葛亮]对[SP诸葛亮]发动普通攻击
2025-07-22 10:31:55,440 - INFO -         [SP诸葛亮]损失了兵力121(7738)
2025-07-22 10:31:55,440 - INFO - [周瑜]开始行动
2025-07-22 10:31:55,441 - INFO -     [周瑜]对[许褚]发动普通攻击
2025-07-22 10:31:55,441 - INFO -         [许褚]损失了兵力223(6400)
2025-07-22 10:31:55,441 - INFO - [诸葛亮]开始行动
2025-07-22 10:31:55,441 - INFO -     [诸葛亮]对[颜良]发动普通攻击
2025-07-22 10:31:55,441 - INFO -         [颜良]损失了兵力216(4269)
2025-07-22 10:31:55,442 - INFO - 
[第 3 回合]
2025-07-22 10:31:55,442 - INFO - [许褚]开始行动
2025-07-22 10:31:55,442 - INFO -     [许褚]执行来自【星罗棋布】的[星罗棋布-双前排阵型]效果
2025-07-22 10:31:55,442 - INFO -         [诸葛亮]由于[许褚]【星罗棋布】的[星罗棋布-双前排阵型]效果,损失了兵力401(4081)
2025-07-22 10:31:55,442 - INFO -         [诸葛亮]执行来自【草船借箭】的[草船借箭]效果
2025-07-22 10:31:55,442 - INFO -         [诸葛亮]由于[诸葛亮]【草船借箭】的[草船借箭]效果,损失了兵力143(7033)
2025-07-22 10:31:55,442 - INFO -         [诸葛亮]触发攻心
2025-07-22 10:31:55,443 - INFO -         [诸葛亮]恢复了兵力34(4081)
2025-07-22 10:31:55,443 - INFO -         [诸葛亮]执行来自【草船借箭】的[草船借箭]效果
2025-07-22 10:31:55,443 - INFO -         [诸葛亮]由于[诸葛亮]【草船借箭】的[草船借箭]效果,损失了兵力328(3753)
2025-07-22 10:31:55,443 - INFO -         [诸葛亮]触发攻心
2025-07-22 10:31:55,443 - INFO -         [诸葛亮]恢复了兵力78(7033)
2025-07-22 10:31:55,443 - INFO -         [诸葛亮]发动来自【草船借箭】的[草船借箭]效果, 但因几率未触发
2025-07-22 10:31:55,443 - INFO -     [许褚]对[诸葛亮]发动普通攻击
2025-07-22 10:31:55,443 - INFO -         [诸葛亮]损失了兵力250(3503)
2025-07-22 10:31:55,444 - INFO -         [诸葛亮]发动来自【草船借箭】的[草船借箭]效果, 但因几率未触发
2025-07-22 10:31:55,444 - INFO -     [许褚]发动战法【膂力过人】
2025-07-22 10:31:55,444 - INFO -         [诸葛亮]由于[许褚]的【膂力过人】的伤害,损失了兵力376(3127)
2025-07-22 10:31:55,444 - INFO -         [诸葛亮]执行来自【草船借箭】的[草船借箭]效果
2025-07-22 10:31:55,444 - INFO -         [SP诸葛亮]由于[诸葛亮]【草船借箭】的[草船借箭]效果,损失了兵力115(7623)
2025-07-22 10:31:55,444 - INFO -         [诸葛亮]触发攻心
2025-07-22 10:31:55,444 - INFO -         [诸葛亮]恢复了兵力27(3127)
2025-07-22 10:31:55,444 - INFO -     [诸葛亮]执行来自【膂力过人】的[膂力过人]效果
2025-07-22 10:31:55,444 - INFO -         [诸葛亮]由于[许褚]【膂力过人】的[膂力过人]效果,损失了兵力175(2952)
2025-07-22 10:31:55,444 - INFO -         [诸葛亮]执行来自【草船借箭】的[草船借箭]效果
2025-07-22 10:31:55,444 - INFO -         [诸葛亮]由于[诸葛亮]【草船借箭】的[草船借箭]效果,损失了兵力125(6908)
2025-07-22 10:31:55,445 - INFO -         [诸葛亮]触发攻心
2025-07-22 10:31:55,445 - INFO -         [诸葛亮]恢复了兵力30(2952)
2025-07-22 10:31:55,445 - INFO -         [诸葛亮]执行来自【草船借箭】的[草船借箭]效果
2025-07-22 10:31:55,445 - INFO -         [诸葛亮]由于[诸葛亮]【草船借箭】的[草船借箭]效果,损失了兵力326(2626)
2025-07-22 10:31:55,445 - INFO -         [诸葛亮]触发攻心
2025-07-22 10:31:55,445 - INFO -         [诸葛亮]恢复了兵力78(6908)
2025-07-22 10:31:55,445 - INFO -         [诸葛亮]执行来自【草船借箭】的[草船借箭]效果
2025-07-22 10:31:55,445 - INFO -         [SP诸葛亮]由于[诸葛亮]【草船借箭】的[草船借箭]效果,损失了兵力108(7515)
2025-07-22 10:31:55,445 - INFO -         [诸葛亮]触发攻心
2025-07-22 10:31:55,445 - INFO -         [诸葛亮]恢复了兵力26(2626)
2025-07-22 10:31:55,446 - INFO -     [许褚]进行连击
2025-07-22 10:31:55,446 - INFO -     [许褚]对[诸葛亮]发动普通攻击
2025-07-22 10:31:55,446 - INFO -         [诸葛亮]损失了兵力250(2376)
2025-07-22 10:31:55,446 - INFO -         [诸葛亮]执行来自【草船借箭】的[草船借箭]效果
2025-07-22 10:31:55,446 - INFO -         [诸葛亮]由于[诸葛亮]【草船借箭】的[草船借箭]效果,损失了兵力115(6793)
2025-07-22 10:31:55,446 - INFO -         [诸葛亮]触发攻心
2025-07-22 10:31:55,446 - INFO -         [诸葛亮]恢复了兵力27(2376)
2025-07-22 10:31:55,446 - INFO -         [诸葛亮]发动来自【草船借箭】的[草船借箭]效果, 但因几率未触发
2025-07-22 10:31:55,446 - INFO -     [许褚]发动战法【膂力过人】
2025-07-22 10:31:55,446 - INFO -         [诸葛亮]由于[许褚]的【膂力过人】的伤害,损失了兵力376(2000)
2025-07-22 10:31:55,447 - INFO -     [诸葛亮]执行来自【膂力过人】的[膂力过人]效果
2025-07-22 10:31:55,447 - INFO -         [诸葛亮]由于[许褚]【膂力过人】的[膂力过人]效果,损失了兵力175(1825)
2025-07-22 10:31:55,447 - INFO - [颜良]开始行动
2025-07-22 10:31:55,447 - INFO -     [颜良]由于[SP诸葛亮]【十二奇策】的「混乱」效果
2025-07-22 10:31:55,447 - INFO -     [颜良]对[SP诸葛亮]发动普通攻击
2025-07-22 10:31:55,447 - INFO -         [SP诸葛亮]损失了兵力236(7279)
2025-07-22 10:31:55,447 - INFO -     [颜良]发动战法【膂力过人】
2025-07-22 10:31:55,448 - INFO -         [SP诸葛亮]由于[颜良]的【膂力过人】的伤害,损失了兵力354(6925)
2025-07-22 10:31:55,448 - INFO -     [SP诸葛亮]执行来自【膂力过人】的[膂力过人]效果
2025-07-22 10:31:55,448 - INFO -         [SP诸葛亮]由于[颜良]【膂力过人】的[膂力过人]效果,损失了兵力165(6760)
2025-07-22 10:31:55,448 - INFO - [SP诸葛亮]开始行动
2025-07-22 10:31:55,448 - INFO -         [SP诸葛亮]因几率未发动战法【十二奇策】
2025-07-22 10:31:55,448 - INFO -     [SP诸葛亮]对[诸葛亮]发动普通攻击
2025-07-22 10:31:55,448 - INFO -         [诸葛亮]损失了兵力223(1602)
2025-07-22 10:31:55,449 - INFO - [诸葛亮]开始行动
2025-07-22 10:31:55,449 - INFO -         [诸葛亮]因几率未发动战法【十二奇策】
2025-07-22 10:31:55,449 - INFO -     [诸葛亮]对[诸葛亮]发动普通攻击
2025-07-22 10:31:55,449 - INFO -         [诸葛亮]损失了兵力90(6703)
2025-07-22 10:31:55,449 - INFO -         [诸葛亮]执行来自【草船借箭】的[草船借箭]效果
2025-07-22 10:31:55,449 - INFO -         [颜良]由于[诸葛亮]【草船借箭】的[草船借箭]效果,损失了兵力503(3766)
2025-07-22 10:31:55,449 - INFO -         [诸葛亮]触发攻心
2025-07-22 10:31:55,450 - INFO -         [诸葛亮]恢复了兵力120(6703)
2025-07-22 10:31:55,450 - INFO - [周瑜]开始行动
2025-07-22 10:31:55,450 - INFO -         [周瑜]的【风暴】效果已消失
2025-07-22 10:31:55,450 - INFO -         [周瑜]的【先攻】提升30.00(139.85)
2025-07-22 10:31:55,450 - INFO -     [周瑜]对[许褚]发动普通攻击
2025-07-22 10:31:55,450 - INFO -         [许褚]损失了兵力223(6177)
2025-07-22 10:31:55,450 - INFO - [诸葛亮]开始行动
2025-07-22 10:31:55,451 - INFO -     [诸葛亮]对[诸葛亮]发动普通攻击
2025-07-22 10:31:55,451 - INFO -         [诸葛亮]损失了兵力145(1457)
2025-07-22 10:31:55,451 - INFO - 
[第 4 回合]
2025-07-22 10:31:55,451 - INFO - [许褚]开始行动
2025-07-22 10:31:55,452 - INFO -         [许褚]的【妖术】效果已消失
2025-07-22 10:31:55,452 - INFO -         [许褚]的【会心伤害】提升15.00%(150.00%)
2025-07-22 10:31:55,452 - INFO -         [许褚]的【奇谋伤害】提升15.00%(150.00%)
2025-07-22 10:31:55,452 - INFO -     [许褚]执行来自【星罗棋布】的[星罗棋布-双前排阵型]效果
2025-07-22 10:31:55,452 - INFO -         [颜良]由于[许褚]【星罗棋布】的[星罗棋布-双前排阵型]效果,损失了兵力485(3281)
2025-07-22 10:31:55,452 - INFO -     [许褚]对[颜良]发动普通攻击
2025-07-22 10:31:55,452 - INFO -         [颜良]损失了兵力303(2978)
2025-07-22 10:31:55,453 - INFO -     [许褚]发动战法【膂力过人】
2025-07-22 10:31:55,453 - INFO -         [颜良]由于[许褚]的【膂力过人】的伤害,损失了兵力454(2524)
2025-07-22 10:31:55,453 - INFO -     [颜良]执行来自【膂力过人】的[膂力过人]效果
2025-07-22 10:31:55,453 - INFO -         [颜良]由于[许褚]【膂力过人】的[膂力过人]效果,损失了兵力212(2312)
2025-07-22 10:31:55,453 - INFO -     [许褚]进行连击
2025-07-22 10:31:55,453 - INFO -     [许褚]对[周瑜]发动普通攻击
2025-07-22 10:31:55,453 - INFO -         [周瑜]损失了兵力235(6120)
2025-07-22 10:31:55,453 - INFO -     [许褚]发动战法【膂力过人】
2025-07-22 10:31:55,454 - INFO -         [周瑜]由于[许褚]的【膂力过人】的伤害,损失了兵力352(5768)
2025-07-22 10:31:55,454 - INFO -     [周瑜]执行来自【膂力过人】的[膂力过人]效果
2025-07-22 10:31:55,454 - INFO -         [周瑜]由于[许褚]【膂力过人】的[膂力过人]效果,损失了兵力164(5604)
2025-07-22 10:31:55,454 - INFO - [颜良]开始行动
2025-07-22 10:31:55,454 - INFO -         [颜良]的【混乱】效果已消失
2025-07-22 10:31:55,454 - INFO -     [颜良]对[SP诸葛亮]发动普通攻击
2025-07-22 10:31:55,455 - INFO -         [SP诸葛亮]损失了兵力183(6577)
2025-07-22 10:31:55,455 - INFO -     [颜良]发动战法【膂力过人】
2025-07-22 10:31:55,455 - INFO -         [SP诸葛亮]由于[颜良]的【膂力过人】的伤害,损失了兵力275(6302)
2025-07-22 10:31:55,455 - INFO -     [SP诸葛亮]执行来自【膂力过人】的[膂力过人]效果
2025-07-22 10:31:55,455 - INFO -         [SP诸葛亮]由于[颜良]【膂力过人】的[膂力过人]效果,损失了兵力128(6174)
2025-07-22 10:31:55,455 - INFO - [SP诸葛亮]开始行动
2025-07-22 10:31:55,455 - INFO -         [SP诸葛亮]发动战法【十二奇策】
2025-07-22 10:31:55,456 - INFO -         [诸葛亮]由于[SP诸葛亮]的【十二奇策】的伤害,损失了兵力807(650)
2025-07-22 10:31:55,456 - INFO -         [诸葛亮]发动来自【草船借箭】的[草船借箭]效果, 但因几率未触发
2025-07-22 10:31:55,456 - INFO -         [诸葛亮]执行来自【十二奇策】的[十二奇谋]效果
2025-07-22 10:31:55,456 - INFO -         [诸葛亮]的【受到伤害】提升10.00%(4.00%)
2025-07-22 10:31:55,457 - INFO -         [诸葛亮]的【畏惧】效果已施加
2025-07-22 10:31:55,457 - INFO -         [诸葛亮]执行来自【临机制胜】的[临机制胜-制胜]效果
2025-07-22 10:31:55,457 - INFO -         [颜良]由于[SP诸葛亮]【临机制胜】的[临机制胜-制胜]效果,损失了兵力279(2033)
2025-07-22 10:31:55,457 - INFO -         [周瑜]由于[SP诸葛亮]【临机制胜】的[临机制胜-制胜]效果,损失了兵力231(5373)
2025-07-22 10:31:55,457 - INFO -         [诸葛亮]执行来自【临机制胜】的[临机制胜-制胜]效果
2025-07-22 10:31:55,457 - INFO -         [诸葛亮]由于[周瑜]【临机制胜】的[临机制胜-制胜]效果,损失了兵力149(6554)
2025-07-22 10:31:55,457 - INFO -         [诸葛亮]发动来自【草船借箭】的[草船借箭]效果, 但因几率未触发
2025-07-22 10:31:55,458 - INFO -         [SP诸葛亮]由于[周瑜]【临机制胜】的[临机制胜-制胜]效果,损失了兵力134(6040)
2025-07-22 10:31:55,458 - INFO -         [诸葛亮]执行来自【临机制胜】的[临机制胜-制胜]效果
2025-07-22 10:31:55,458 - INFO -         [SP诸葛亮]由于[诸葛亮]【临机制胜】的[临机制胜-制胜]效果,损失了兵力51(5989)
2025-07-22 10:31:55,458 - INFO -         [诸葛亮]触发攻心
2025-07-22 10:31:55,458 - INFO -         [诸葛亮]恢复了兵力12(650)
2025-07-22 10:31:55,458 - INFO -         [诸葛亮]由于[诸葛亮]【临机制胜】的[临机制胜-制胜]效果,损失了兵力57(6497)
2025-07-22 10:31:55,458 - INFO -         [诸葛亮]触发攻心
2025-07-22 10:31:55,458 - INFO -         [诸葛亮]恢复了兵力13(650)
2025-07-22 10:31:55,458 - INFO -         [诸葛亮]发动来自【草船借箭】的[草船借箭]效果, 但因几率未触发
2025-07-22 10:31:55,459 - INFO -         [周瑜]由于[SP诸葛亮]的【十二奇策】的伤害,损失了兵力839(4534)
2025-07-22 10:31:55,459 - INFO -         [周瑜]执行来自【十二奇策】的[十二奇谋]效果
2025-07-22 10:31:55,460 - INFO -         [周瑜]的【虚弱】效果已施加
2025-07-22 10:31:55,460 - INFO -         [周瑜]执行来自【临机制胜】的[临机制胜-制胜]效果
2025-07-22 10:31:55,460 - INFO -         [周瑜]由于[SP诸葛亮]【临机制胜】的[临机制胜-制胜]效果,损失了兵力229(4305)
2025-07-22 10:31:55,460 - INFO -         [诸葛亮]由于[SP诸葛亮]【临机制胜】的[临机制胜-制胜]效果,损失了兵力241(409)
2025-07-22 10:31:55,460 - INFO -         [诸葛亮]执行来自【草船借箭】的[草船借箭]效果
2025-07-22 10:31:55,460 - INFO -         [诸葛亮]由于[诸葛亮]【草船借箭】的[草船借箭]效果,损失了兵力64(6433)
2025-07-22 10:31:55,460 - INFO -         [诸葛亮]触发攻心
2025-07-22 10:31:55,460 - INFO -         [诸葛亮]恢复了兵力15(409)
2025-07-22 10:31:55,461 - INFO -         [诸葛亮]发动来自【草船借箭】的[草船借箭]效果, 但因几率未触发
2025-07-22 10:31:55,461 - INFO -         [周瑜]执行来自【临机制胜】的[临机制胜-制胜]效果
2025-07-22 10:31:55,461 - INFO -         [诸葛亮]由于[周瑜]【临机制胜】的[临机制胜-制胜]效果,损失了兵力136(6297)
2025-07-22 10:31:55,461 - INFO -         [诸葛亮]执行来自【草船借箭】的[草船借箭]效果
2025-07-22 10:31:55,461 - INFO -         [诸葛亮]由于[诸葛亮]【草船借箭】的[草船借箭]效果,损失了兵力348(61)
2025-07-22 10:31:55,461 - INFO -         [诸葛亮]触发攻心
2025-07-22 10:31:55,461 - INFO -         [诸葛亮]恢复了兵力83(6297)
2025-07-22 10:31:55,461 - INFO -         [诸葛亮]发动来自【草船借箭】的[草船借箭]效果, 但因几率未触发
2025-07-22 10:31:55,461 - INFO -         [许褚]由于[周瑜]【临机制胜】的[临机制胜-制胜]效果,损失了兵力212(5965)
2025-07-22 10:31:55,462 - INFO -         [周瑜]执行来自【临机制胜】的[临机制胜-制胜]效果
2025-07-22 10:31:55,462 - INFO -         [SP诸葛亮]由于[诸葛亮]【临机制胜】的[临机制胜-制胜]效果,损失了兵力29(5960)
2025-07-22 10:31:55,462 - INFO -         [诸葛亮]触发攻心
2025-07-22 10:31:55,462 - INFO -         [诸葛亮]恢复了兵力7(61)
2025-07-22 10:31:55,462 - INFO -         [诸葛亮]由于[诸葛亮]【临机制胜】的[临机制胜-制胜]效果,损失了兵力32(6265)
2025-07-22 10:31:55,462 - INFO -         [诸葛亮]触发攻心
2025-07-22 10:31:55,462 - INFO -         [诸葛亮]恢复了兵力7(61)
2025-07-22 10:31:55,462 - INFO -         [诸葛亮]执行来自【草船借箭】的[草船借箭]效果
2025-07-22 10:31:55,462 - INFO -         [周瑜]由于[诸葛亮]【草船借箭】的[草船借箭]效果,损失了兵力330(3975)
2025-07-22 10:31:55,462 - INFO -         [诸葛亮]触发攻心
2025-07-22 10:31:55,462 - INFO -         [诸葛亮]恢复了兵力79(6265)
2025-07-22 10:31:55,463 - INFO -         [诸葛亮]执行来自【临机制胜】的[临机制胜-恢复]效果
2025-07-22 10:31:55,463 - INFO -         [诸葛亮]恢复了兵力517(61)
2025-07-22 10:31:55,463 - INFO -         [颜良]恢复了兵力517(2033)
2025-07-22 10:31:55,463 - INFO -         [周瑜]恢复了兵力517(3975)
2025-07-22 10:31:55,463 - INFO -     [SP诸葛亮]对[诸葛亮]发动普通攻击
2025-07-22 10:31:55,463 - INFO -         [诸葛亮]损失了兵力61(0)
2025-07-22 10:31:55,463 - INFO -         [诸葛亮]兵力为0 无法再战
2025-07-22 10:31:55,463 - INFO -         [许褚]的[十二奇策]效果已消失
2025-07-22 10:31:55,463 - INFO -         [许褚]的【妖术】效果已消失
2025-07-22 10:31:55,463 - INFO -         [许褚]的【会心伤害】提升15.00%(165.00%)
2025-07-22 10:31:55,464 - INFO -         [许褚]的【奇谋伤害】提升15.00%(165.00%)
2025-07-22 10:31:55,464 - INFO -         [诸葛亮]的[十二奇策]效果已消失
2025-07-22 10:31:55,464 - INFO -         [诸葛亮]的【风暴】效果已消失
2025-07-22 10:31:55,464 - INFO -         [诸葛亮]的【先攻】提升30.00(137.81)
2025-07-22 10:31:55,464 - INFO -         [诸葛亮]的[十二奇策]效果已消失
2025-07-22 10:31:55,464 - INFO -         [诸葛亮]的【妖术】效果已消失
2025-07-22 10:31:55,464 - INFO -         [诸葛亮]的【会心伤害】提升15.00%(150.00%)
2025-07-22 10:31:55,464 - INFO -         [诸葛亮]的【奇谋伤害】提升15.00%(150.00%)
2025-07-22 10:31:55,464 - INFO -         [SP诸葛亮]的[十二奇策]效果已消失
2025-07-22 10:31:55,464 - INFO -         [SP诸葛亮]的【妖术】效果已消失
2025-07-22 10:31:55,464 - INFO -         [SP诸葛亮]的【会心伤害】提升15.00%(150.00%)
2025-07-22 10:31:55,464 - INFO -         [SP诸葛亮]的【奇谋伤害】提升15.00%(150.00%)
2025-07-22 10:31:55,464 - INFO - [周瑜]开始行动
2025-07-22 10:31:55,465 - INFO -     [周瑜]对[许褚]发动普通攻击
2025-07-22 10:31:55,465 - INFO -         [周瑜]由于[SP诸葛亮]【十二奇策】的[虚弱]效果造成伤害减少70%
2025-07-22 10:31:55,465 - INFO -         [许褚]损失了兵力130(5835)
2025-07-22 10:31:55,465 - INFO - [诸葛亮]开始行动
2025-07-22 10:31:55,465 - INFO - [诸葛亮]开始行动
2025-07-22 10:31:55,465 - INFO -     [诸葛亮]对[颜良]发动普通攻击
2025-07-22 10:31:55,466 - INFO -         [颜良]损失了兵力205(1828)
2025-07-22 10:31:55,466 - INFO - 
[第 5 回合]
2025-07-22 10:31:55,466 - INFO - [许褚]开始行动
2025-07-22 10:31:55,466 - INFO -     [许褚]执行来自【星罗棋布】的[星罗棋布-双前排阵型]效果
2025-07-22 10:31:55,466 - INFO -         [周瑜]由于[许褚]【星罗棋布】的[星罗棋布-双前排阵型]效果,损失了兵力368(3607)
2025-07-22 10:31:55,466 - INFO -         [颜良]由于[许褚]【星罗棋布】的[星罗棋布-双前排阵型]效果,损失了兵力475(1353)
2025-07-22 10:31:55,467 - INFO -     [许褚]对[颜良]发动普通攻击
2025-07-22 10:31:55,467 - INFO -         [颜良]损失了兵力297(1056)
2025-07-22 10:31:55,467 - INFO -     [许褚]发动战法【膂力过人】
2025-07-22 10:31:55,467 - INFO -         [颜良]由于[许褚]的【膂力过人】的伤害,损失了兵力445(611)
2025-07-22 10:31:55,467 - INFO -     [颜良]执行来自【膂力过人】的[膂力过人]效果
2025-07-22 10:31:55,467 - INFO -         [颜良]由于[许褚]【膂力过人】的[膂力过人]效果,损失了兵力208(403)
2025-07-22 10:31:55,468 - INFO -     [许褚]进行连击
2025-07-22 10:31:55,468 - INFO -     [许褚]对[颜良]发动普通攻击
2025-07-22 10:31:55,468 - INFO -         [颜良]损失了兵力297(106)
2025-07-22 10:31:55,468 - INFO -     [许褚]发动战法【膂力过人】
2025-07-22 10:31:55,468 - INFO -         [颜良]由于[许褚]的【膂力过人】的伤害,损失了兵力106(0)
2025-07-22 10:31:55,468 - INFO -         [颜良]兵力为0 无法再战
2025-07-22 10:31:55,468 - INFO -     [颜良]执行来自【膂力过人】的[膂力过人]效果
2025-07-22 10:31:55,469 - INFO - [颜良]开始行动
2025-07-22 10:31:55,469 - INFO - [SP诸葛亮]开始行动
2025-07-22 10:31:55,469 - INFO -         [SP诸葛亮]因几率未发动战法【十二奇策】
2025-07-22 10:31:55,469 - INFO -     [SP诸葛亮]对[周瑜]发动普通攻击
2025-07-22 10:31:55,469 - INFO -         [周瑜]损失了兵力245(3362)
2025-07-22 10:31:55,470 - INFO - [周瑜]开始行动
2025-07-22 10:31:55,470 - INFO -     [周瑜]对[诸葛亮]发动普通攻击
2025-07-22 10:31:55,470 - INFO -         [周瑜]由于[SP诸葛亮]【十二奇策】的[虚弱]效果造成伤害减少70%
2025-07-22 10:31:55,470 - INFO -         [诸葛亮]损失了兵力93(6172)
2025-07-22 10:31:55,470 - INFO -         [诸葛亮]执行来自【草船借箭】的[草船借箭]效果
2025-07-22 10:31:55,470 - INFO -         [周瑜]由于[诸葛亮]【草船借箭】的[草船借箭]效果,损失了兵力329(3033)
2025-07-22 10:31:55,470 - INFO -         [诸葛亮]触发攻心
2025-07-22 10:31:55,471 - INFO -         [诸葛亮]恢复了兵力78(6172)
2025-07-22 10:31:55,471 - INFO - [诸葛亮]开始行动
2025-07-22 10:31:55,471 - INFO -     [诸葛亮]对[周瑜]发动普通攻击
2025-07-22 10:31:55,471 - INFO -         [周瑜]损失了兵力163(2870)
2025-07-22 10:31:55,471 - INFO - 
[第 6 回合]
2025-07-22 10:31:55,472 - INFO - [许褚]开始行动
2025-07-22 10:31:55,472 - INFO -     [许褚]执行来自【星罗棋布】的[星罗棋布-双前排阵型]效果
2025-07-22 10:31:55,472 - INFO -         [周瑜]由于[许褚]【星罗棋布】的[星罗棋布-双前排阵型]效果,损失了兵力368(2502)
2025-07-22 10:31:55,472 - INFO -     [许褚]没有可攻击的敌方武将
2025-07-22 10:31:55,472 - INFO -     [许褚]对[周瑜]发动普通攻击
2025-07-22 10:31:55,472 - INFO -         [周瑜]损失了兵力230(2272)
2025-07-22 10:31:55,472 - INFO -     [许褚]发动战法【膂力过人】
2025-07-22 10:31:55,472 - INFO -         [周瑜]由于[许褚]的【膂力过人】的伤害,损失了兵力345(1927)
2025-07-22 10:31:55,473 - INFO -     [周瑜]执行来自【膂力过人】的[膂力过人]效果
2025-07-22 10:31:55,473 - INFO -         [周瑜]由于[许褚]【膂力过人】的[膂力过人]效果,损失了兵力161(1766)
2025-07-22 10:31:55,473 - INFO -     [许褚]进行连击
2025-07-22 10:31:55,473 - INFO -     [许褚]对[周瑜]发动普通攻击
2025-07-22 10:31:55,473 - INFO -         [周瑜]损失了兵力230(1536)
2025-07-22 10:31:55,473 - INFO -     [许褚]发动战法【膂力过人】
2025-07-22 10:31:55,473 - INFO -         [周瑜]由于[许褚]的【膂力过人】的伤害,损失了兵力345(1191)
2025-07-22 10:31:55,474 - INFO -     [周瑜]执行来自【膂力过人】的[膂力过人]效果
2025-07-22 10:31:55,474 - INFO -         [周瑜]由于[许褚]【膂力过人】的[膂力过人]效果,损失了兵力161(1030)
2025-07-22 10:31:55,474 - INFO - [SP诸葛亮]开始行动
2025-07-22 10:31:55,474 - INFO -         [SP诸葛亮]发动战法【十二奇策】
2025-07-22 10:31:55,474 - INFO -         [周瑜]由于[SP诸葛亮]的【十二奇策】的伤害,损失了兵力838(192)
2025-07-22 10:31:55,474 - INFO -         [周瑜]执行来自【十二奇策】的[十二奇谋]效果
2025-07-22 10:31:55,475 - INFO -         [周瑜]的【震慑】效果已施加
2025-07-22 10:31:55,475 - INFO -         [周瑜]执行来自【临机制胜】的[临机制胜-制胜]效果
2025-07-22 10:31:55,475 - INFO -         [周瑜]由于[SP诸葛亮]【临机制胜】的[临机制胜-制胜]效果,损失了兵力192(0)
2025-07-22 10:31:55,475 - INFO -         [周瑜]兵力为0 无法再战
2025-07-22 10:31:55,476 - INFO -         [SP诸葛亮]执行来自【临机制胜】的[临机制胜-恢复]效果
2025-07-22 10:31:55,476 - INFO -         [诸葛亮]恢复了兵力548(6172)
2025-07-22 10:31:55,476 - INFO -         [SP诸葛亮]恢复了兵力548(5960)
2025-07-22 10:31:55,476 - INFO -         [许褚]恢复了兵力548(5835)
2025-07-22 10:31:55,476 - INFO - [夫人队]战斗结束
2025-07-22 10:31:55,476 - INFO - ------------ 当前对 夫人队 的第 1 次对抗测试结束
2025-07-22 10:31:55,476 - INFO - ------------ [诸葛队] 获胜 0 场，[夫人队] 获胜 1 场
