2025-07-22 10:34:00,842 - INFO - ------------ 当前选择的模式是:1_VS_1
2025-07-22 10:34:00,845 - INFO - ------------ 由 [诸葛队] 对战 [夫人队]
2025-07-22 10:34:00,845 - INFO - ------------ 对抗的次数为 1
2025-07-22 10:34:00,845 - INFO - ------------ 当前第 1 次对抗测试
2025-07-22 10:34:00,852 - INFO - 
[第 1 局]
2025-07-22 10:34:00,853 - INFO - [列队布阵阶段]
2025-07-22 10:34:00,853 - INFO -     [诸葛队]当前补给为100,造成伤害降低0%
2025-07-22 10:34:00,853 - INFO -     [夫人队]当前补给为100,造成伤害降低0%
2025-07-22 10:34:00,853 - INFO -     [诸葛队]获得【阵型-萁型阵】强化效果
2025-07-22 10:34:00,853 - INFO -         [诸葛亮]的【受到伤害】降低6.00%(-6.00%)
2025-07-22 10:34:00,853 - INFO -         [颜良]的【造成伤害】提升12.00%(112.00%)
2025-07-22 10:34:00,853 - INFO -         [周瑜]的【造成伤害】提升12.00%(112.00%)
2025-07-22 10:34:00,853 - INFO -     [夫人队]获得【阵型-偃月阵】强化效果
2025-07-22 10:34:00,853 - INFO -         [SP诸葛亮]的【造成伤害】提升14.00%(114.00%)
2025-07-22 10:34:00,854 - INFO -         [诸葛亮]的【造成伤害】提升14.00%(114.00%)
2025-07-22 10:34:00,854 - INFO -         [许褚]的【受到伤害】降低5.00%(-5.00%)
2025-07-22 10:34:00,854 - INFO -     [SP诸葛亮]发动战法【星罗棋布】
2025-07-22 10:34:00,854 - INFO -         [SP诸葛亮]执行来自【星罗棋布】的[星罗棋布-阵型]效果
2025-07-22 10:34:00,854 - INFO -         [SP诸葛亮]的【造成伤害】提升14.54%(128.54%)
2025-07-22 10:34:00,854 - INFO -         [许褚]执行来自【星罗棋布】的[星罗棋布-阵型]效果
2025-07-22 10:34:00,854 - INFO -         [许褚]的【受到伤害】降低5.19%(-10.19%)
2025-07-22 10:34:00,854 - INFO -         [诸葛亮]执行来自【星罗棋布】的[星罗棋布-阵型]效果
2025-07-22 10:34:00,854 - INFO -         [诸葛亮]的【造成伤害】提升14.54%(128.54%)
2025-07-22 10:34:00,854 - INFO -    [夫人队]获得【蜀】强化效果,属性提升 5.0%
2025-07-22 10:34:00,854 - INFO -         [SP诸葛亮]的【武力】提升6.41(134.61)
2025-07-22 10:34:00,854 - INFO -         [SP诸葛亮]的【智力】提升13.00(273.00)
2025-07-22 10:34:00,854 - INFO -         [SP诸葛亮]的【统帅】提升10.24(215.04)
2025-07-22 10:34:00,854 - INFO -         [SP诸葛亮]的【先攻】提升6.90(144.85)
2025-07-22 10:34:00,854 - INFO -         [许褚]的【武力】提升11.89(249.64)
2025-07-22 10:34:00,854 - INFO -         [许褚]的【智力】提升5.72(120.07)
2025-07-22 10:34:00,854 - INFO -         [许褚]的【统帅】提升8.44(177.24)
2025-07-22 10:34:00,854 - INFO -         [许褚]的【先攻】提升9.30(195.30)
2025-07-22 10:34:00,855 - INFO -         [诸葛亮]的【武力】提升3.67(77.07)
2025-07-22 10:34:00,855 - INFO -         [诸葛亮]的【智力】提升15.50(325.50)
2025-07-22 10:34:00,855 - INFO -         [诸葛亮]的【统帅】提升10.73(225.22)
2025-07-22 10:34:00,855 - INFO -         [诸葛亮]的【先攻】提升6.56(137.81)
2025-07-22 10:34:00,855 - INFO -     [诸葛队]获得【兵种-弓】强化效果
2025-07-22 10:34:00,855 - INFO -         [诸葛亮]的【造成伤害】提升3.50%(103.50%)
2025-07-22 10:34:00,855 - INFO -         [颜良]的【造成伤害】提升3.50%(115.50%)
2025-07-22 10:34:00,855 - INFO -         [周瑜]的【造成伤害】提升3.50%(115.50%)
2025-07-22 10:34:00,855 - INFO -     [夫人队]获得【才堪相配】强化效果
2025-07-22 10:34:00,855 - INFO -         [SP诸葛亮]的【受治疗效果】提升8.00%(108.00%)
2025-07-22 10:34:00,855 - INFO -         [诸葛亮]的【受治疗效果】提升8.00%(108.00%)
2025-07-22 10:34:00,855 - INFO -     [许褚]发动战法【裸衣血战】
2025-07-22 10:34:00,855 - INFO -         [许褚]的【先攻】提升20.00(215.30)
2025-07-22 10:34:00,855 - INFO -         [许褚]的【武力】提升20.00(257.75)
2025-07-22 10:34:00,855 - INFO -         [许褚]的【连击几率】提升100.00%(100.00%)
2025-07-22 10:34:00,855 - INFO -         [许褚]的【统帅】降低15.00(162.24)
2025-07-22 10:34:00,856 - INFO -         [许褚]的【造成伤害】降低0.00%(100.00%)
2025-07-22 10:34:00,856 - INFO -     [周瑜]发动战法【临机制胜】
2025-07-22 10:34:00,856 - INFO -     [SP诸葛亮]发动战法【星罗棋布】
2025-07-22 10:34:00,856 - INFO -         [SP诸葛亮]的【受到谋略伤害】降低14.75%(-14.75%)
2025-07-22 10:34:00,856 - INFO -         [许褚]的【受到谋略伤害】降低11.34%(-11.34%)
2025-07-22 10:34:00,856 - INFO -         [诸葛亮]的【受到谋略伤害】降低11.34%(-11.34%)
2025-07-22 10:34:00,856 - INFO -         [SP诸葛亮]执行来自【星罗棋布】的[星罗棋布-额外效果]效果
2025-07-22 10:34:00,856 - INFO -         [SP诸葛亮]执行来自【星罗棋布】的[星罗棋布-双前排阵型]效果
2025-07-22 10:34:00,856 - INFO -         [许褚]的【对前排造成伤害】提升20.00%(120.00%)
2025-07-22 10:34:00,856 - INFO -         [许褚]的[星罗棋布-双前排阵型]效果已施加
2025-07-22 10:34:00,856 - INFO -     [SP诸葛亮]发动战法【临机制胜】
2025-07-22 10:34:00,856 - INFO -     [诸葛亮]发动战法【草船借箭】
2025-07-22 10:34:00,856 - INFO -         [诸葛亮]的【攻心】提升24.00%(24.00%)
2025-07-22 10:34:00,856 - INFO -     [诸葛亮]发动战法【临机制胜】
2025-07-22 10:34:00,856 - INFO -     [诸葛亮]发动战法【草船借箭】
2025-07-22 10:34:00,856 - INFO -         [诸葛亮]的【攻心】提升24.00%(24.00%)
2025-07-22 10:34:00,856 - INFO - 
[第 1 回合]
2025-07-22 10:34:00,857 - INFO - [许褚]开始行动
2025-07-22 10:34:00,857 - INFO -     [许褚]执行来自【星罗棋布】的[星罗棋布-双前排阵型]效果
2025-07-22 10:34:00,857 - INFO -         [诸葛亮]由于[许褚]【星罗棋布】的[星罗棋布-双前排阵型]效果,损失了兵力461(9539)
2025-07-22 10:34:00,857 - INFO -         [诸葛亮]发动来自【草船借箭】的[草船借箭]效果, 但因几率未触发
2025-07-22 10:34:00,857 - INFO -     [许褚]对[诸葛亮]发动普通攻击
2025-07-22 10:34:00,857 - INFO -         [诸葛亮]损失了兵力288(9251)
2025-07-22 10:34:00,857 - INFO -         [诸葛亮]执行来自【草船借箭】的[草船借箭]效果
2025-07-22 10:34:00,858 - INFO -         [诸葛亮]由于[诸葛亮]【草船借箭】的[草船借箭]效果,损失了兵力197(9803)
2025-07-22 10:34:00,858 - INFO -         [诸葛亮]触发攻心
2025-07-22 10:34:00,858 - INFO -         [诸葛亮]恢复了兵力47(9251)
2025-07-22 10:34:00,858 - INFO -         [诸葛亮]执行来自【草船借箭】的[草船借箭]效果
2025-07-22 10:34:00,858 - INFO -         [诸葛亮]由于[诸葛亮]【草船借箭】的[草船借箭]效果,损失了兵力364(8887)
2025-07-22 10:34:00,858 - INFO -         [诸葛亮]触发攻心
2025-07-22 10:34:00,858 - INFO -         [诸葛亮]恢复了兵力87(9803)
2025-07-22 10:34:00,858 - INFO -         [诸葛亮]发动来自【草船借箭】的[草船借箭]效果, 但因几率未触发
2025-07-22 10:34:00,858 - INFO -     [许褚]发动战法【膂力过人】
2025-07-22 10:34:00,858 - INFO -         [诸葛亮]由于[许褚]的【膂力过人】的伤害,损失了兵力432(8455)
2025-07-22 10:34:00,859 - INFO -         [诸葛亮]执行来自【草船借箭】的[草船借箭]效果
2025-07-22 10:34:00,859 - INFO -         [SP诸葛亮]由于[诸葛亮]【草船借箭】的[草船借箭]效果,损失了兵力172(9828)
2025-07-22 10:34:00,859 - INFO -         [诸葛亮]触发攻心
2025-07-22 10:34:00,859 - INFO -         [诸葛亮]恢复了兵力41(8455)
2025-07-22 10:34:00,859 - INFO -     [诸葛亮]执行来自【膂力过人】的[膂力过人]效果
2025-07-22 10:34:00,859 - INFO -         [诸葛亮]由于[许褚]【膂力过人】的[膂力过人]效果,损失了兵力201(8254)
2025-07-22 10:34:00,859 - INFO -         [诸葛亮]执行来自【草船借箭】的[草船借箭]效果
2025-07-22 10:34:00,859 - INFO -         [许褚]由于[诸葛亮]【草船借箭】的[草船借箭]效果,损失了兵力303(9697)
2025-07-22 10:34:00,859 - INFO -         [诸葛亮]触发攻心
2025-07-22 10:34:00,859 - INFO -         [诸葛亮]恢复了兵力72(8254)
2025-07-22 10:34:00,860 - INFO -     [许褚]进行连击
2025-07-22 10:34:00,860 - INFO -     [许褚]对[诸葛亮]发动普通攻击
2025-07-22 10:34:00,860 - INFO -         [诸葛亮]损失了兵力288(7966)
2025-07-22 10:34:00,860 - INFO -         [诸葛亮]发动来自【草船借箭】的[草船借箭]效果, 但因几率未触发
2025-07-22 10:34:00,860 - INFO -     [许褚]发动战法【膂力过人】
2025-07-22 10:34:00,860 - INFO -         [诸葛亮]由于[许褚]的【膂力过人】的伤害,损失了兵力432(7534)
2025-07-22 10:34:00,860 - INFO -         [诸葛亮]发动来自【草船借箭】的[草船借箭]效果, 但因几率未触发
2025-07-22 10:34:00,860 - INFO -     [诸葛亮]执行来自【膂力过人】的[膂力过人]效果
2025-07-22 10:34:00,860 - INFO -         [诸葛亮]由于[许褚]【膂力过人】的[膂力过人]效果,损失了兵力201(7333)
2025-07-22 10:34:00,861 - INFO -         [诸葛亮]执行来自【草船借箭】的[草船借箭]效果
2025-07-22 10:34:00,861 - INFO -         [SP诸葛亮]由于[诸葛亮]【草船借箭】的[草船借箭]效果,损失了兵力162(9666)
2025-07-22 10:34:00,861 - INFO -         [诸葛亮]触发攻心
2025-07-22 10:34:00,861 - INFO -         [诸葛亮]恢复了兵力39(7333)
2025-07-22 10:34:00,861 - INFO - [颜良]开始行动
2025-07-22 10:34:00,861 - INFO -     [颜良]对[诸葛亮]发动普通攻击
2025-07-22 10:34:00,861 - INFO -         [诸葛亮]损失了兵力260(9543)
2025-07-22 10:34:00,862 - INFO -         [诸葛亮]执行来自【草船借箭】的[草船借箭]效果
2025-07-22 10:34:00,862 - INFO -         [颜良]由于[诸葛亮]【草船借箭】的[草船借箭]效果,损失了兵力568(9432)
2025-07-22 10:34:00,862 - INFO -         [诸葛亮]触发攻心
2025-07-22 10:34:00,862 - INFO -         [诸葛亮]恢复了兵力136(9543)
2025-07-22 10:34:00,862 - INFO -     [颜良]发动战法【膂力过人】
2025-07-22 10:34:00,862 - INFO -         [诸葛亮]由于[颜良]的【膂力过人】的伤害,损失了兵力391(9152)
2025-07-22 10:34:00,862 - INFO -         [诸葛亮]发动来自【草船借箭】的[草船借箭]效果, 但因几率未触发
2025-07-22 10:34:00,862 - INFO -     [诸葛亮]执行来自【膂力过人】的[膂力过人]效果
2025-07-22 10:34:00,862 - INFO -         [诸葛亮]由于[颜良]【膂力过人】的[膂力过人]效果,损失了兵力182(8970)
2025-07-22 10:34:00,862 - INFO -         [诸葛亮]发动来自【草船借箭】的[草船借箭]效果, 但因几率未触发
2025-07-22 10:34:00,863 - INFO - [SP诸葛亮]开始行动
2025-07-22 10:34:00,863 - INFO -         [SP诸葛亮]发动战法【十二奇策】
2025-07-22 10:34:00,863 - INFO -         [颜良]由于[SP诸葛亮]的【十二奇策】的伤害,损失了兵力1192(8240)
2025-07-22 10:34:00,863 - INFO -         [颜良]执行来自【十二奇策】的[十二奇谋]效果
2025-07-22 10:34:00,864 - INFO -         [颜良]的【技穷】效果已施加
2025-07-22 10:34:00,864 - INFO -         [颜良]执行来自【临机制胜】的[临机制胜-制胜]效果
2025-07-22 10:34:00,865 - INFO -         [诸葛亮]由于[SP诸葛亮]【临机制胜】的[临机制胜-制胜]效果,损失了兵力256(7077)
2025-07-22 10:34:00,865 - INFO -         [诸葛亮]发动来自【草船借箭】的[草船借箭]效果, 但因几率未触发
2025-07-22 10:34:00,865 - INFO -         [周瑜]由于[SP诸葛亮]【临机制胜】的[临机制胜-制胜]效果,损失了兵力269(9731)
2025-07-22 10:34:00,865 - INFO -         [颜良]发动来自【临机制胜】的[临机制胜-制胜]效果, 但因几率未触发
2025-07-22 10:34:00,865 - INFO -         [颜良]执行来自【临机制胜】的[临机制胜-制胜]效果
2025-07-22 10:34:00,865 - INFO -         [SP诸葛亮]由于[诸葛亮]【临机制胜】的[临机制胜-制胜]效果,损失了兵力120(9546)
2025-07-22 10:34:00,865 - INFO -         [诸葛亮]触发攻心
2025-07-22 10:34:00,865 - INFO -         [诸葛亮]恢复了兵力28(7077)
2025-07-22 10:34:00,865 - INFO -         [许褚]由于[诸葛亮]【临机制胜】的[临机制胜-制胜]效果,损失了兵力213(9484)
2025-07-22 10:34:00,866 - INFO -         [诸葛亮]触发攻心
2025-07-22 10:34:00,866 - INFO -         [诸葛亮]恢复了兵力51(7077)
2025-07-22 10:34:00,866 - INFO -         [诸葛亮]由于[SP诸葛亮]的【十二奇策】的伤害,损失了兵力940(6137)
2025-07-22 10:34:00,866 - INFO -         [诸葛亮]发动来自【草船借箭】的[草船借箭]效果, 但因几率未触发
2025-07-22 10:34:00,866 - INFO -         [诸葛亮]执行来自【十二奇策】的[十二奇谋]效果
2025-07-22 10:34:00,867 - INFO -         [诸葛亮]的【震慑】效果已施加
2025-07-22 10:34:00,867 - INFO -         [诸葛亮]执行来自【临机制胜】的[临机制胜-制胜]效果
2025-07-22 10:34:00,867 - INFO -         [周瑜]由于[SP诸葛亮]【临机制胜】的[临机制胜-制胜]效果,损失了兵力269(9462)
2025-07-22 10:34:00,867 - INFO -         [诸葛亮]由于[SP诸葛亮]【临机制胜】的[临机制胜-制胜]效果,损失了兵力256(5881)
2025-07-22 10:34:00,867 - INFO -         [诸葛亮]发动来自【草船借箭】的[草船借箭]效果, 但因几率未触发
2025-07-22 10:34:00,868 - INFO -         [诸葛亮]执行来自【临机制胜】的[临机制胜-制胜]效果
2025-07-22 10:34:00,868 - INFO -         [SP诸葛亮]由于[周瑜]【临机制胜】的[临机制胜-制胜]效果,损失了兵力163(9383)
2025-07-22 10:34:00,868 - INFO -         [诸葛亮]由于[周瑜]【临机制胜】的[临机制胜-制胜]效果,损失了兵力182(8788)
2025-07-22 10:34:00,868 - INFO -         [诸葛亮]发动来自【草船借箭】的[草船借箭]效果, 但因几率未触发
2025-07-22 10:34:00,868 - INFO -         [诸葛亮]执行来自【临机制胜】的[临机制胜-制胜]效果
2025-07-22 10:34:00,868 - INFO -         [SP诸葛亮]由于[诸葛亮]【临机制胜】的[临机制胜-制胜]效果,损失了兵力112(9271)
2025-07-22 10:34:00,868 - INFO -         [诸葛亮]触发攻心
2025-07-22 10:34:00,868 - INFO -         [诸葛亮]恢复了兵力26(5881)
2025-07-22 10:34:00,869 - INFO -         [许褚]由于[诸葛亮]【临机制胜】的[临机制胜-制胜]效果,损失了兵力199(9285)
2025-07-22 10:34:00,869 - INFO -         [诸葛亮]触发攻心
2025-07-22 10:34:00,869 - INFO -         [诸葛亮]恢复了兵力47(5881)
2025-07-22 10:34:00,869 - INFO -     [SP诸葛亮]对[颜良]发动普通攻击
2025-07-22 10:34:00,869 - INFO -         [颜良]损失了兵力287(7953)
2025-07-22 10:34:00,869 - INFO - [周瑜]开始行动
2025-07-22 10:34:00,869 - INFO -     [周瑜]对[SP诸葛亮]发动普通攻击
2025-07-22 10:34:00,870 - INFO -         [SP诸葛亮]损失了兵力174(9097)
2025-07-22 10:34:00,870 - INFO - [诸葛亮]开始行动
2025-07-22 10:34:00,870 - INFO -     [诸葛亮]对[诸葛亮]发动普通攻击
2025-07-22 10:34:00,870 - INFO -         [诸葛亮]损失了兵力162(5719)
2025-07-22 10:34:00,870 - INFO -         [诸葛亮]发动来自【草船借箭】的[草船借箭]效果, 但因几率未触发
2025-07-22 10:34:00,870 - INFO - [诸葛亮]开始行动
2025-07-22 10:34:00,871 - INFO - [诸葛亮]战法【十二奇策】无法释放
2025-07-22 10:34:00,871 - INFO -     [诸葛亮]无法普攻
2025-07-22 10:34:00,871 - INFO - 
[第 2 回合]
2025-07-22 10:34:00,871 - INFO - [许褚]开始行动
2025-07-22 10:34:00,871 - INFO -     [许褚]执行来自【星罗棋布】的[星罗棋布-双前排阵型]效果
2025-07-22 10:34:00,871 - INFO -         [颜良]由于[许褚]【星罗棋布】的[星罗棋布-双前排阵型]效果,损失了兵力564(7389)
2025-07-22 10:34:00,872 - INFO -     [许褚]对[周瑜]发动普通攻击
2025-07-22 10:34:00,872 - INFO -         [周瑜]损失了兵力273(9189)
2025-07-22 10:34:00,872 - INFO -     [许褚]发动战法【膂力过人】
2025-07-22 10:34:00,872 - INFO -         [周瑜]由于[许褚]的【膂力过人】的伤害,损失了兵力410(8779)
2025-07-22 10:34:00,872 - INFO -     [周瑜]执行来自【膂力过人】的[膂力过人]效果
2025-07-22 10:34:00,872 - INFO -         [周瑜]由于[许褚]【膂力过人】的[膂力过人]效果,损失了兵力191(8588)
2025-07-22 10:34:00,872 - INFO -     [许褚]进行连击
2025-07-22 10:34:00,872 - INFO -     [许褚]对[诸葛亮]发动普通攻击
2025-07-22 10:34:00,873 - INFO -         [诸葛亮]损失了兵力288(5431)
2025-07-22 10:34:00,873 - INFO -         [诸葛亮]发动来自【草船借箭】的[草船借箭]效果, 但因几率未触发
2025-07-22 10:34:00,873 - INFO -     [许褚]发动战法【膂力过人】
2025-07-22 10:34:00,873 - INFO -         [诸葛亮]由于[许褚]的【膂力过人】的伤害,损失了兵力432(4999)
2025-07-22 10:34:00,873 - INFO -         [诸葛亮]执行来自【草船借箭】的[草船借箭]效果
2025-07-22 10:34:00,873 - INFO -         [SP诸葛亮]由于[诸葛亮]【草船借箭】的[草船借箭]效果,损失了兵力142(8955)
2025-07-22 10:34:00,873 - INFO -         [诸葛亮]触发攻心
2025-07-22 10:34:00,873 - INFO -         [诸葛亮]恢复了兵力34(4999)
2025-07-22 10:34:00,873 - INFO -     [诸葛亮]执行来自【膂力过人】的[膂力过人]效果
2025-07-22 10:34:00,873 - INFO -         [诸葛亮]由于[许褚]【膂力过人】的[膂力过人]效果,损失了兵力201(4798)
2025-07-22 10:34:00,874 - INFO -         [诸葛亮]发动来自【草船借箭】的[草船借箭]效果, 但因几率未触发
2025-07-22 10:34:00,874 - INFO - [颜良]开始行动
2025-07-22 10:34:00,874 - INFO -     [颜良]对[诸葛亮]发动普通攻击
2025-07-22 10:34:00,874 - INFO -         [诸葛亮]损失了兵力239(8549)
2025-07-22 10:34:00,874 - INFO -         [诸葛亮]执行来自【草船借箭】的[草船借箭]效果
2025-07-22 10:34:00,874 - INFO -         [诸葛亮]由于[诸葛亮]【草船借箭】的[草船借箭]效果,损失了兵力356(4442)
2025-07-22 10:34:00,874 - INFO -         [诸葛亮]触发攻心
2025-07-22 10:34:00,874 - INFO -         [诸葛亮]恢复了兵力85(8549)
2025-07-22 10:34:00,875 - INFO -         [诸葛亮]发动来自【草船借箭】的[草船借箭]效果, 但因几率未触发
2025-07-22 10:34:00,875 - INFO -     [颜良]发动战法【膂力过人】
2025-07-22 10:34:00,875 - INFO -         [诸葛亮]由于[颜良]的【膂力过人】的伤害,损失了兵力359(8190)
2025-07-22 10:34:00,875 - INFO -         [诸葛亮]执行来自【草船借箭】的[草船借箭]效果
2025-07-22 10:34:00,875 - INFO -         [周瑜]由于[诸葛亮]【草船借箭】的[草船借箭]效果,损失了兵力367(8221)
2025-07-22 10:34:00,875 - INFO -         [诸葛亮]触发攻心
2025-07-22 10:34:00,875 - INFO -         [诸葛亮]恢复了兵力88(8190)
2025-07-22 10:34:00,875 - INFO -     [诸葛亮]执行来自【膂力过人】的[膂力过人]效果
2025-07-22 10:34:00,875 - INFO -         [诸葛亮]由于[颜良]【膂力过人】的[膂力过人]效果,损失了兵力167(8023)
2025-07-22 10:34:00,875 - INFO -         [诸葛亮]执行来自【草船借箭】的[草船借箭]效果
2025-07-22 10:34:00,876 - INFO -         [颜良]由于[诸葛亮]【草船借箭】的[草船借箭]效果,损失了兵力540(6849)
2025-07-22 10:34:00,876 - INFO -         [诸葛亮]触发攻心
2025-07-22 10:34:00,876 - INFO -         [诸葛亮]恢复了兵力129(8023)
2025-07-22 10:34:00,876 - INFO - [SP诸葛亮]开始行动
2025-07-22 10:34:00,876 - INFO -         [SP诸葛亮]因几率未发动战法【十二奇策】
2025-07-22 10:34:00,876 - INFO -     [SP诸葛亮]对[诸葛亮]发动普通攻击
2025-07-22 10:34:00,876 - INFO -         [诸葛亮]损失了兵力251(4191)
2025-07-22 10:34:00,876 - INFO -         [诸葛亮]发动来自【草船借箭】的[草船借箭]效果, 但因几率未触发
2025-07-22 10:34:00,877 - INFO - [周瑜]开始行动
2025-07-22 10:34:00,877 - INFO -     [周瑜]对[SP诸葛亮]发动普通攻击
2025-07-22 10:34:00,877 - INFO -         [SP诸葛亮]损失了兵力168(8787)
2025-07-22 10:34:00,877 - INFO - [诸葛亮]开始行动
2025-07-22 10:34:00,878 - INFO -     [诸葛亮]对[颜良]发动普通攻击
2025-07-22 10:34:00,878 - INFO -         [颜良]损失了兵力226(6623)
2025-07-22 10:34:00,878 - INFO - [诸葛亮]开始行动
2025-07-22 10:34:00,878 - INFO - [诸葛亮]战法【十二奇策】无法释放
2025-07-22 10:34:00,878 - INFO -     [诸葛亮]无法普攻
2025-07-22 10:34:00,878 - INFO - 
[第 3 回合]
2025-07-22 10:34:00,879 - INFO - [许褚]开始行动
2025-07-22 10:34:00,879 - INFO -     [许褚]执行来自【星罗棋布】的[星罗棋布-双前排阵型]效果
2025-07-22 10:34:00,879 - INFO -         [周瑜]由于[许褚]【星罗棋布】的[星罗棋布-双前排阵型]效果,损失了兵力438(7783)
2025-07-22 10:34:00,879 - INFO -         [诸葛亮]由于[许褚]【星罗棋布】的[星罗棋布-双前排阵型]效果,损失了兵力461(3730)
2025-07-22 10:34:00,879 - INFO -         [诸葛亮]执行来自【草船借箭】的[草船借箭]效果
2025-07-22 10:34:00,879 - INFO -         [诸葛亮]由于[诸葛亮]【草船借箭】的[草船借箭]效果,损失了兵力138(7885)
2025-07-22 10:34:00,879 - INFO -         [诸葛亮]触发攻心
2025-07-22 10:34:00,879 - INFO -         [诸葛亮]恢复了兵力33(3730)
2025-07-22 10:34:00,880 - INFO -         [诸葛亮]执行来自【草船借箭】的[草船借箭]效果
2025-07-22 10:34:00,880 - INFO -         [颜良]由于[诸葛亮]【草船借箭】的[草船借箭]效果,损失了兵力537(6086)
2025-07-22 10:34:00,880 - INFO -         [诸葛亮]触发攻心
2025-07-22 10:34:00,880 - INFO -         [诸葛亮]恢复了兵力128(7885)
2025-07-22 10:34:00,880 - INFO -     [许褚]对[颜良]发动普通攻击
2025-07-22 10:34:00,880 - INFO -         [颜良]损失了兵力353(5733)
2025-07-22 10:34:00,880 - INFO -     [许褚]发动战法【膂力过人】
2025-07-22 10:34:00,880 - INFO -         [颜良]由于[许褚]的【膂力过人】的伤害,损失了兵力529(5204)
2025-07-22 10:34:00,881 - INFO -     [颜良]执行来自【膂力过人】的[膂力过人]效果
2025-07-22 10:34:00,881 - INFO -         [颜良]由于[许褚]【膂力过人】的[膂力过人]效果,损失了兵力247(4957)
2025-07-22 10:34:00,881 - INFO -     [许褚]进行连击
2025-07-22 10:34:00,881 - INFO -     [许褚]对[周瑜]发动普通攻击
2025-07-22 10:34:00,881 - INFO -         [周瑜]损失了兵力273(7510)
2025-07-22 10:34:00,881 - INFO -     [许褚]发动战法【膂力过人】
2025-07-22 10:34:00,881 - INFO -         [周瑜]由于[许褚]的【膂力过人】的伤害,损失了兵力410(7100)
2025-07-22 10:34:00,881 - INFO -     [周瑜]执行来自【膂力过人】的[膂力过人]效果
2025-07-22 10:34:00,881 - INFO -         [周瑜]由于[许褚]【膂力过人】的[膂力过人]效果,损失了兵力191(6909)
2025-07-22 10:34:00,882 - INFO - [颜良]开始行动
2025-07-22 10:34:00,882 - INFO -     [颜良]对[SP诸葛亮]发动普通攻击
2025-07-22 10:34:00,882 - INFO -         [SP诸葛亮]损失了兵力253(8534)
2025-07-22 10:34:00,882 - INFO -     [颜良]发动战法【膂力过人】
2025-07-22 10:34:00,882 - INFO -         [SP诸葛亮]由于[颜良]的【膂力过人】的伤害,损失了兵力379(8155)
2025-07-22 10:34:00,882 - INFO -     [SP诸葛亮]执行来自【膂力过人】的[膂力过人]效果
2025-07-22 10:34:00,883 - INFO -         [SP诸葛亮]由于[颜良]【膂力过人】的[膂力过人]效果,损失了兵力177(7978)
2025-07-22 10:34:00,883 - INFO - [SP诸葛亮]开始行动
2025-07-22 10:34:00,883 - INFO -         [SP诸葛亮]因几率未发动战法【十二奇策】
2025-07-22 10:34:00,883 - INFO -     [SP诸葛亮]对[周瑜]发动普通攻击
2025-07-22 10:34:00,883 - INFO -         [周瑜]损失了兵力274(6635)
2025-07-22 10:34:00,883 - INFO - [周瑜]开始行动
2025-07-22 10:34:00,884 - INFO -     [周瑜]对[SP诸葛亮]发动普通攻击
2025-07-22 10:34:00,884 - INFO -         [SP诸葛亮]损失了兵力154(7824)
2025-07-22 10:34:00,884 - INFO - [诸葛亮]开始行动
2025-07-22 10:34:00,884 - INFO -     [诸葛亮]对[诸葛亮]发动普通攻击
2025-07-22 10:34:00,884 - INFO -         [诸葛亮]损失了兵力155(3575)
2025-07-22 10:34:00,884 - INFO -         [诸葛亮]执行来自【草船借箭】的[草船借箭]效果
2025-07-22 10:34:00,885 - INFO -         [SP诸葛亮]由于[诸葛亮]【草船借箭】的[草船借箭]效果,损失了兵力122(7702)
2025-07-22 10:34:00,885 - INFO -         [诸葛亮]触发攻心
2025-07-22 10:34:00,885 - INFO -         [诸葛亮]恢复了兵力29(3575)
2025-07-22 10:34:00,885 - INFO - [诸葛亮]开始行动
2025-07-22 10:34:00,885 - INFO -         [诸葛亮]的【震慑】效果已消失
2025-07-22 10:34:00,885 - INFO -         [诸葛亮]发动战法【十二奇策】
2025-07-22 10:34:00,885 - INFO -         [诸葛亮]由于[诸葛亮]的【十二奇策】的伤害,损失了兵力374(7511)
2025-07-22 10:34:00,885 - INFO -         [诸葛亮]触发攻心
2025-07-22 10:34:00,885 - INFO -         [诸葛亮]恢复了兵力89(3575)
2025-07-22 10:34:00,886 - INFO -         [诸葛亮]发动来自【草船借箭】的[草船借箭]效果, 但因几率未触发
2025-07-22 10:34:00,886 - INFO -         [诸葛亮]执行来自【十二奇策】的[十二奇谋]效果
2025-07-22 10:34:00,886 - INFO -         [诸葛亮]的【智力】降低15.00(310.50)
2025-07-22 10:34:00,887 - INFO -         [诸葛亮]的【火攻】效果已施加
2025-07-22 10:34:00,887 - INFO -         [诸葛亮]执行来自【临机制胜】的[临机制胜-制胜]效果
2025-07-22 10:34:00,887 - INFO -         [颜良]由于[SP诸葛亮]【临机制胜】的[临机制胜-制胜]效果,损失了兵力304(4653)
2025-07-22 10:34:00,888 - INFO -         [周瑜]由于[SP诸葛亮]【临机制胜】的[临机制胜-制胜]效果,损失了兵力252(6383)
2025-07-22 10:34:00,888 - INFO -         [诸葛亮]执行来自【临机制胜】的[临机制胜-制胜]效果
2025-07-22 10:34:00,888 - INFO -         [诸葛亮]由于[周瑜]【临机制胜】的[临机制胜-制胜]效果,损失了兵力161(7350)
2025-07-22 10:34:00,888 - INFO -         [诸葛亮]执行来自【草船借箭】的[草船借箭]效果
2025-07-22 10:34:00,889 - INFO -         [诸葛亮]由于[诸葛亮]【草船借箭】的[草船借箭]效果,损失了兵力318(3257)
2025-07-22 10:34:00,889 - INFO -         [诸葛亮]触发攻心
2025-07-22 10:34:00,889 - INFO -         [诸葛亮]恢复了兵力76(7350)
2025-07-22 10:34:00,889 - INFO -         [诸葛亮]发动来自【草船借箭】的[草船借箭]效果, 但因几率未触发
2025-07-22 10:34:00,889 - INFO -         [SP诸葛亮]由于[周瑜]【临机制胜】的[临机制胜-制胜]效果,损失了兵力142(7560)
2025-07-22 10:34:00,889 - INFO -         [诸葛亮]执行来自【临机制胜】的[临机制胜-制胜]效果
2025-07-22 10:34:00,889 - INFO -         [SP诸葛亮]由于[诸葛亮]【临机制胜】的[临机制胜-制胜]效果,损失了兵力88(7472)
2025-07-22 10:34:00,890 - INFO -         [诸葛亮]触发攻心
2025-07-22 10:34:00,890 - INFO -         [诸葛亮]恢复了兵力21(3257)
2025-07-22 10:34:00,890 - INFO -         [许褚]由于[诸葛亮]【临机制胜】的[临机制胜-制胜]效果,损失了兵力156(9129)
2025-07-22 10:34:00,890 - INFO -         [诸葛亮]触发攻心
2025-07-22 10:34:00,890 - INFO -         [诸葛亮]恢复了兵力37(3257)
2025-07-22 10:34:00,890 - INFO -         [SP诸葛亮]由于[诸葛亮]的【十二奇策】的伤害,损失了兵力324(7148)
2025-07-22 10:34:00,890 - INFO -         [诸葛亮]触发攻心
2025-07-22 10:34:00,890 - INFO -         [诸葛亮]恢复了兵力77(3257)
2025-07-22 10:34:00,891 - INFO -         [SP诸葛亮]执行来自【十二奇策】的[十二奇谋]效果
2025-07-22 10:34:00,891 - INFO -         [SP诸葛亮]的【先攻】降低30.00(114.85)
2025-07-22 10:34:00,891 - INFO -         [SP诸葛亮]的【风暴】效果已施加
2025-07-22 10:34:00,892 - INFO -         [SP诸葛亮]执行来自【临机制胜】的[临机制胜-制胜]效果
2025-07-22 10:34:00,892 - INFO -         [周瑜]由于[SP诸葛亮]【临机制胜】的[临机制胜-制胜]效果,损失了兵力244(6139)
2025-07-22 10:34:00,892 - INFO -         [颜良]由于[SP诸葛亮]【临机制胜】的[临机制胜-制胜]效果,损失了兵力295(4358)
2025-07-22 10:34:00,893 - INFO -         [SP诸葛亮]执行来自【临机制胜】的[临机制胜-恢复]效果
2025-07-22 10:34:00,893 - INFO -         [SP诸葛亮]恢复了兵力550(7148)
2025-07-22 10:34:00,893 - INFO -         [许褚]恢复了兵力550(9129)
2025-07-22 10:34:00,893 - INFO -         [诸葛亮]恢复了兵力550(7350)
2025-07-22 10:34:00,893 - INFO -         [SP诸葛亮]执行来自【临机制胜】的[临机制胜-制胜]效果
2025-07-22 10:34:00,894 - INFO -         [SP诸葛亮]由于[周瑜]【临机制胜】的[临机制胜-制胜]效果,损失了兵力140(7008)
2025-07-22 10:34:00,894 - INFO -         [诸葛亮]由于[周瑜]【临机制胜】的[临机制胜-制胜]效果,损失了兵力159(7191)
2025-07-22 10:34:00,894 - INFO -         [诸葛亮]发动来自【草船借箭】的[草船借箭]效果, 但因几率未触发
2025-07-22 10:34:00,894 - INFO -         [SP诸葛亮]执行来自【临机制胜】的[临机制胜-制胜]效果
2025-07-22 10:34:00,894 - INFO -         [诸葛亮]由于[诸葛亮]【临机制胜】的[临机制胜-制胜]效果,损失了兵力100(7091)
2025-07-22 10:34:00,894 - INFO -         [诸葛亮]触发攻心
2025-07-22 10:34:00,894 - INFO -         [诸葛亮]恢复了兵力24(3257)
2025-07-22 10:34:00,895 - INFO -         [诸葛亮]执行来自【草船借箭】的[草船借箭]效果
2025-07-22 10:34:00,895 - INFO -         [诸葛亮]由于[诸葛亮]【草船借箭】的[草船借箭]效果,损失了兵力314(2943)
2025-07-22 10:34:00,895 - INFO -         [诸葛亮]触发攻心
2025-07-22 10:34:00,895 - INFO -         [诸葛亮]恢复了兵力75(7091)
2025-07-22 10:34:00,895 - INFO -         [诸葛亮]执行来自【草船借箭】的[草船借箭]效果
2025-07-22 10:34:00,895 - INFO -         [诸葛亮]由于[诸葛亮]【草船借箭】的[草船借箭]效果,损失了兵力128(6963)
2025-07-22 10:34:00,895 - INFO -         [诸葛亮]触发攻心
2025-07-22 10:34:00,895 - INFO -         [诸葛亮]恢复了兵力30(2943)
2025-07-22 10:34:00,896 - INFO -         [诸葛亮]执行来自【草船借箭】的[草船借箭]效果
2025-07-22 10:34:00,896 - INFO -         [颜良]由于[诸葛亮]【草船借箭】的[草船借箭]效果,损失了兵力488(3870)
2025-07-22 10:34:00,896 - INFO -         [诸葛亮]触发攻心
2025-07-22 10:34:00,896 - INFO -         [诸葛亮]恢复了兵力117(6963)
2025-07-22 10:34:00,896 - INFO -         [许褚]由于[诸葛亮]【临机制胜】的[临机制胜-制胜]效果,损失了兵力150(8979)
2025-07-22 10:34:00,896 - INFO -         [诸葛亮]触发攻心
2025-07-22 10:34:00,896 - INFO -         [诸葛亮]恢复了兵力36(2943)
2025-07-22 10:34:00,896 - INFO -         [诸葛亮]执行来自【临机制胜】的[临机制胜-恢复]效果
2025-07-22 10:34:00,896 - INFO -         [诸葛亮]恢复了兵力535(2943)
2025-07-22 10:34:00,896 - INFO -         [周瑜]恢复了兵力535(6139)
2025-07-22 10:34:00,896 - INFO -         [颜良]恢复了兵力535(3870)
2025-07-22 10:34:00,897 - INFO -     [诸葛亮]对[SP诸葛亮]发动普通攻击
2025-07-22 10:34:00,897 - INFO -         [SP诸葛亮]损失了兵力101(6907)
2025-07-22 10:34:00,897 - INFO - 
[第 4 回合]
2025-07-22 10:34:00,897 - INFO - [许褚]开始行动
2025-07-22 10:34:00,897 - INFO -     [许褚]执行来自【星罗棋布】的[星罗棋布-双前排阵型]效果
2025-07-22 10:34:00,897 - INFO -         [诸葛亮]由于[许褚]【星罗棋布】的[星罗棋布-双前排阵型]效果,损失了兵力460(2483)
2025-07-22 10:34:00,898 - INFO -         [诸葛亮]执行来自【草船借箭】的[草船借箭]效果
2025-07-22 10:34:00,898 - INFO -         [诸葛亮]由于[诸葛亮]【草船借箭】的[草船借箭]效果,损失了兵力120(6843)
2025-07-22 10:34:00,898 - INFO -         [诸葛亮]触发攻心
2025-07-22 10:34:00,898 - INFO -         [诸葛亮]恢复了兵力28(2483)
2025-07-22 10:34:00,898 - INFO -         [诸葛亮]发动来自【草船借箭】的[草船借箭]效果, 但因几率未触发
2025-07-22 10:34:00,898 - INFO -     [许褚]对[周瑜]发动普通攻击
2025-07-22 10:34:00,898 - INFO -         [周瑜]损失了兵力273(5866)
2025-07-22 10:34:00,898 - INFO -     [许褚]发动战法【膂力过人】
2025-07-22 10:34:00,899 - INFO -         [周瑜]由于[许褚]的【膂力过人】的伤害,损失了兵力410(5456)
2025-07-22 10:34:00,899 - INFO -     [周瑜]执行来自【膂力过人】的[膂力过人]效果
2025-07-22 10:34:00,899 - INFO -         [周瑜]由于[许褚]【膂力过人】的[膂力过人]效果,损失了兵力191(5265)
2025-07-22 10:34:00,899 - INFO -     [许褚]进行连击
2025-07-22 10:34:00,899 - INFO -     [许褚]对[颜良]发动普通攻击
2025-07-22 10:34:00,899 - INFO -         [颜良]损失了兵力352(3518)
2025-07-22 10:34:00,899 - INFO -     [许褚]发动战法【膂力过人】
2025-07-22 10:34:00,899 - INFO -         [颜良]由于[许褚]的【膂力过人】的伤害,损失了兵力529(2989)
2025-07-22 10:34:00,900 - INFO -     [颜良]执行来自【膂力过人】的[膂力过人]效果
2025-07-22 10:34:00,900 - INFO -         [颜良]由于[许褚]【膂力过人】的[膂力过人]效果,损失了兵力246(2743)
2025-07-22 10:34:00,900 - INFO - [颜良]开始行动
2025-07-22 10:34:00,900 - INFO -         [颜良]的【技穷】效果已消失
2025-07-22 10:34:00,900 - INFO -     [颜良]对[SP诸葛亮]发动普通攻击
2025-07-22 10:34:00,900 - INFO -         [SP诸葛亮]损失了兵力197(6710)
2025-07-22 10:34:00,901 - INFO -     [颜良]发动战法【膂力过人】
2025-07-22 10:34:00,901 - INFO -         [SP诸葛亮]由于[颜良]的【膂力过人】的伤害,损失了兵力295(6415)
2025-07-22 10:34:00,901 - INFO -     [SP诸葛亮]执行来自【膂力过人】的[膂力过人]效果
2025-07-22 10:34:00,901 - INFO -         [SP诸葛亮]由于[颜良]【膂力过人】的[膂力过人]效果,损失了兵力137(6278)
2025-07-22 10:34:00,901 - INFO - [周瑜]开始行动
2025-07-22 10:34:00,901 - INFO -     [周瑜]对[SP诸葛亮]发动普通攻击
2025-07-22 10:34:00,901 - INFO -         [SP诸葛亮]损失了兵力142(6136)
2025-07-22 10:34:00,902 - INFO - [诸葛亮]开始行动
2025-07-22 10:34:00,902 - INFO -     [诸葛亮]对[诸葛亮]发动普通攻击
2025-07-22 10:34:00,902 - INFO -         [诸葛亮]损失了兵力146(2337)
2025-07-22 10:34:00,902 - INFO -         [诸葛亮]发动来自【草船借箭】的[草船借箭]效果, 但因几率未触发
2025-07-22 10:34:00,902 - INFO - [诸葛亮]开始行动
2025-07-22 10:34:00,902 - INFO -         [诸葛亮]发动战法【十二奇策】
2025-07-22 10:34:00,903 - INFO -         [SP诸葛亮]由于[诸葛亮]的【十二奇策】的伤害,损失了兵力284(5852)
2025-07-22 10:34:00,903 - INFO -         [诸葛亮]触发攻心
2025-07-22 10:34:00,903 - INFO -         [诸葛亮]恢复了兵力68(2337)
2025-07-22 10:34:00,903 - INFO -         [SP诸葛亮]执行来自【十二奇策】的[十二奇谋]效果
2025-07-22 10:34:00,904 - INFO -         [SP诸葛亮]的【缴械】效果已施加
2025-07-22 10:34:00,904 - INFO -         [SP诸葛亮]发动来自【临机制胜】的[临机制胜-制胜]效果, 但因几率未触发
2025-07-22 10:34:00,904 - INFO -         [SP诸葛亮]发动来自【临机制胜】的[临机制胜-制胜]效果, 但因几率未触发
2025-07-22 10:34:00,904 - INFO -         [SP诸葛亮]执行来自【临机制胜】的[临机制胜-制胜]效果
2025-07-22 10:34:00,904 - INFO -         [周瑜]由于[SP诸葛亮]【临机制胜】的[临机制胜-制胜]效果,损失了兵力227(5038)
2025-07-22 10:34:00,905 - INFO -         [颜良]由于[SP诸葛亮]【临机制胜】的[临机制胜-制胜]效果,损失了兵力274(2469)
2025-07-22 10:34:00,905 - INFO -         [许褚]由于[诸葛亮]的【十二奇策】的伤害,损失了兵力505(8474)
2025-07-22 10:34:00,905 - INFO -         [诸葛亮]触发攻心
2025-07-22 10:34:00,905 - INFO -         [诸葛亮]恢复了兵力121(2337)
2025-07-22 10:34:00,905 - INFO -         [许褚]执行来自【十二奇策】的[十二奇谋]效果
2025-07-22 10:34:00,905 - INFO -         [许褚]的【智力】降低15.00(105.07)
2025-07-22 10:34:00,905 - INFO -         [许褚]的【火攻】效果已施加
2025-07-22 10:34:00,905 - INFO -         [许褚]发动来自【临机制胜】的[临机制胜-制胜]效果, 但因几率未触发
2025-07-22 10:34:00,905 - INFO -         [许褚]执行来自【临机制胜】的[临机制胜-制胜]效果
2025-07-22 10:34:00,905 - INFO -         [诸葛亮]由于[诸葛亮]【临机制胜】的[临机制胜-制胜]效果,损失了兵力88(6755)
2025-07-22 10:34:00,906 - INFO -         [诸葛亮]触发攻心
2025-07-22 10:34:00,906 - INFO -         [诸葛亮]恢复了兵力21(2337)
2025-07-22 10:34:00,906 - INFO -         [诸葛亮]执行来自【草船借箭】的[草船借箭]效果
2025-07-22 10:34:00,906 - INFO -         [诸葛亮]由于[诸葛亮]【草船借箭】的[草船借箭]效果,损失了兵力308(2029)
2025-07-22 10:34:00,906 - INFO -         [诸葛亮]触发攻心
2025-07-22 10:34:00,906 - INFO -         [诸葛亮]恢复了兵力74(6755)
2025-07-22 10:34:00,906 - INFO -         [诸葛亮]执行来自【草船借箭】的[草船借箭]效果
2025-07-22 10:34:00,906 - INFO -         [诸葛亮]由于[诸葛亮]【草船借箭】的[草船借箭]效果,损失了兵力110(6645)
2025-07-22 10:34:00,906 - INFO -         [诸葛亮]触发攻心
2025-07-22 10:34:00,906 - INFO -         [诸葛亮]恢复了兵力26(2029)
2025-07-22 10:34:00,906 - INFO -         [诸葛亮]执行来自【草船借箭】的[草船借箭]效果
2025-07-22 10:34:00,906 - INFO -         [周瑜]由于[诸葛亮]【草船借箭】的[草船借箭]效果,损失了兵力322(4716)
2025-07-22 10:34:00,907 - INFO -         [诸葛亮]触发攻心
2025-07-22 10:34:00,907 - INFO -         [诸葛亮]恢复了兵力77(6645)
2025-07-22 10:34:00,907 - INFO -         [许褚]由于[诸葛亮]【临机制胜】的[临机制胜-制胜]效果,损失了兵力133(8341)
2025-07-22 10:34:00,907 - INFO -         [诸葛亮]触发攻心
2025-07-22 10:34:00,907 - INFO -         [诸葛亮]恢复了兵力31(2029)
2025-07-22 10:34:00,907 - INFO -         [许褚]发动来自【临机制胜】的[临机制胜-制胜]效果, 但因几率未触发
2025-07-22 10:34:00,907 - INFO -     [诸葛亮]对[诸葛亮]发动普通攻击
2025-07-22 10:34:00,907 - INFO -         [诸葛亮]损失了兵力99(6546)
2025-07-22 10:34:00,907 - INFO -         [诸葛亮]执行来自【草船借箭】的[草船借箭]效果
2025-07-22 10:34:00,908 - INFO -         [周瑜]由于[诸葛亮]【草船借箭】的[草船借箭]效果,损失了兵力320(4396)
2025-07-22 10:34:00,908 - INFO -         [诸葛亮]触发攻心
2025-07-22 10:34:00,908 - INFO -         [诸葛亮]恢复了兵力76(6546)
2025-07-22 10:34:00,908 - INFO - [SP诸葛亮]开始行动
2025-07-22 10:34:00,908 - INFO -         [SP诸葛亮]因几率未发动战法【十二奇策】
2025-07-22 10:34:00,908 - INFO -     [SP诸葛亮]无法普攻
2025-07-22 10:34:00,908 - INFO - 
[第 5 回合]
2025-07-22 10:34:00,909 - INFO - [许褚]开始行动
2025-07-22 10:34:00,909 - INFO -     [许褚]执行来自【星罗棋布】的[星罗棋布-双前排阵型]效果
2025-07-22 10:34:00,909 - INFO -         [诸葛亮]由于[许褚]【星罗棋布】的[星罗棋布-双前排阵型]效果,损失了兵力446(1583)
2025-07-22 10:34:00,909 - INFO -         [诸葛亮]发动来自【草船借箭】的[草船借箭]效果, 但因几率未触发
2025-07-22 10:34:00,909 - INFO -         [颜良]由于[许褚]【星罗棋布】的[星罗棋布-双前排阵型]效果,损失了兵力546(1923)
2025-07-22 10:34:00,910 - INFO -     [许褚]对[诸葛亮]发动普通攻击
2025-07-22 10:34:00,910 - INFO -         [诸葛亮]损失了兵力278(1305)
2025-07-22 10:34:00,910 - INFO -         [诸葛亮]执行来自【草船借箭】的[草船借箭]效果
2025-07-22 10:34:00,910 - INFO -         [诸葛亮]由于[诸葛亮]【草船借箭】的[草船借箭]效果,损失了兵力94(6452)
2025-07-22 10:34:00,910 - INFO -         [诸葛亮]触发攻心
2025-07-22 10:34:00,910 - INFO -         [诸葛亮]恢复了兵力22(1305)
2025-07-22 10:34:00,910 - INFO -         [诸葛亮]执行来自【草船借箭】的[草船借箭]效果
2025-07-22 10:34:00,910 - INFO -         [诸葛亮]由于[诸葛亮]【草船借箭】的[草船借箭]效果,损失了兵力303(1002)
2025-07-22 10:34:00,910 - INFO -         [诸葛亮]触发攻心
2025-07-22 10:34:00,911 - INFO -         [诸葛亮]恢复了兵力72(6452)
2025-07-22 10:34:00,911 - INFO -         [诸葛亮]执行来自【草船借箭】的[草船借箭]效果
2025-07-22 10:34:00,911 - INFO -         [SP诸葛亮]由于[诸葛亮]【草船借箭】的[草船借箭]效果,损失了兵力77(5775)
2025-07-22 10:34:00,911 - INFO -         [诸葛亮]触发攻心
2025-07-22 10:34:00,911 - INFO -         [诸葛亮]恢复了兵力18(1002)
2025-07-22 10:34:00,911 - INFO -     [许褚]发动战法【膂力过人】
2025-07-22 10:34:00,911 - INFO -         [诸葛亮]由于[许褚]的【膂力过人】的伤害,损失了兵力418(584)
2025-07-22 10:34:00,911 - INFO -         [诸葛亮]发动来自【草船借箭】的[草船借箭]效果, 但因几率未触发
2025-07-22 10:34:00,911 - INFO -     [诸葛亮]执行来自【膂力过人】的[膂力过人]效果
2025-07-22 10:34:00,911 - INFO -         [诸葛亮]由于[许褚]【膂力过人】的[膂力过人]效果,损失了兵力195(389)
2025-07-22 10:34:00,912 - INFO -         [诸葛亮]执行来自【草船借箭】的[草船借箭]效果
2025-07-22 10:34:00,912 - INFO -         [SP诸葛亮]由于[诸葛亮]【草船借箭】的[草船借箭]效果,损失了兵力57(5718)
2025-07-22 10:34:00,912 - INFO -         [诸葛亮]触发攻心
2025-07-22 10:34:00,912 - INFO -         [诸葛亮]恢复了兵力13(389)
2025-07-22 10:34:00,912 - INFO -     [许褚]进行连击
2025-07-22 10:34:00,912 - INFO -     [许褚]对[颜良]发动普通攻击
2025-07-22 10:34:00,912 - INFO -         [颜良]损失了兵力341(1582)
2025-07-22 10:34:00,912 - INFO -     [许褚]发动战法【膂力过人】
2025-07-22 10:34:00,912 - INFO -         [颜良]由于[许褚]的【膂力过人】的伤害,损失了兵力512(1070)
2025-07-22 10:34:00,913 - INFO -     [颜良]执行来自【膂力过人】的[膂力过人]效果
2025-07-22 10:34:00,913 - INFO -         [颜良]由于[许褚]【膂力过人】的[膂力过人]效果,损失了兵力239(831)
2025-07-22 10:34:00,913 - INFO - [颜良]开始行动
2025-07-22 10:34:00,913 - INFO -     [颜良]对[诸葛亮]发动普通攻击
2025-07-22 10:34:00,913 - INFO -         [诸葛亮]损失了兵力108(6344)
2025-07-22 10:34:00,913 - INFO -         [诸葛亮]发动来自【草船借箭】的[草船借箭]效果, 但因几率未触发
2025-07-22 10:34:00,914 - INFO -     [颜良]发动战法【膂力过人】
2025-07-22 10:34:00,914 - INFO -         [诸葛亮]由于[颜良]的【膂力过人】的伤害,损失了兵力162(6182)
2025-07-22 10:34:00,914 - INFO -         [诸葛亮]发动来自【草船借箭】的[草船借箭]效果, 但因几率未触发
2025-07-22 10:34:00,914 - INFO -     [诸葛亮]执行来自【膂力过人】的[膂力过人]效果
2025-07-22 10:34:00,914 - INFO -         [诸葛亮]由于[颜良]【膂力过人】的[膂力过人]效果,损失了兵力75(6107)
2025-07-22 10:34:00,914 - INFO -         [诸葛亮]发动来自【草船借箭】的[草船借箭]效果, 但因几率未触发
2025-07-22 10:34:00,914 - INFO - [周瑜]开始行动
2025-07-22 10:34:00,914 - INFO -     [周瑜]对[SP诸葛亮]发动普通攻击
2025-07-22 10:34:00,915 - INFO -         [SP诸葛亮]损失了兵力131(5587)
2025-07-22 10:34:00,915 - INFO - [诸葛亮]开始行动
2025-07-22 10:34:00,915 - INFO -     [诸葛亮]对[诸葛亮]发动普通攻击
2025-07-22 10:34:00,915 - INFO -         [诸葛亮]损失了兵力140(249)
2025-07-22 10:34:00,915 - INFO -         [诸葛亮]发动来自【草船借箭】的[草船借箭]效果, 但因几率未触发
2025-07-22 10:34:00,915 - INFO - [诸葛亮]开始行动
2025-07-22 10:34:00,916 - INFO -         [诸葛亮]发动战法【十二奇策】
2025-07-22 10:34:00,916 - INFO -         [诸葛亮]由于[诸葛亮]的【十二奇策】的伤害,损失了兵力157(5950)
2025-07-22 10:34:00,916 - INFO -         [诸葛亮]触发攻心
2025-07-22 10:34:00,916 - INFO -         [诸葛亮]恢复了兵力37(249)
2025-07-22 10:34:00,916 - INFO -         [诸葛亮]发动来自【草船借箭】的[草船借箭]效果, 但因几率未触发
2025-07-22 10:34:00,916 - INFO -         [诸葛亮]执行来自【十二奇策】的[十二奇谋]效果
2025-07-22 10:34:00,917 - INFO -         [诸葛亮]的【嘲讽】效果已施加
2025-07-22 10:34:00,917 - INFO -         [诸葛亮]执行来自【临机制胜】的[临机制胜-制胜]效果
2025-07-22 10:34:00,917 - INFO -         [SP诸葛亮]由于[周瑜]【临机制胜】的[临机制胜-制胜]效果,损失了兵力123(5464)
2025-07-22 10:34:00,917 - INFO -         [诸葛亮]由于[周瑜]【临机制胜】的[临机制胜-制胜]效果,损失了兵力140(5810)
2025-07-22 10:34:00,918 - INFO -         [诸葛亮]发动来自【草船借箭】的[草船借箭]效果, 但因几率未触发
2025-07-22 10:34:00,918 - INFO -         [周瑜]执行来自【临机制胜】的[临机制胜-恢复]效果
2025-07-22 10:34:00,918 - INFO -         [诸葛亮]恢复了兵力554(249)
2025-07-22 10:34:00,918 - INFO -         [颜良]恢复了兵力554(831)
2025-07-22 10:34:00,918 - INFO -         [周瑜]恢复了兵力554(4396)
2025-07-22 10:34:00,918 - INFO -         [诸葛亮]执行来自【临机制胜】的[临机制胜-制胜]效果
2025-07-22 10:34:00,918 - INFO -         [SP诸葛亮]由于[诸葛亮]【临机制胜】的[临机制胜-制胜]效果,损失了兵力37(5427)
2025-07-22 10:34:00,918 - INFO -         [诸葛亮]触发攻心
2025-07-22 10:34:00,918 - INFO -         [诸葛亮]恢复了兵力9(249)
2025-07-22 10:34:00,918 - INFO -         [许褚]由于[诸葛亮]【临机制胜】的[临机制胜-制胜]效果,损失了兵力68(8273)
2025-07-22 10:34:00,919 - INFO -         [诸葛亮]触发攻心
2025-07-22 10:34:00,919 - INFO -         [诸葛亮]恢复了兵力16(249)
2025-07-22 10:34:00,919 - INFO -         [诸葛亮]执行来自【临机制胜】的[临机制胜-制胜]效果
2025-07-22 10:34:00,919 - INFO -         [诸葛亮]由于[SP诸葛亮]【临机制胜】的[临机制胜-制胜]效果,损失了兵力210(39)
2025-07-22 10:34:00,919 - INFO -         [诸葛亮]执行来自【草船借箭】的[草船借箭]效果
2025-07-22 10:34:00,919 - INFO -         [诸葛亮]由于[诸葛亮]【草船借箭】的[草船借箭]效果,损失了兵力42(5768)
2025-07-22 10:34:00,919 - INFO -         [诸葛亮]触发攻心
2025-07-22 10:34:00,919 - INFO -         [诸葛亮]恢复了兵力10(39)
2025-07-22 10:34:00,919 - INFO -         [诸葛亮]执行来自【草船借箭】的[草船借箭]效果
2025-07-22 10:34:00,919 - INFO -         [颜良]由于[诸葛亮]【草船借箭】的[草船借箭]效果,损失了兵力456(375)
2025-07-22 10:34:00,919 - INFO -         [诸葛亮]触发攻心
2025-07-22 10:34:00,920 - INFO -         [诸葛亮]恢复了兵力109(5768)
2025-07-22 10:34:00,920 - INFO -         [颜良]由于[SP诸葛亮]【临机制胜】的[临机制胜-制胜]效果,损失了兵力267(108)
2025-07-22 10:34:00,920 - INFO -         [许褚]由于[诸葛亮]的【十二奇策】的伤害,损失了兵力189(8084)
2025-07-22 10:34:00,920 - INFO -         [诸葛亮]触发攻心
2025-07-22 10:34:00,920 - INFO -         [诸葛亮]恢复了兵力45(39)
2025-07-22 10:34:00,920 - INFO -         [许褚]执行来自【十二奇策】的[十二奇谋]效果
2025-07-22 10:34:00,921 - INFO -         [许褚]的【受到伤害】提升10.00%(-0.19%)
2025-07-22 10:34:00,921 - INFO -         [许褚]的【畏惧】效果已施加
2025-07-22 10:34:00,921 - INFO -         [许褚]发动来自【临机制胜】的[临机制胜-制胜]效果, 但因几率未触发
2025-07-22 10:34:00,921 - INFO -         [许褚]发动来自【临机制胜】的[临机制胜-制胜]效果, 但因几率未触发
2025-07-22 10:34:00,922 - INFO -         [许褚]执行来自【临机制胜】的[临机制胜-制胜]效果
2025-07-22 10:34:00,922 - INFO -         [诸葛亮]由于[SP诸葛亮]【临机制胜】的[临机制胜-制胜]效果,损失了兵力39(0)
2025-07-22 10:34:00,922 - INFO -         [诸葛亮]兵力为0 无法再战
2025-07-22 10:34:00,922 - INFO -         [诸葛亮]的[十二奇策]效果已消失
2025-07-22 10:34:00,922 - INFO -         [诸葛亮]的【火攻】效果已消失
2025-07-22 10:34:00,922 - INFO -         [诸葛亮]的【智力】提升15.00(325.50)
2025-07-22 10:34:00,922 - INFO -         [SP诸葛亮]的[十二奇策]效果已消失
2025-07-22 10:34:00,922 - INFO -         [SP诸葛亮]的【风暴】效果已消失
2025-07-22 10:34:00,922 - INFO -         [SP诸葛亮]的【先攻】提升30.00(144.85)
2025-07-22 10:34:00,922 - INFO -         [SP诸葛亮]的[十二奇策]效果已消失
2025-07-22 10:34:00,922 - INFO -         [SP诸葛亮]的【缴械】效果已消失
2025-07-22 10:34:00,922 - INFO -         [许褚]的[十二奇策]效果已消失
2025-07-22 10:34:00,922 - INFO -         [许褚]的【火攻】效果已消失
2025-07-22 10:34:00,922 - INFO -         [许褚]的【智力】提升15.00(120.07)
2025-07-22 10:34:00,923 - INFO -         [诸葛亮]的[十二奇策]效果已消失
2025-07-22 10:34:00,923 - INFO -         [诸葛亮]的【嘲讽】效果已消失
2025-07-22 10:34:00,923 - INFO -         [颜良]由于[SP诸葛亮]【临机制胜】的[临机制胜-制胜]效果,损失了兵力108(0)
2025-07-22 10:34:00,923 - INFO -         [颜良]兵力为0 无法再战
2025-07-22 10:34:00,923 - INFO - [SP诸葛亮]开始行动
2025-07-22 10:34:00,923 - INFO -         [SP诸葛亮]发动战法【十二奇策】
2025-07-22 10:34:00,923 - INFO -         [周瑜]由于[SP诸葛亮]的【十二奇策】的伤害,损失了兵力812(3584)
2025-07-22 10:34:00,924 - INFO -         [周瑜]执行来自【十二奇策】的[十二奇谋]效果
2025-07-22 10:34:00,924 - INFO -         [周瑜]的【智力】降低15.00(272.75)
2025-07-22 10:34:00,924 - INFO -         [周瑜]的【火攻】效果已施加
2025-07-22 10:34:00,924 - INFO -         [周瑜]发动来自【临机制胜】的[临机制胜-制胜]效果, 但因几率未触发
2025-07-22 10:34:00,924 - INFO -         [周瑜]执行来自【临机制胜】的[临机制胜-制胜]效果
2025-07-22 10:34:00,924 - INFO -         [周瑜]由于[SP诸葛亮]【临机制胜】的[临机制胜-制胜]效果,损失了兵力226(3358)
2025-07-22 10:34:00,924 - INFO -         [SP诸葛亮]执行来自【临机制胜】的[临机制胜-恢复]效果
2025-07-22 10:34:00,924 - INFO -         [SP诸葛亮]恢复了兵力547(5427)
2025-07-22 10:34:00,924 - INFO -         [诸葛亮]恢复了兵力547(5768)
2025-07-22 10:34:00,924 - INFO -         [许褚]恢复了兵力547(8084)
2025-07-22 10:34:00,925 - INFO -     [SP诸葛亮]对[周瑜]发动普通攻击
2025-07-22 10:34:00,925 - INFO -         [周瑜]损失了兵力237(3121)
2025-07-22 10:34:00,925 - INFO - 
[第 6 回合]
2025-07-22 10:34:00,925 - INFO - [许褚]开始行动
2025-07-22 10:34:00,925 - INFO -     [许褚]执行来自【星罗棋布】的[星罗棋布-双前排阵型]效果
2025-07-22 10:34:00,925 - INFO -         [周瑜]由于[许褚]【星罗棋布】的[星罗棋布-双前排阵型]效果,损失了兵力417(2704)
2025-07-22 10:34:00,925 - INFO -     [许褚]没有可攻击的敌方武将
2025-07-22 10:34:00,926 - INFO -     [许褚]对[周瑜]发动普通攻击
2025-07-22 10:34:00,926 - INFO -         [周瑜]损失了兵力261(2443)
2025-07-22 10:34:00,926 - INFO -     [许褚]发动战法【膂力过人】
2025-07-22 10:34:00,926 - INFO -         [周瑜]由于[许褚]的【膂力过人】的伤害,损失了兵力391(2052)
2025-07-22 10:34:00,926 - INFO -     [周瑜]执行来自【膂力过人】的[膂力过人]效果
2025-07-22 10:34:00,926 - INFO -         [周瑜]由于[许褚]【膂力过人】的[膂力过人]效果,损失了兵力182(1870)
2025-07-22 10:34:00,926 - INFO -     [许褚]进行连击
2025-07-22 10:34:00,926 - INFO -     [许褚]对[周瑜]发动普通攻击
2025-07-22 10:34:00,927 - INFO -         [周瑜]损失了兵力261(1609)
2025-07-22 10:34:00,927 - INFO -     [许褚]发动战法【膂力过人】
2025-07-22 10:34:00,927 - INFO -         [周瑜]由于[许褚]的【膂力过人】的伤害,损失了兵力391(1218)
2025-07-22 10:34:00,927 - INFO -     [周瑜]执行来自【膂力过人】的[膂力过人]效果
2025-07-22 10:34:00,927 - INFO -         [周瑜]由于[许褚]【膂力过人】的[膂力过人]效果,损失了兵力182(1036)
2025-07-22 10:34:00,927 - INFO - [SP诸葛亮]开始行动
2025-07-22 10:34:00,927 - INFO -         [SP诸葛亮]因几率未发动战法【十二奇策】
2025-07-22 10:34:00,928 - INFO -     [SP诸葛亮]对[周瑜]发动普通攻击
2025-07-22 10:34:00,928 - INFO -         [周瑜]损失了兵力237(799)
2025-07-22 10:34:00,928 - INFO - [周瑜]开始行动
2025-07-22 10:34:00,928 - INFO -     [周瑜]对[诸葛亮]发动普通攻击
2025-07-22 10:34:00,928 - INFO -         [诸葛亮]损失了兵力81(5687)
2025-07-22 10:34:00,928 - INFO -         [诸葛亮]发动来自【草船借箭】的[草船借箭]效果, 但因几率未触发
2025-07-22 10:34:00,928 - INFO - [诸葛亮]开始行动
2025-07-22 10:34:00,929 - INFO -     [诸葛亮]对[周瑜]发动普通攻击
2025-07-22 10:34:00,929 - INFO -         [周瑜]损失了兵力158(641)
2025-07-22 10:34:00,929 - INFO - 
[第 7 回合]
2025-07-22 10:34:00,929 - INFO - [许褚]开始行动
2025-07-22 10:34:00,929 - INFO -     [许褚]执行来自【星罗棋布】的[星罗棋布-双前排阵型]效果
2025-07-22 10:34:00,929 - INFO -         [周瑜]由于[许褚]【星罗棋布】的[星罗棋布-双前排阵型]效果,损失了兵力417(224)
2025-07-22 10:34:00,929 - INFO -     [许褚]没有可攻击的敌方武将
2025-07-22 10:34:00,930 - INFO -     [许褚]对[周瑜]发动普通攻击
2025-07-22 10:34:00,930 - INFO -         [周瑜]损失了兵力224(0)
2025-07-22 10:34:00,930 - INFO -         [周瑜]兵力为0 无法再战
2025-07-22 10:34:00,930 - INFO -     [许褚]发动战法【膂力过人】
2025-07-22 10:34:00,930 - INFO -     [周瑜]执行来自【膂力过人】的[膂力过人]效果
2025-07-22 10:34:00,930 - INFO -     [许褚]进行连击
2025-07-22 10:34:00,930 - INFO -     [许褚]没有可攻击对象
2025-07-22 10:34:00,930 - INFO - [夫人队]战斗结束
2025-07-22 10:34:00,930 - INFO - ------------ 当前对 夫人队 的第 1 次对抗测试结束
2025-07-22 10:34:00,930 - INFO - ------------ [诸葛队] 获胜 0 场，[夫人队] 获胜 1 场
