2025-07-22 10:31:12,623 - INFO - ------------ 当前选择的模式是:1_VS_1
2025-07-22 10:31:12,625 - INFO - ------------ 由 [诸葛队] 对战 [夫人队]
2025-07-22 10:31:12,625 - INFO - ------------ 对抗的次数为 1
2025-07-22 10:31:12,625 - INFO - ------------ 当前第 1 次对抗测试
2025-07-22 10:31:12,634 - INFO - 
[第 1 局]
2025-07-22 10:31:12,635 - INFO - [列队布阵阶段]
2025-07-22 10:31:12,635 - INFO -     [诸葛队]当前补给为100,造成伤害降低0%
2025-07-22 10:31:12,635 - INFO -     [夫人队]当前补给为100,造成伤害降低0%
2025-07-22 10:31:12,635 - INFO -     [诸葛队]获得【阵型-萁型阵】强化效果
2025-07-22 10:31:12,635 - INFO -         [诸葛亮]的【受到伤害】降低6.00%(-6.00%)
2025-07-22 10:31:12,635 - INFO -         [颜良]的【造成伤害】提升12.00%(112.00%)
2025-07-22 10:31:12,635 - INFO -         [周瑜]的【造成伤害】提升12.00%(112.00%)
2025-07-22 10:31:12,636 - INFO -     [夫人队]获得【阵型-偃月阵】强化效果
2025-07-22 10:31:12,636 - INFO -         [SP诸葛亮]的【造成伤害】提升14.00%(114.00%)
2025-07-22 10:31:12,636 - INFO -         [诸葛亮]的【造成伤害】提升14.00%(114.00%)
2025-07-22 10:31:12,636 - INFO -         [许褚]的【受到伤害】降低5.00%(-5.00%)
2025-07-22 10:31:12,636 - INFO -     [SP诸葛亮]发动战法【星罗棋布】
2025-07-22 10:31:12,636 - INFO -         [SP诸葛亮]执行来自【星罗棋布】的[星罗棋布-阵型]效果
2025-07-22 10:31:12,636 - INFO -         [SP诸葛亮]的【造成伤害】提升14.54%(128.54%)
2025-07-22 10:31:12,636 - INFO -         [许褚]执行来自【星罗棋布】的[星罗棋布-阵型]效果
2025-07-22 10:31:12,636 - INFO -         [许褚]的【受到伤害】降低5.19%(-10.19%)
2025-07-22 10:31:12,636 - INFO -         [诸葛亮]执行来自【星罗棋布】的[星罗棋布-阵型]效果
2025-07-22 10:31:12,636 - INFO -         [诸葛亮]的【造成伤害】提升14.54%(128.54%)
2025-07-22 10:31:12,636 - INFO -    [夫人队]获得【蜀】强化效果,属性提升 5.0%
2025-07-22 10:31:12,636 - INFO -         [SP诸葛亮]的【武力】提升6.41(134.61)
2025-07-22 10:31:12,636 - INFO -         [SP诸葛亮]的【智力】提升13.00(273.00)
2025-07-22 10:31:12,636 - INFO -         [SP诸葛亮]的【统帅】提升10.24(215.04)
2025-07-22 10:31:12,636 - INFO -         [SP诸葛亮]的【先攻】提升6.90(144.85)
2025-07-22 10:31:12,636 - INFO -         [许褚]的【武力】提升11.89(249.64)
2025-07-22 10:31:12,636 - INFO -         [许褚]的【智力】提升5.72(120.07)
2025-07-22 10:31:12,637 - INFO -         [许褚]的【统帅】提升8.44(177.24)
2025-07-22 10:31:12,637 - INFO -         [许褚]的【先攻】提升9.30(195.30)
2025-07-22 10:31:12,637 - INFO -         [诸葛亮]的【武力】提升3.67(77.07)
2025-07-22 10:31:12,637 - INFO -         [诸葛亮]的【智力】提升15.50(325.50)
2025-07-22 10:31:12,637 - INFO -         [诸葛亮]的【统帅】提升10.73(225.22)
2025-07-22 10:31:12,637 - INFO -         [诸葛亮]的【先攻】提升6.56(137.81)
2025-07-22 10:31:12,637 - INFO -     [诸葛队]获得【兵种-弓】强化效果
2025-07-22 10:31:12,637 - INFO -         [诸葛亮]的【造成伤害】提升3.50%(103.50%)
2025-07-22 10:31:12,637 - INFO -         [颜良]的【造成伤害】提升3.50%(115.50%)
2025-07-22 10:31:12,637 - INFO -         [周瑜]的【造成伤害】提升3.50%(115.50%)
2025-07-22 10:31:12,637 - INFO -     [夫人队]获得【才堪相配】强化效果
2025-07-22 10:31:12,637 - INFO -         [SP诸葛亮]的【受治疗效果】提升8.00%(108.00%)
2025-07-22 10:31:12,637 - INFO -         [诸葛亮]的【受治疗效果】提升8.00%(108.00%)
2025-07-22 10:31:12,637 - INFO -     [许褚]发动战法【裸衣血战】
2025-07-22 10:31:12,637 - INFO -         [许褚]的【先攻】提升20.00(215.30)
2025-07-22 10:31:12,637 - INFO -         [许褚]的【武力】提升20.00(257.75)
2025-07-22 10:31:12,637 - INFO -         [许褚]的【连击几率】提升100.00%(100.00%)
2025-07-22 10:31:12,637 - INFO -         [许褚]的【统帅】降低15.00(162.24)
2025-07-22 10:31:12,638 - INFO -         [许褚]的【造成伤害】降低0.00%(100.00%)
2025-07-22 10:31:12,638 - INFO -     [周瑜]发动战法【临机制胜】
2025-07-22 10:31:12,638 - INFO -     [SP诸葛亮]发动战法【星罗棋布】
2025-07-22 10:31:12,638 - INFO -         [SP诸葛亮]的【受到谋略伤害】降低14.75%(-14.75%)
2025-07-22 10:31:12,638 - INFO -         [许褚]的【受到谋略伤害】降低11.34%(-11.34%)
2025-07-22 10:31:12,638 - INFO -         [诸葛亮]的【受到谋略伤害】降低11.34%(-11.34%)
2025-07-22 10:31:12,638 - INFO -         [SP诸葛亮]执行来自【星罗棋布】的[星罗棋布-额外效果]效果
2025-07-22 10:31:12,638 - INFO -         [SP诸葛亮]执行来自【星罗棋布】的[星罗棋布-双前排阵型]效果
2025-07-22 10:31:12,638 - INFO -         [许褚]的【对前排造成伤害】提升20.00%(120.00%)
2025-07-22 10:31:12,638 - INFO -         [许褚]的[星罗棋布-双前排阵型]效果已施加
2025-07-22 10:31:12,638 - INFO -     [SP诸葛亮]发动战法【临机制胜】
2025-07-22 10:31:12,638 - INFO -     [诸葛亮]发动战法【草船借箭】
2025-07-22 10:31:12,638 - INFO -         [诸葛亮]的【攻心】提升24.00%(24.00%)
2025-07-22 10:31:12,638 - INFO -     [诸葛亮]发动战法【草船借箭】
2025-07-22 10:31:12,638 - INFO -         [诸葛亮]的【攻心】提升24.00%(24.00%)
2025-07-22 10:31:12,638 - INFO -     [诸葛亮]发动战法【临机制胜】
2025-07-22 10:31:12,639 - INFO - 
[第 1 回合]
2025-07-22 10:31:12,639 - INFO - [许褚]开始行动
2025-07-22 10:31:12,639 - INFO -     [许褚]执行来自【星罗棋布】的[星罗棋布-双前排阵型]效果
2025-07-22 10:31:12,639 - INFO -         [诸葛亮]由于[许褚]【星罗棋布】的[星罗棋布-双前排阵型]效果,损失了兵力461(9539)
2025-07-22 10:31:12,639 - INFO -         [诸葛亮]执行来自【草船借箭】的[草船借箭]效果
2025-07-22 10:31:12,639 - INFO -         [诸葛亮]由于[诸葛亮]【草船借箭】的[草船借箭]效果,损失了兵力197(9803)
2025-07-22 10:31:12,639 - INFO -         [诸葛亮]触发攻心
2025-07-22 10:31:12,639 - INFO -         [诸葛亮]恢复了兵力47(9539)
2025-07-22 10:31:12,640 - INFO -         [诸葛亮]执行来自【草船借箭】的[草船借箭]效果
2025-07-22 10:31:12,640 - INFO -         [周瑜]由于[诸葛亮]【草船借箭】的[草船借箭]效果,损失了兵力383(9617)
2025-07-22 10:31:12,640 - INFO -         [诸葛亮]触发攻心
2025-07-22 10:31:12,640 - INFO -         [诸葛亮]恢复了兵力91(9803)
2025-07-22 10:31:12,640 - INFO -     [许褚]对[周瑜]发动普通攻击
2025-07-22 10:31:12,640 - INFO -         [周瑜]损失了兵力273(9344)
2025-07-22 10:31:12,640 - INFO -     [许褚]发动战法【膂力过人】
2025-07-22 10:31:12,640 - INFO -         [周瑜]由于[许褚]的【膂力过人】的伤害,损失了兵力410(8934)
2025-07-22 10:31:12,641 - INFO -     [周瑜]执行来自【膂力过人】的[膂力过人]效果
2025-07-22 10:31:12,641 - INFO -         [周瑜]由于[许褚]【膂力过人】的[膂力过人]效果,损失了兵力191(8743)
2025-07-22 10:31:12,641 - INFO -     [许褚]进行连击
2025-07-22 10:31:12,641 - INFO -     [许褚]对[诸葛亮]发动普通攻击
2025-07-22 10:31:12,641 - INFO -         [诸葛亮]损失了兵力288(9251)
2025-07-22 10:31:12,641 - INFO -         [诸葛亮]执行来自【草船借箭】的[草船借箭]效果
2025-07-22 10:31:12,641 - INFO -         [诸葛亮]由于[诸葛亮]【草船借箭】的[草船借箭]效果,损失了兵力197(9606)
2025-07-22 10:31:12,641 - INFO -         [诸葛亮]触发攻心
2025-07-22 10:31:12,641 - INFO -         [诸葛亮]恢复了兵力47(9251)
2025-07-22 10:31:12,641 - INFO -         [诸葛亮]执行来自【草船借箭】的[草船借箭]效果
2025-07-22 10:31:12,642 - INFO -         [诸葛亮]由于[诸葛亮]【草船借箭】的[草船借箭]效果,损失了兵力364(8887)
2025-07-22 10:31:12,642 - INFO -         [诸葛亮]触发攻心
2025-07-22 10:31:12,642 - INFO -         [诸葛亮]恢复了兵力87(9606)
2025-07-22 10:31:12,642 - INFO -         [诸葛亮]执行来自【草船借箭】的[草船借箭]效果
2025-07-22 10:31:12,642 - INFO -         [SP诸葛亮]由于[诸葛亮]【草船借箭】的[草船借箭]效果,损失了兵力176(9824)
2025-07-22 10:31:12,642 - INFO -         [诸葛亮]触发攻心
2025-07-22 10:31:12,642 - INFO -         [诸葛亮]恢复了兵力42(8887)
2025-07-22 10:31:12,642 - INFO -     [许褚]发动战法【膂力过人】
2025-07-22 10:31:12,642 - INFO -         [诸葛亮]由于[许褚]的【膂力过人】的伤害,损失了兵力432(8455)
2025-07-22 10:31:12,642 - INFO -         [诸葛亮]执行来自【草船借箭】的[草船借箭]效果
2025-07-22 10:31:12,643 - INFO -         [许褚]由于[诸葛亮]【草船借箭】的[草船借箭]效果,损失了兵力307(9693)
2025-07-22 10:31:12,643 - INFO -         [诸葛亮]触发攻心
2025-07-22 10:31:12,643 - INFO -         [诸葛亮]恢复了兵力73(8455)
2025-07-22 10:31:12,643 - INFO -     [诸葛亮]执行来自【膂力过人】的[膂力过人]效果
2025-07-22 10:31:12,643 - INFO -         [诸葛亮]由于[许褚]【膂力过人】的[膂力过人]效果,损失了兵力201(8254)
2025-07-22 10:31:12,643 - INFO -         [诸葛亮]执行来自【草船借箭】的[草船借箭]效果
2025-07-22 10:31:12,643 - INFO -         [诸葛亮]由于[诸葛亮]【草船借箭】的[草船借箭]效果,损失了兵力190(9416)
2025-07-22 10:31:12,643 - INFO -         [诸葛亮]触发攻心
2025-07-22 10:31:12,643 - INFO -         [诸葛亮]恢复了兵力45(8254)
2025-07-22 10:31:12,643 - INFO -         [诸葛亮]执行来自【草船借箭】的[草船借箭]效果
2025-07-22 10:31:12,643 - INFO -         [诸葛亮]由于[诸葛亮]【草船借箭】的[草船借箭]效果,损失了兵力364(7890)
2025-07-22 10:31:12,644 - INFO -         [诸葛亮]触发攻心
2025-07-22 10:31:12,644 - INFO -         [诸葛亮]恢复了兵力87(9416)
2025-07-22 10:31:12,644 - INFO - [颜良]开始行动
2025-07-22 10:31:12,644 - INFO -     [颜良]对[SP诸葛亮]发动普通攻击
2025-07-22 10:31:12,644 - INFO -         [SP诸葛亮]损失了兵力317(9507)
2025-07-22 10:31:12,644 - INFO -     [颜良]发动战法【膂力过人】
2025-07-22 10:31:12,644 - INFO -         [SP诸葛亮]由于[颜良]的【膂力过人】的伤害,损失了兵力476(9031)
2025-07-22 10:31:12,645 - INFO -     [SP诸葛亮]执行来自【膂力过人】的[膂力过人]效果
2025-07-22 10:31:12,645 - INFO -         [SP诸葛亮]由于[颜良]【膂力过人】的[膂力过人]效果,损失了兵力222(8809)
2025-07-22 10:31:12,645 - INFO - [SP诸葛亮]开始行动
2025-07-22 10:31:12,645 - INFO -         [SP诸葛亮]因几率未发动战法【十二奇策】
2025-07-22 10:31:12,645 - INFO -     [SP诸葛亮]对[诸葛亮]发动普通攻击
2025-07-22 10:31:12,645 - INFO -         [诸葛亮]损失了兵力249(7641)
2025-07-22 10:31:12,645 - INFO - [周瑜]开始行动
2025-07-22 10:31:12,646 - INFO -     [周瑜]对[诸葛亮]发动普通攻击
2025-07-22 10:31:12,646 - INFO -         [诸葛亮]损失了兵力195(9221)
2025-07-22 10:31:12,646 - INFO -         [诸葛亮]执行来自【草船借箭】的[草船借箭]效果
2025-07-22 10:31:12,646 - INFO -         [周瑜]由于[诸葛亮]【草船借箭】的[草船借箭]效果,损失了兵力383(8360)
2025-07-22 10:31:12,646 - INFO -         [诸葛亮]触发攻心
2025-07-22 10:31:12,646 - INFO -         [诸葛亮]恢复了兵力91(9221)
2025-07-22 10:31:12,646 - INFO - [诸葛亮]开始行动
2025-07-22 10:31:12,647 - INFO -     [诸葛亮]对[诸葛亮]发动普通攻击
2025-07-22 10:31:12,647 - INFO -         [诸葛亮]损失了兵力164(7477)
2025-07-22 10:31:12,647 - INFO - [诸葛亮]开始行动
2025-07-22 10:31:12,647 - INFO -         [诸葛亮]发动战法【十二奇策】
2025-07-22 10:31:12,647 - INFO -         [许褚]由于[诸葛亮]的【十二奇策】的伤害,损失了兵力801(8892)
2025-07-22 10:31:12,647 - INFO -         [诸葛亮]触发攻心
2025-07-22 10:31:12,647 - INFO -         [诸葛亮]恢复了兵力192(7477)
2025-07-22 10:31:12,648 - INFO -         [许褚]执行来自【十二奇策】的[十二奇谋]效果
2025-07-22 10:31:12,650 - INFO -         [许褚]的【震慑】效果已施加
2025-07-22 10:31:12,650 - INFO -         [许褚]执行来自【临机制胜】的[临机制胜-制胜]效果
2025-07-22 10:31:12,650 - INFO -         [诸葛亮]由于[SP诸葛亮]【临机制胜】的[临机制胜-制胜]效果,损失了兵力254(7223)
2025-07-22 10:31:12,651 - INFO -         [颜良]由于[SP诸葛亮]【临机制胜】的[临机制胜-制胜]效果,损失了兵力322(9678)
2025-07-22 10:31:12,651 - INFO -         [许褚]执行来自【临机制胜】的[临机制胜-制胜]效果
2025-07-22 10:31:12,651 - INFO -         [SP诸葛亮]由于[周瑜]【临机制胜】的[临机制胜-制胜]效果,损失了兵力158(8651)
2025-07-22 10:31:12,652 - INFO -         [诸葛亮]由于[周瑜]【临机制胜】的[临机制胜-制胜]效果,损失了兵力176(9045)
2025-07-22 10:31:12,652 - INFO -         [诸葛亮]发动来自【草船借箭】的[草船借箭]效果, 但因几率未触发
2025-07-22 10:31:12,652 - INFO -         [许褚]执行来自【临机制胜】的[临机制胜-制胜]效果
2025-07-22 10:31:12,652 - INFO -         [诸葛亮]由于[诸葛亮]【临机制胜】的[临机制胜-制胜]效果,损失了兵力134(8911)
2025-07-22 10:31:12,652 - INFO -         [诸葛亮]触发攻心
2025-07-22 10:31:12,652 - INFO -         [诸葛亮]恢复了兵力32(7223)
2025-07-22 10:31:12,652 - INFO -         [诸葛亮]发动来自【草船借箭】的[草船借箭]效果, 但因几率未触发
2025-07-22 10:31:12,653 - INFO -         [许褚]由于[诸葛亮]【临机制胜】的[临机制胜-制胜]效果,损失了兵力215(8677)
2025-07-22 10:31:12,653 - INFO -         [诸葛亮]触发攻心
2025-07-22 10:31:12,653 - INFO -         [诸葛亮]恢复了兵力51(7223)
2025-07-22 10:31:12,653 - INFO -         [SP诸葛亮]由于[诸葛亮]的【十二奇策】的伤害,损失了兵力445(8206)
2025-07-22 10:31:12,653 - INFO -         [诸葛亮]触发攻心
2025-07-22 10:31:12,653 - INFO -         [诸葛亮]恢复了兵力106(7223)
2025-07-22 10:31:12,653 - INFO -         [SP诸葛亮]执行来自【十二奇策】的[十二奇谋]效果
2025-07-22 10:31:12,653 - INFO -         [SP诸葛亮]的【震慑】效果已施加
2025-07-22 10:31:12,654 - INFO -         [SP诸葛亮]执行来自【临机制胜】的[临机制胜-制胜]效果
2025-07-22 10:31:12,654 - INFO -         [颜良]由于[SP诸葛亮]【临机制胜】的[临机制胜-制胜]效果,损失了兵力312(9366)
2025-07-22 10:31:12,654 - INFO -         [周瑜]由于[SP诸葛亮]【临机制胜】的[临机制胜-制胜]效果,损失了兵力258(8102)
2025-07-22 10:31:12,654 - INFO -         [SP诸葛亮]执行来自【临机制胜】的[临机制胜-制胜]效果
2025-07-22 10:31:12,654 - INFO -         [SP诸葛亮]由于[周瑜]【临机制胜】的[临机制胜-制胜]效果,损失了兵力156(8050)
2025-07-22 10:31:12,654 - INFO -         [诸葛亮]由于[周瑜]【临机制胜】的[临机制胜-制胜]效果,损失了兵力174(8737)
2025-07-22 10:31:12,655 - INFO -         [诸葛亮]发动来自【草船借箭】的[草船借箭]效果, 但因几率未触发
2025-07-22 10:31:12,655 - INFO -         [SP诸葛亮]执行来自【临机制胜】的[临机制胜-制胜]效果
2025-07-22 10:31:12,655 - INFO -         [SP诸葛亮]由于[诸葛亮]【临机制胜】的[临机制胜-制胜]效果,损失了兵力121(7929)
2025-07-22 10:31:12,655 - INFO -         [诸葛亮]触发攻心
2025-07-22 10:31:12,655 - INFO -         [诸葛亮]恢复了兵力29(7223)
2025-07-22 10:31:12,655 - INFO -         [许褚]由于[诸葛亮]【临机制胜】的[临机制胜-制胜]效果,损失了兵力215(8462)
2025-07-22 10:31:12,655 - INFO -         [诸葛亮]触发攻心
2025-07-22 10:31:12,655 - INFO -         [诸葛亮]恢复了兵力51(7223)
2025-07-22 10:31:12,655 - INFO -     [诸葛亮]对[SP诸葛亮]发动普通攻击
2025-07-22 10:31:12,655 - INFO -         [SP诸葛亮]损失了兵力145(7784)
2025-07-22 10:31:12,656 - INFO - 
[第 2 回合]
2025-07-22 10:31:12,656 - INFO - [许褚]开始行动
2025-07-22 10:31:12,656 - INFO -     [许褚]执行来自【星罗棋布】的[星罗棋布-双前排阵型]效果
2025-07-22 10:31:12,656 - INFO -         [颜良]由于[许褚]【星罗棋布】的[星罗棋布-双前排阵型]效果,损失了兵力549(8817)
2025-07-22 10:31:12,656 - INFO -         [诸葛亮]由于[许褚]【星罗棋布】的[星罗棋布-双前排阵型]效果,损失了兵力448(6775)
2025-07-22 10:31:12,657 - INFO -         [诸葛亮]执行来自【草船借箭】的[草船借箭]效果
2025-07-22 10:31:12,657 - INFO -         [诸葛亮]由于[诸葛亮]【草船借箭】的[草船借箭]效果,损失了兵力175(8562)
2025-07-22 10:31:12,657 - INFO -         [诸葛亮]触发攻心
2025-07-22 10:31:12,657 - INFO -         [诸葛亮]恢复了兵力42(6775)
2025-07-22 10:31:12,657 - INFO -         [诸葛亮]执行来自【草船借箭】的[草船借箭]效果
2025-07-22 10:31:12,657 - INFO -         [诸葛亮]由于[诸葛亮]【草船借箭】的[草船借箭]效果,损失了兵力356(6419)
2025-07-22 10:31:12,657 - INFO -         [诸葛亮]触发攻心
2025-07-22 10:31:12,657 - INFO -         [诸葛亮]恢复了兵力85(8562)
2025-07-22 10:31:12,657 - INFO -         [诸葛亮]执行来自【草船借箭】的[草船借箭]效果
2025-07-22 10:31:12,657 - INFO -         [SP诸葛亮]由于[诸葛亮]【草船借箭】的[草船借箭]效果,损失了兵力154(7630)
2025-07-22 10:31:12,657 - INFO -         [诸葛亮]触发攻心
2025-07-22 10:31:12,657 - INFO -         [诸葛亮]恢复了兵力37(6419)
2025-07-22 10:31:12,658 - INFO -     [许褚]无法普攻
2025-07-22 10:31:12,658 - INFO - [颜良]开始行动
2025-07-22 10:31:12,658 - INFO -     [颜良]对[许褚]发动普通攻击
2025-07-22 10:31:12,658 - INFO -         [许褚]损失了兵力340(8122)
2025-07-22 10:31:12,658 - INFO -     [颜良]发动战法【膂力过人】
2025-07-22 10:31:12,658 - INFO -         [许褚]由于[颜良]的【膂力过人】的伤害,损失了兵力511(7611)
2025-07-22 10:31:12,659 - INFO - [SP诸葛亮]开始行动
2025-07-22 10:31:12,659 - INFO - [SP诸葛亮]战法【十二奇策】无法释放
2025-07-22 10:31:12,659 - INFO -     [SP诸葛亮]无法普攻
2025-07-22 10:31:12,659 - INFO - [周瑜]开始行动
2025-07-22 10:31:12,659 - INFO -     [周瑜]对[许褚]发动普通攻击
2025-07-22 10:31:12,659 - INFO -         [许褚]损失了兵力246(7365)
2025-07-22 10:31:12,660 - INFO - [诸葛亮]开始行动
2025-07-22 10:31:12,660 - INFO -     [诸葛亮]对[诸葛亮]发动普通攻击
2025-07-22 10:31:12,660 - INFO -         [诸葛亮]损失了兵力161(6258)
2025-07-22 10:31:12,660 - INFO -         [诸葛亮]执行来自【草船借箭】的[草船借箭]效果
2025-07-22 10:31:12,660 - INFO -         [SP诸葛亮]由于[诸葛亮]【草船借箭】的[草船借箭]效果,损失了兵力153(7477)
2025-07-22 10:31:12,660 - INFO -         [诸葛亮]触发攻心
2025-07-22 10:31:12,660 - INFO -         [诸葛亮]恢复了兵力36(6258)
2025-07-22 10:31:12,661 - INFO - [诸葛亮]开始行动
2025-07-22 10:31:12,661 - INFO -         [诸葛亮]发动战法【十二奇策】
2025-07-22 10:31:12,661 - INFO -         [诸葛亮]由于[诸葛亮]的【十二奇策】的伤害,损失了兵力468(8094)
2025-07-22 10:31:12,661 - INFO -         [诸葛亮]触发攻心
2025-07-22 10:31:12,661 - INFO -         [诸葛亮]恢复了兵力112(6258)
2025-07-22 10:31:12,661 - INFO -         [诸葛亮]发动来自【草船借箭】的[草船借箭]效果, 但因几率未触发
2025-07-22 10:31:12,661 - INFO -         [诸葛亮]执行来自【十二奇策】的[十二奇谋]效果
2025-07-22 10:31:12,662 - INFO -         [诸葛亮]的【断粮】效果已施加
2025-07-22 10:31:12,662 - INFO -         [诸葛亮]执行来自【临机制胜】的[临机制胜-制胜]效果
2025-07-22 10:31:12,662 - INFO -         [颜良]由于[SP诸葛亮]【临机制胜】的[临机制胜-制胜]效果,损失了兵力300(8517)
2025-07-22 10:31:12,663 - INFO -         [诸葛亮]由于[SP诸葛亮]【临机制胜】的[临机制胜-制胜]效果,损失了兵力237(6021)
2025-07-22 10:31:12,663 - INFO -         [诸葛亮]发动来自【草船借箭】的[草船借箭]效果, 但因几率未触发
2025-07-22 10:31:12,663 - INFO -         [诸葛亮]执行来自【临机制胜】的[临机制胜-制胜]效果
2025-07-22 10:31:12,663 - INFO -         [SP诸葛亮]由于[周瑜]【临机制胜】的[临机制胜-制胜]效果,损失了兵力156(7321)
2025-07-22 10:31:12,663 - INFO -         [许褚]由于[周瑜]【临机制胜】的[临机制胜-制胜]效果,损失了兵力272(7093)
2025-07-22 10:31:12,663 - INFO -         [诸葛亮]执行来自【临机制胜】的[临机制胜-制胜]效果
2025-07-22 10:31:12,663 - INFO -         [SP诸葛亮]由于[诸葛亮]【临机制胜】的[临机制胜-制胜]效果,损失了兵力113(7208)
2025-07-22 10:31:12,663 - INFO -         [诸葛亮]触发攻心
2025-07-22 10:31:12,663 - INFO -         [诸葛亮]恢复了兵力27(6021)
2025-07-22 10:31:12,664 - INFO -         [许褚]由于[诸葛亮]【临机制胜】的[临机制胜-制胜]效果,损失了兵力201(6892)
2025-07-22 10:31:12,664 - INFO -         [诸葛亮]触发攻心
2025-07-22 10:31:12,664 - INFO -         [诸葛亮]恢复了兵力48(6021)
2025-07-22 10:31:12,664 - INFO -         [许褚]由于[诸葛亮]的【十二奇策】的伤害,损失了兵力738(6154)
2025-07-22 10:31:12,664 - INFO -         [诸葛亮]触发攻心
2025-07-22 10:31:12,664 - INFO -         [诸葛亮]恢复了兵力177(6021)
2025-07-22 10:31:12,664 - INFO -         [许褚]执行来自【十二奇策】的[十二奇谋]效果
2025-07-22 10:31:12,665 - INFO -         [许褚]的【智力】降低15.00(105.07)
2025-07-22 10:31:12,665 - INFO -         [许褚]的【火攻】效果已施加
2025-07-22 10:31:12,665 - INFO -         [许褚]执行来自【临机制胜】的[临机制胜-制胜]效果
2025-07-22 10:31:12,665 - INFO -         [周瑜]由于[SP诸葛亮]【临机制胜】的[临机制胜-制胜]效果,损失了兵力245(7857)
2025-07-22 10:31:12,665 - INFO -         [诸葛亮]由于[SP诸葛亮]【临机制胜】的[临机制胜-制胜]效果,损失了兵力233(5788)
2025-07-22 10:31:12,665 - INFO -         [诸葛亮]发动来自【草船借箭】的[草船借箭]效果, 但因几率未触发
2025-07-22 10:31:12,666 - INFO -         [SP诸葛亮]执行来自【临机制胜】的[临机制胜-恢复]效果
2025-07-22 10:31:12,666 - INFO -         [诸葛亮]由于[诸葛亮]【十二奇策】的[断粮]效果治疗效率降为30%
2025-07-22 10:31:12,666 - INFO -         [诸葛亮]恢复了兵力385(8094)
2025-07-22 10:31:12,666 - INFO -         [SP诸葛亮]恢复了兵力550(7208)
2025-07-22 10:31:12,666 - INFO -         [许褚]恢复了兵力550(6154)
2025-07-22 10:31:12,666 - INFO -         [许褚]执行来自【临机制胜】的[临机制胜-制胜]效果
2025-07-22 10:31:12,666 - INFO -         [许褚]由于[周瑜]【临机制胜】的[临机制胜-制胜]效果,损失了兵力275(5879)
2025-07-22 10:31:12,666 - INFO -         [SP诸葛亮]由于[周瑜]【临机制胜】的[临机制胜-制胜]效果,损失了兵力154(7054)
2025-07-22 10:31:12,666 - INFO -         [周瑜]执行来自【临机制胜】的[临机制胜-恢复]效果
2025-07-22 10:31:12,666 - INFO -         [诸葛亮]恢复了兵力560(5788)
2025-07-22 10:31:12,667 - INFO -         [周瑜]恢复了兵力560(7857)
2025-07-22 10:31:12,667 - INFO -         [颜良]恢复了兵力560(8517)
2025-07-22 10:31:12,667 - INFO -         [许褚]执行来自【临机制胜】的[临机制胜-制胜]效果
2025-07-22 10:31:12,667 - INFO -         [SP诸葛亮]由于[诸葛亮]【临机制胜】的[临机制胜-制胜]效果,损失了兵力111(6943)
2025-07-22 10:31:12,667 - INFO -         [诸葛亮]触发攻心
2025-07-22 10:31:12,667 - INFO -         [诸葛亮]恢复了兵力26(5788)
2025-07-22 10:31:12,667 - INFO -         [诸葛亮]由于[诸葛亮]【临机制胜】的[临机制胜-制胜]效果,损失了兵力124(7970)
2025-07-22 10:31:12,667 - INFO -         [诸葛亮]触发攻心
2025-07-22 10:31:12,667 - INFO -         [诸葛亮]恢复了兵力29(5788)
2025-07-22 10:31:12,667 - INFO -         [诸葛亮]发动来自【草船借箭】的[草船借箭]效果, 但因几率未触发
2025-07-22 10:31:12,668 - INFO -         [诸葛亮]执行来自【临机制胜】的[临机制胜-恢复]效果
2025-07-22 10:31:12,668 - INFO -         [周瑜]恢复了兵力540(7857)
2025-07-22 10:31:12,668 - INFO -         [诸葛亮]恢复了兵力540(5788)
2025-07-22 10:31:12,668 - INFO -         [颜良]恢复了兵力540(8517)
2025-07-22 10:31:12,668 - INFO -     [诸葛亮]对[诸葛亮]发动普通攻击
2025-07-22 10:31:12,668 - INFO -         [诸葛亮]损失了兵力152(7818)
2025-07-22 10:31:12,669 - INFO -         [诸葛亮]发动来自【草船借箭】的[草船借箭]效果, 但因几率未触发
2025-07-22 10:31:12,669 - INFO - 
[第 3 回合]
2025-07-22 10:31:12,669 - INFO - [许褚]开始行动
2025-07-22 10:31:12,669 - INFO -     [许褚]执行来自【星罗棋布】的[星罗棋布-双前排阵型]效果
2025-07-22 10:31:12,669 - INFO -         [周瑜]由于[许褚]【星罗棋布】的[星罗棋布-双前排阵型]效果,损失了兵力369(7488)
2025-07-22 10:31:12,669 - INFO -         [诸葛亮]由于[许褚]【星罗棋布】的[星罗棋布-双前排阵型]效果,损失了兵力389(5399)
2025-07-22 10:31:12,670 - INFO -         [诸葛亮]执行来自【草船借箭】的[草船借箭]效果
2025-07-22 10:31:12,670 - INFO -         [SP诸葛亮]由于[诸葛亮]【草船借箭】的[草船借箭]效果,损失了兵力145(6798)
2025-07-22 10:31:12,670 - INFO -         [诸葛亮]触发攻心
2025-07-22 10:31:12,670 - INFO -         [诸葛亮]恢复了兵力34(5399)
2025-07-22 10:31:12,670 - INFO -     [许褚]无法普攻
2025-07-22 10:31:12,670 - INFO - [颜良]开始行动
2025-07-22 10:31:12,670 - INFO -     [颜良]对[诸葛亮]发动普通攻击
2025-07-22 10:31:12,671 - INFO -         [诸葛亮]损失了兵力254(7564)
2025-07-22 10:31:12,671 - INFO -         [诸葛亮]发动来自【草船借箭】的[草船借箭]效果, 但因几率未触发
2025-07-22 10:31:12,671 - INFO -     [颜良]发动战法【膂力过人】
2025-07-22 10:31:12,671 - INFO -         [诸葛亮]由于[颜良]的【膂力过人】的伤害,损失了兵力381(7183)
2025-07-22 10:31:12,671 - INFO -         [诸葛亮]执行来自【草船借箭】的[草船借箭]效果
2025-07-22 10:31:12,671 - INFO -         [诸葛亮]由于[诸葛亮]【草船借箭】的[草船借箭]效果,损失了兵力331(5068)
2025-07-22 10:31:12,671 - INFO -         [诸葛亮]触发攻心
2025-07-22 10:31:12,671 - INFO -         [诸葛亮]由于[诸葛亮]【十二奇策】的[断粮]效果治疗效率降为30%
2025-07-22 10:31:12,671 - INFO -         [诸葛亮]恢复了兵力55(7183)
2025-07-22 10:31:12,671 - INFO -         [诸葛亮]发动来自【草船借箭】的[草船借箭]效果, 但因几率未触发
2025-07-22 10:31:12,671 - INFO -     [诸葛亮]执行来自【膂力过人】的[膂力过人]效果
2025-07-22 10:31:12,672 - INFO -         [诸葛亮]由于[颜良]【膂力过人】的[膂力过人]效果,损失了兵力178(7005)
2025-07-22 10:31:12,672 - INFO -         [诸葛亮]执行来自【草船借箭】的[草船借箭]效果
2025-07-22 10:31:12,672 - INFO -         [诸葛亮]由于[诸葛亮]【草船借箭】的[草船借箭]效果,损失了兵力328(4740)
2025-07-22 10:31:12,672 - INFO -         [诸葛亮]触发攻心
2025-07-22 10:31:12,672 - INFO -         [诸葛亮]由于[诸葛亮]【十二奇策】的[断粮]效果治疗效率降为30%
2025-07-22 10:31:12,672 - INFO -         [诸葛亮]恢复了兵力54(7005)
2025-07-22 10:31:12,672 - INFO -         [诸葛亮]执行来自【草船借箭】的[草船借箭]效果
2025-07-22 10:31:12,672 - INFO -         [SP诸葛亮]由于[诸葛亮]【草船借箭】的[草船借箭]效果,损失了兵力138(6660)
2025-07-22 10:31:12,672 - INFO -         [诸葛亮]触发攻心
2025-07-22 10:31:12,672 - INFO -         [诸葛亮]恢复了兵力33(4740)
2025-07-22 10:31:12,673 - INFO - [SP诸葛亮]开始行动
2025-07-22 10:31:12,673 - INFO - [SP诸葛亮]战法【十二奇策】无法释放
2025-07-22 10:31:12,673 - INFO -     [SP诸葛亮]无法普攻
2025-07-22 10:31:12,673 - INFO - [周瑜]开始行动
2025-07-22 10:31:12,673 - INFO -     [周瑜]对[诸葛亮]发动普通攻击
2025-07-22 10:31:12,673 - INFO -         [诸葛亮]损失了兵力183(6822)
2025-07-22 10:31:12,673 - INFO -         [诸葛亮]执行来自【草船借箭】的[草船借箭]效果
2025-07-22 10:31:12,674 - INFO -         [颜良]由于[诸葛亮]【草船借箭】的[草船借箭]效果,损失了兵力506(8011)
2025-07-22 10:31:12,674 - INFO -         [诸葛亮]触发攻心
2025-07-22 10:31:12,674 - INFO -         [诸葛亮]由于[诸葛亮]【十二奇策】的[断粮]效果治疗效率降为30%
2025-07-22 10:31:12,674 - INFO -         [诸葛亮]恢复了兵力84(6822)
2025-07-22 10:31:12,674 - INFO - [诸葛亮]开始行动
2025-07-22 10:31:12,674 - INFO -     [诸葛亮]对[诸葛亮]发动普通攻击
2025-07-22 10:31:12,674 - INFO -         [诸葛亮]损失了兵力146(4594)
2025-07-22 10:31:12,674 - INFO -         [诸葛亮]发动来自【草船借箭】的[草船借箭]效果, 但因几率未触发
2025-07-22 10:31:12,675 - INFO - [诸葛亮]开始行动
2025-07-22 10:31:12,675 - INFO -         [诸葛亮]发动战法【十二奇策】
2025-07-22 10:31:12,675 - INFO -         [SP诸葛亮]由于[诸葛亮]的【十二奇策】的伤害,损失了兵力375(6285)
2025-07-22 10:31:12,675 - INFO -         [诸葛亮]触发攻心
2025-07-22 10:31:12,675 - INFO -         [诸葛亮]恢复了兵力90(4594)
2025-07-22 10:31:12,675 - INFO -         [SP诸葛亮]执行来自【十二奇策】的[十二奇谋]效果
2025-07-22 10:31:12,676 - INFO -         [SP诸葛亮]的【缴械】效果已施加
2025-07-22 10:31:12,676 - INFO -         [SP诸葛亮]执行来自【临机制胜】的[临机制胜-制胜]效果
2025-07-22 10:31:12,677 - INFO -         [诸葛亮]由于[SP诸葛亮]【临机制胜】的[临机制胜-制胜]效果,损失了兵力221(4373)
2025-07-22 10:31:12,677 - INFO -         [诸葛亮]发动来自【草船借箭】的[草船借箭]效果, 但因几率未触发
2025-07-22 10:31:12,677 - INFO -         [周瑜]由于[SP诸葛亮]【临机制胜】的[临机制胜-制胜]效果,损失了兵力233(7255)
2025-07-22 10:31:12,678 - INFO -         [SP诸葛亮]发动来自【临机制胜】的[临机制胜-制胜]效果, 但因几率未触发
2025-07-22 10:31:12,678 - INFO -         [SP诸葛亮]执行来自【临机制胜】的[临机制胜-制胜]效果
2025-07-22 10:31:12,678 - INFO -         [SP诸葛亮]由于[诸葛亮]【临机制胜】的[临机制胜-制胜]效果,损失了兵力100(6185)
2025-07-22 10:31:12,678 - INFO -         [诸葛亮]触发攻心
2025-07-22 10:31:12,678 - INFO -         [诸葛亮]恢复了兵力24(4373)
2025-07-22 10:31:12,679 - INFO -         [诸葛亮]由于[诸葛亮]【临机制胜】的[临机制胜-制胜]效果,损失了兵力111(6711)
2025-07-22 10:31:12,679 - INFO -         [诸葛亮]触发攻心
2025-07-22 10:31:12,679 - INFO -         [诸葛亮]恢复了兵力26(4373)
2025-07-22 10:31:12,679 - INFO -         [诸葛亮]发动来自【草船借箭】的[草船借箭]效果, 但因几率未触发
2025-07-22 10:31:12,679 - INFO -         [诸葛亮]由于[诸葛亮]的【十二奇策】的伤害,损失了兵力408(6303)
2025-07-22 10:31:12,679 - INFO -         [诸葛亮]触发攻心
2025-07-22 10:31:12,679 - INFO -         [诸葛亮]恢复了兵力97(4373)
2025-07-22 10:31:12,679 - INFO -         [诸葛亮]发动来自【草船借箭】的[草船借箭]效果, 但因几率未触发
2025-07-22 10:31:12,679 - INFO -         [诸葛亮]执行来自【十二奇策】的[十二奇谋]效果
2025-07-22 10:31:12,680 - INFO -         [诸葛亮]的【震慑】效果已施加
2025-07-22 10:31:12,680 - INFO -         [诸葛亮]执行来自【临机制胜】的[临机制胜-制胜]效果
2025-07-22 10:31:12,680 - INFO -         [颜良]由于[SP诸葛亮]【临机制胜】的[临机制胜-制胜]效果,损失了兵力279(7732)
2025-07-22 10:31:12,680 - INFO -         [诸葛亮]由于[SP诸葛亮]【临机制胜】的[临机制胜-制胜]效果,损失了兵力220(4153)
2025-07-22 10:31:12,680 - INFO -         [诸葛亮]发动来自【草船借箭】的[草船借箭]效果, 但因几率未触发
2025-07-22 10:31:12,680 - INFO -         [诸葛亮]执行来自【临机制胜】的[临机制胜-制胜]效果
2025-07-22 10:31:12,681 - INFO -         [诸葛亮]由于[周瑜]【临机制胜】的[临机制胜-制胜]效果,损失了兵力166(6137)
2025-07-22 10:31:12,681 - INFO -         [诸葛亮]发动来自【草船借箭】的[草船借箭]效果, 但因几率未触发
2025-07-22 10:31:12,681 - INFO -         [SP诸葛亮]由于[周瑜]【临机制胜】的[临机制胜-制胜]效果,损失了兵力149(6036)
2025-07-22 10:31:12,681 - INFO -         [诸葛亮]发动来自【临机制胜】的[临机制胜-制胜]效果, 但因几率未触发
2025-07-22 10:31:12,681 - INFO -     [诸葛亮]对[许褚]发动普通攻击
2025-07-22 10:31:12,681 - INFO -         [许褚]损失了兵力175(5704)
2025-07-22 10:31:12,682 - INFO - 
[第 4 回合]
2025-07-22 10:31:12,682 - INFO - [许褚]开始行动
2025-07-22 10:31:12,682 - INFO -         [许褚]的【震慑】效果已消失
2025-07-22 10:31:12,682 - INFO -     [许褚]执行来自【星罗棋布】的[星罗棋布-双前排阵型]效果
2025-07-22 10:31:12,682 - INFO -         [诸葛亮]由于[许褚]【星罗棋布】的[星罗棋布-双前排阵型]效果,损失了兵力385(3768)
2025-07-22 10:31:12,682 - INFO -         [诸葛亮]执行来自【草船借箭】的[草船借箭]效果
2025-07-22 10:31:12,682 - INFO -         [诸葛亮]由于[诸葛亮]【草船借箭】的[草船借箭]效果,损失了兵力139(5998)
2025-07-22 10:31:12,682 - INFO -         [诸葛亮]触发攻心
2025-07-22 10:31:12,682 - INFO -         [诸葛亮]恢复了兵力33(3768)
2025-07-22 10:31:12,683 - INFO -         [诸葛亮]发动来自【草船借箭】的[草船借箭]效果, 但因几率未触发
2025-07-22 10:31:12,683 - INFO -         [颜良]由于[许褚]【星罗棋布】的[星罗棋布-双前排阵型]效果,损失了兵力471(7261)
2025-07-22 10:31:12,683 - INFO -     [许褚]对[诸葛亮]发动普通攻击
2025-07-22 10:31:12,683 - INFO -         [诸葛亮]损失了兵力240(3528)
2025-07-22 10:31:12,683 - INFO -         [诸葛亮]发动来自【草船借箭】的[草船借箭]效果, 但因几率未触发
2025-07-22 10:31:12,683 - INFO -     [许褚]发动战法【膂力过人】
2025-07-22 10:31:12,683 - INFO -         [诸葛亮]由于[许褚]的【膂力过人】的伤害,损失了兵力361(3167)
2025-07-22 10:31:12,683 - INFO -         [诸葛亮]执行来自【草船借箭】的[草船借箭]效果
2025-07-22 10:31:12,684 - INFO -         [诸葛亮]由于[诸葛亮]【草船借箭】的[草船借箭]效果,损失了兵力129(5869)
2025-07-22 10:31:12,684 - INFO -         [诸葛亮]触发攻心
2025-07-22 10:31:12,684 - INFO -         [诸葛亮]恢复了兵力31(3167)
2025-07-22 10:31:12,684 - INFO -         [诸葛亮]执行来自【草船借箭】的[草船借箭]效果
2025-07-22 10:31:12,684 - INFO -         [颜良]由于[诸葛亮]【草船借箭】的[草船借箭]效果,损失了兵力479(6782)
2025-07-22 10:31:12,684 - INFO -         [诸葛亮]触发攻心
2025-07-22 10:31:12,684 - INFO -         [诸葛亮]由于[诸葛亮]【十二奇策】的[断粮]效果治疗效率降为30%
2025-07-22 10:31:12,684 - INFO -         [诸葛亮]恢复了兵力80(5869)
2025-07-22 10:31:12,684 - INFO -     [诸葛亮]执行来自【膂力过人】的[膂力过人]效果
2025-07-22 10:31:12,684 - INFO -         [诸葛亮]由于[许褚]【膂力过人】的[膂力过人]效果,损失了兵力168(2999)
2025-07-22 10:31:12,685 - INFO -         [诸葛亮]执行来自【草船借箭】的[草船借箭]效果
2025-07-22 10:31:12,685 - INFO -         [许褚]由于[诸葛亮]【草船借箭】的[草船借箭]效果,损失了兵力207(5497)
2025-07-22 10:31:12,685 - INFO -         [诸葛亮]触发攻心
2025-07-22 10:31:12,685 - INFO -         [诸葛亮]恢复了兵力49(2999)
2025-07-22 10:31:12,685 - INFO -     [许褚]进行连击
2025-07-22 10:31:12,685 - INFO -     [许褚]对[周瑜]发动普通攻击
2025-07-22 10:31:12,685 - INFO -         [周瑜]损失了兵力225(7030)
2025-07-22 10:31:12,686 - INFO -     [许褚]发动战法【膂力过人】
2025-07-22 10:31:12,686 - INFO -         [周瑜]由于[许褚]的【膂力过人】的伤害,损失了兵力338(6692)
2025-07-22 10:31:12,686 - INFO -     [周瑜]执行来自【膂力过人】的[膂力过人]效果
2025-07-22 10:31:12,686 - INFO -         [周瑜]由于[许褚]【膂力过人】的[膂力过人]效果,损失了兵力158(6534)
2025-07-22 10:31:12,686 - INFO - [颜良]开始行动
2025-07-22 10:31:12,686 - INFO -     [颜良]对[诸葛亮]发动普通攻击
2025-07-22 10:31:12,687 - INFO -         [诸葛亮]损失了兵力231(5638)
2025-07-22 10:31:12,687 - INFO -         [诸葛亮]执行来自【草船借箭】的[草船借箭]效果
2025-07-22 10:31:12,687 - INFO -         [周瑜]由于[诸葛亮]【草船借箭】的[草船借箭]效果,损失了兵力318(6216)
2025-07-22 10:31:12,687 - INFO -         [诸葛亮]触发攻心
2025-07-22 10:31:12,687 - INFO -         [诸葛亮]由于[诸葛亮]【十二奇策】的[断粮]效果治疗效率降为30%
2025-07-22 10:31:12,687 - INFO -         [诸葛亮]恢复了兵力53(5638)
2025-07-22 10:31:12,687 - INFO -     [颜良]发动战法【膂力过人】
2025-07-22 10:31:12,687 - INFO -         [诸葛亮]由于[颜良]的【膂力过人】的伤害,损失了兵力347(5291)
2025-07-22 10:31:12,687 - INFO -         [诸葛亮]执行来自【草船借箭】的[草船借箭]效果
2025-07-22 10:31:12,687 - INFO -         [颜良]由于[诸葛亮]【草船借箭】的[草船借箭]效果,损失了兵力463(6319)
2025-07-22 10:31:12,688 - INFO -         [诸葛亮]触发攻心
2025-07-22 10:31:12,688 - INFO -         [诸葛亮]由于[诸葛亮]【十二奇策】的[断粮]效果治疗效率降为30%
2025-07-22 10:31:12,688 - INFO -         [诸葛亮]恢复了兵力77(5291)
2025-07-22 10:31:12,688 - INFO -     [诸葛亮]执行来自【膂力过人】的[膂力过人]效果
2025-07-22 10:31:12,688 - INFO -         [诸葛亮]由于[颜良]【膂力过人】的[膂力过人]效果,损失了兵力158(5133)
2025-07-22 10:31:12,688 - INFO -         [诸葛亮]发动来自【草船借箭】的[草船借箭]效果, 但因几率未触发
2025-07-22 10:31:12,688 - INFO - [SP诸葛亮]开始行动
2025-07-22 10:31:12,688 - INFO -         [SP诸葛亮]的【震慑】效果已消失
2025-07-22 10:31:12,688 - INFO -         [SP诸葛亮]发动战法【十二奇策】
2025-07-22 10:31:12,689 - INFO -         [颜良]由于[SP诸葛亮]的【十二奇策】的伤害,损失了兵力1015(5304)
2025-07-22 10:31:12,689 - INFO -         [颜良]执行来自【十二奇策】的[十二奇谋]效果
2025-07-22 10:31:12,689 - INFO -         [颜良]的【缴械】效果已施加
2025-07-22 10:31:12,689 - INFO -         [颜良]发动来自【临机制胜】的[临机制胜-制胜]效果, 但因几率未触发
2025-07-22 10:31:12,689 - INFO -         [颜良]执行来自【临机制胜】的[临机制胜-制胜]效果
2025-07-22 10:31:12,689 - INFO -         [诸葛亮]由于[周瑜]【临机制胜】的[临机制胜-制胜]效果,损失了兵力156(4977)
2025-07-22 10:31:12,689 - INFO -         [诸葛亮]发动来自【草船借箭】的[草船借箭]效果, 但因几率未触发
2025-07-22 10:31:12,689 - INFO -         [SP诸葛亮]由于[周瑜]【临机制胜】的[临机制胜-制胜]效果,损失了兵力141(5895)
2025-07-22 10:31:12,689 - INFO -         [颜良]发动来自【临机制胜】的[临机制胜-制胜]效果, 但因几率未触发
2025-07-22 10:31:12,690 - INFO -         [周瑜]由于[SP诸葛亮]的【十二奇策】的伤害,损失了兵力835(5381)
2025-07-22 10:31:12,690 - INFO -         [周瑜]执行来自【十二奇策】的[十二奇谋]效果
2025-07-22 10:31:12,690 - INFO -         [周瑜]的【缴械】效果已施加
2025-07-22 10:31:12,690 - INFO -         [周瑜]执行来自【临机制胜】的[临机制胜-制胜]效果
2025-07-22 10:31:12,690 - INFO -         [诸葛亮]由于[SP诸葛亮]【临机制胜】的[临机制胜-制胜]效果,损失了兵力216(2783)
2025-07-22 10:31:12,690 - INFO -         [诸葛亮]执行来自【草船借箭】的[草船借箭]效果
2025-07-22 10:31:12,690 - INFO -         [SP诸葛亮]由于[诸葛亮]【草船借箭】的[草船借箭]效果,损失了兵力110(5785)
2025-07-22 10:31:12,690 - INFO -         [诸葛亮]触发攻心
2025-07-22 10:31:12,690 - INFO -         [诸葛亮]恢复了兵力26(2783)
2025-07-22 10:31:12,691 - INFO -         [颜良]由于[SP诸葛亮]【临机制胜】的[临机制胜-制胜]效果,损失了兵力273(5031)
2025-07-22 10:31:12,691 - INFO -         [周瑜]执行来自【临机制胜】的[临机制胜-制胜]效果
2025-07-22 10:31:12,691 - INFO -         [SP诸葛亮]由于[周瑜]【临机制胜】的[临机制胜-制胜]效果,损失了兵力134(5651)
2025-07-22 10:31:12,691 - INFO -         [诸葛亮]由于[周瑜]【临机制胜】的[临机制胜-制胜]效果,损失了兵力149(4828)
2025-07-22 10:31:12,691 - INFO -         [诸葛亮]发动来自【草船借箭】的[草船借箭]效果, 但因几率未触发
2025-07-22 10:31:12,691 - INFO -         [周瑜]执行来自【临机制胜】的[临机制胜-制胜]效果
2025-07-22 10:31:12,691 - INFO -         [诸葛亮]由于[诸葛亮]【临机制胜】的[临机制胜-制胜]效果,损失了兵力92(4736)
2025-07-22 10:31:12,691 - INFO -         [诸葛亮]触发攻心
2025-07-22 10:31:12,692 - INFO -         [诸葛亮]恢复了兵力22(2783)
2025-07-22 10:31:12,692 - INFO -         [诸葛亮]发动来自【草船借箭】的[草船借箭]效果, 但因几率未触发
2025-07-22 10:31:12,692 - INFO -         [SP诸葛亮]由于[诸葛亮]【临机制胜】的[临机制胜-制胜]效果,损失了兵力83(5568)
2025-07-22 10:31:12,692 - INFO -         [诸葛亮]触发攻心
2025-07-22 10:31:12,692 - INFO -         [诸葛亮]恢复了兵力19(2783)
2025-07-22 10:31:12,692 - INFO -     [SP诸葛亮]无法普攻
2025-07-22 10:31:12,692 - INFO - [周瑜]开始行动
2025-07-22 10:31:12,692 - INFO -     [周瑜]无法普攻
2025-07-22 10:31:12,692 - INFO - [诸葛亮]开始行动
2025-07-22 10:31:12,693 - INFO -     [诸葛亮]无法普攻
2025-07-22 10:31:12,693 - INFO - [诸葛亮]开始行动
2025-07-22 10:31:12,693 - INFO -         [诸葛亮]发动战法【十二奇策】
2025-07-22 10:31:12,693 - INFO -         [诸葛亮]由于[诸葛亮]的【十二奇策】的伤害,损失了兵力338(4398)
2025-07-22 10:31:12,693 - INFO -         [诸葛亮]触发攻心
2025-07-22 10:31:12,693 - INFO -         [诸葛亮]恢复了兵力81(2783)
2025-07-22 10:31:12,693 - INFO -         [诸葛亮]发动来自【草船借箭】的[草船借箭]效果, 但因几率未触发
2025-07-22 10:31:12,693 - INFO -         [诸葛亮]执行来自【十二奇策】的[十二奇谋]效果
2025-07-22 10:31:12,694 - INFO -         [诸葛亮]的【嘲讽】效果已施加
2025-07-22 10:31:12,695 - INFO -         [诸葛亮]发动来自【临机制胜】的[临机制胜-制胜]效果, 但因几率未触发
2025-07-22 10:31:12,695 - INFO -         [诸葛亮]执行来自【临机制胜】的[临机制胜-制胜]效果
2025-07-22 10:31:12,695 - INFO -         [SP诸葛亮]由于[周瑜]【临机制胜】的[临机制胜-制胜]效果,损失了兵力134(5434)
2025-07-22 10:31:12,695 - INFO -         [诸葛亮]由于[周瑜]【临机制胜】的[临机制胜-制胜]效果,损失了兵力149(4249)
2025-07-22 10:31:12,695 - INFO -         [诸葛亮]发动来自【草船借箭】的[草船借箭]效果, 但因几率未触发
2025-07-22 10:31:12,696 - INFO -         [周瑜]执行来自【临机制胜】的[临机制胜-恢复]效果
2025-07-22 10:31:12,696 - INFO -         [诸葛亮]恢复了兵力556(2783)
2025-07-22 10:31:12,696 - INFO -         [颜良]恢复了兵力556(5031)
2025-07-22 10:31:12,696 - INFO -         [周瑜]恢复了兵力556(5381)
2025-07-22 10:31:12,696 - INFO -         [诸葛亮]执行来自【临机制胜】的[临机制胜-制胜]效果
2025-07-22 10:31:12,696 - INFO -         [诸葛亮]由于[诸葛亮]【临机制胜】的[临机制胜-制胜]效果,损失了兵力92(4157)
2025-07-22 10:31:12,696 - INFO -         [诸葛亮]触发攻心
2025-07-22 10:31:12,696 - INFO -         [诸葛亮]恢复了兵力22(2783)
2025-07-22 10:31:12,696 - INFO -         [诸葛亮]发动来自【草船借箭】的[草船借箭]效果, 但因几率未触发
2025-07-22 10:31:12,696 - INFO -         [许褚]由于[诸葛亮]【临机制胜】的[临机制胜-制胜]效果,损失了兵力151(5346)
2025-07-22 10:31:12,696 - INFO -         [诸葛亮]触发攻心
2025-07-22 10:31:12,697 - INFO -         [诸葛亮]恢复了兵力36(2783)
2025-07-22 10:31:12,697 - INFO -         [SP诸葛亮]由于[诸葛亮]的【十二奇策】的伤害,损失了兵力304(5130)
2025-07-22 10:31:12,697 - INFO -         [诸葛亮]触发攻心
2025-07-22 10:31:12,697 - INFO -         [诸葛亮]恢复了兵力73(2783)
2025-07-22 10:31:12,697 - INFO -         [SP诸葛亮]执行来自【十二奇策】的[十二奇谋]效果
2025-07-22 10:31:12,698 - INFO -         [SP诸葛亮]的【先攻】降低30.00(114.85)
2025-07-22 10:31:12,698 - INFO -         [SP诸葛亮]的【风暴】效果已施加
2025-07-22 10:31:12,698 - INFO -         [SP诸葛亮]执行来自【临机制胜】的[临机制胜-制胜]效果
2025-07-22 10:31:12,698 - INFO -         [诸葛亮]由于[SP诸葛亮]【临机制胜】的[临机制胜-制胜]效果,损失了兵力206(2577)
2025-07-22 10:31:12,699 - INFO -         [诸葛亮]执行来自【草船借箭】的[草船借箭]效果
2025-07-22 10:31:12,699 - INFO -         [SP诸葛亮]由于[诸葛亮]【草船借箭】的[草船借箭]效果,损失了兵力107(5023)
2025-07-22 10:31:12,699 - INFO -         [诸葛亮]触发攻心
2025-07-22 10:31:12,699 - INFO -         [诸葛亮]恢复了兵力25(2577)
2025-07-22 10:31:12,699 - INFO -         [颜良]由于[SP诸葛亮]【临机制胜】的[临机制胜-制胜]效果,损失了兵力260(4771)
2025-07-22 10:31:12,699 - INFO -         [SP诸葛亮]执行来自【临机制胜】的[临机制胜-恢复]效果
2025-07-22 10:31:12,699 - INFO -         [SP诸葛亮]恢复了兵力547(5023)
2025-07-22 10:31:12,699 - INFO -         [诸葛亮]由于[诸葛亮]【十二奇策】的[断粮]效果治疗效率降为30%
2025-07-22 10:31:12,699 - INFO -         [诸葛亮]恢复了兵力382(4157)
2025-07-22 10:31:12,700 - INFO -         [许褚]恢复了兵力547(5346)
2025-07-22 10:31:12,700 - INFO -         [SP诸葛亮]发动来自【临机制胜】的[临机制胜-制胜]效果, 但因几率未触发
2025-07-22 10:31:12,700 - INFO -         [SP诸葛亮]发动来自【临机制胜】的[临机制胜-制胜]效果, 但因几率未触发
2025-07-22 10:31:12,700 - INFO -     [诸葛亮]对[诸葛亮]发动普通攻击
2025-07-22 10:31:12,700 - INFO -         [诸葛亮]损失了兵力109(4048)
2025-07-22 10:31:12,700 - INFO -         [诸葛亮]执行来自【草船借箭】的[草船借箭]效果
2025-07-22 10:31:12,700 - INFO -         [周瑜]由于[诸葛亮]【草船借箭】的[草船借箭]效果,损失了兵力278(5103)
2025-07-22 10:31:12,700 - INFO -         [诸葛亮]触发攻心
2025-07-22 10:31:12,700 - INFO -         [诸葛亮]由于[诸葛亮]【十二奇策】的[断粮]效果治疗效率降为30%
2025-07-22 10:31:12,700 - INFO -         [诸葛亮]恢复了兵力46(4048)
2025-07-22 10:31:12,701 - INFO - 
[第 5 回合]
2025-07-22 10:31:12,701 - INFO - [许褚]开始行动
2025-07-22 10:31:12,701 - INFO -     [许褚]执行来自【星罗棋布】的[星罗棋布-双前排阵型]效果
2025-07-22 10:31:12,701 - INFO -         [诸葛亮]由于[许褚]【星罗棋布】的[星罗棋布-双前排阵型]效果,损失了兵力377(2200)
2025-07-22 10:31:12,701 - INFO -         [诸葛亮]执行来自【草船借箭】的[草船借箭]效果
2025-07-22 10:31:12,701 - INFO -         [许褚]由于[诸葛亮]【草船借箭】的[草船借箭]效果,损失了兵力183(5163)
2025-07-22 10:31:12,701 - INFO -         [诸葛亮]触发攻心
2025-07-22 10:31:12,702 - INFO -         [诸葛亮]恢复了兵力44(2200)
2025-07-22 10:31:12,702 - INFO -         [颜良]由于[许褚]【星罗棋布】的[星罗棋布-双前排阵型]效果,损失了兵力456(4315)
2025-07-22 10:31:12,702 - INFO -     [许褚]对[诸葛亮]发动普通攻击
2025-07-22 10:31:12,702 - INFO -         [诸葛亮]损失了兵力233(1967)
2025-07-22 10:31:12,702 - INFO -         [诸葛亮]执行来自【草船借箭】的[草船借箭]效果
2025-07-22 10:31:12,702 - INFO -         [诸葛亮]由于[诸葛亮]【草船借箭】的[草船借箭]效果,损失了兵力106(3942)
2025-07-22 10:31:12,702 - INFO -         [诸葛亮]触发攻心
2025-07-22 10:31:12,703 - INFO -         [诸葛亮]恢复了兵力25(1967)
2025-07-22 10:31:12,703 - INFO -         [诸葛亮]发动来自【草船借箭】的[草船借箭]效果, 但因几率未触发
2025-07-22 10:31:12,703 - INFO -     [许褚]发动战法【膂力过人】
2025-07-22 10:31:12,703 - INFO -         [诸葛亮]由于[许褚]的【膂力过人】的伤害,损失了兵力349(1618)
2025-07-22 10:31:12,703 - INFO -         [诸葛亮]执行来自【草船借箭】的[草船借箭]效果
2025-07-22 10:31:12,703 - INFO -         [许褚]由于[诸葛亮]【草船借箭】的[草船借箭]效果,损失了兵力162(5001)
2025-07-22 10:31:12,703 - INFO -         [诸葛亮]触发攻心
2025-07-22 10:31:12,703 - INFO -         [诸葛亮]恢复了兵力39(1618)
2025-07-22 10:31:12,704 - INFO -     [诸葛亮]执行来自【膂力过人】的[膂力过人]效果
2025-07-22 10:31:12,704 - INFO -         [诸葛亮]由于[许褚]【膂力过人】的[膂力过人]效果,损失了兵力161(1457)
2025-07-22 10:31:12,704 - INFO -         [诸葛亮]执行来自【草船借箭】的[草船借箭]效果
2025-07-22 10:31:12,704 - INFO -         [许褚]由于[诸葛亮]【草船借箭】的[草船借箭]效果,损失了兵力156(4845)
2025-07-22 10:31:12,704 - INFO -         [诸葛亮]触发攻心
2025-07-22 10:31:12,704 - INFO -         [诸葛亮]恢复了兵力37(1457)
2025-07-22 10:31:12,704 - INFO -     [许褚]进行连击
2025-07-22 10:31:12,704 - INFO -     [许褚]对[周瑜]发动普通攻击
2025-07-22 10:31:12,704 - INFO -         [周瑜]损失了兵力215(4888)
2025-07-22 10:31:12,705 - INFO -     [许褚]发动战法【膂力过人】
2025-07-22 10:31:12,705 - INFO -         [周瑜]由于[许褚]的【膂力过人】的伤害,损失了兵力323(4565)
2025-07-22 10:31:12,705 - INFO -     [周瑜]执行来自【膂力过人】的[膂力过人]效果
2025-07-22 10:31:12,705 - INFO -         [周瑜]由于[许褚]【膂力过人】的[膂力过人]效果,损失了兵力151(4414)
2025-07-22 10:31:12,705 - INFO - [颜良]开始行动
2025-07-22 10:31:12,706 - INFO -     [颜良]无法普攻
2025-07-22 10:31:12,706 - INFO - [周瑜]开始行动
2025-07-22 10:31:12,706 - INFO -     [周瑜]无法普攻
2025-07-22 10:31:12,706 - INFO - [诸葛亮]开始行动
2025-07-22 10:31:12,706 - INFO -         [诸葛亮]的【断粮】效果已消失
2025-07-22 10:31:12,706 - INFO -     [诸葛亮]无法普攻
2025-07-22 10:31:12,707 - INFO - [诸葛亮]开始行动
2025-07-22 10:31:12,707 - INFO -         [诸葛亮]因几率未发动战法【十二奇策】
2025-07-22 10:31:12,707 - INFO -     [诸葛亮]对[诸葛亮]发动普通攻击
2025-07-22 10:31:12,707 - INFO -         [诸葛亮]损失了兵力87(3855)
2025-07-22 10:31:12,707 - INFO -         [诸葛亮]发动来自【草船借箭】的[草船借箭]效果, 但因几率未触发
2025-07-22 10:31:12,707 - INFO - [SP诸葛亮]开始行动
2025-07-22 10:31:12,708 - INFO -         [SP诸葛亮]发动战法【十二奇策】
2025-07-22 10:31:12,708 - INFO -         [周瑜]由于[SP诸葛亮]的【十二奇策】的伤害,损失了兵力792(3622)
2025-07-22 10:31:12,708 - INFO -         [周瑜]执行来自【十二奇策】的[十二奇谋]效果
2025-07-22 10:31:12,708 - INFO -         [周瑜]的【震慑】效果已施加
2025-07-22 10:31:12,708 - INFO -         [周瑜]执行来自【临机制胜】的[临机制胜-制胜]效果
2025-07-22 10:31:12,708 - INFO -         [诸葛亮]由于[周瑜]【临机制胜】的[临机制胜-制胜]效果,损失了兵力126(3729)
2025-07-22 10:31:12,708 - INFO -         [诸葛亮]发动来自【草船借箭】的[草船借箭]效果, 但因几率未触发
2025-07-22 10:31:12,709 - INFO -         [SP诸葛亮]由于[周瑜]【临机制胜】的[临机制胜-制胜]效果,损失了兵力113(4910)
2025-07-22 10:31:12,709 - INFO -         [周瑜]执行来自【临机制胜】的[临机制胜-制胜]效果
2025-07-22 10:31:12,709 - INFO -         [诸葛亮]由于[诸葛亮]【临机制胜】的[临机制胜-制胜]效果,损失了兵力71(3658)
2025-07-22 10:31:12,709 - INFO -         [诸葛亮]触发攻心
2025-07-22 10:31:12,709 - INFO -         [诸葛亮]恢复了兵力17(1457)
2025-07-22 10:31:12,709 - INFO -         [诸葛亮]发动来自【草船借箭】的[草船借箭]效果, 但因几率未触发
2025-07-22 10:31:12,709 - INFO -         [许褚]由于[诸葛亮]【临机制胜】的[临机制胜-制胜]效果,损失了兵力117(4728)
2025-07-22 10:31:12,709 - INFO -         [诸葛亮]触发攻心
2025-07-22 10:31:12,709 - INFO -         [诸葛亮]恢复了兵力28(1457)
2025-07-22 10:31:12,709 - INFO -         [诸葛亮]执行来自【临机制胜】的[临机制胜-恢复]效果
2025-07-22 10:31:12,710 - INFO -         [诸葛亮]恢复了兵力530(1457)
2025-07-22 10:31:12,710 - INFO -         [颜良]恢复了兵力530(4315)
2025-07-22 10:31:12,710 - INFO -         [周瑜]恢复了兵力530(3622)
2025-07-22 10:31:12,710 - INFO -         [周瑜]执行来自【临机制胜】的[临机制胜-制胜]效果
2025-07-22 10:31:12,710 - INFO -         [颜良]由于[SP诸葛亮]【临机制胜】的[临机制胜-制胜]效果,损失了兵力257(4058)
2025-07-22 10:31:12,710 - INFO -         [诸葛亮]由于[SP诸葛亮]【临机制胜】的[临机制胜-制胜]效果,损失了兵力203(1254)
2025-07-22 10:31:12,710 - INFO -         [诸葛亮]发动来自【草船借箭】的[草船借箭]效果, 但因几率未触发
2025-07-22 10:31:12,710 - INFO -         [颜良]由于[SP诸葛亮]的【十二奇策】的伤害,损失了兵力945(3113)
2025-07-22 10:31:12,711 - INFO -         [颜良]执行来自【十二奇策】的[十二奇谋]效果
2025-07-22 10:31:12,711 - INFO -         [颜良]的【技穷】效果已施加
2025-07-22 10:31:12,711 - INFO -         [颜良]执行来自【临机制胜】的[临机制胜-制胜]效果
2025-07-22 10:31:12,712 - INFO -         [许褚]由于[周瑜]【临机制胜】的[临机制胜-制胜]效果,损失了兵力202(4526)
2025-07-22 10:31:12,712 - INFO -         [SP诸葛亮]由于[周瑜]【临机制胜】的[临机制胜-制胜]效果,损失了兵力113(4797)
2025-07-22 10:31:12,712 - INFO -         [颜良]执行来自【临机制胜】的[临机制胜-制胜]效果
2025-07-22 10:31:12,712 - INFO -         [诸葛亮]由于[诸葛亮]【临机制胜】的[临机制胜-制胜]效果,损失了兵力68(3590)
2025-07-22 10:31:12,712 - INFO -         [诸葛亮]触发攻心
2025-07-22 10:31:12,712 - INFO -         [诸葛亮]恢复了兵力16(1254)
2025-07-22 10:31:12,712 - INFO -         [诸葛亮]发动来自【草船借箭】的[草船借箭]效果, 但因几率未触发
2025-07-22 10:31:12,713 - INFO -         [SP诸葛亮]由于[诸葛亮]【临机制胜】的[临机制胜-制胜]效果,损失了兵力61(4736)
2025-07-22 10:31:12,713 - INFO -         [诸葛亮]触发攻心
2025-07-22 10:31:12,713 - INFO -         [诸葛亮]恢复了兵力14(1254)
2025-07-22 10:31:12,713 - INFO -         [颜良]发动来自【临机制胜】的[临机制胜-制胜]效果, 但因几率未触发
2025-07-22 10:31:12,713 - INFO -     [SP诸葛亮]无法普攻
2025-07-22 10:31:12,713 - INFO - 
[第 6 回合]
2025-07-22 10:31:12,713 - INFO - [许褚]开始行动
2025-07-22 10:31:12,713 - INFO -         [许褚]的【火攻】效果已消失
2025-07-22 10:31:12,713 - INFO -         [许褚]的【智力】提升15.00(120.07)
2025-07-22 10:31:12,714 - INFO -     [许褚]执行来自【星罗棋布】的[星罗棋布-双前排阵型]效果
2025-07-22 10:31:12,714 - INFO -         [诸葛亮]由于[许褚]【星罗棋布】的[星罗棋布-双前排阵型]效果,损失了兵力352(902)
2025-07-22 10:31:12,714 - INFO -         [诸葛亮]发动来自【草船借箭】的[草船借箭]效果, 但因几率未触发
2025-07-22 10:31:12,714 - INFO -         [颜良]由于[许褚]【星罗棋布】的[星罗棋布-双前排阵型]效果,损失了兵力431(2682)
2025-07-22 10:31:12,714 - INFO -     [许褚]对[诸葛亮]发动普通攻击
2025-07-22 10:31:12,714 - INFO -         [诸葛亮]损失了兵力220(682)
2025-07-22 10:31:12,714 - INFO -         [诸葛亮]执行来自【草船借箭】的[草船借箭]效果
2025-07-22 10:31:12,715 - INFO -         [诸葛亮]由于[诸葛亮]【草船借箭】的[草船借箭]效果,损失了兵力78(3512)
2025-07-22 10:31:12,715 - INFO -         [诸葛亮]触发攻心
2025-07-22 10:31:12,715 - INFO -         [诸葛亮]恢复了兵力18(682)
2025-07-22 10:31:12,715 - INFO -         [诸葛亮]执行来自【草船借箭】的[草船借箭]效果
2025-07-22 10:31:12,715 - INFO -         [诸葛亮]由于[诸葛亮]【草船借箭】的[草船借箭]效果,损失了兵力249(433)
2025-07-22 10:31:12,715 - INFO -         [诸葛亮]触发攻心
2025-07-22 10:31:12,715 - INFO -         [诸葛亮]恢复了兵力59(3512)
2025-07-22 10:31:12,715 - INFO -         [诸葛亮]执行来自【草船借箭】的[草船借箭]效果
2025-07-22 10:31:12,715 - INFO -         [诸葛亮]由于[诸葛亮]【草船借箭】的[草船借箭]效果,损失了兵力65(3447)
2025-07-22 10:31:12,715 - INFO -         [诸葛亮]触发攻心
2025-07-22 10:31:12,715 - INFO -         [诸葛亮]恢复了兵力15(433)
2025-07-22 10:31:12,716 - INFO -         [诸葛亮]发动来自【草船借箭】的[草船借箭]效果, 但因几率未触发
2025-07-22 10:31:12,716 - INFO -     [许褚]发动战法【膂力过人】
2025-07-22 10:31:12,716 - INFO -         [诸葛亮]由于[许褚]的【膂力过人】的伤害,损失了兵力330(103)
2025-07-22 10:31:12,716 - INFO -         [诸葛亮]发动来自【草船借箭】的[草船借箭]效果, 但因几率未触发
2025-07-22 10:31:12,716 - INFO -     [诸葛亮]执行来自【膂力过人】的[膂力过人]效果
2025-07-22 10:31:12,716 - INFO -         [诸葛亮]由于[许褚]【膂力过人】的[膂力过人]效果,损失了兵力103(0)
2025-07-22 10:31:12,716 - INFO -         [诸葛亮]兵力为0 无法再战
2025-07-22 10:31:12,716 - INFO -         [许褚]的[十二奇策]效果已消失
2025-07-22 10:31:12,716 - INFO -         [许褚]的【震慑】效果已消失
2025-07-22 10:31:12,716 - INFO -         [SP诸葛亮]的[十二奇策]效果已消失
2025-07-22 10:31:12,716 - INFO -         [SP诸葛亮]的【震慑】效果已消失
2025-07-22 10:31:12,716 - INFO -         [诸葛亮]的[十二奇策]效果已消失
2025-07-22 10:31:12,716 - INFO -         [诸葛亮]的【断粮】效果已消失
2025-07-22 10:31:12,716 - INFO -         [许褚]的[十二奇策]效果已消失
2025-07-22 10:31:12,716 - INFO -         [许褚]的【火攻】效果已消失
2025-07-22 10:31:12,717 - INFO -         [许褚]的【智力】提升15.00(135.07)
2025-07-22 10:31:12,717 - INFO -         [SP诸葛亮]的[十二奇策]效果已消失
2025-07-22 10:31:12,717 - INFO -         [SP诸葛亮]的【缴械】效果已消失
2025-07-22 10:31:12,717 - INFO -         [诸葛亮]的[十二奇策]效果已消失
2025-07-22 10:31:12,717 - INFO -         [诸葛亮]的【震慑】效果已消失
2025-07-22 10:31:12,717 - INFO -         [诸葛亮]的[十二奇策]效果已消失
2025-07-22 10:31:12,717 - INFO -         [诸葛亮]的【嘲讽】效果已消失
2025-07-22 10:31:12,717 - INFO -         [SP诸葛亮]的[十二奇策]效果已消失
2025-07-22 10:31:12,717 - INFO -         [SP诸葛亮]的【风暴】效果已消失
2025-07-22 10:31:12,717 - INFO -         [SP诸葛亮]的【先攻】提升30.00(144.85)
2025-07-22 10:31:12,717 - INFO -     [许褚]进行连击
2025-07-22 10:31:12,717 - INFO -     [许褚]对[颜良]发动普通攻击
2025-07-22 10:31:12,717 - INFO -         [颜良]损失了兵力269(2413)
2025-07-22 10:31:12,718 - INFO -     [许褚]发动战法【膂力过人】
2025-07-22 10:31:12,718 - INFO -         [颜良]由于[许褚]的【膂力过人】的伤害,损失了兵力404(2009)
2025-07-22 10:31:12,718 - INFO -     [颜良]执行来自【膂力过人】的[膂力过人]效果
2025-07-22 10:31:12,718 - INFO -         [颜良]由于[许褚]【膂力过人】的[膂力过人]效果,损失了兵力188(1821)
2025-07-22 10:31:12,718 - INFO - [颜良]开始行动
2025-07-22 10:31:12,718 - INFO -     [颜良]无法普攻
2025-07-22 10:31:12,718 - INFO - [周瑜]开始行动
2025-07-22 10:31:12,718 - INFO -         [周瑜]的【缴械】效果已消失
2025-07-22 10:31:12,719 - INFO -     [周瑜]无法普攻
2025-07-22 10:31:12,719 - INFO - [诸葛亮]开始行动
2025-07-22 10:31:12,719 - INFO -     [诸葛亮]对[颜良]发动普通攻击
2025-07-22 10:31:12,719 - INFO -         [颜良]损失了兵力161(1660)
2025-07-22 10:31:12,720 - INFO - [诸葛亮]开始行动
2025-07-22 10:31:12,720 - INFO - [SP诸葛亮]开始行动
2025-07-22 10:31:12,720 - INFO -         [SP诸葛亮]发动战法【十二奇策】
2025-07-22 10:31:12,720 - INFO -         [颜良]由于[SP诸葛亮]的【十二奇策】的伤害,损失了兵力929(731)
2025-07-22 10:31:12,720 - INFO -         [颜良]执行来自【十二奇策】的[十二奇谋]效果
2025-07-22 10:31:12,721 - INFO -         [颜良]的【先攻】降低30.00(162.20)
2025-07-22 10:31:12,721 - INFO -         [颜良]的【风暴】效果已施加
2025-07-22 10:31:12,721 - INFO -         [颜良]执行来自【临机制胜】的[临机制胜-制胜]效果
2025-07-22 10:31:12,721 - INFO -         [诸葛亮]由于[周瑜]【临机制胜】的[临机制胜-制胜]效果,损失了兵力126(3321)
2025-07-22 10:31:12,721 - INFO -         [诸葛亮]执行来自【草船借箭】的[草船借箭]效果
2025-07-22 10:31:12,721 - INFO -         [颜良]由于[诸葛亮]【草船借箭】的[草船借箭]效果,损失了兵力380(351)
2025-07-22 10:31:12,721 - INFO -         [诸葛亮]触发攻心
2025-07-22 10:31:12,721 - INFO -         [诸葛亮]恢复了兵力91(3321)
2025-07-22 10:31:12,721 - INFO -         [SP诸葛亮]由于[周瑜]【临机制胜】的[临机制胜-制胜]效果,损失了兵力113(4623)
2025-07-22 10:31:12,722 - INFO -         [颜良]执行来自【临机制胜】的[临机制胜-制胜]效果
2025-07-22 10:31:12,722 - INFO -         [周瑜]由于[SP诸葛亮]【临机制胜】的[临机制胜-制胜]效果,损失了兵力207(3415)
2025-07-22 10:31:12,722 - INFO -         [颜良]由于[SP诸葛亮]【临机制胜】的[临机制胜-制胜]效果,损失了兵力250(101)
2025-07-22 10:31:12,722 - INFO -         [周瑜]由于[SP诸葛亮]的【十二奇策】的伤害,损失了兵力762(2653)
2025-07-22 10:31:12,722 - INFO -         [周瑜]执行来自【十二奇策】的[十二奇谋]效果
2025-07-22 10:31:12,723 - INFO -         [周瑜]的【混乱】效果已施加
2025-07-22 10:31:12,723 - INFO -         [周瑜]执行来自【临机制胜】的[临机制胜-制胜]效果
2025-07-22 10:31:12,723 - INFO -         [诸葛亮]由于[周瑜]【临机制胜】的[临机制胜-制胜]效果,损失了兵力111(3210)
2025-07-22 10:31:12,723 - INFO -         [诸葛亮]执行来自【草船借箭】的[草船借箭]效果
2025-07-22 10:31:12,724 - INFO -         [颜良]由于[诸葛亮]【草船借箭】的[草船借箭]效果,损失了兵力101(0)
2025-07-22 10:31:12,724 - INFO -         [颜良]兵力为0 无法再战
2025-07-22 10:31:12,724 - INFO -         [诸葛亮]触发攻心
2025-07-22 10:31:12,724 - INFO -         [诸葛亮]恢复了兵力89(3210)
2025-07-22 10:31:12,724 - INFO -         [SP诸葛亮]由于[周瑜]【临机制胜】的[临机制胜-制胜]效果,损失了兵力100(4523)
2025-07-22 10:31:12,724 - INFO -         [周瑜]执行来自【临机制胜】的[临机制胜-恢复]效果
2025-07-22 10:31:12,724 - INFO -         [周瑜]恢复了兵力550(2653)
2025-07-22 10:31:12,724 - INFO -         [周瑜]执行来自【临机制胜】的[临机制胜-制胜]效果
2025-07-22 10:31:12,724 - INFO -         [周瑜]由于[SP诸葛亮]【临机制胜】的[临机制胜-制胜]效果,损失了兵力205(2448)
2025-07-22 10:31:12,725 - INFO -     [SP诸葛亮]对[周瑜]发动普通攻击
2025-07-22 10:31:12,725 - INFO -         [周瑜]损失了兵力220(2228)
2025-07-22 10:31:12,725 - INFO - 
[第 7 回合]
2025-07-22 10:31:12,725 - INFO - [许褚]开始行动
2025-07-22 10:31:12,725 - INFO -     [许褚]执行来自【星罗棋布】的[星罗棋布-双前排阵型]效果
2025-07-22 10:31:12,725 - INFO -         [周瑜]由于[许褚]【星罗棋布】的[星罗棋布-双前排阵型]效果,损失了兵力334(1894)
2025-07-22 10:31:12,725 - INFO -     [许褚]没有可攻击的敌方武将
2025-07-22 10:31:12,726 - INFO -     [许褚]对[周瑜]发动普通攻击
2025-07-22 10:31:12,726 - INFO -         [周瑜]损失了兵力209(1685)
2025-07-22 10:31:12,726 - INFO -     [许褚]发动战法【膂力过人】
2025-07-22 10:31:12,726 - INFO -         [周瑜]由于[许褚]的【膂力过人】的伤害,损失了兵力313(1372)
2025-07-22 10:31:12,726 - INFO -     [周瑜]执行来自【膂力过人】的[膂力过人]效果
2025-07-22 10:31:12,726 - INFO -         [周瑜]由于[许褚]【膂力过人】的[膂力过人]效果,损失了兵力146(1226)
2025-07-22 10:31:12,726 - INFO -     [许褚]进行连击
2025-07-22 10:31:12,726 - INFO -     [许褚]对[周瑜]发动普通攻击
2025-07-22 10:31:12,727 - INFO -         [周瑜]损失了兵力209(1017)
2025-07-22 10:31:12,727 - INFO -     [许褚]发动战法【膂力过人】
2025-07-22 10:31:12,727 - INFO -         [周瑜]由于[许褚]的【膂力过人】的伤害,损失了兵力313(704)
2025-07-22 10:31:12,727 - INFO -     [周瑜]执行来自【膂力过人】的[膂力过人]效果
